Execution 1
[2021.01.15 04:06:35] 		{{{BASIC TEST}}}
[2021.01.15 04:06:35] 


[2021.01.15 04:06:35] 	************STORING PHASE************

[2021.01.15 04:07:10] store the html code of : (https://www.instagram.com/polizei.hannover/) in polizei.hannover/posts/old.html
[2021.01.15 04:07:10] OR in polizei.hannover/posts/new.html
[2021.01.15 04:07:10] --------------------------------------------

[2021.01.15 04:07:26] store the html code of : (https://www.instagram.com/polizei.hannover/channel/) in polizei.hannover/igtv/old.html
[2021.01.15 04:07:26] OR in polizei.hannover/igtv/new.html
[2021.01.15 04:07:26] --------------------------------------------

[2021.01.15 04:07:39] store the html code of : (https://www.instagram.com/polizei.hannover/tagged/) in polizei.hannover/tagged/old.html
[2021.01.15 04:07:39] OR in polizei.hannover/tagged/new.html
[2021.01.15 04:07:39] --------------------------------------------

[2021.01.15 04:07:55] store the html code of : (https://www.instagram.com/frieda_rudi_make_oink/) in frieda_rudi_make_oink/posts/old.html
[2021.01.15 04:07:55] OR in frieda_rudi_make_oink/posts/new.html
[2021.01.15 04:07:55] --------------------------------------------

[2021.01.15 04:08:15] 


[2021.01.15 04:08:15] 	********MONITORING PHASE********
[2021.01.15 04:08:15] compare (/home/dustin/Schreibtisch/swp/instagram/data/files/polizei.hannover/posts/old.html) with (/home/dustin/Schreibtisch/swp/instagram/data/files/polizei.hannover/posts/new.html)
[2021.01.15 04:08:15] error while compare: /home/dustin/Schreibtisch/swp/instagram/data/files/polizei.hannover/posts/old.html or /home/dustin/Schreibtisch/swp/instagram/data/files/polizei.hannover/posts/new.html is missing
[2021.01.15 04:08:15] compare (/home/dustin/Schreibtisch/swp/instagram/data/files/polizei.hannover/igtv/old.html) with (/home/dustin/Schreibtisch/swp/instagram/data/files/polizei.hannover/igtv/new.html)
[2021.01.15 04:08:15] error while compare: /home/dustin/Schreibtisch/swp/instagram/data/files/polizei.hannover/igtv/old.html or /home/dustin/Schreibtisch/swp/instagram/data/files/polizei.hannover/igtv/new.html is missing
[2021.01.15 04:08:15] compare (/home/dustin/Schreibtisch/swp/instagram/data/files/polizei.hannover/tagged/old.html) with (/home/dustin/Schreibtisch/swp/instagram/data/files/polizei.hannover/tagged/new.html)
[2021.01.15 04:08:15] error while compare: /home/dustin/Schreibtisch/swp/instagram/data/files/polizei.hannover/tagged/old.html or /home/dustin/Schreibtisch/swp/instagram/data/files/polizei.hannover/tagged/new.html is missing
[2021.01.15 04:08:15] compare (/home/dustin/Schreibtisch/swp/instagram/data/files/frieda_rudi_make_oink/posts/old.html) with (/home/dustin/Schreibtisch/swp/instagram/data/files/frieda_rudi_make_oink/posts/new.html)
[2021.01.15 04:08:15] error while compare: /home/dustin/Schreibtisch/swp/instagram/data/files/frieda_rudi_make_oink/posts/old.html or /home/dustin/Schreibtisch/swp/instagram/data/files/frieda_rudi_make_oink/posts/new.html is missing
[2021.01.15 04:08:15] 		{{{RESULT}}}
[2021.01.15 04:08:15] ID:	polizei.hannover
[2021.01.15 04:08:15] Type:	posts
[2021.01.15 04:08:15] Mode:	2
[2021.01.15 04:08:15] Change:	True
[2021.01.15 04:08:15] Notify:	False
[2021.01.15 04:08:15] Error:	False

[2021.01.15 04:08:15] ID:	polizei.hannover
[2021.01.15 04:08:15] Type:	igtv
[2021.01.15 04:08:15] Mode:	1
[2021.01.15 04:08:15] Change:	True
[2021.01.15 04:08:15] Notify:	False
[2021.01.15 04:08:15] Error:	False

[2021.01.15 04:08:15] ID:	polizei.hannover
[2021.01.15 04:08:15] Type:	tagged
[2021.01.15 04:08:15] Mode:	1
[2021.01.15 04:08:15] Change:	True
[2021.01.15 04:08:15] Notify:	False
[2021.01.15 04:08:15] Error:	False

[2021.01.15 04:08:15] ID:	frieda_rudi_make_oink
[2021.01.15 04:08:15] Type:	posts
[2021.01.15 04:08:15] Mode:	1
[2021.01.15 04:08:15] Change:	True
[2021.01.15 04:08:15] Notify:	False
[2021.01.15 04:08:15] Error:	False

waiting 3 seconds
Execution 2
[2021.01.15 04:08:22] 		{{{BASIC TEST}}}
[2021.01.15 04:08:22] 


[2021.01.15 04:08:22] 	************STORING PHASE************

[2021.01.15 04:09:02] store the html code of : (https://www.instagram.com/polizei.hannover/) in polizei.hannover/posts/old.html
[2021.01.15 04:09:02] OR in polizei.hannover/posts/new.html
[2021.01.15 04:09:02] --------------------------------------------

[2021.01.15 04:09:17] store the html code of : (https://www.instagram.com/polizei.hannover/channel/) in polizei.hannover/igtv/old.html
[2021.01.15 04:09:17] OR in polizei.hannover/igtv/new.html
[2021.01.15 04:09:17] --------------------------------------------

[2021.01.15 04:09:31] store the html code of : (https://www.instagram.com/polizei.hannover/tagged/) in polizei.hannover/tagged/old.html
[2021.01.15 04:09:31] OR in polizei.hannover/tagged/new.html
[2021.01.15 04:09:31] --------------------------------------------

[2021.01.15 04:09:48] store the html code of : (https://www.instagram.com/frieda_rudi_make_oink/) in frieda_rudi_make_oink/posts/old.html
[2021.01.15 04:09:48] OR in frieda_rudi_make_oink/posts/new.html
[2021.01.15 04:09:48] --------------------------------------------

[2021.01.15 04:10:02] 


[2021.01.15 04:10:02] 	********MONITORING PHASE********
[2021.01.15 04:10:02] compare (/home/dustin/Schreibtisch/swp/instagram/data/files/polizei.hannover/posts/old.html) with (/home/dustin/Schreibtisch/swp/instagram/data/files/polizei.hannover/posts/new.html)
[2021.01.15 04:10:02] compare (/home/dustin/Schreibtisch/swp/instagram/data/files/polizei.hannover/igtv/old.html) with (/home/dustin/Schreibtisch/swp/instagram/data/files/polizei.hannover/igtv/new.html)
[2021.01.15 04:10:02] compare (/home/dustin/Schreibtisch/swp/instagram/data/files/polizei.hannover/tagged/old.html) with (/home/dustin/Schreibtisch/swp/instagram/data/files/polizei.hannover/tagged/new.html)
[2021.01.15 04:10:02] compare (/home/dustin/Schreibtisch/swp/instagram/data/files/frieda_rudi_make_oink/posts/old.html) with (/home/dustin/Schreibtisch/swp/instagram/data/files/frieda_rudi_make_oink/posts/new.html)
[2021.01.15 04:10:02] 		{{{RESULT}}}
[2021.01.15 04:10:02] ID:	polizei.hannover
[2021.01.15 04:10:02] Type:	posts
[2021.01.15 04:10:02] Mode:	2
[2021.01.15 04:10:02] Change:	False
[2021.01.15 04:10:02] Notify:	False
[2021.01.15 04:10:02] Error:	False

[2021.01.15 04:10:02] ID:	polizei.hannover
[2021.01.15 04:10:02] Type:	igtv
[2021.01.15 04:10:02] Mode:	1
[2021.01.15 04:10:02] Change:	False
[2021.01.15 04:10:02] Notify:	False
[2021.01.15 04:10:02] Error:	False

[2021.01.15 04:10:02] ID:	polizei.hannover
[2021.01.15 04:10:02] Type:	tagged
[2021.01.15 04:10:02] Mode:	1
[2021.01.15 04:10:02] Change:	False
[2021.01.15 04:10:02] Notify:	False
[2021.01.15 04:10:02] Error:	False

[2021.01.15 04:10:02] ID:	frieda_rudi_make_oink
[2021.01.15 04:10:02] Type:	posts
[2021.01.15 04:10:02] Mode:	1
[2021.01.15 04:10:02] Change:	False
[2021.01.15 04:10:02] Notify:	False
[2021.01.15 04:10:02] Error:	False

waiting 3 seconds
Execution 3
[2021.01.15 04:10:09] 		{{{BASIC TEST}}}
[2021.01.15 04:10:09] 


[2021.01.15 04:10:09] 	************STORING PHASE************

[2021.01.15 04:10:48] store the html code of : (https://www.instagram.com/polizei.hannover/) in polizei.hannover/posts/old.html
[2021.01.15 04:10:48] OR in polizei.hannover/posts/new.html
[2021.01.15 04:10:48] --------------------------------------------

[2021.01.15 04:11:01] store the html code of : (https://www.instagram.com/polizei.hannover/channel/) in polizei.hannover/igtv/old.html
[2021.01.15 04:11:01] OR in polizei.hannover/igtv/new.html
[2021.01.15 04:11:01] --------------------------------------------

[2021.01.15 04:11:17] store the html code of : (https://www.instagram.com/polizei.hannover/tagged/) in polizei.hannover/tagged/old.html
[2021.01.15 04:11:17] OR in polizei.hannover/tagged/new.html
[2021.01.15 04:11:17] --------------------------------------------

[2021.01.15 04:11:31] store the html code of : (https://www.instagram.com/frieda_rudi_make_oink/) in frieda_rudi_make_oink/posts/old.html
[2021.01.15 04:11:31] OR in frieda_rudi_make_oink/posts/new.html
[2021.01.15 04:11:31] --------------------------------------------

[2021.01.15 04:11:47] 


[2021.01.15 04:11:47] 	********MONITORING PHASE********
[2021.01.15 04:11:47] compare (/home/dustin/Schreibtisch/swp/instagram/data/files/polizei.hannover/posts/old.html) with (/home/dustin/Schreibtisch/swp/instagram/data/files/polizei.hannover/posts/new.html)
[2021.01.15 04:11:47] compare (/home/dustin/Schreibtisch/swp/instagram/data/files/polizei.hannover/igtv/old.html) with (/home/dustin/Schreibtisch/swp/instagram/data/files/polizei.hannover/igtv/new.html)
[2021.01.15 04:11:47] compare (/home/dustin/Schreibtisch/swp/instagram/data/files/polizei.hannover/tagged/old.html) with (/home/dustin/Schreibtisch/swp/instagram/data/files/polizei.hannover/tagged/new.html)
[2021.01.15 04:11:47] compare (/home/dustin/Schreibtisch/swp/instagram/data/files/frieda_rudi_make_oink/posts/old.html) with (/home/dustin/Schreibtisch/swp/instagram/data/files/frieda_rudi_make_oink/posts/new.html)
[2021.01.15 04:11:47] 		{{{RESULT}}}
[2021.01.15 04:11:47] ID:	polizei.hannover
[2021.01.15 04:11:47] Type:	posts
[2021.01.15 04:11:47] Mode:	2
[2021.01.15 04:11:47] Change:	False
[2021.01.15 04:11:47] Notify:	False
[2021.01.15 04:11:47] Error:	False

[2021.01.15 04:11:47] ID:	polizei.hannover
[2021.01.15 04:11:47] Type:	igtv
[2021.01.15 04:11:47] Mode:	1
[2021.01.15 04:11:47] Change:	False
[2021.01.15 04:11:47] Notify:	False
[2021.01.15 04:11:47] Error:	False

[2021.01.15 04:11:47] ID:	polizei.hannover
[2021.01.15 04:11:47] Type:	tagged
[2021.01.15 04:11:47] Mode:	1
[2021.01.15 04:11:47] Change:	False
[2021.01.15 04:11:47] Notify:	False
[2021.01.15 04:11:47] Error:	False

[2021.01.15 04:11:47] ID:	frieda_rudi_make_oink
[2021.01.15 04:11:47] Type:	posts
[2021.01.15 04:11:47] Mode:	1
[2021.01.15 04:11:47] Change:	False
[2021.01.15 04:11:47] Notify:	False
[2021.01.15 04:11:47] Error:	False

waiting 3 seconds
Execution 4
[2021.01.15 04:11:55] 		{{{BASIC TEST}}}
[2021.01.15 04:11:55] 


[2021.01.15 04:11:55] 	************STORING PHASE************

[2021.01.15 04:12:32] store the html code of : (https://www.instagram.com/polizei.hannover/) in polizei.hannover/posts/old.html
[2021.01.15 04:12:32] OR in polizei.hannover/posts/new.html
[2021.01.15 04:12:32] --------------------------------------------

[2021.01.15 04:12:49] store the html code of : (https://www.instagram.com/polizei.hannover/channel/) in polizei.hannover/igtv/old.html
[2021.01.15 04:12:49] OR in polizei.hannover/igtv/new.html
[2021.01.15 04:12:49] --------------------------------------------

[2021.01.15 04:13:01] store the html code of : (https://www.instagram.com/polizei.hannover/tagged/) in polizei.hannover/tagged/old.html
[2021.01.15 04:13:01] OR in polizei.hannover/tagged/new.html
[2021.01.15 04:13:01] --------------------------------------------

[2021.01.15 04:13:18] store the html code of : (https://www.instagram.com/frieda_rudi_make_oink/) in frieda_rudi_make_oink/posts/old.html
[2021.01.15 04:13:18] OR in frieda_rudi_make_oink/posts/new.html
[2021.01.15 04:13:18] --------------------------------------------

[2021.01.15 04:13:35] 


[2021.01.15 04:13:35] 	********MONITORING PHASE********
[2021.01.15 04:13:35] compare (/home/dustin/Schreibtisch/swp/instagram/data/files/polizei.hannover/posts/old.html) with (/home/dustin/Schreibtisch/swp/instagram/data/files/polizei.hannover/posts/new.html)
[2021.01.15 04:13:35] compare (/home/dustin/Schreibtisch/swp/instagram/data/files/polizei.hannover/igtv/old.html) with (/home/dustin/Schreibtisch/swp/instagram/data/files/polizei.hannover/igtv/new.html)
[2021.01.15 04:13:35] compare (/home/dustin/Schreibtisch/swp/instagram/data/files/polizei.hannover/tagged/old.html) with (/home/dustin/Schreibtisch/swp/instagram/data/files/polizei.hannover/tagged/new.html)
[2021.01.15 04:13:35] compare (/home/dustin/Schreibtisch/swp/instagram/data/files/frieda_rudi_make_oink/posts/old.html) with (/home/dustin/Schreibtisch/swp/instagram/data/files/frieda_rudi_make_oink/posts/new.html)
[2021.01.15 04:13:35] 		{{{RESULT}}}
[2021.01.15 04:13:35] ID:	polizei.hannover
[2021.01.15 04:13:35] Type:	posts
[2021.01.15 04:13:35] Mode:	2
[2021.01.15 04:13:35] Change:	False
[2021.01.15 04:13:35] Notify:	False
[2021.01.15 04:13:35] Error:	False

[2021.01.15 04:13:35] ID:	polizei.hannover
[2021.01.15 04:13:35] Type:	igtv
[2021.01.15 04:13:35] Mode:	1
[2021.01.15 04:13:35] Change:	False
[2021.01.15 04:13:35] Notify:	False
[2021.01.15 04:13:35] Error:	False

[2021.01.15 04:13:35] ID:	polizei.hannover
[2021.01.15 04:13:35] Type:	tagged
[2021.01.15 04:13:35] Mode:	1
[2021.01.15 04:13:35] Change:	False
[2021.01.15 04:13:35] Notify:	False
[2021.01.15 04:13:35] Error:	False

[2021.01.15 04:13:35] ID:	frieda_rudi_make_oink
[2021.01.15 04:13:35] Type:	posts
[2021.01.15 04:13:35] Mode:	1
[2021.01.15 04:13:35] Change:	False
[2021.01.15 04:13:35] Notify:	False
[2021.01.15 04:13:35] Error:	False

waiting 3 seconds
Execution 5
[2021.01.15 04:13:44] 		{{{BASIC TEST}}}
[2021.01.15 04:13:44] 


[2021.01.15 04:13:44] 	************STORING PHASE************

[2021.01.15 04:14:24] store the html code of : (https://www.instagram.com/polizei.hannover/) in polizei.hannover/posts/old.html
[2021.01.15 04:14:24] OR in polizei.hannover/posts/new.html
[2021.01.15 04:14:24] --------------------------------------------

[2021.01.15 04:14:37] store the html code of : (https://www.instagram.com/polizei.hannover/channel/) in polizei.hannover/igtv/old.html
[2021.01.15 04:14:37] OR in polizei.hannover/igtv/new.html
[2021.01.15 04:14:37] --------------------------------------------

[2021.01.15 04:14:50] store the html code of : (https://www.instagram.com/polizei.hannover/tagged/) in polizei.hannover/tagged/old.html
[2021.01.15 04:14:50] OR in polizei.hannover/tagged/new.html
[2021.01.15 04:14:50] --------------------------------------------

[2021.01.15 04:15:06] store the html code of : (https://www.instagram.com/frieda_rudi_make_oink/) in frieda_rudi_make_oink/posts/old.html
[2021.01.15 04:15:06] OR in frieda_rudi_make_oink/posts/new.html
[2021.01.15 04:15:06] --------------------------------------------

[2021.01.15 04:15:23] 


[2021.01.15 04:15:23] 	********MONITORING PHASE********
[2021.01.15 04:15:23] compare (/home/dustin/Schreibtisch/swp/instagram/data/files/polizei.hannover/posts/old.html) with (/home/dustin/Schreibtisch/swp/instagram/data/files/polizei.hannover/posts/new.html)
[2021.01.15 04:15:23] compare (/home/dustin/Schreibtisch/swp/instagram/data/files/polizei.hannover/igtv/old.html) with (/home/dustin/Schreibtisch/swp/instagram/data/files/polizei.hannover/igtv/new.html)
[2021.01.15 04:15:23] compare (/home/dustin/Schreibtisch/swp/instagram/data/files/polizei.hannover/tagged/old.html) with (/home/dustin/Schreibtisch/swp/instagram/data/files/polizei.hannover/tagged/new.html)
[2021.01.15 04:15:23] compare (/home/dustin/Schreibtisch/swp/instagram/data/files/frieda_rudi_make_oink/posts/old.html) with (/home/dustin/Schreibtisch/swp/instagram/data/files/frieda_rudi_make_oink/posts/new.html)
[2021.01.15 04:15:24] 		{{{RESULT}}}
[2021.01.15 04:15:24] ID:	polizei.hannover
[2021.01.15 04:15:24] Type:	posts
[2021.01.15 04:15:24] Mode:	2
[2021.01.15 04:15:24] Change:	False
[2021.01.15 04:15:24] Notify:	False
[2021.01.15 04:15:24] Error:	False

[2021.01.15 04:15:24] ID:	polizei.hannover
[2021.01.15 04:15:24] Type:	igtv
[2021.01.15 04:15:24] Mode:	1
[2021.01.15 04:15:24] Change:	False
[2021.01.15 04:15:24] Notify:	False
[2021.01.15 04:15:24] Error:	False

[2021.01.15 04:15:24] ID:	polizei.hannover
[2021.01.15 04:15:24] Type:	tagged
[2021.01.15 04:15:24] Mode:	1
[2021.01.15 04:15:24] Change:	False
[2021.01.15 04:15:24] Notify:	False
[2021.01.15 04:15:24] Error:	False

[2021.01.15 04:15:24] ID:	frieda_rudi_make_oink
[2021.01.15 04:15:24] Type:	posts
[2021.01.15 04:15:24] Mode:	1
[2021.01.15 04:15:24] Change:	False
[2021.01.15 04:15:24] Notify:	False
[2021.01.15 04:15:24] Error:	False

waiting 3 seconds
Execution 6
[2021.01.15 04:15:30] 		{{{BASIC TEST}}}
[2021.01.15 04:15:30] 


[2021.01.15 04:15:30] 	************STORING PHASE************

[2021.01.15 04:16:07] store the html code of : (https://www.instagram.com/polizei.hannover/) in polizei.hannover/posts/old.html
[2021.01.15 04:16:07] OR in polizei.hannover/posts/new.html
[2021.01.15 04:16:07] --------------------------------------------

[2021.01.15 04:16:25] store the html code of : (https://www.instagram.com/polizei.hannover/channel/) in polizei.hannover/igtv/old.html
[2021.01.15 04:16:25] OR in polizei.hannover/igtv/new.html
[2021.01.15 04:16:25] --------------------------------------------

[2021.01.15 04:16:43] store the html code of : (https://www.instagram.com/polizei.hannover/tagged/) in polizei.hannover/tagged/old.html
[2021.01.15 04:16:43] OR in polizei.hannover/tagged/new.html
[2021.01.15 04:16:43] --------------------------------------------

[2021.01.15 04:17:00] store the html code of : (https://www.instagram.com/frieda_rudi_make_oink/) in frieda_rudi_make_oink/posts/old.html
[2021.01.15 04:17:00] OR in frieda_rudi_make_oink/posts/new.html
[2021.01.15 04:17:00] --------------------------------------------

[2021.01.15 04:17:18] 


[2021.01.15 04:17:18] 	********MONITORING PHASE********
[2021.01.15 04:17:18] compare (/home/dustin/Schreibtisch/swp/instagram/data/files/polizei.hannover/posts/old.html) with (/home/dustin/Schreibtisch/swp/instagram/data/files/polizei.hannover/posts/new.html)
[2021.01.15 04:17:18] compare (/home/dustin/Schreibtisch/swp/instagram/data/files/polizei.hannover/igtv/old.html) with (/home/dustin/Schreibtisch/swp/instagram/data/files/polizei.hannover/igtv/new.html)
[2021.01.15 04:17:18] compare (/home/dustin/Schreibtisch/swp/instagram/data/files/polizei.hannover/tagged/old.html) with (/home/dustin/Schreibtisch/swp/instagram/data/files/polizei.hannover/tagged/new.html)
[2021.01.15 04:17:19] compare (/home/dustin/Schreibtisch/swp/instagram/data/files/frieda_rudi_make_oink/posts/old.html) with (/home/dustin/Schreibtisch/swp/instagram/data/files/frieda_rudi_make_oink/posts/new.html)
[2021.01.15 04:17:19] 		{{{RESULT}}}
[2021.01.15 04:17:19] ID:	polizei.hannover
[2021.01.15 04:17:19] Type:	posts
[2021.01.15 04:17:19] Mode:	2
[2021.01.15 04:17:19] Change:	False
[2021.01.15 04:17:19] Notify:	False
[2021.01.15 04:17:19] Error:	False

[2021.01.15 04:17:19] ID:	polizei.hannover
[2021.01.15 04:17:19] Type:	igtv
[2021.01.15 04:17:19] Mode:	1
[2021.01.15 04:17:19] Change:	False
[2021.01.15 04:17:19] Notify:	False
[2021.01.15 04:17:19] Error:	False

[2021.01.15 04:17:19] ID:	polizei.hannover
[2021.01.15 04:17:19] Type:	tagged
[2021.01.15 04:17:19] Mode:	1
[2021.01.15 04:17:19] Change:	False
[2021.01.15 04:17:19] Notify:	False
[2021.01.15 04:17:19] Error:	False

[2021.01.15 04:17:19] ID:	frieda_rudi_make_oink
[2021.01.15 04:17:19] Type:	posts
[2021.01.15 04:17:19] Mode:	1
[2021.01.15 04:17:19] Change:	False
[2021.01.15 04:17:19] Notify:	False
[2021.01.15 04:17:19] Error:	False

waiting 3 seconds
Execution 7
[2021.01.15 04:17:25] 		{{{BASIC TEST}}}
[2021.01.15 04:17:25] 


[2021.01.15 04:17:25] 	************STORING PHASE************

[2021.01.15 04:18:07] store the html code of : (https://www.instagram.com/polizei.hannover/) in polizei.hannover/posts/old.html
[2021.01.15 04:18:07] OR in polizei.hannover/posts/new.html
[2021.01.15 04:18:07] --------------------------------------------

[2021.01.15 04:18:21] store the html code of : (https://www.instagram.com/polizei.hannover/channel/) in polizei.hannover/igtv/old.html
[2021.01.15 04:18:21] OR in polizei.hannover/igtv/new.html
[2021.01.15 04:18:21] --------------------------------------------

[2021.01.15 04:18:38] store the html code of : (https://www.instagram.com/polizei.hannover/tagged/) in polizei.hannover/tagged/old.html
[2021.01.15 04:18:38] OR in polizei.hannover/tagged/new.html
[2021.01.15 04:18:38] --------------------------------------------

[2021.01.15 04:18:56] store the html code of : (https://www.instagram.com/frieda_rudi_make_oink/) in frieda_rudi_make_oink/posts/old.html
[2021.01.15 04:18:56] OR in frieda_rudi_make_oink/posts/new.html
[2021.01.15 04:18:56] --------------------------------------------

[2021.01.15 04:19:11] 


[2021.01.15 04:19:11] 	********MONITORING PHASE********
[2021.01.15 04:19:11] compare (/home/dustin/Schreibtisch/swp/instagram/data/files/polizei.hannover/posts/old.html) with (/home/dustin/Schreibtisch/swp/instagram/data/files/polizei.hannover/posts/new.html)
[2021.01.15 04:19:11] compare (/home/dustin/Schreibtisch/swp/instagram/data/files/polizei.hannover/igtv/old.html) with (/home/dustin/Schreibtisch/swp/instagram/data/files/polizei.hannover/igtv/new.html)
[2021.01.15 04:19:11] compare (/home/dustin/Schreibtisch/swp/instagram/data/files/polizei.hannover/tagged/old.html) with (/home/dustin/Schreibtisch/swp/instagram/data/files/polizei.hannover/tagged/new.html)
[2021.01.15 04:19:11] compare (/home/dustin/Schreibtisch/swp/instagram/data/files/frieda_rudi_make_oink/posts/old.html) with (/home/dustin/Schreibtisch/swp/instagram/data/files/frieda_rudi_make_oink/posts/new.html)
[2021.01.15 04:19:11] 		{{{RESULT}}}
[2021.01.15 04:19:11] ID:	polizei.hannover
[2021.01.15 04:19:11] Type:	posts
[2021.01.15 04:19:11] Mode:	2
[2021.01.15 04:19:11] Change:	False
[2021.01.15 04:19:11] Notify:	False
[2021.01.15 04:19:11] Error:	False

[2021.01.15 04:19:11] ID:	polizei.hannover
[2021.01.15 04:19:11] Type:	igtv
[2021.01.15 04:19:11] Mode:	1
[2021.01.15 04:19:11] Change:	False
[2021.01.15 04:19:11] Notify:	False
[2021.01.15 04:19:11] Error:	False

[2021.01.15 04:19:11] ID:	polizei.hannover
[2021.01.15 04:19:11] Type:	tagged
[2021.01.15 04:19:11] Mode:	1
[2021.01.15 04:19:11] Change:	False
[2021.01.15 04:19:11] Notify:	False
[2021.01.15 04:19:11] Error:	False

[2021.01.15 04:19:11] ID:	frieda_rudi_make_oink
[2021.01.15 04:19:11] Type:	posts
[2021.01.15 04:19:11] Mode:	1
[2021.01.15 04:19:11] Change:	False
[2021.01.15 04:19:11] Notify:	False
[2021.01.15 04:19:11] Error:	False

waiting 3 seconds
Execution 8
[2021.01.15 04:19:18] 		{{{BASIC TEST}}}
[2021.01.15 04:19:18] 


[2021.01.15 04:19:18] 	************STORING PHASE************

[2021.01.15 04:20:00] store the html code of : (https://www.instagram.com/polizei.hannover/) in polizei.hannover/posts/old.html
[2021.01.15 04:20:00] OR in polizei.hannover/posts/new.html
[2021.01.15 04:20:00] --------------------------------------------

[2021.01.15 04:20:14] store the html code of : (https://www.instagram.com/polizei.hannover/channel/) in polizei.hannover/igtv/old.html
[2021.01.15 04:20:14] OR in polizei.hannover/igtv/new.html
[2021.01.15 04:20:14] --------------------------------------------

[2021.01.15 04:20:26] store the html code of : (https://www.instagram.com/polizei.hannover/tagged/) in polizei.hannover/tagged/old.html
[2021.01.15 04:20:26] OR in polizei.hannover/tagged/new.html
[2021.01.15 04:20:26] --------------------------------------------

[2021.01.15 04:20:44] store the html code of : (https://www.instagram.com/frieda_rudi_make_oink/) in frieda_rudi_make_oink/posts/old.html
[2021.01.15 04:20:44] OR in frieda_rudi_make_oink/posts/new.html
[2021.01.15 04:20:44] --------------------------------------------

[2021.01.15 04:20:57] 


[2021.01.15 04:20:57] 	********MONITORING PHASE********
[2021.01.15 04:20:57] compare (/home/dustin/Schreibtisch/swp/instagram/data/files/polizei.hannover/posts/old.html) with (/home/dustin/Schreibtisch/swp/instagram/data/files/polizei.hannover/posts/new.html)
[2021.01.15 04:20:57] compare (/home/dustin/Schreibtisch/swp/instagram/data/files/polizei.hannover/igtv/old.html) with (/home/dustin/Schreibtisch/swp/instagram/data/files/polizei.hannover/igtv/new.html)
[2021.01.15 04:20:57] compare (/home/dustin/Schreibtisch/swp/instagram/data/files/polizei.hannover/tagged/old.html) with (/home/dustin/Schreibtisch/swp/instagram/data/files/polizei.hannover/tagged/new.html)
[2021.01.15 04:20:57] compare (/home/dustin/Schreibtisch/swp/instagram/data/files/frieda_rudi_make_oink/posts/old.html) with (/home/dustin/Schreibtisch/swp/instagram/data/files/frieda_rudi_make_oink/posts/new.html)
[2021.01.15 04:20:57] 		{{{RESULT}}}
[2021.01.15 04:20:57] ID:	polizei.hannover
[2021.01.15 04:20:57] Type:	posts
[2021.01.15 04:20:57] Mode:	2
[2021.01.15 04:20:57] Change:	False
[2021.01.15 04:20:57] Notify:	False
[2021.01.15 04:20:57] Error:	False

[2021.01.15 04:20:57] ID:	polizei.hannover
[2021.01.15 04:20:57] Type:	igtv
[2021.01.15 04:20:57] Mode:	1
[2021.01.15 04:20:57] Change:	False
[2021.01.15 04:20:57] Notify:	False
[2021.01.15 04:20:57] Error:	False

[2021.01.15 04:20:57] ID:	polizei.hannover
[2021.01.15 04:20:57] Type:	tagged
[2021.01.15 04:20:57] Mode:	1
[2021.01.15 04:20:57] Change:	False
[2021.01.15 04:20:57] Notify:	False
[2021.01.15 04:20:57] Error:	False

[2021.01.15 04:20:57] ID:	frieda_rudi_make_oink
[2021.01.15 04:20:57] Type:	posts
[2021.01.15 04:20:57] Mode:	1
[2021.01.15 04:20:57] Change:	False
[2021.01.15 04:20:57] Notify:	False
[2021.01.15 04:20:57] Error:	False

waiting 3 seconds
Execution 9
[2021.01.15 04:21:04] 		{{{BASIC TEST}}}
[2021.01.15 04:21:04] 


[2021.01.15 04:21:04] 	************STORING PHASE************

[2021.01.15 04:21:40] store the html code of : (https://www.instagram.com/polizei.hannover/) in polizei.hannover/posts/old.html
[2021.01.15 04:21:40] OR in polizei.hannover/posts/new.html
[2021.01.15 04:21:40] --------------------------------------------

[2021.01.15 04:21:55] store the html code of : (https://www.instagram.com/polizei.hannover/channel/) in polizei.hannover/igtv/old.html
[2021.01.15 04:21:55] OR in polizei.hannover/igtv/new.html
[2021.01.15 04:21:55] --------------------------------------------

[2021.01.15 04:22:09] store the html code of : (https://www.instagram.com/polizei.hannover/tagged/) in polizei.hannover/tagged/old.html
[2021.01.15 04:22:09] OR in polizei.hannover/tagged/new.html
[2021.01.15 04:22:09] --------------------------------------------

[2021.01.15 04:22:24] store the html code of : (https://www.instagram.com/frieda_rudi_make_oink/) in frieda_rudi_make_oink/posts/old.html
[2021.01.15 04:22:24] OR in frieda_rudi_make_oink/posts/new.html
[2021.01.15 04:22:24] --------------------------------------------

[2021.01.15 04:22:39] 


[2021.01.15 04:22:39] 	********MONITORING PHASE********
[2021.01.15 04:22:39] compare (/home/dustin/Schreibtisch/swp/instagram/data/files/polizei.hannover/posts/old.html) with (/home/dustin/Schreibtisch/swp/instagram/data/files/polizei.hannover/posts/new.html)
[2021.01.15 04:22:39] compare (/home/dustin/Schreibtisch/swp/instagram/data/files/polizei.hannover/igtv/old.html) with (/home/dustin/Schreibtisch/swp/instagram/data/files/polizei.hannover/igtv/new.html)
[2021.01.15 04:22:39] compare (/home/dustin/Schreibtisch/swp/instagram/data/files/polizei.hannover/tagged/old.html) with (/home/dustin/Schreibtisch/swp/instagram/data/files/polizei.hannover/tagged/new.html)
[2021.01.15 04:22:39] compare (/home/dustin/Schreibtisch/swp/instagram/data/files/frieda_rudi_make_oink/posts/old.html) with (/home/dustin/Schreibtisch/swp/instagram/data/files/frieda_rudi_make_oink/posts/new.html)
[2021.01.15 04:22:39] 		{{{RESULT}}}
[2021.01.15 04:22:39] ID:	polizei.hannover
[2021.01.15 04:22:39] Type:	posts
[2021.01.15 04:22:39] Mode:	2
[2021.01.15 04:22:39] Change:	False
[2021.01.15 04:22:39] Notify:	False
[2021.01.15 04:22:39] Error:	False

[2021.01.15 04:22:39] ID:	polizei.hannover
[2021.01.15 04:22:39] Type:	igtv
[2021.01.15 04:22:39] Mode:	1
[2021.01.15 04:22:39] Change:	False
[2021.01.15 04:22:39] Notify:	False
[2021.01.15 04:22:39] Error:	False

[2021.01.15 04:22:39] ID:	polizei.hannover
[2021.01.15 04:22:39] Type:	tagged
[2021.01.15 04:22:39] Mode:	1
[2021.01.15 04:22:39] Change:	False
[2021.01.15 04:22:39] Notify:	False
[2021.01.15 04:22:39] Error:	False

[2021.01.15 04:22:39] ID:	frieda_rudi_make_oink
[2021.01.15 04:22:39] Type:	posts
[2021.01.15 04:22:39] Mode:	1
[2021.01.15 04:22:39] Change:	False
[2021.01.15 04:22:39] Notify:	False
[2021.01.15 04:22:39] Error:	False

waiting 3 seconds
Execution 10
[2021.01.15 04:22:46] 		{{{BASIC TEST}}}
[2021.01.15 04:22:46] 


[2021.01.15 04:22:46] 	************STORING PHASE************

[2021.01.15 04:23:22] store the html code of : (https://www.instagram.com/polizei.hannover/) in polizei.hannover/posts/old.html
[2021.01.15 04:23:22] OR in polizei.hannover/posts/new.html
[2021.01.15 04:23:22] --------------------------------------------

[2021.01.15 04:23:40] store the html code of : (https://www.instagram.com/polizei.hannover/channel/) in polizei.hannover/igtv/old.html
[2021.01.15 04:23:40] OR in polizei.hannover/igtv/new.html
[2021.01.15 04:23:40] --------------------------------------------

[2021.01.15 04:23:57] store the html code of : (https://www.instagram.com/polizei.hannover/tagged/) in polizei.hannover/tagged/old.html
[2021.01.15 04:23:57] OR in polizei.hannover/tagged/new.html
[2021.01.15 04:23:57] --------------------------------------------

[2021.01.15 04:24:12] store the html code of : (https://www.instagram.com/frieda_rudi_make_oink/) in frieda_rudi_make_oink/posts/old.html
[2021.01.15 04:24:12] OR in frieda_rudi_make_oink/posts/new.html
[2021.01.15 04:24:12] --------------------------------------------

[2021.01.15 04:24:29] 


[2021.01.15 04:24:29] 	********MONITORING PHASE********
[2021.01.15 04:24:29] compare (/home/dustin/Schreibtisch/swp/instagram/data/files/polizei.hannover/posts/old.html) with (/home/dustin/Schreibtisch/swp/instagram/data/files/polizei.hannover/posts/new.html)
[2021.01.15 04:24:29] compare (/home/dustin/Schreibtisch/swp/instagram/data/files/polizei.hannover/igtv/old.html) with (/home/dustin/Schreibtisch/swp/instagram/data/files/polizei.hannover/igtv/new.html)
[2021.01.15 04:24:29] compare (/home/dustin/Schreibtisch/swp/instagram/data/files/polizei.hannover/tagged/old.html) with (/home/dustin/Schreibtisch/swp/instagram/data/files/polizei.hannover/tagged/new.html)
[2021.01.15 04:24:29] compare (/home/dustin/Schreibtisch/swp/instagram/data/files/frieda_rudi_make_oink/posts/old.html) with (/home/dustin/Schreibtisch/swp/instagram/data/files/frieda_rudi_make_oink/posts/new.html)
[2021.01.15 04:24:29] 		{{{RESULT}}}
[2021.01.15 04:24:29] ID:	polizei.hannover
[2021.01.15 04:24:29] Type:	posts
[2021.01.15 04:24:29] Mode:	2
[2021.01.15 04:24:29] Change:	False
[2021.01.15 04:24:29] Notify:	False
[2021.01.15 04:24:29] Error:	False

[2021.01.15 04:24:29] ID:	polizei.hannover
[2021.01.15 04:24:29] Type:	igtv
[2021.01.15 04:24:29] Mode:	1
[2021.01.15 04:24:29] Change:	False
[2021.01.15 04:24:29] Notify:	False
[2021.01.15 04:24:29] Error:	False

[2021.01.15 04:24:29] ID:	polizei.hannover
[2021.01.15 04:24:29] Type:	tagged
[2021.01.15 04:24:29] Mode:	1
[2021.01.15 04:24:29] Change:	False
[2021.01.15 04:24:29] Notify:	False
[2021.01.15 04:24:29] Error:	False

[2021.01.15 04:24:29] ID:	frieda_rudi_make_oink
[2021.01.15 04:24:29] Type:	posts
[2021.01.15 04:24:29] Mode:	1
[2021.01.15 04:24:29] Change:	False
[2021.01.15 04:24:29] Notify:	False
[2021.01.15 04:24:29] Error:	False

waiting 3 seconds
Execution 11
[2021.01.15 04:24:36] 		{{{BASIC TEST}}}
[2021.01.15 04:24:36] 


[2021.01.15 04:24:36] 	************STORING PHASE************

[2021.01.15 04:25:19] store the html code of : (https://www.instagram.com/polizei.hannover/) in polizei.hannover/posts/old.html
[2021.01.15 04:25:19] OR in polizei.hannover/posts/new.html
[2021.01.15 04:25:19] --------------------------------------------

[2021.01.15 04:25:38] store the html code of : (https://www.instagram.com/polizei.hannover/channel/) in polizei.hannover/igtv/old.html
[2021.01.15 04:25:38] OR in polizei.hannover/igtv/new.html
[2021.01.15 04:25:38] --------------------------------------------

[2021.01.15 04:25:53] store the html code of : (https://www.instagram.com/polizei.hannover/tagged/) in polizei.hannover/tagged/old.html
[2021.01.15 04:25:53] OR in polizei.hannover/tagged/new.html
[2021.01.15 04:25:53] --------------------------------------------

[2021.01.15 04:26:09] store the html code of : (https://www.instagram.com/frieda_rudi_make_oink/) in frieda_rudi_make_oink/posts/old.html
[2021.01.15 04:26:09] OR in frieda_rudi_make_oink/posts/new.html
[2021.01.15 04:26:09] --------------------------------------------

[2021.01.15 04:26:23] 


[2021.01.15 04:26:23] 	********MONITORING PHASE********
[2021.01.15 04:26:23] compare (/home/dustin/Schreibtisch/swp/instagram/data/files/polizei.hannover/posts/old.html) with (/home/dustin/Schreibtisch/swp/instagram/data/files/polizei.hannover/posts/new.html)
[2021.01.15 04:26:24] compare (/home/dustin/Schreibtisch/swp/instagram/data/files/polizei.hannover/igtv/old.html) with (/home/dustin/Schreibtisch/swp/instagram/data/files/polizei.hannover/igtv/new.html)
[2021.01.15 04:26:24] compare (/home/dustin/Schreibtisch/swp/instagram/data/files/polizei.hannover/tagged/old.html) with (/home/dustin/Schreibtisch/swp/instagram/data/files/polizei.hannover/tagged/new.html)
[2021.01.15 04:26:24] compare (/home/dustin/Schreibtisch/swp/instagram/data/files/frieda_rudi_make_oink/posts/old.html) with (/home/dustin/Schreibtisch/swp/instagram/data/files/frieda_rudi_make_oink/posts/new.html)
[2021.01.15 04:26:24] 		{{{RESULT}}}
[2021.01.15 04:26:24] ID:	polizei.hannover
[2021.01.15 04:26:24] Type:	posts
[2021.01.15 04:26:24] Mode:	2
[2021.01.15 04:26:24] Change:	False
[2021.01.15 04:26:24] Notify:	False
[2021.01.15 04:26:24] Error:	False

[2021.01.15 04:26:24] ID:	polizei.hannover
[2021.01.15 04:26:24] Type:	igtv
[2021.01.15 04:26:24] Mode:	1
[2021.01.15 04:26:24] Change:	False
[2021.01.15 04:26:24] Notify:	False
[2021.01.15 04:26:24] Error:	False

[2021.01.15 04:26:24] ID:	polizei.hannover
[2021.01.15 04:26:24] Type:	tagged
[2021.01.15 04:26:24] Mode:	1
[2021.01.15 04:26:24] Change:	True
[2021.01.15 04:26:24] Notify:	True
[2021.01.15 04:26:24] Error:	False

[2021.01.15 04:26:24] ID:	frieda_rudi_make_oink
[2021.01.15 04:26:24] Type:	posts
[2021.01.15 04:26:24] Mode:	1
[2021.01.15 04:26:24] Change:	False
[2021.01.15 04:26:24] Notify:	False
[2021.01.15 04:26:24] Error:	False

waiting 3 seconds
Execution 12
[2021.01.15 04:26:30] 		{{{BASIC TEST}}}
[2021.01.15 04:26:30] 


[2021.01.15 04:26:30] 	************STORING PHASE************

[2021.01.15 04:27:06] store the html code of : (https://www.instagram.com/polizei.hannover/) in polizei.hannover/posts/old.html
[2021.01.15 04:27:06] OR in polizei.hannover/posts/new.html
[2021.01.15 04:27:06] --------------------------------------------

[2021.01.15 04:27:25] store the html code of : (https://www.instagram.com/polizei.hannover/channel/) in polizei.hannover/igtv/old.html
[2021.01.15 04:27:25] OR in polizei.hannover/igtv/new.html
[2021.01.15 04:27:25] --------------------------------------------

[2021.01.15 04:27:38] store the html code of : (https://www.instagram.com/polizei.hannover/tagged/) in polizei.hannover/tagged/old.html
[2021.01.15 04:27:38] OR in polizei.hannover/tagged/new.html
[2021.01.15 04:27:38] --------------------------------------------

[2021.01.15 04:27:57] store the html code of : (https://www.instagram.com/frieda_rudi_make_oink/) in frieda_rudi_make_oink/posts/old.html
[2021.01.15 04:27:57] OR in frieda_rudi_make_oink/posts/new.html
[2021.01.15 04:27:57] --------------------------------------------

[2021.01.15 04:28:11] 


[2021.01.15 04:28:11] 	********MONITORING PHASE********
[2021.01.15 04:28:11] compare (/home/dustin/Schreibtisch/swp/instagram/data/files/polizei.hannover/posts/old.html) with (/home/dustin/Schreibtisch/swp/instagram/data/files/polizei.hannover/posts/new.html)
[2021.01.15 04:28:11] compare (/home/dustin/Schreibtisch/swp/instagram/data/files/polizei.hannover/igtv/old.html) with (/home/dustin/Schreibtisch/swp/instagram/data/files/polizei.hannover/igtv/new.html)
[2021.01.15 04:28:11] compare (/home/dustin/Schreibtisch/swp/instagram/data/files/polizei.hannover/tagged/old.html) with (/home/dustin/Schreibtisch/swp/instagram/data/files/polizei.hannover/tagged/new.html)
[2021.01.15 04:28:11] compare (/home/dustin/Schreibtisch/swp/instagram/data/files/frieda_rudi_make_oink/posts/old.html) with (/home/dustin/Schreibtisch/swp/instagram/data/files/frieda_rudi_make_oink/posts/new.html)
[2021.01.15 04:28:11] 		{{{RESULT}}}
[2021.01.15 04:28:11] ID:	polizei.hannover
[2021.01.15 04:28:11] Type:	posts
[2021.01.15 04:28:11] Mode:	2
[2021.01.15 04:28:11] Change:	False
[2021.01.15 04:28:11] Notify:	False
[2021.01.15 04:28:11] Error:	False

[2021.01.15 04:28:11] ID:	polizei.hannover
[2021.01.15 04:28:11] Type:	igtv
[2021.01.15 04:28:11] Mode:	1
[2021.01.15 04:28:11] Change:	False
[2021.01.15 04:28:11] Notify:	False
[2021.01.15 04:28:11] Error:	False

[2021.01.15 04:28:11] ID:	polizei.hannover
[2021.01.15 04:28:11] Type:	tagged
[2021.01.15 04:28:11] Mode:	1
[2021.01.15 04:28:11] Change:	False
[2021.01.15 04:28:11] Notify:	False
[2021.01.15 04:28:11] Error:	False

[2021.01.15 04:28:11] ID:	frieda_rudi_make_oink
[2021.01.15 04:28:11] Type:	posts
[2021.01.15 04:28:11] Mode:	1
[2021.01.15 04:28:11] Change:	False
[2021.01.15 04:28:11] Notify:	False
[2021.01.15 04:28:11] Error:	False

waiting 3 seconds
Execution 13
[2021.01.15 04:28:18] 		{{{BASIC TEST}}}
[2021.01.15 04:28:18] 


[2021.01.15 04:28:18] 	************STORING PHASE************

[2021.01.15 04:28:53] store the html code of : (https://www.instagram.com/polizei.hannover/) in polizei.hannover/posts/old.html
[2021.01.15 04:28:53] OR in polizei.hannover/posts/new.html
[2021.01.15 04:28:53] --------------------------------------------

[2021.01.15 04:29:10] store the html code of : (https://www.instagram.com/polizei.hannover/channel/) in polizei.hannover/igtv/old.html
[2021.01.15 04:29:10] OR in polizei.hannover/igtv/new.html
[2021.01.15 04:29:10] --------------------------------------------

[2021.01.15 04:29:26] store the html code of : (https://www.instagram.com/polizei.hannover/tagged/) in polizei.hannover/tagged/old.html
[2021.01.15 04:29:26] OR in polizei.hannover/tagged/new.html
[2021.01.15 04:29:26] --------------------------------------------

[2021.01.15 04:29:40] store the html code of : (https://www.instagram.com/frieda_rudi_make_oink/) in frieda_rudi_make_oink/posts/old.html
[2021.01.15 04:29:40] OR in frieda_rudi_make_oink/posts/new.html
[2021.01.15 04:29:40] --------------------------------------------

[2021.01.15 04:29:56] 


[2021.01.15 04:29:56] 	********MONITORING PHASE********
[2021.01.15 04:29:56] compare (/home/dustin/Schreibtisch/swp/instagram/data/files/polizei.hannover/posts/old.html) with (/home/dustin/Schreibtisch/swp/instagram/data/files/polizei.hannover/posts/new.html)
[2021.01.15 04:29:56] compare (/home/dustin/Schreibtisch/swp/instagram/data/files/polizei.hannover/igtv/old.html) with (/home/dustin/Schreibtisch/swp/instagram/data/files/polizei.hannover/igtv/new.html)
[2021.01.15 04:29:56] compare (/home/dustin/Schreibtisch/swp/instagram/data/files/polizei.hannover/tagged/old.html) with (/home/dustin/Schreibtisch/swp/instagram/data/files/polizei.hannover/tagged/new.html)
[2021.01.15 04:29:56] compare (/home/dustin/Schreibtisch/swp/instagram/data/files/frieda_rudi_make_oink/posts/old.html) with (/home/dustin/Schreibtisch/swp/instagram/data/files/frieda_rudi_make_oink/posts/new.html)
[2021.01.15 04:29:56] 		{{{RESULT}}}
[2021.01.15 04:29:56] ID:	polizei.hannover
[2021.01.15 04:29:56] Type:	posts
[2021.01.15 04:29:56] Mode:	2
[2021.01.15 04:29:56] Change:	False
[2021.01.15 04:29:56] Notify:	False
[2021.01.15 04:29:56] Error:	False

[2021.01.15 04:29:56] ID:	polizei.hannover
[2021.01.15 04:29:56] Type:	igtv
[2021.01.15 04:29:56] Mode:	1
[2021.01.15 04:29:56] Change:	False
[2021.01.15 04:29:56] Notify:	False
[2021.01.15 04:29:56] Error:	False

[2021.01.15 04:29:56] ID:	polizei.hannover
[2021.01.15 04:29:56] Type:	tagged
[2021.01.15 04:29:56] Mode:	1
[2021.01.15 04:29:56] Change:	True
[2021.01.15 04:29:56] Notify:	True
[2021.01.15 04:29:56] Error:	False

[2021.01.15 04:29:56] ID:	frieda_rudi_make_oink
[2021.01.15 04:29:56] Type:	posts
[2021.01.15 04:29:56] Mode:	1
[2021.01.15 04:29:56] Change:	False
[2021.01.15 04:29:56] Notify:	False
[2021.01.15 04:29:56] Error:	False

waiting 3 seconds
Execution 14
[2021.01.15 04:30:03] 		{{{BASIC TEST}}}
[2021.01.15 04:30:03] 


[2021.01.15 04:30:03] 	************STORING PHASE************

[2021.01.15 04:30:51] store the html code of : (https://www.instagram.com/polizei.hannover/) in polizei.hannover/posts/old.html
[2021.01.15 04:30:51] OR in polizei.hannover/posts/new.html
[2021.01.15 04:30:51] --------------------------------------------

[2021.01.15 04:31:09] store the html code of : (https://www.instagram.com/polizei.hannover/channel/) in polizei.hannover/igtv/old.html
[2021.01.15 04:31:09] OR in polizei.hannover/igtv/new.html
[2021.01.15 04:31:09] --------------------------------------------

[2021.01.15 04:31:22] store the html code of : (https://www.instagram.com/polizei.hannover/tagged/) in polizei.hannover/tagged/old.html
[2021.01.15 04:31:22] OR in polizei.hannover/tagged/new.html
[2021.01.15 04:31:22] --------------------------------------------

[2021.01.15 04:31:40] store the html code of : (https://www.instagram.com/frieda_rudi_make_oink/) in frieda_rudi_make_oink/posts/old.html
[2021.01.15 04:31:40] OR in frieda_rudi_make_oink/posts/new.html
[2021.01.15 04:31:40] --------------------------------------------

[2021.01.15 04:31:59] 


[2021.01.15 04:31:59] 	********MONITORING PHASE********
[2021.01.15 04:31:59] compare (/home/dustin/Schreibtisch/swp/instagram/data/files/polizei.hannover/posts/old.html) with (/home/dustin/Schreibtisch/swp/instagram/data/files/polizei.hannover/posts/new.html)
[2021.01.15 04:31:59] compare (/home/dustin/Schreibtisch/swp/instagram/data/files/polizei.hannover/igtv/old.html) with (/home/dustin/Schreibtisch/swp/instagram/data/files/polizei.hannover/igtv/new.html)
[2021.01.15 04:31:59] compare (/home/dustin/Schreibtisch/swp/instagram/data/files/polizei.hannover/tagged/old.html) with (/home/dustin/Schreibtisch/swp/instagram/data/files/polizei.hannover/tagged/new.html)
[2021.01.15 04:31:59] compare (/home/dustin/Schreibtisch/swp/instagram/data/files/frieda_rudi_make_oink/posts/old.html) with (/home/dustin/Schreibtisch/swp/instagram/data/files/frieda_rudi_make_oink/posts/new.html)
[2021.01.15 04:31:59] 		{{{RESULT}}}
[2021.01.15 04:31:59] ID:	polizei.hannover
[2021.01.15 04:31:59] Type:	posts
[2021.01.15 04:31:59] Mode:	2
[2021.01.15 04:31:59] Change:	False
[2021.01.15 04:31:59] Notify:	False
[2021.01.15 04:31:59] Error:	False

[2021.01.15 04:31:59] ID:	polizei.hannover
[2021.01.15 04:31:59] Type:	igtv
[2021.01.15 04:31:59] Mode:	1
[2021.01.15 04:31:59] Change:	False
[2021.01.15 04:31:59] Notify:	False
[2021.01.15 04:31:59] Error:	False

[2021.01.15 04:31:59] ID:	polizei.hannover
[2021.01.15 04:31:59] Type:	tagged
[2021.01.15 04:31:59] Mode:	1
[2021.01.15 04:31:59] Change:	False
[2021.01.15 04:31:59] Notify:	False
[2021.01.15 04:31:59] Error:	False

[2021.01.15 04:31:59] ID:	frieda_rudi_make_oink
[2021.01.15 04:31:59] Type:	posts
[2021.01.15 04:31:59] Mode:	1
[2021.01.15 04:31:59] Change:	False
[2021.01.15 04:31:59] Notify:	False
[2021.01.15 04:31:59] Error:	False

waiting 3 seconds
Execution 15
[2021.01.15 04:32:06] 		{{{BASIC TEST}}}
[2021.01.15 04:32:06] 


[2021.01.15 04:32:06] 	************STORING PHASE************

[2021.01.15 04:32:44] store the html code of : (https://www.instagram.com/polizei.hannover/) in polizei.hannover/posts/old.html
[2021.01.15 04:32:44] OR in polizei.hannover/posts/new.html
[2021.01.15 04:32:44] --------------------------------------------

[2021.01.15 04:33:01] store the html code of : (https://www.instagram.com/polizei.hannover/channel/) in polizei.hannover/igtv/old.html
[2021.01.15 04:33:01] OR in polizei.hannover/igtv/new.html
[2021.01.15 04:33:01] --------------------------------------------

[2021.01.15 04:33:17] store the html code of : (https://www.instagram.com/polizei.hannover/tagged/) in polizei.hannover/tagged/old.html
[2021.01.15 04:33:17] OR in polizei.hannover/tagged/new.html
[2021.01.15 04:33:17] --------------------------------------------

[2021.01.15 04:33:33] store the html code of : (https://www.instagram.com/frieda_rudi_make_oink/) in frieda_rudi_make_oink/posts/old.html
[2021.01.15 04:33:33] OR in frieda_rudi_make_oink/posts/new.html
[2021.01.15 04:33:33] --------------------------------------------

[2021.01.15 04:33:48] 


[2021.01.15 04:33:48] 	********MONITORING PHASE********
[2021.01.15 04:33:48] compare (/home/dustin/Schreibtisch/swp/instagram/data/files/polizei.hannover/posts/old.html) with (/home/dustin/Schreibtisch/swp/instagram/data/files/polizei.hannover/posts/new.html)
[2021.01.15 04:33:48] compare (/home/dustin/Schreibtisch/swp/instagram/data/files/polizei.hannover/igtv/old.html) with (/home/dustin/Schreibtisch/swp/instagram/data/files/polizei.hannover/igtv/new.html)
[2021.01.15 04:33:48] compare (/home/dustin/Schreibtisch/swp/instagram/data/files/polizei.hannover/tagged/old.html) with (/home/dustin/Schreibtisch/swp/instagram/data/files/polizei.hannover/tagged/new.html)
[2021.01.15 04:33:48] compare (/home/dustin/Schreibtisch/swp/instagram/data/files/frieda_rudi_make_oink/posts/old.html) with (/home/dustin/Schreibtisch/swp/instagram/data/files/frieda_rudi_make_oink/posts/new.html)
[2021.01.15 04:33:48] 		{{{RESULT}}}
[2021.01.15 04:33:48] ID:	polizei.hannover
[2021.01.15 04:33:48] Type:	posts
[2021.01.15 04:33:48] Mode:	2
[2021.01.15 04:33:48] Change:	False
[2021.01.15 04:33:48] Notify:	False
[2021.01.15 04:33:48] Error:	False

[2021.01.15 04:33:48] ID:	polizei.hannover
[2021.01.15 04:33:48] Type:	igtv
[2021.01.15 04:33:48] Mode:	1
[2021.01.15 04:33:48] Change:	False
[2021.01.15 04:33:48] Notify:	False
[2021.01.15 04:33:48] Error:	False

[2021.01.15 04:33:48] ID:	polizei.hannover
[2021.01.15 04:33:48] Type:	tagged
[2021.01.15 04:33:48] Mode:	1
[2021.01.15 04:33:48] Change:	False
[2021.01.15 04:33:48] Notify:	False
[2021.01.15 04:33:48] Error:	False

[2021.01.15 04:33:48] ID:	frieda_rudi_make_oink
[2021.01.15 04:33:48] Type:	posts
[2021.01.15 04:33:48] Mode:	1
[2021.01.15 04:33:48] Change:	False
[2021.01.15 04:33:48] Notify:	False
[2021.01.15 04:33:48] Error:	False

waiting 3 seconds
Execution 16
[2021.01.15 04:33:55] 		{{{BASIC TEST}}}
[2021.01.15 04:33:55] 


[2021.01.15 04:33:55] 	************STORING PHASE************

[2021.01.15 04:34:35] store the html code of : (https://www.instagram.com/polizei.hannover/) in polizei.hannover/posts/old.html
[2021.01.15 04:34:35] OR in polizei.hannover/posts/new.html
[2021.01.15 04:34:35] --------------------------------------------

[2021.01.15 04:34:53] store the html code of : (https://www.instagram.com/polizei.hannover/channel/) in polizei.hannover/igtv/old.html
[2021.01.15 04:34:53] OR in polizei.hannover/igtv/new.html
[2021.01.15 04:34:53] --------------------------------------------

[2021.01.15 04:35:09] store the html code of : (https://www.instagram.com/polizei.hannover/tagged/) in polizei.hannover/tagged/old.html
[2021.01.15 04:35:09] OR in polizei.hannover/tagged/new.html
[2021.01.15 04:35:09] --------------------------------------------

[2021.01.15 04:35:25] store the html code of : (https://www.instagram.com/frieda_rudi_make_oink/) in frieda_rudi_make_oink/posts/old.html
[2021.01.15 04:35:25] OR in frieda_rudi_make_oink/posts/new.html
[2021.01.15 04:35:25] --------------------------------------------

[2021.01.15 04:35:43] 


[2021.01.15 04:35:43] 	********MONITORING PHASE********
[2021.01.15 04:35:43] compare (/home/dustin/Schreibtisch/swp/instagram/data/files/polizei.hannover/posts/old.html) with (/home/dustin/Schreibtisch/swp/instagram/data/files/polizei.hannover/posts/new.html)
[2021.01.15 04:35:43] compare (/home/dustin/Schreibtisch/swp/instagram/data/files/polizei.hannover/igtv/old.html) with (/home/dustin/Schreibtisch/swp/instagram/data/files/polizei.hannover/igtv/new.html)
[2021.01.15 04:35:43] compare (/home/dustin/Schreibtisch/swp/instagram/data/files/polizei.hannover/tagged/old.html) with (/home/dustin/Schreibtisch/swp/instagram/data/files/polizei.hannover/tagged/new.html)
[2021.01.15 04:35:43] compare (/home/dustin/Schreibtisch/swp/instagram/data/files/frieda_rudi_make_oink/posts/old.html) with (/home/dustin/Schreibtisch/swp/instagram/data/files/frieda_rudi_make_oink/posts/new.html)
[2021.01.15 04:35:43] 		{{{RESULT}}}
[2021.01.15 04:35:43] ID:	polizei.hannover
[2021.01.15 04:35:43] Type:	posts
[2021.01.15 04:35:43] Mode:	2
[2021.01.15 04:35:43] Change:	False
[2021.01.15 04:35:43] Notify:	False
[2021.01.15 04:35:43] Error:	False

[2021.01.15 04:35:43] ID:	polizei.hannover
[2021.01.15 04:35:43] Type:	igtv
[2021.01.15 04:35:43] Mode:	1
[2021.01.15 04:35:43] Change:	False
[2021.01.15 04:35:43] Notify:	False
[2021.01.15 04:35:43] Error:	False

[2021.01.15 04:35:43] ID:	polizei.hannover
[2021.01.15 04:35:43] Type:	tagged
[2021.01.15 04:35:43] Mode:	1
[2021.01.15 04:35:43] Change:	False
[2021.01.15 04:35:43] Notify:	False
[2021.01.15 04:35:43] Error:	False

[2021.01.15 04:35:43] ID:	frieda_rudi_make_oink
[2021.01.15 04:35:43] Type:	posts
[2021.01.15 04:35:43] Mode:	1
[2021.01.15 04:35:43] Change:	False
[2021.01.15 04:35:43] Notify:	False
[2021.01.15 04:35:43] Error:	False

waiting 3 seconds
Execution 17
[2021.01.15 04:35:50] 		{{{BASIC TEST}}}
[2021.01.15 04:35:50] 


[2021.01.15 04:35:50] 	************STORING PHASE************

[2021.01.15 04:36:27] store the html code of : (https://www.instagram.com/polizei.hannover/) in polizei.hannover/posts/old.html
[2021.01.15 04:36:27] OR in polizei.hannover/posts/new.html
[2021.01.15 04:36:27] --------------------------------------------

[2021.01.15 04:36:45] Error while downloading the html files.
Exception message: IndexError: list index out of range
[2021.01.15 04:36:45] Error while downloading the html files.
Exception message: IndexError: list index out of range
[2021.01.15 04:36:45] Error while processing. URL: https://www.instagram.com/polizei.hannover/
[2021.01.15 04:36:45] Error while processing. URL: https://www.instagram.com/polizei.hannover/
[2021.01.15 04:36:45] store the html code of : (https://www.instagram.com/polizei.hannover/channel/) in polizei.hannover/igtv/old.html
[2021.01.15 04:36:45] OR in polizei.hannover/igtv/new.html
[2021.01.15 04:36:45] --------------------------------------------

[2021.01.15 04:37:00] Error while downloading the html files.
Exception message: IndexError: list index out of range
[2021.01.15 04:37:00] Error while downloading the html files.
Exception message: IndexError: list index out of range
[2021.01.15 04:37:00] Error while processing. URL: https://www.instagram.com/polizei.hannover/channel/
[2021.01.15 04:37:00] Error while processing. URL: https://www.instagram.com/polizei.hannover/channel/
[2021.01.15 04:37:00] store the html code of : (https://www.instagram.com/polizei.hannover/tagged/) in polizei.hannover/tagged/old.html
[2021.01.15 04:37:00] OR in polizei.hannover/tagged/new.html
[2021.01.15 04:37:00] --------------------------------------------

[2021.01.15 04:37:14] Error while downloading the html files.
Exception message: IndexError: list index out of range
[2021.01.15 04:37:14] Error while downloading the html files.
Exception message: IndexError: list index out of range
[2021.01.15 04:37:14] Error while processing. URL: https://www.instagram.com/polizei.hannover/tagged/
[2021.01.15 04:37:14] Error while processing. URL: https://www.instagram.com/polizei.hannover/tagged/
[2021.01.15 04:37:14] store the html code of : (https://www.instagram.com/frieda_rudi_make_oink/) in frieda_rudi_make_oink/posts/old.html
[2021.01.15 04:37:14] OR in frieda_rudi_make_oink/posts/new.html
[2021.01.15 04:37:14] --------------------------------------------

[2021.01.15 04:37:28] Error while downloading the html files.
Exception message: IndexError: list index out of range
[2021.01.15 04:37:28] Error while downloading the html files.
Exception message: IndexError: list index out of range
[2021.01.15 04:37:28] Error while processing. URL: https://www.instagram.com/frieda_rudi_make_oink/
[2021.01.15 04:37:28] Error while processing. URL: https://www.instagram.com/frieda_rudi_make_oink/
[2021.01.15 04:37:29] 


[2021.01.15 04:37:29] 	********MONITORING PHASE********
[2021.01.15 04:37:29] Skip modifying the html files of href: https://www.instagram.com/polizei.hannover/. [Download Error]
[2021.01.15 04:37:29] Skip modifying the html files of href: https://www.instagram.com/polizei.hannover/. [Download Error]
[2021.01.15 04:37:29] Skip modifying the html files of href: https://www.instagram.com/polizei.hannover/channel/. [Download Error]
[2021.01.15 04:37:29] Skip modifying the html files of href: https://www.instagram.com/polizei.hannover/channel/. [Download Error]
[2021.01.15 04:37:29] Skip modifying the html files of href: https://www.instagram.com/polizei.hannover/tagged/. [Download Error]
[2021.01.15 04:37:29] Skip modifying the html files of href: https://www.instagram.com/polizei.hannover/tagged/. [Download Error]
[2021.01.15 04:37:29] Skip modifying the html files of href: https://www.instagram.com/frieda_rudi_make_oink/. [Download Error]
[2021.01.15 04:37:29] Skip modifying the html files of href: https://www.instagram.com/frieda_rudi_make_oink/. [Download Error]
[2021.01.15 04:37:29] 		{{{RESULT}}}
[2021.01.15 04:37:29] ID:	polizei.hannover
[2021.01.15 04:37:29] Type:	posts
[2021.01.15 04:37:29] Mode:	2
[2021.01.15 04:37:29] Change:	False
[2021.01.15 04:37:29] Notify:	False
[2021.01.15 04:37:29] Error:	True

[2021.01.15 04:37:29] ID:	polizei.hannover
[2021.01.15 04:37:29] Type:	igtv
[2021.01.15 04:37:29] Mode:	1
[2021.01.15 04:37:29] Change:	False
[2021.01.15 04:37:29] Notify:	False
[2021.01.15 04:37:29] Error:	True

[2021.01.15 04:37:29] ID:	polizei.hannover
[2021.01.15 04:37:29] Type:	tagged
[2021.01.15 04:37:29] Mode:	1
[2021.01.15 04:37:29] Change:	False
[2021.01.15 04:37:29] Notify:	False
[2021.01.15 04:37:29] Error:	True

[2021.01.15 04:37:29] ID:	frieda_rudi_make_oink
[2021.01.15 04:37:29] Type:	posts
[2021.01.15 04:37:29] Mode:	1
[2021.01.15 04:37:29] Change:	False
[2021.01.15 04:37:29] Notify:	False
[2021.01.15 04:37:29] Error:	True

waiting 3 seconds
Execution 18
[2021.01.15 04:37:36] 		{{{BASIC TEST}}}
[2021.01.15 04:37:36] 


[2021.01.15 04:37:36] 	************STORING PHASE************

[2021.01.15 04:38:05] store the html code of : (https://www.instagram.com/polizei.hannover/) in polizei.hannover/posts/old.html
[2021.01.15 04:38:05] OR in polizei.hannover/posts/new.html
[2021.01.15 04:38:05] --------------------------------------------

[2021.01.15 04:38:17] Error while downloading the html files.
Exception message: IndexError: list index out of range
[2021.01.15 04:38:17] Error while downloading the html files.
Exception message: IndexError: list index out of range
[2021.01.15 04:38:17] Error while processing. URL: https://www.instagram.com/polizei.hannover/
[2021.01.15 04:38:17] Error while processing. URL: https://www.instagram.com/polizei.hannover/
[2021.01.15 04:38:17] store the html code of : (https://www.instagram.com/polizei.hannover/channel/) in polizei.hannover/igtv/old.html
[2021.01.15 04:38:17] OR in polizei.hannover/igtv/new.html
[2021.01.15 04:38:17] --------------------------------------------

[2021.01.15 04:38:34] Error while downloading the html files.
Exception message: IndexError: list index out of range
[2021.01.15 04:38:34] Error while downloading the html files.
Exception message: IndexError: list index out of range
[2021.01.15 04:38:34] Error while processing. URL: https://www.instagram.com/polizei.hannover/channel/
[2021.01.15 04:38:34] Error while processing. URL: https://www.instagram.com/polizei.hannover/channel/
[2021.01.15 04:38:34] store the html code of : (https://www.instagram.com/polizei.hannover/tagged/) in polizei.hannover/tagged/old.html
[2021.01.15 04:38:34] OR in polizei.hannover/tagged/new.html
[2021.01.15 04:38:34] --------------------------------------------

[2021.01.15 04:38:49] Error while downloading the html files.
Exception message: IndexError: list index out of range
[2021.01.15 04:38:49] Error while downloading the html files.
Exception message: IndexError: list index out of range
[2021.01.15 04:38:49] Error while processing. URL: https://www.instagram.com/polizei.hannover/tagged/
[2021.01.15 04:38:49] Error while processing. URL: https://www.instagram.com/polizei.hannover/tagged/
[2021.01.15 04:38:49] store the html code of : (https://www.instagram.com/frieda_rudi_make_oink/) in frieda_rudi_make_oink/posts/old.html
[2021.01.15 04:38:49] OR in frieda_rudi_make_oink/posts/new.html
[2021.01.15 04:38:49] --------------------------------------------

[2021.01.15 04:39:01] Error while downloading the html files.
Exception message: IndexError: list index out of range
[2021.01.15 04:39:01] Error while downloading the html files.
Exception message: IndexError: list index out of range
[2021.01.15 04:39:01] Error while processing. URL: https://www.instagram.com/frieda_rudi_make_oink/
[2021.01.15 04:39:01] Error while processing. URL: https://www.instagram.com/frieda_rudi_make_oink/
[2021.01.15 04:39:02] 


[2021.01.15 04:39:02] 	********MONITORING PHASE********
[2021.01.15 04:39:02] Skip modifying the html files of href: https://www.instagram.com/polizei.hannover/. [Download Error]
[2021.01.15 04:39:02] Skip modifying the html files of href: https://www.instagram.com/polizei.hannover/. [Download Error]
[2021.01.15 04:39:02] Skip modifying the html files of href: https://www.instagram.com/polizei.hannover/channel/. [Download Error]
[2021.01.15 04:39:02] Skip modifying the html files of href: https://www.instagram.com/polizei.hannover/channel/. [Download Error]
[2021.01.15 04:39:02] Skip modifying the html files of href: https://www.instagram.com/polizei.hannover/tagged/. [Download Error]
[2021.01.15 04:39:02] Skip modifying the html files of href: https://www.instagram.com/polizei.hannover/tagged/. [Download Error]
[2021.01.15 04:39:02] Skip modifying the html files of href: https://www.instagram.com/frieda_rudi_make_oink/. [Download Error]
[2021.01.15 04:39:02] Skip modifying the html files of href: https://www.instagram.com/frieda_rudi_make_oink/. [Download Error]
[2021.01.15 04:39:02] 		{{{RESULT}}}
[2021.01.15 04:39:02] ID:	polizei.hannover
[2021.01.15 04:39:02] Type:	posts
[2021.01.15 04:39:02] Mode:	2
[2021.01.15 04:39:02] Change:	False
[2021.01.15 04:39:02] Notify:	False
[2021.01.15 04:39:02] Error:	True

[2021.01.15 04:39:02] ID:	polizei.hannover
[2021.01.15 04:39:02] Type:	igtv
[2021.01.15 04:39:02] Mode:	1
[2021.01.15 04:39:02] Change:	False
[2021.01.15 04:39:02] Notify:	False
[2021.01.15 04:39:02] Error:	True

[2021.01.15 04:39:02] ID:	polizei.hannover
[2021.01.15 04:39:02] Type:	tagged
[2021.01.15 04:39:02] Mode:	1
[2021.01.15 04:39:02] Change:	False
[2021.01.15 04:39:02] Notify:	False
[2021.01.15 04:39:02] Error:	True

[2021.01.15 04:39:02] ID:	frieda_rudi_make_oink
[2021.01.15 04:39:02] Type:	posts
[2021.01.15 04:39:02] Mode:	1
[2021.01.15 04:39:02] Change:	False
[2021.01.15 04:39:02] Notify:	False
[2021.01.15 04:39:02] Error:	True

waiting 3 seconds
Execution 19
[2021.01.15 04:39:09] 		{{{BASIC TEST}}}
[2021.01.15 04:39:09] 


[2021.01.15 04:39:09] 	************STORING PHASE************

[2021.01.15 04:39:38] store the html code of : (https://www.instagram.com/polizei.hannover/) in polizei.hannover/posts/old.html
[2021.01.15 04:39:38] OR in polizei.hannover/posts/new.html
[2021.01.15 04:39:38] --------------------------------------------

[2021.01.15 04:39:55] Error while downloading the html files.
Exception message: IndexError: list index out of range
[2021.01.15 04:39:55] Error while downloading the html files.
Exception message: IndexError: list index out of range
[2021.01.15 04:39:55] Error while processing. URL: https://www.instagram.com/polizei.hannover/
[2021.01.15 04:39:55] Error while processing. URL: https://www.instagram.com/polizei.hannover/
[2021.01.15 04:39:55] store the html code of : (https://www.instagram.com/polizei.hannover/channel/) in polizei.hannover/igtv/old.html
[2021.01.15 04:39:55] OR in polizei.hannover/igtv/new.html
[2021.01.15 04:39:55] --------------------------------------------

[2021.01.15 04:40:09] Error while downloading the html files.
Exception message: IndexError: list index out of range
[2021.01.15 04:40:09] Error while downloading the html files.
Exception message: IndexError: list index out of range
[2021.01.15 04:40:09] Error while processing. URL: https://www.instagram.com/polizei.hannover/channel/
[2021.01.15 04:40:09] Error while processing. URL: https://www.instagram.com/polizei.hannover/channel/
[2021.01.15 04:40:09] store the html code of : (https://www.instagram.com/polizei.hannover/tagged/) in polizei.hannover/tagged/old.html
[2021.01.15 04:40:09] OR in polizei.hannover/tagged/new.html
[2021.01.15 04:40:09] --------------------------------------------

[2021.01.15 04:40:20] Error while downloading the html files.
Exception message: IndexError: list index out of range
[2021.01.15 04:40:20] Error while downloading the html files.
Exception message: IndexError: list index out of range
[2021.01.15 04:40:20] Error while processing. URL: https://www.instagram.com/polizei.hannover/tagged/
[2021.01.15 04:40:20] Error while processing. URL: https://www.instagram.com/polizei.hannover/tagged/
[2021.01.15 04:40:20] store the html code of : (https://www.instagram.com/frieda_rudi_make_oink/) in frieda_rudi_make_oink/posts/old.html
[2021.01.15 04:40:20] OR in frieda_rudi_make_oink/posts/new.html
[2021.01.15 04:40:20] --------------------------------------------

[2021.01.15 04:40:33] Error while downloading the html files.
Exception message: IndexError: list index out of range
[2021.01.15 04:40:33] Error while downloading the html files.
Exception message: IndexError: list index out of range
[2021.01.15 04:40:33] Error while processing. URL: https://www.instagram.com/frieda_rudi_make_oink/
[2021.01.15 04:40:33] Error while processing. URL: https://www.instagram.com/frieda_rudi_make_oink/
[2021.01.15 04:40:34] 


[2021.01.15 04:40:34] 	********MONITORING PHASE********
[2021.01.15 04:40:34] Skip modifying the html files of href: https://www.instagram.com/polizei.hannover/. [Download Error]
[2021.01.15 04:40:34] Skip modifying the html files of href: https://www.instagram.com/polizei.hannover/. [Download Error]
[2021.01.15 04:40:34] Skip modifying the html files of href: https://www.instagram.com/polizei.hannover/channel/. [Download Error]
[2021.01.15 04:40:34] Skip modifying the html files of href: https://www.instagram.com/polizei.hannover/channel/. [Download Error]
[2021.01.15 04:40:34] Skip modifying the html files of href: https://www.instagram.com/polizei.hannover/tagged/. [Download Error]
[2021.01.15 04:40:34] Skip modifying the html files of href: https://www.instagram.com/polizei.hannover/tagged/. [Download Error]
[2021.01.15 04:40:34] Skip modifying the html files of href: https://www.instagram.com/frieda_rudi_make_oink/. [Download Error]
[2021.01.15 04:40:34] Skip modifying the html files of href: https://www.instagram.com/frieda_rudi_make_oink/. [Download Error]
[2021.01.15 04:40:34] 		{{{RESULT}}}
[2021.01.15 04:40:34] ID:	polizei.hannover
[2021.01.15 04:40:34] Type:	posts
[2021.01.15 04:40:34] Mode:	2
[2021.01.15 04:40:34] Change:	False
[2021.01.15 04:40:34] Notify:	False
[2021.01.15 04:40:34] Error:	True

[2021.01.15 04:40:34] ID:	polizei.hannover
[2021.01.15 04:40:34] Type:	igtv
[2021.01.15 04:40:34] Mode:	1
[2021.01.15 04:40:34] Change:	False
[2021.01.15 04:40:34] Notify:	False
[2021.01.15 04:40:34] Error:	True

[2021.01.15 04:40:34] ID:	polizei.hannover
[2021.01.15 04:40:34] Type:	tagged
[2021.01.15 04:40:34] Mode:	1
[2021.01.15 04:40:34] Change:	False
[2021.01.15 04:40:34] Notify:	False
[2021.01.15 04:40:34] Error:	True

[2021.01.15 04:40:34] ID:	frieda_rudi_make_oink
[2021.01.15 04:40:34] Type:	posts
[2021.01.15 04:40:34] Mode:	1
[2021.01.15 04:40:34] Change:	False
[2021.01.15 04:40:34] Notify:	False
[2021.01.15 04:40:34] Error:	True

waiting 3 seconds
Execution 20
[2021.01.15 04:40:41] 		{{{BASIC TEST}}}
[2021.01.15 04:40:41] 


[2021.01.15 04:40:41] 	************STORING PHASE************

[2021.01.15 04:41:12] store the html code of : (https://www.instagram.com/polizei.hannover/) in polizei.hannover/posts/old.html
[2021.01.15 04:41:12] OR in polizei.hannover/posts/new.html
[2021.01.15 04:41:12] --------------------------------------------

[2021.01.15 04:41:25] Error while downloading the html files.
Exception message: IndexError: list index out of range
[2021.01.15 04:41:25] Error while downloading the html files.
Exception message: IndexError: list index out of range
[2021.01.15 04:41:25] Error while processing. URL: https://www.instagram.com/polizei.hannover/
[2021.01.15 04:41:25] Error while processing. URL: https://www.instagram.com/polizei.hannover/
[2021.01.15 04:41:25] store the html code of : (https://www.instagram.com/polizei.hannover/channel/) in polizei.hannover/igtv/old.html
[2021.01.15 04:41:25] OR in polizei.hannover/igtv/new.html
[2021.01.15 04:41:25] --------------------------------------------

[2021.01.15 04:41:39] Error while downloading the html files.
Exception message: IndexError: list index out of range
[2021.01.15 04:41:39] Error while downloading the html files.
Exception message: IndexError: list index out of range
[2021.01.15 04:41:39] Error while processing. URL: https://www.instagram.com/polizei.hannover/channel/
[2021.01.15 04:41:39] Error while processing. URL: https://www.instagram.com/polizei.hannover/channel/
[2021.01.15 04:41:39] store the html code of : (https://www.instagram.com/polizei.hannover/tagged/) in polizei.hannover/tagged/old.html
[2021.01.15 04:41:39] OR in polizei.hannover/tagged/new.html
[2021.01.15 04:41:39] --------------------------------------------

[2021.01.15 04:41:55] Error while downloading the html files.
Exception message: IndexError: list index out of range
[2021.01.15 04:41:55] Error while downloading the html files.
Exception message: IndexError: list index out of range
[2021.01.15 04:41:55] Error while processing. URL: https://www.instagram.com/polizei.hannover/tagged/
[2021.01.15 04:41:55] Error while processing. URL: https://www.instagram.com/polizei.hannover/tagged/
[2021.01.15 04:41:55] store the html code of : (https://www.instagram.com/frieda_rudi_make_oink/) in frieda_rudi_make_oink/posts/old.html
[2021.01.15 04:41:55] OR in frieda_rudi_make_oink/posts/new.html
[2021.01.15 04:41:55] --------------------------------------------

[2021.01.15 04:42:10] Error while downloading the html files.
Exception message: IndexError: list index out of range
[2021.01.15 04:42:10] Error while downloading the html files.
Exception message: IndexError: list index out of range
[2021.01.15 04:42:10] Error while processing. URL: https://www.instagram.com/frieda_rudi_make_oink/
[2021.01.15 04:42:10] Error while processing. URL: https://www.instagram.com/frieda_rudi_make_oink/
[2021.01.15 04:42:11] 


[2021.01.15 04:42:11] 	********MONITORING PHASE********
[2021.01.15 04:42:11] Skip modifying the html files of href: https://www.instagram.com/polizei.hannover/. [Download Error]
[2021.01.15 04:42:11] Skip modifying the html files of href: https://www.instagram.com/polizei.hannover/. [Download Error]
[2021.01.15 04:42:11] Skip modifying the html files of href: https://www.instagram.com/polizei.hannover/channel/. [Download Error]
[2021.01.15 04:42:11] Skip modifying the html files of href: https://www.instagram.com/polizei.hannover/channel/. [Download Error]
[2021.01.15 04:42:11] Skip modifying the html files of href: https://www.instagram.com/polizei.hannover/tagged/. [Download Error]
[2021.01.15 04:42:11] Skip modifying the html files of href: https://www.instagram.com/polizei.hannover/tagged/. [Download Error]
[2021.01.15 04:42:11] Skip modifying the html files of href: https://www.instagram.com/frieda_rudi_make_oink/. [Download Error]
[2021.01.15 04:42:11] Skip modifying the html files of href: https://www.instagram.com/frieda_rudi_make_oink/. [Download Error]
[2021.01.15 04:42:11] 		{{{RESULT}}}
[2021.01.15 04:42:11] ID:	polizei.hannover
[2021.01.15 04:42:11] Type:	posts
[2021.01.15 04:42:11] Mode:	2
[2021.01.15 04:42:11] Change:	False
[2021.01.15 04:42:11] Notify:	False
[2021.01.15 04:42:11] Error:	True

[2021.01.15 04:42:11] ID:	polizei.hannover
[2021.01.15 04:42:11] Type:	igtv
[2021.01.15 04:42:11] Mode:	1
[2021.01.15 04:42:11] Change:	False
[2021.01.15 04:42:11] Notify:	False
[2021.01.15 04:42:11] Error:	True

[2021.01.15 04:42:11] ID:	polizei.hannover
[2021.01.15 04:42:11] Type:	tagged
[2021.01.15 04:42:11] Mode:	1
[2021.01.15 04:42:11] Change:	False
[2021.01.15 04:42:11] Notify:	False
[2021.01.15 04:42:11] Error:	True

[2021.01.15 04:42:11] ID:	frieda_rudi_make_oink
[2021.01.15 04:42:11] Type:	posts
[2021.01.15 04:42:11] Mode:	1
[2021.01.15 04:42:11] Change:	False
[2021.01.15 04:42:11] Notify:	False
[2021.01.15 04:42:11] Error:	True

waiting 3 seconds
Execution 21
[2021.01.15 04:42:18] 		{{{BASIC TEST}}}
[2021.01.15 04:42:18] 


[2021.01.15 04:42:18] 	************STORING PHASE************

[2021.01.15 04:42:48] store the html code of : (https://www.instagram.com/polizei.hannover/) in polizei.hannover/posts/old.html
[2021.01.15 04:42:48] OR in polizei.hannover/posts/new.html
[2021.01.15 04:42:48] --------------------------------------------

[2021.01.15 04:43:04] Error while downloading the html files.
Exception message: IndexError: list index out of range
[2021.01.15 04:43:04] Error while downloading the html files.
Exception message: IndexError: list index out of range
[2021.01.15 04:43:04] Error while processing. URL: https://www.instagram.com/polizei.hannover/
[2021.01.15 04:43:04] Error while processing. URL: https://www.instagram.com/polizei.hannover/
[2021.01.15 04:43:04] store the html code of : (https://www.instagram.com/polizei.hannover/channel/) in polizei.hannover/igtv/old.html
[2021.01.15 04:43:04] OR in polizei.hannover/igtv/new.html
[2021.01.15 04:43:04] --------------------------------------------

[2021.01.15 04:43:17] Error while downloading the html files.
Exception message: IndexError: list index out of range
[2021.01.15 04:43:17] Error while downloading the html files.
Exception message: IndexError: list index out of range
[2021.01.15 04:43:17] Error while processing. URL: https://www.instagram.com/polizei.hannover/channel/
[2021.01.15 04:43:17] Error while processing. URL: https://www.instagram.com/polizei.hannover/channel/
[2021.01.15 04:43:17] store the html code of : (https://www.instagram.com/polizei.hannover/tagged/) in polizei.hannover/tagged/old.html
[2021.01.15 04:43:17] OR in polizei.hannover/tagged/new.html
[2021.01.15 04:43:17] --------------------------------------------

[2021.01.15 04:43:34] Error while downloading the html files.
Exception message: IndexError: list index out of range
[2021.01.15 04:43:34] Error while downloading the html files.
Exception message: IndexError: list index out of range
[2021.01.15 04:43:34] Error while processing. URL: https://www.instagram.com/polizei.hannover/tagged/
[2021.01.15 04:43:34] Error while processing. URL: https://www.instagram.com/polizei.hannover/tagged/
[2021.01.15 04:43:34] store the html code of : (https://www.instagram.com/frieda_rudi_make_oink/) in frieda_rudi_make_oink/posts/old.html
[2021.01.15 04:43:34] OR in frieda_rudi_make_oink/posts/new.html
[2021.01.15 04:43:34] --------------------------------------------

[2021.01.15 04:43:48] Error while downloading the html files.
Exception message: IndexError: list index out of range
[2021.01.15 04:43:48] Error while downloading the html files.
Exception message: IndexError: list index out of range
[2021.01.15 04:43:48] Error while processing. URL: https://www.instagram.com/frieda_rudi_make_oink/
[2021.01.15 04:43:48] Error while processing. URL: https://www.instagram.com/frieda_rudi_make_oink/
[2021.01.15 04:43:49] 


[2021.01.15 04:43:49] 	********MONITORING PHASE********
[2021.01.15 04:43:49] Skip modifying the html files of href: https://www.instagram.com/polizei.hannover/. [Download Error]
[2021.01.15 04:43:49] Skip modifying the html files of href: https://www.instagram.com/polizei.hannover/. [Download Error]
[2021.01.15 04:43:49] Skip modifying the html files of href: https://www.instagram.com/polizei.hannover/channel/. [Download Error]
[2021.01.15 04:43:49] Skip modifying the html files of href: https://www.instagram.com/polizei.hannover/channel/. [Download Error]
[2021.01.15 04:43:49] Skip modifying the html files of href: https://www.instagram.com/polizei.hannover/tagged/. [Download Error]
[2021.01.15 04:43:49] Skip modifying the html files of href: https://www.instagram.com/polizei.hannover/tagged/. [Download Error]
[2021.01.15 04:43:49] Skip modifying the html files of href: https://www.instagram.com/frieda_rudi_make_oink/. [Download Error]
[2021.01.15 04:43:49] Skip modifying the html files of href: https://www.instagram.com/frieda_rudi_make_oink/. [Download Error]
[2021.01.15 04:43:49] 		{{{RESULT}}}
[2021.01.15 04:43:49] ID:	polizei.hannover
[2021.01.15 04:43:49] Type:	posts
[2021.01.15 04:43:49] Mode:	2
[2021.01.15 04:43:49] Change:	False
[2021.01.15 04:43:49] Notify:	False
[2021.01.15 04:43:49] Error:	True

[2021.01.15 04:43:49] ID:	polizei.hannover
[2021.01.15 04:43:49] Type:	igtv
[2021.01.15 04:43:49] Mode:	1
[2021.01.15 04:43:49] Change:	False
[2021.01.15 04:43:49] Notify:	False
[2021.01.15 04:43:49] Error:	True

[2021.01.15 04:43:49] ID:	polizei.hannover
[2021.01.15 04:43:49] Type:	tagged
[2021.01.15 04:43:49] Mode:	1
[2021.01.15 04:43:49] Change:	False
[2021.01.15 04:43:49] Notify:	False
[2021.01.15 04:43:49] Error:	True

[2021.01.15 04:43:49] ID:	frieda_rudi_make_oink
[2021.01.15 04:43:49] Type:	posts
[2021.01.15 04:43:49] Mode:	1
[2021.01.15 04:43:49] Change:	False
[2021.01.15 04:43:49] Notify:	False
[2021.01.15 04:43:49] Error:	True

waiting 3 seconds
Execution 22
[2021.01.15 04:43:56] 		{{{BASIC TEST}}}
[2021.01.15 04:43:56] 


[2021.01.15 04:43:56] 	************STORING PHASE************

[2021.01.15 04:44:30] store the html code of : (https://www.instagram.com/polizei.hannover/) in polizei.hannover/posts/old.html
[2021.01.15 04:44:30] OR in polizei.hannover/posts/new.html
[2021.01.15 04:44:30] --------------------------------------------

[2021.01.15 04:44:45] Error while downloading the html files.
Exception message: IndexError: list index out of range
[2021.01.15 04:44:45] Error while downloading the html files.
Exception message: IndexError: list index out of range
[2021.01.15 04:44:45] Error while processing. URL: https://www.instagram.com/polizei.hannover/
[2021.01.15 04:44:45] Error while processing. URL: https://www.instagram.com/polizei.hannover/
[2021.01.15 04:44:45] store the html code of : (https://www.instagram.com/polizei.hannover/channel/) in polizei.hannover/igtv/old.html
[2021.01.15 04:44:45] OR in polizei.hannover/igtv/new.html
[2021.01.15 04:44:45] --------------------------------------------

[2021.01.15 04:44:58] Error while downloading the html files.
Exception message: IndexError: list index out of range
[2021.01.15 04:44:58] Error while downloading the html files.
Exception message: IndexError: list index out of range
[2021.01.15 04:44:58] Error while processing. URL: https://www.instagram.com/polizei.hannover/channel/
[2021.01.15 04:44:58] Error while processing. URL: https://www.instagram.com/polizei.hannover/channel/
[2021.01.15 04:44:58] store the html code of : (https://www.instagram.com/polizei.hannover/tagged/) in polizei.hannover/tagged/old.html
[2021.01.15 04:44:58] OR in polizei.hannover/tagged/new.html
[2021.01.15 04:44:58] --------------------------------------------

[2021.01.15 04:45:11] Error while downloading the html files.
Exception message: IndexError: list index out of range
[2021.01.15 04:45:11] Error while downloading the html files.
Exception message: IndexError: list index out of range
[2021.01.15 04:45:11] Error while processing. URL: https://www.instagram.com/polizei.hannover/tagged/
[2021.01.15 04:45:11] Error while processing. URL: https://www.instagram.com/polizei.hannover/tagged/
[2021.01.15 04:45:11] store the html code of : (https://www.instagram.com/frieda_rudi_make_oink/) in frieda_rudi_make_oink/posts/old.html
[2021.01.15 04:45:11] OR in frieda_rudi_make_oink/posts/new.html
[2021.01.15 04:45:11] --------------------------------------------

[2021.01.15 04:45:25] Error while downloading the html files.
Exception message: IndexError: list index out of range
[2021.01.15 04:45:25] Error while downloading the html files.
Exception message: IndexError: list index out of range
[2021.01.15 04:45:25] Error while processing. URL: https://www.instagram.com/frieda_rudi_make_oink/
[2021.01.15 04:45:25] Error while processing. URL: https://www.instagram.com/frieda_rudi_make_oink/
[2021.01.15 04:45:26] 


[2021.01.15 04:45:26] 	********MONITORING PHASE********
[2021.01.15 04:45:26] Skip modifying the html files of href: https://www.instagram.com/polizei.hannover/. [Download Error]
[2021.01.15 04:45:26] Skip modifying the html files of href: https://www.instagram.com/polizei.hannover/. [Download Error]
[2021.01.15 04:45:26] Skip modifying the html files of href: https://www.instagram.com/polizei.hannover/channel/. [Download Error]
[2021.01.15 04:45:26] Skip modifying the html files of href: https://www.instagram.com/polizei.hannover/channel/. [Download Error]
[2021.01.15 04:45:26] Skip modifying the html files of href: https://www.instagram.com/polizei.hannover/tagged/. [Download Error]
[2021.01.15 04:45:26] Skip modifying the html files of href: https://www.instagram.com/polizei.hannover/tagged/. [Download Error]
[2021.01.15 04:45:26] Skip modifying the html files of href: https://www.instagram.com/frieda_rudi_make_oink/. [Download Error]
[2021.01.15 04:45:26] Skip modifying the html files of href: https://www.instagram.com/frieda_rudi_make_oink/. [Download Error]
[2021.01.15 04:45:26] 		{{{RESULT}}}
[2021.01.15 04:45:26] ID:	polizei.hannover
[2021.01.15 04:45:26] Type:	posts
[2021.01.15 04:45:26] Mode:	2
[2021.01.15 04:45:26] Change:	False
[2021.01.15 04:45:26] Notify:	False
[2021.01.15 04:45:26] Error:	True

[2021.01.15 04:45:26] ID:	polizei.hannover
[2021.01.15 04:45:26] Type:	igtv
[2021.01.15 04:45:26] Mode:	1
[2021.01.15 04:45:26] Change:	False
[2021.01.15 04:45:26] Notify:	False
[2021.01.15 04:45:26] Error:	True

[2021.01.15 04:45:26] ID:	polizei.hannover
[2021.01.15 04:45:26] Type:	tagged
[2021.01.15 04:45:26] Mode:	1
[2021.01.15 04:45:26] Change:	False
[2021.01.15 04:45:26] Notify:	False
[2021.01.15 04:45:26] Error:	True

[2021.01.15 04:45:26] ID:	frieda_rudi_make_oink
[2021.01.15 04:45:26] Type:	posts
[2021.01.15 04:45:26] Mode:	1
[2021.01.15 04:45:26] Change:	False
[2021.01.15 04:45:26] Notify:	False
[2021.01.15 04:45:26] Error:	True

waiting 3 seconds
Execution 23
[2021.01.15 04:45:33] 		{{{BASIC TEST}}}
[2021.01.15 04:45:33] 


[2021.01.15 04:45:33] 	************STORING PHASE************

[2021.01.15 04:46:01] store the html code of : (https://www.instagram.com/polizei.hannover/) in polizei.hannover/posts/old.html
[2021.01.15 04:46:01] OR in polizei.hannover/posts/new.html
[2021.01.15 04:46:01] --------------------------------------------

[2021.01.15 04:46:19] Error while downloading the html files.
Exception message: IndexError: list index out of range
[2021.01.15 04:46:19] Error while downloading the html files.
Exception message: IndexError: list index out of range
[2021.01.15 04:46:19] Error while processing. URL: https://www.instagram.com/polizei.hannover/
[2021.01.15 04:46:19] Error while processing. URL: https://www.instagram.com/polizei.hannover/
[2021.01.15 04:46:19] store the html code of : (https://www.instagram.com/polizei.hannover/channel/) in polizei.hannover/igtv/old.html
[2021.01.15 04:46:19] OR in polizei.hannover/igtv/new.html
[2021.01.15 04:46:19] --------------------------------------------

[2021.01.15 04:46:32] Error while downloading the html files.
Exception message: IndexError: list index out of range
[2021.01.15 04:46:32] Error while downloading the html files.
Exception message: IndexError: list index out of range
[2021.01.15 04:46:32] Error while processing. URL: https://www.instagram.com/polizei.hannover/channel/
[2021.01.15 04:46:32] Error while processing. URL: https://www.instagram.com/polizei.hannover/channel/
[2021.01.15 04:46:32] store the html code of : (https://www.instagram.com/polizei.hannover/tagged/) in polizei.hannover/tagged/old.html
[2021.01.15 04:46:32] OR in polizei.hannover/tagged/new.html
[2021.01.15 04:46:32] --------------------------------------------

[2021.01.15 04:46:49] Error while downloading the html files.
Exception message: IndexError: list index out of range
[2021.01.15 04:46:49] Error while downloading the html files.
Exception message: IndexError: list index out of range
[2021.01.15 04:46:49] Error while processing. URL: https://www.instagram.com/polizei.hannover/tagged/
[2021.01.15 04:46:49] Error while processing. URL: https://www.instagram.com/polizei.hannover/tagged/
[2021.01.15 04:46:49] store the html code of : (https://www.instagram.com/frieda_rudi_make_oink/) in frieda_rudi_make_oink/posts/old.html
[2021.01.15 04:46:49] OR in frieda_rudi_make_oink/posts/new.html
[2021.01.15 04:46:49] --------------------------------------------

[2021.01.15 04:47:04] Error while downloading the html files.
Exception message: IndexError: list index out of range
[2021.01.15 04:47:04] Error while downloading the html files.
Exception message: IndexError: list index out of range
[2021.01.15 04:47:04] Error while processing. URL: https://www.instagram.com/frieda_rudi_make_oink/
[2021.01.15 04:47:04] Error while processing. URL: https://www.instagram.com/frieda_rudi_make_oink/
[2021.01.15 04:47:05] 


[2021.01.15 04:47:05] 	********MONITORING PHASE********
[2021.01.15 04:47:05] Skip modifying the html files of href: https://www.instagram.com/polizei.hannover/. [Download Error]
[2021.01.15 04:47:05] Skip modifying the html files of href: https://www.instagram.com/polizei.hannover/. [Download Error]
[2021.01.15 04:47:05] Skip modifying the html files of href: https://www.instagram.com/polizei.hannover/channel/. [Download Error]
[2021.01.15 04:47:05] Skip modifying the html files of href: https://www.instagram.com/polizei.hannover/channel/. [Download Error]
[2021.01.15 04:47:05] Skip modifying the html files of href: https://www.instagram.com/polizei.hannover/tagged/. [Download Error]
[2021.01.15 04:47:05] Skip modifying the html files of href: https://www.instagram.com/polizei.hannover/tagged/. [Download Error]
[2021.01.15 04:47:05] Skip modifying the html files of href: https://www.instagram.com/frieda_rudi_make_oink/. [Download Error]
[2021.01.15 04:47:05] Skip modifying the html files of href: https://www.instagram.com/frieda_rudi_make_oink/. [Download Error]
[2021.01.15 04:47:05] 		{{{RESULT}}}
[2021.01.15 04:47:05] ID:	polizei.hannover
[2021.01.15 04:47:05] Type:	posts
[2021.01.15 04:47:05] Mode:	2
[2021.01.15 04:47:05] Change:	False
[2021.01.15 04:47:05] Notify:	False
[2021.01.15 04:47:05] Error:	True

[2021.01.15 04:47:05] ID:	polizei.hannover
[2021.01.15 04:47:05] Type:	igtv
[2021.01.15 04:47:05] Mode:	1
[2021.01.15 04:47:05] Change:	False
[2021.01.15 04:47:05] Notify:	False
[2021.01.15 04:47:05] Error:	True

[2021.01.15 04:47:05] ID:	polizei.hannover
[2021.01.15 04:47:05] Type:	tagged
[2021.01.15 04:47:05] Mode:	1
[2021.01.15 04:47:05] Change:	False
[2021.01.15 04:47:05] Notify:	False
[2021.01.15 04:47:05] Error:	True

[2021.01.15 04:47:05] ID:	frieda_rudi_make_oink
[2021.01.15 04:47:05] Type:	posts
[2021.01.15 04:47:05] Mode:	1
[2021.01.15 04:47:05] Change:	False
[2021.01.15 04:47:05] Notify:	False
[2021.01.15 04:47:05] Error:	True

waiting 3 seconds
Execution 24
[2021.01.15 04:47:12] 		{{{BASIC TEST}}}
[2021.01.15 04:47:12] 


[2021.01.15 04:47:12] 	************STORING PHASE************

[2021.01.15 04:47:41] store the html code of : (https://www.instagram.com/polizei.hannover/) in polizei.hannover/posts/old.html
[2021.01.15 04:47:41] OR in polizei.hannover/posts/new.html
[2021.01.15 04:47:41] --------------------------------------------

[2021.01.15 04:47:54] Error while downloading the html files.
Exception message: IndexError: list index out of range
[2021.01.15 04:47:54] Error while downloading the html files.
Exception message: IndexError: list index out of range
[2021.01.15 04:47:54] Error while processing. URL: https://www.instagram.com/polizei.hannover/
[2021.01.15 04:47:54] Error while processing. URL: https://www.instagram.com/polizei.hannover/
[2021.01.15 04:47:54] store the html code of : (https://www.instagram.com/polizei.hannover/channel/) in polizei.hannover/igtv/old.html
[2021.01.15 04:47:54] OR in polizei.hannover/igtv/new.html
[2021.01.15 04:47:54] --------------------------------------------

[2021.01.15 04:48:12] Error while downloading the html files.
Exception message: IndexError: list index out of range
[2021.01.15 04:48:12] Error while downloading the html files.
Exception message: IndexError: list index out of range
[2021.01.15 04:48:12] Error while processing. URL: https://www.instagram.com/polizei.hannover/channel/
[2021.01.15 04:48:12] Error while processing. URL: https://www.instagram.com/polizei.hannover/channel/
[2021.01.15 04:48:12] store the html code of : (https://www.instagram.com/polizei.hannover/tagged/) in polizei.hannover/tagged/old.html
[2021.01.15 04:48:12] OR in polizei.hannover/tagged/new.html
[2021.01.15 04:48:12] --------------------------------------------

[2021.01.15 04:48:29] Error while downloading the html files.
Exception message: IndexError: list index out of range
[2021.01.15 04:48:29] Error while downloading the html files.
Exception message: IndexError: list index out of range
[2021.01.15 04:48:29] Error while processing. URL: https://www.instagram.com/polizei.hannover/tagged/
[2021.01.15 04:48:29] Error while processing. URL: https://www.instagram.com/polizei.hannover/tagged/
[2021.01.15 04:48:29] store the html code of : (https://www.instagram.com/frieda_rudi_make_oink/) in frieda_rudi_make_oink/posts/old.html
[2021.01.15 04:48:29] OR in frieda_rudi_make_oink/posts/new.html
[2021.01.15 04:48:29] --------------------------------------------

[2021.01.15 04:48:45] Error while downloading the html files.
Exception message: IndexError: list index out of range
[2021.01.15 04:48:45] Error while downloading the html files.
Exception message: IndexError: list index out of range
[2021.01.15 04:48:45] Error while processing. URL: https://www.instagram.com/frieda_rudi_make_oink/
[2021.01.15 04:48:45] Error while processing. URL: https://www.instagram.com/frieda_rudi_make_oink/
[2021.01.15 04:48:46] 


[2021.01.15 04:48:46] 	********MONITORING PHASE********
[2021.01.15 04:48:46] Skip modifying the html files of href: https://www.instagram.com/polizei.hannover/. [Download Error]
[2021.01.15 04:48:46] Skip modifying the html files of href: https://www.instagram.com/polizei.hannover/. [Download Error]
[2021.01.15 04:48:46] Skip modifying the html files of href: https://www.instagram.com/polizei.hannover/channel/. [Download Error]
[2021.01.15 04:48:46] Skip modifying the html files of href: https://www.instagram.com/polizei.hannover/channel/. [Download Error]
[2021.01.15 04:48:46] Skip modifying the html files of href: https://www.instagram.com/polizei.hannover/tagged/. [Download Error]
[2021.01.15 04:48:46] Skip modifying the html files of href: https://www.instagram.com/polizei.hannover/tagged/. [Download Error]
[2021.01.15 04:48:46] Skip modifying the html files of href: https://www.instagram.com/frieda_rudi_make_oink/. [Download Error]
[2021.01.15 04:48:46] Skip modifying the html files of href: https://www.instagram.com/frieda_rudi_make_oink/. [Download Error]
[2021.01.15 04:48:46] 		{{{RESULT}}}
[2021.01.15 04:48:46] ID:	polizei.hannover
[2021.01.15 04:48:46] Type:	posts
[2021.01.15 04:48:46] Mode:	2
[2021.01.15 04:48:46] Change:	False
[2021.01.15 04:48:46] Notify:	False
[2021.01.15 04:48:46] Error:	True

[2021.01.15 04:48:46] ID:	polizei.hannover
[2021.01.15 04:48:46] Type:	igtv
[2021.01.15 04:48:46] Mode:	1
[2021.01.15 04:48:46] Change:	False
[2021.01.15 04:48:46] Notify:	False
[2021.01.15 04:48:46] Error:	True

[2021.01.15 04:48:46] ID:	polizei.hannover
[2021.01.15 04:48:46] Type:	tagged
[2021.01.15 04:48:46] Mode:	1
[2021.01.15 04:48:46] Change:	False
[2021.01.15 04:48:46] Notify:	False
[2021.01.15 04:48:46] Error:	True

[2021.01.15 04:48:46] ID:	frieda_rudi_make_oink
[2021.01.15 04:48:46] Type:	posts
[2021.01.15 04:48:46] Mode:	1
[2021.01.15 04:48:46] Change:	False
[2021.01.15 04:48:46] Notify:	False
[2021.01.15 04:48:46] Error:	True

waiting 3 seconds
Execution 25
[2021.01.15 04:48:53] 		{{{BASIC TEST}}}
[2021.01.15 04:48:53] 


[2021.01.15 04:48:53] 	************STORING PHASE************

[2021.01.15 04:49:21] store the html code of : (https://www.instagram.com/polizei.hannover/) in polizei.hannover/posts/old.html
[2021.01.15 04:49:21] OR in polizei.hannover/posts/new.html
[2021.01.15 04:49:21] --------------------------------------------

[2021.01.15 04:49:34] Error while downloading the html files.
Exception message: IndexError: list index out of range
[2021.01.15 04:49:34] Error while downloading the html files.
Exception message: IndexError: list index out of range
[2021.01.15 04:49:34] Error while processing. URL: https://www.instagram.com/polizei.hannover/
[2021.01.15 04:49:34] Error while processing. URL: https://www.instagram.com/polizei.hannover/
[2021.01.15 04:49:34] store the html code of : (https://www.instagram.com/polizei.hannover/channel/) in polizei.hannover/igtv/old.html
[2021.01.15 04:49:34] OR in polizei.hannover/igtv/new.html
[2021.01.15 04:49:34] --------------------------------------------

[2021.01.15 04:49:51] Error while downloading the html files.
Exception message: IndexError: list index out of range
[2021.01.15 04:49:51] Error while downloading the html files.
Exception message: IndexError: list index out of range
[2021.01.15 04:49:51] Error while processing. URL: https://www.instagram.com/polizei.hannover/channel/
[2021.01.15 04:49:51] Error while processing. URL: https://www.instagram.com/polizei.hannover/channel/
[2021.01.15 04:49:51] store the html code of : (https://www.instagram.com/polizei.hannover/tagged/) in polizei.hannover/tagged/old.html
[2021.01.15 04:49:51] OR in polizei.hannover/tagged/new.html
[2021.01.15 04:49:51] --------------------------------------------

[2021.01.15 04:50:04] Error while downloading the html files.
Exception message: IndexError: list index out of range
[2021.01.15 04:50:04] Error while downloading the html files.
Exception message: IndexError: list index out of range
[2021.01.15 04:50:04] Error while processing. URL: https://www.instagram.com/polizei.hannover/tagged/
[2021.01.15 04:50:04] Error while processing. URL: https://www.instagram.com/polizei.hannover/tagged/
[2021.01.15 04:50:04] store the html code of : (https://www.instagram.com/frieda_rudi_make_oink/) in frieda_rudi_make_oink/posts/old.html
[2021.01.15 04:50:04] OR in frieda_rudi_make_oink/posts/new.html
[2021.01.15 04:50:04] --------------------------------------------

[2021.01.15 04:50:18] Error while downloading the html files.
Exception message: IndexError: list index out of range
[2021.01.15 04:50:18] Error while downloading the html files.
Exception message: IndexError: list index out of range
[2021.01.15 04:50:18] Error while processing. URL: https://www.instagram.com/frieda_rudi_make_oink/
[2021.01.15 04:50:18] Error while processing. URL: https://www.instagram.com/frieda_rudi_make_oink/
[2021.01.15 04:50:19] 


[2021.01.15 04:50:19] 	********MONITORING PHASE********
[2021.01.15 04:50:19] Skip modifying the html files of href: https://www.instagram.com/polizei.hannover/. [Download Error]
[2021.01.15 04:50:19] Skip modifying the html files of href: https://www.instagram.com/polizei.hannover/. [Download Error]
[2021.01.15 04:50:19] Skip modifying the html files of href: https://www.instagram.com/polizei.hannover/channel/. [Download Error]
[2021.01.15 04:50:19] Skip modifying the html files of href: https://www.instagram.com/polizei.hannover/channel/. [Download Error]
[2021.01.15 04:50:19] Skip modifying the html files of href: https://www.instagram.com/polizei.hannover/tagged/. [Download Error]
[2021.01.15 04:50:19] Skip modifying the html files of href: https://www.instagram.com/polizei.hannover/tagged/. [Download Error]
[2021.01.15 04:50:19] Skip modifying the html files of href: https://www.instagram.com/frieda_rudi_make_oink/. [Download Error]
[2021.01.15 04:50:19] Skip modifying the html files of href: https://www.instagram.com/frieda_rudi_make_oink/. [Download Error]
[2021.01.15 04:50:19] 		{{{RESULT}}}
[2021.01.15 04:50:19] ID:	polizei.hannover
[2021.01.15 04:50:19] Type:	posts
[2021.01.15 04:50:19] Mode:	2
[2021.01.15 04:50:19] Change:	False
[2021.01.15 04:50:19] Notify:	False
[2021.01.15 04:50:19] Error:	True

[2021.01.15 04:50:19] ID:	polizei.hannover
[2021.01.15 04:50:19] Type:	igtv
[2021.01.15 04:50:19] Mode:	1
[2021.01.15 04:50:19] Change:	False
[2021.01.15 04:50:19] Notify:	False
[2021.01.15 04:50:19] Error:	True

[2021.01.15 04:50:19] ID:	polizei.hannover
[2021.01.15 04:50:19] Type:	tagged
[2021.01.15 04:50:19] Mode:	1
[2021.01.15 04:50:19] Change:	False
[2021.01.15 04:50:19] Notify:	False
[2021.01.15 04:50:19] Error:	True

[2021.01.15 04:50:19] ID:	frieda_rudi_make_oink
[2021.01.15 04:50:19] Type:	posts
[2021.01.15 04:50:19] Mode:	1
[2021.01.15 04:50:19] Change:	False
[2021.01.15 04:50:19] Notify:	False
[2021.01.15 04:50:19] Error:	True

waiting 3 seconds
Execution 26
[2021.01.15 04:50:26] 		{{{BASIC TEST}}}
[2021.01.15 04:50:26] 


[2021.01.15 04:50:26] 	************STORING PHASE************

[2021.01.15 04:50:54] store the html code of : (https://www.instagram.com/polizei.hannover/) in polizei.hannover/posts/old.html
[2021.01.15 04:50:54] OR in polizei.hannover/posts/new.html
[2021.01.15 04:50:54] --------------------------------------------

[2021.01.15 04:51:08] Error while downloading the html files.
Exception message: IndexError: list index out of range
[2021.01.15 04:51:08] Error while downloading the html files.
Exception message: IndexError: list index out of range
[2021.01.15 04:51:08] Error while processing. URL: https://www.instagram.com/polizei.hannover/
[2021.01.15 04:51:08] Error while processing. URL: https://www.instagram.com/polizei.hannover/
[2021.01.15 04:51:08] store the html code of : (https://www.instagram.com/polizei.hannover/channel/) in polizei.hannover/igtv/old.html
[2021.01.15 04:51:08] OR in polizei.hannover/igtv/new.html
[2021.01.15 04:51:08] --------------------------------------------

[2021.01.15 04:51:24] Error while downloading the html files.
Exception message: IndexError: list index out of range
[2021.01.15 04:51:24] Error while downloading the html files.
Exception message: IndexError: list index out of range
[2021.01.15 04:51:24] Error while processing. URL: https://www.instagram.com/polizei.hannover/channel/
[2021.01.15 04:51:24] Error while processing. URL: https://www.instagram.com/polizei.hannover/channel/
[2021.01.15 04:51:24] store the html code of : (https://www.instagram.com/polizei.hannover/tagged/) in polizei.hannover/tagged/old.html
[2021.01.15 04:51:24] OR in polizei.hannover/tagged/new.html
[2021.01.15 04:51:24] --------------------------------------------

[2021.01.15 04:51:36] Error while downloading the html files.
Exception message: IndexError: list index out of range
[2021.01.15 04:51:36] Error while downloading the html files.
Exception message: IndexError: list index out of range
[2021.01.15 04:51:36] Error while processing. URL: https://www.instagram.com/polizei.hannover/tagged/
[2021.01.15 04:51:36] Error while processing. URL: https://www.instagram.com/polizei.hannover/tagged/
[2021.01.15 04:51:36] store the html code of : (https://www.instagram.com/frieda_rudi_make_oink/) in frieda_rudi_make_oink/posts/old.html
[2021.01.15 04:51:36] OR in frieda_rudi_make_oink/posts/new.html
[2021.01.15 04:51:36] --------------------------------------------

[2021.01.15 04:51:48] Error while downloading the html files.
Exception message: IndexError: list index out of range
[2021.01.15 04:51:48] Error while downloading the html files.
Exception message: IndexError: list index out of range
[2021.01.15 04:51:48] Error while processing. URL: https://www.instagram.com/frieda_rudi_make_oink/
[2021.01.15 04:51:48] Error while processing. URL: https://www.instagram.com/frieda_rudi_make_oink/
[2021.01.15 04:51:49] 


[2021.01.15 04:51:49] 	********MONITORING PHASE********
[2021.01.15 04:51:49] Skip modifying the html files of href: https://www.instagram.com/polizei.hannover/. [Download Error]
[2021.01.15 04:51:49] Skip modifying the html files of href: https://www.instagram.com/polizei.hannover/. [Download Error]
[2021.01.15 04:51:49] Skip modifying the html files of href: https://www.instagram.com/polizei.hannover/channel/. [Download Error]
[2021.01.15 04:51:49] Skip modifying the html files of href: https://www.instagram.com/polizei.hannover/channel/. [Download Error]
[2021.01.15 04:51:49] Skip modifying the html files of href: https://www.instagram.com/polizei.hannover/tagged/. [Download Error]
[2021.01.15 04:51:49] Skip modifying the html files of href: https://www.instagram.com/polizei.hannover/tagged/. [Download Error]
[2021.01.15 04:51:49] Skip modifying the html files of href: https://www.instagram.com/frieda_rudi_make_oink/. [Download Error]
[2021.01.15 04:51:49] Skip modifying the html files of href: https://www.instagram.com/frieda_rudi_make_oink/. [Download Error]
[2021.01.15 04:51:49] 		{{{RESULT}}}
[2021.01.15 04:51:49] ID:	polizei.hannover
[2021.01.15 04:51:49] Type:	posts
[2021.01.15 04:51:49] Mode:	2
[2021.01.15 04:51:49] Change:	False
[2021.01.15 04:51:49] Notify:	False
[2021.01.15 04:51:49] Error:	True

[2021.01.15 04:51:49] ID:	polizei.hannover
[2021.01.15 04:51:49] Type:	igtv
[2021.01.15 04:51:49] Mode:	1
[2021.01.15 04:51:49] Change:	False
[2021.01.15 04:51:49] Notify:	False
[2021.01.15 04:51:49] Error:	True

[2021.01.15 04:51:49] ID:	polizei.hannover
[2021.01.15 04:51:49] Type:	tagged
[2021.01.15 04:51:49] Mode:	1
[2021.01.15 04:51:49] Change:	False
[2021.01.15 04:51:49] Notify:	False
[2021.01.15 04:51:49] Error:	True

[2021.01.15 04:51:49] ID:	frieda_rudi_make_oink
[2021.01.15 04:51:49] Type:	posts
[2021.01.15 04:51:49] Mode:	1
[2021.01.15 04:51:49] Change:	False
[2021.01.15 04:51:49] Notify:	False
[2021.01.15 04:51:49] Error:	True

waiting 3 seconds
Execution 27
[2021.01.15 04:51:56] 		{{{BASIC TEST}}}
[2021.01.15 04:51:56] 


[2021.01.15 04:51:56] 	************STORING PHASE************

[2021.01.15 04:52:21] store the html code of : (https://www.instagram.com/polizei.hannover/) in polizei.hannover/posts/old.html
[2021.01.15 04:52:21] OR in polizei.hannover/posts/new.html
[2021.01.15 04:52:21] --------------------------------------------

[2021.01.15 04:52:38] Error while downloading the html files.
Exception message: IndexError: list index out of range
[2021.01.15 04:52:38] Error while downloading the html files.
Exception message: IndexError: list index out of range
[2021.01.15 04:52:38] Error while processing. URL: https://www.instagram.com/polizei.hannover/
[2021.01.15 04:52:38] Error while processing. URL: https://www.instagram.com/polizei.hannover/
[2021.01.15 04:52:38] store the html code of : (https://www.instagram.com/polizei.hannover/channel/) in polizei.hannover/igtv/old.html
[2021.01.15 04:52:38] OR in polizei.hannover/igtv/new.html
[2021.01.15 04:52:38] --------------------------------------------

[2021.01.15 04:52:55] Error while downloading the html files.
Exception message: IndexError: list index out of range
[2021.01.15 04:52:55] Error while downloading the html files.
Exception message: IndexError: list index out of range
[2021.01.15 04:52:55] Error while processing. URL: https://www.instagram.com/polizei.hannover/channel/
[2021.01.15 04:52:55] Error while processing. URL: https://www.instagram.com/polizei.hannover/channel/
[2021.01.15 04:52:55] store the html code of : (https://www.instagram.com/polizei.hannover/tagged/) in polizei.hannover/tagged/old.html
[2021.01.15 04:52:55] OR in polizei.hannover/tagged/new.html
[2021.01.15 04:52:55] --------------------------------------------

[2021.01.15 04:53:07] Error while downloading the html files.
Exception message: IndexError: list index out of range
[2021.01.15 04:53:07] Error while downloading the html files.
Exception message: IndexError: list index out of range
[2021.01.15 04:53:07] Error while processing. URL: https://www.instagram.com/polizei.hannover/tagged/
[2021.01.15 04:53:07] Error while processing. URL: https://www.instagram.com/polizei.hannover/tagged/
[2021.01.15 04:53:07] store the html code of : (https://www.instagram.com/frieda_rudi_make_oink/) in frieda_rudi_make_oink/posts/old.html
[2021.01.15 04:53:07] OR in frieda_rudi_make_oink/posts/new.html
[2021.01.15 04:53:07] --------------------------------------------

[2021.01.15 04:53:18] Error while downloading the html files.
Exception message: IndexError: list index out of range
[2021.01.15 04:53:18] Error while downloading the html files.
Exception message: IndexError: list index out of range
[2021.01.15 04:53:18] Error while processing. URL: https://www.instagram.com/frieda_rudi_make_oink/
[2021.01.15 04:53:18] Error while processing. URL: https://www.instagram.com/frieda_rudi_make_oink/
[2021.01.15 04:53:19] 


[2021.01.15 04:53:19] 	********MONITORING PHASE********
[2021.01.15 04:53:19] Skip modifying the html files of href: https://www.instagram.com/polizei.hannover/. [Download Error]
[2021.01.15 04:53:19] Skip modifying the html files of href: https://www.instagram.com/polizei.hannover/. [Download Error]
[2021.01.15 04:53:19] Skip modifying the html files of href: https://www.instagram.com/polizei.hannover/channel/. [Download Error]
[2021.01.15 04:53:19] Skip modifying the html files of href: https://www.instagram.com/polizei.hannover/channel/. [Download Error]
[2021.01.15 04:53:19] Skip modifying the html files of href: https://www.instagram.com/polizei.hannover/tagged/. [Download Error]
[2021.01.15 04:53:19] Skip modifying the html files of href: https://www.instagram.com/polizei.hannover/tagged/. [Download Error]
[2021.01.15 04:53:19] Skip modifying the html files of href: https://www.instagram.com/frieda_rudi_make_oink/. [Download Error]
[2021.01.15 04:53:19] Skip modifying the html files of href: https://www.instagram.com/frieda_rudi_make_oink/. [Download Error]
[2021.01.15 04:53:19] 		{{{RESULT}}}
[2021.01.15 04:53:19] ID:	polizei.hannover
[2021.01.15 04:53:19] Type:	posts
[2021.01.15 04:53:19] Mode:	2
[2021.01.15 04:53:19] Change:	False
[2021.01.15 04:53:19] Notify:	False
[2021.01.15 04:53:19] Error:	True

[2021.01.15 04:53:19] ID:	polizei.hannover
[2021.01.15 04:53:19] Type:	igtv
[2021.01.15 04:53:19] Mode:	1
[2021.01.15 04:53:19] Change:	False
[2021.01.15 04:53:19] Notify:	False
[2021.01.15 04:53:19] Error:	True

[2021.01.15 04:53:19] ID:	polizei.hannover
[2021.01.15 04:53:19] Type:	tagged
[2021.01.15 04:53:19] Mode:	1
[2021.01.15 04:53:19] Change:	False
[2021.01.15 04:53:19] Notify:	False
[2021.01.15 04:53:19] Error:	True

[2021.01.15 04:53:19] ID:	frieda_rudi_make_oink
[2021.01.15 04:53:19] Type:	posts
[2021.01.15 04:53:19] Mode:	1
[2021.01.15 04:53:19] Change:	False
[2021.01.15 04:53:19] Notify:	False
[2021.01.15 04:53:19] Error:	True

waiting 3 seconds
Execution 28
[2021.01.15 04:53:26] 		{{{BASIC TEST}}}
[2021.01.15 04:53:26] 


[2021.01.15 04:53:26] 	************STORING PHASE************

[2021.01.15 04:53:58] store the html code of : (https://www.instagram.com/polizei.hannover/) in polizei.hannover/posts/old.html
[2021.01.15 04:53:58] OR in polizei.hannover/posts/new.html
[2021.01.15 04:53:58] --------------------------------------------

[2021.01.15 04:54:14] Error while downloading the html files.
Exception message: IndexError: list index out of range
[2021.01.15 04:54:14] Error while downloading the html files.
Exception message: IndexError: list index out of range
[2021.01.15 04:54:14] Error while processing. URL: https://www.instagram.com/polizei.hannover/
[2021.01.15 04:54:14] Error while processing. URL: https://www.instagram.com/polizei.hannover/
[2021.01.15 04:54:14] store the html code of : (https://www.instagram.com/polizei.hannover/channel/) in polizei.hannover/igtv/old.html
[2021.01.15 04:54:14] OR in polizei.hannover/igtv/new.html
[2021.01.15 04:54:14] --------------------------------------------

[2021.01.15 04:54:32] Error while downloading the html files.
Exception message: IndexError: list index out of range
[2021.01.15 04:54:32] Error while downloading the html files.
Exception message: IndexError: list index out of range
[2021.01.15 04:54:32] Error while processing. URL: https://www.instagram.com/polizei.hannover/channel/
[2021.01.15 04:54:32] Error while processing. URL: https://www.instagram.com/polizei.hannover/channel/
[2021.01.15 04:54:32] store the html code of : (https://www.instagram.com/polizei.hannover/tagged/) in polizei.hannover/tagged/old.html
[2021.01.15 04:54:32] OR in polizei.hannover/tagged/new.html
[2021.01.15 04:54:32] --------------------------------------------

[2021.01.15 04:54:47] Error while downloading the html files.
Exception message: IndexError: list index out of range
[2021.01.15 04:54:47] Error while downloading the html files.
Exception message: IndexError: list index out of range
[2021.01.15 04:54:47] Error while processing. URL: https://www.instagram.com/polizei.hannover/tagged/
[2021.01.15 04:54:47] Error while processing. URL: https://www.instagram.com/polizei.hannover/tagged/
[2021.01.15 04:54:47] store the html code of : (https://www.instagram.com/frieda_rudi_make_oink/) in frieda_rudi_make_oink/posts/old.html
[2021.01.15 04:54:47] OR in frieda_rudi_make_oink/posts/new.html
[2021.01.15 04:54:47] --------------------------------------------

[2021.01.15 04:54:58] Error while downloading the html files.
Exception message: IndexError: list index out of range
[2021.01.15 04:54:58] Error while downloading the html files.
Exception message: IndexError: list index out of range
[2021.01.15 04:54:58] Error while processing. URL: https://www.instagram.com/frieda_rudi_make_oink/
[2021.01.15 04:54:58] Error while processing. URL: https://www.instagram.com/frieda_rudi_make_oink/
[2021.01.15 04:54:58] 


[2021.01.15 04:54:58] 	********MONITORING PHASE********
[2021.01.15 04:54:58] Skip modifying the html files of href: https://www.instagram.com/polizei.hannover/. [Download Error]
[2021.01.15 04:54:58] Skip modifying the html files of href: https://www.instagram.com/polizei.hannover/. [Download Error]
[2021.01.15 04:54:58] Skip modifying the html files of href: https://www.instagram.com/polizei.hannover/channel/. [Download Error]
[2021.01.15 04:54:58] Skip modifying the html files of href: https://www.instagram.com/polizei.hannover/channel/. [Download Error]
[2021.01.15 04:54:58] Skip modifying the html files of href: https://www.instagram.com/polizei.hannover/tagged/. [Download Error]
[2021.01.15 04:54:58] Skip modifying the html files of href: https://www.instagram.com/polizei.hannover/tagged/. [Download Error]
[2021.01.15 04:54:58] Skip modifying the html files of href: https://www.instagram.com/frieda_rudi_make_oink/. [Download Error]
[2021.01.15 04:54:58] Skip modifying the html files of href: https://www.instagram.com/frieda_rudi_make_oink/. [Download Error]
[2021.01.15 04:54:58] 		{{{RESULT}}}
[2021.01.15 04:54:58] ID:	polizei.hannover
[2021.01.15 04:54:58] Type:	posts
[2021.01.15 04:54:58] Mode:	2
[2021.01.15 04:54:58] Change:	False
[2021.01.15 04:54:58] Notify:	False
[2021.01.15 04:54:58] Error:	True

[2021.01.15 04:54:58] ID:	polizei.hannover
[2021.01.15 04:54:58] Type:	igtv
[2021.01.15 04:54:58] Mode:	1
[2021.01.15 04:54:58] Change:	False
[2021.01.15 04:54:58] Notify:	False
[2021.01.15 04:54:58] Error:	True

[2021.01.15 04:54:58] ID:	polizei.hannover
[2021.01.15 04:54:58] Type:	tagged
[2021.01.15 04:54:58] Mode:	1
[2021.01.15 04:54:58] Change:	False
[2021.01.15 04:54:58] Notify:	False
[2021.01.15 04:54:58] Error:	True

[2021.01.15 04:54:58] ID:	frieda_rudi_make_oink
[2021.01.15 04:54:58] Type:	posts
[2021.01.15 04:54:58] Mode:	1
[2021.01.15 04:54:58] Change:	False
[2021.01.15 04:54:58] Notify:	False
[2021.01.15 04:54:58] Error:	True

waiting 3 seconds
Execution 29
[2021.01.15 04:55:05] 		{{{BASIC TEST}}}
[2021.01.15 04:55:05] 


[2021.01.15 04:55:05] 	************STORING PHASE************

[2021.01.15 04:55:38] store the html code of : (https://www.instagram.com/polizei.hannover/) in polizei.hannover/posts/old.html
[2021.01.15 04:55:38] OR in polizei.hannover/posts/new.html
[2021.01.15 04:55:38] --------------------------------------------

[2021.01.15 04:55:51] Error while downloading the html files.
Exception message: IndexError: list index out of range
[2021.01.15 04:55:51] Error while downloading the html files.
Exception message: IndexError: list index out of range
[2021.01.15 04:55:51] Error while processing. URL: https://www.instagram.com/polizei.hannover/
[2021.01.15 04:55:51] Error while processing. URL: https://www.instagram.com/polizei.hannover/
[2021.01.15 04:55:51] store the html code of : (https://www.instagram.com/polizei.hannover/channel/) in polizei.hannover/igtv/old.html
[2021.01.15 04:55:51] OR in polizei.hannover/igtv/new.html
[2021.01.15 04:55:51] --------------------------------------------

[2021.01.15 04:56:07] Error while downloading the html files.
Exception message: IndexError: list index out of range
[2021.01.15 04:56:07] Error while downloading the html files.
Exception message: IndexError: list index out of range
[2021.01.15 04:56:07] Error while processing. URL: https://www.instagram.com/polizei.hannover/channel/
[2021.01.15 04:56:07] Error while processing. URL: https://www.instagram.com/polizei.hannover/channel/
[2021.01.15 04:56:07] store the html code of : (https://www.instagram.com/polizei.hannover/tagged/) in polizei.hannover/tagged/old.html
[2021.01.15 04:56:07] OR in polizei.hannover/tagged/new.html
[2021.01.15 04:56:07] --------------------------------------------

[2021.01.15 04:56:21] Error while downloading the html files.
Exception message: IndexError: list index out of range
[2021.01.15 04:56:21] Error while downloading the html files.
Exception message: IndexError: list index out of range
[2021.01.15 04:56:21] Error while processing. URL: https://www.instagram.com/polizei.hannover/tagged/
[2021.01.15 04:56:21] Error while processing. URL: https://www.instagram.com/polizei.hannover/tagged/
[2021.01.15 04:56:21] store the html code of : (https://www.instagram.com/frieda_rudi_make_oink/) in frieda_rudi_make_oink/posts/old.html
[2021.01.15 04:56:21] OR in frieda_rudi_make_oink/posts/new.html
[2021.01.15 04:56:21] --------------------------------------------

[2021.01.15 04:56:34] Error while downloading the html files.
Exception message: IndexError: list index out of range
[2021.01.15 04:56:34] Error while downloading the html files.
Exception message: IndexError: list index out of range
[2021.01.15 04:56:34] Error while processing. URL: https://www.instagram.com/frieda_rudi_make_oink/
[2021.01.15 04:56:34] Error while processing. URL: https://www.instagram.com/frieda_rudi_make_oink/
[2021.01.15 04:56:35] 


[2021.01.15 04:56:35] 	********MONITORING PHASE********
[2021.01.15 04:56:35] Skip modifying the html files of href: https://www.instagram.com/polizei.hannover/. [Download Error]
[2021.01.15 04:56:35] Skip modifying the html files of href: https://www.instagram.com/polizei.hannover/. [Download Error]
[2021.01.15 04:56:35] Skip modifying the html files of href: https://www.instagram.com/polizei.hannover/channel/. [Download Error]
[2021.01.15 04:56:35] Skip modifying the html files of href: https://www.instagram.com/polizei.hannover/channel/. [Download Error]
[2021.01.15 04:56:35] Skip modifying the html files of href: https://www.instagram.com/polizei.hannover/tagged/. [Download Error]
[2021.01.15 04:56:35] Skip modifying the html files of href: https://www.instagram.com/polizei.hannover/tagged/. [Download Error]
[2021.01.15 04:56:35] Skip modifying the html files of href: https://www.instagram.com/frieda_rudi_make_oink/. [Download Error]
[2021.01.15 04:56:35] Skip modifying the html files of href: https://www.instagram.com/frieda_rudi_make_oink/. [Download Error]
[2021.01.15 04:56:35] 		{{{RESULT}}}
[2021.01.15 04:56:35] ID:	polizei.hannover
[2021.01.15 04:56:35] Type:	posts
[2021.01.15 04:56:35] Mode:	2
[2021.01.15 04:56:35] Change:	False
[2021.01.15 04:56:35] Notify:	False
[2021.01.15 04:56:35] Error:	True

[2021.01.15 04:56:35] ID:	polizei.hannover
[2021.01.15 04:56:35] Type:	igtv
[2021.01.15 04:56:35] Mode:	1
[2021.01.15 04:56:35] Change:	False
[2021.01.15 04:56:35] Notify:	False
[2021.01.15 04:56:35] Error:	True

[2021.01.15 04:56:35] ID:	polizei.hannover
[2021.01.15 04:56:35] Type:	tagged
[2021.01.15 04:56:35] Mode:	1
[2021.01.15 04:56:35] Change:	False
[2021.01.15 04:56:35] Notify:	False
[2021.01.15 04:56:35] Error:	True

[2021.01.15 04:56:35] ID:	frieda_rudi_make_oink
[2021.01.15 04:56:35] Type:	posts
[2021.01.15 04:56:35] Mode:	1
[2021.01.15 04:56:35] Change:	False
[2021.01.15 04:56:35] Notify:	False
[2021.01.15 04:56:35] Error:	True

waiting 3 seconds
Execution 30
[2021.01.15 04:56:41] 		{{{BASIC TEST}}}
[2021.01.15 04:56:41] 


[2021.01.15 04:56:41] 	************STORING PHASE************

[2021.01.15 04:57:11] store the html code of : (https://www.instagram.com/polizei.hannover/) in polizei.hannover/posts/old.html
[2021.01.15 04:57:11] OR in polizei.hannover/posts/new.html
[2021.01.15 04:57:11] --------------------------------------------

[2021.01.15 04:57:24] Error while downloading the html files.
Exception message: IndexError: list index out of range
[2021.01.15 04:57:24] Error while downloading the html files.
Exception message: IndexError: list index out of range
[2021.01.15 04:57:24] Error while processing. URL: https://www.instagram.com/polizei.hannover/
[2021.01.15 04:57:24] Error while processing. URL: https://www.instagram.com/polizei.hannover/
[2021.01.15 04:57:24] store the html code of : (https://www.instagram.com/polizei.hannover/channel/) in polizei.hannover/igtv/old.html
[2021.01.15 04:57:24] OR in polizei.hannover/igtv/new.html
[2021.01.15 04:57:24] --------------------------------------------

[2021.01.15 04:57:42] Error while downloading the html files.
Exception message: IndexError: list index out of range
[2021.01.15 04:57:42] Error while downloading the html files.
Exception message: IndexError: list index out of range
[2021.01.15 04:57:42] Error while processing. URL: https://www.instagram.com/polizei.hannover/channel/
[2021.01.15 04:57:42] Error while processing. URL: https://www.instagram.com/polizei.hannover/channel/
[2021.01.15 04:57:42] store the html code of : (https://www.instagram.com/polizei.hannover/tagged/) in polizei.hannover/tagged/old.html
[2021.01.15 04:57:42] OR in polizei.hannover/tagged/new.html
[2021.01.15 04:57:42] --------------------------------------------

[2021.01.15 04:57:53] Error while downloading the html files.
Exception message: IndexError: list index out of range
[2021.01.15 04:57:53] Error while downloading the html files.
Exception message: IndexError: list index out of range
[2021.01.15 04:57:53] Error while processing. URL: https://www.instagram.com/polizei.hannover/tagged/
[2021.01.15 04:57:53] Error while processing. URL: https://www.instagram.com/polizei.hannover/tagged/
[2021.01.15 04:57:53] store the html code of : (https://www.instagram.com/frieda_rudi_make_oink/) in frieda_rudi_make_oink/posts/old.html
[2021.01.15 04:57:53] OR in frieda_rudi_make_oink/posts/new.html
[2021.01.15 04:57:53] --------------------------------------------

[2021.01.15 04:58:06] Error while downloading the html files.
Exception message: IndexError: list index out of range
[2021.01.15 04:58:06] Error while downloading the html files.
Exception message: IndexError: list index out of range
[2021.01.15 04:58:06] Error while processing. URL: https://www.instagram.com/frieda_rudi_make_oink/
[2021.01.15 04:58:06] Error while processing. URL: https://www.instagram.com/frieda_rudi_make_oink/
[2021.01.15 04:58:07] 


[2021.01.15 04:58:07] 	********MONITORING PHASE********
[2021.01.15 04:58:07] Skip modifying the html files of href: https://www.instagram.com/polizei.hannover/. [Download Error]
[2021.01.15 04:58:07] Skip modifying the html files of href: https://www.instagram.com/polizei.hannover/. [Download Error]
[2021.01.15 04:58:07] Skip modifying the html files of href: https://www.instagram.com/polizei.hannover/channel/. [Download Error]
[2021.01.15 04:58:07] Skip modifying the html files of href: https://www.instagram.com/polizei.hannover/channel/. [Download Error]
[2021.01.15 04:58:07] Skip modifying the html files of href: https://www.instagram.com/polizei.hannover/tagged/. [Download Error]
[2021.01.15 04:58:07] Skip modifying the html files of href: https://www.instagram.com/polizei.hannover/tagged/. [Download Error]
[2021.01.15 04:58:07] Skip modifying the html files of href: https://www.instagram.com/frieda_rudi_make_oink/. [Download Error]
[2021.01.15 04:58:07] Skip modifying the html files of href: https://www.instagram.com/frieda_rudi_make_oink/. [Download Error]
[2021.01.15 04:58:07] 		{{{RESULT}}}
[2021.01.15 04:58:07] ID:	polizei.hannover
[2021.01.15 04:58:07] Type:	posts
[2021.01.15 04:58:07] Mode:	2
[2021.01.15 04:58:07] Change:	False
[2021.01.15 04:58:07] Notify:	False
[2021.01.15 04:58:07] Error:	True

[2021.01.15 04:58:07] ID:	polizei.hannover
[2021.01.15 04:58:07] Type:	igtv
[2021.01.15 04:58:07] Mode:	1
[2021.01.15 04:58:07] Change:	False
[2021.01.15 04:58:07] Notify:	False
[2021.01.15 04:58:07] Error:	True

[2021.01.15 04:58:07] ID:	polizei.hannover
[2021.01.15 04:58:07] Type:	tagged
[2021.01.15 04:58:07] Mode:	1
[2021.01.15 04:58:07] Change:	False
[2021.01.15 04:58:07] Notify:	False
[2021.01.15 04:58:07] Error:	True

[2021.01.15 04:58:07] ID:	frieda_rudi_make_oink
[2021.01.15 04:58:07] Type:	posts
[2021.01.15 04:58:07] Mode:	1
[2021.01.15 04:58:07] Change:	False
[2021.01.15 04:58:07] Notify:	False
[2021.01.15 04:58:07] Error:	True

waiting 3 seconds
Execution 31
[2021.01.15 04:58:14] 		{{{BASIC TEST}}}
[2021.01.15 04:58:14] 


[2021.01.15 04:58:14] 	************STORING PHASE************

[2021.01.15 04:58:44] store the html code of : (https://www.instagram.com/polizei.hannover/) in polizei.hannover/posts/old.html
[2021.01.15 04:58:44] OR in polizei.hannover/posts/new.html
[2021.01.15 04:58:44] --------------------------------------------

[2021.01.15 04:58:55] Error while downloading the html files.
Exception message: IndexError: list index out of range
[2021.01.15 04:58:55] Error while downloading the html files.
Exception message: IndexError: list index out of range
[2021.01.15 04:58:55] Error while processing. URL: https://www.instagram.com/polizei.hannover/
[2021.01.15 04:58:55] Error while processing. URL: https://www.instagram.com/polizei.hannover/
[2021.01.15 04:58:55] store the html code of : (https://www.instagram.com/polizei.hannover/channel/) in polizei.hannover/igtv/old.html
[2021.01.15 04:58:55] OR in polizei.hannover/igtv/new.html
[2021.01.15 04:58:55] --------------------------------------------

[2021.01.15 04:59:08] Error while downloading the html files.
Exception message: IndexError: list index out of range
[2021.01.15 04:59:08] Error while downloading the html files.
Exception message: IndexError: list index out of range
[2021.01.15 04:59:08] Error while processing. URL: https://www.instagram.com/polizei.hannover/channel/
[2021.01.15 04:59:08] Error while processing. URL: https://www.instagram.com/polizei.hannover/channel/
[2021.01.15 04:59:08] store the html code of : (https://www.instagram.com/polizei.hannover/tagged/) in polizei.hannover/tagged/old.html
[2021.01.15 04:59:08] OR in polizei.hannover/tagged/new.html
[2021.01.15 04:59:08] --------------------------------------------

[2021.01.15 04:59:21] Error while downloading the html files.
Exception message: IndexError: list index out of range
[2021.01.15 04:59:21] Error while downloading the html files.
Exception message: IndexError: list index out of range
[2021.01.15 04:59:21] Error while processing. URL: https://www.instagram.com/polizei.hannover/tagged/
[2021.01.15 04:59:21] Error while processing. URL: https://www.instagram.com/polizei.hannover/tagged/
[2021.01.15 04:59:21] store the html code of : (https://www.instagram.com/frieda_rudi_make_oink/) in frieda_rudi_make_oink/posts/old.html
[2021.01.15 04:59:21] OR in frieda_rudi_make_oink/posts/new.html
[2021.01.15 04:59:21] --------------------------------------------

[2021.01.15 04:59:35] Error while downloading the html files.
Exception message: IndexError: list index out of range
[2021.01.15 04:59:35] Error while downloading the html files.
Exception message: IndexError: list index out of range
[2021.01.15 04:59:35] Error while processing. URL: https://www.instagram.com/frieda_rudi_make_oink/
[2021.01.15 04:59:35] Error while processing. URL: https://www.instagram.com/frieda_rudi_make_oink/
[2021.01.15 04:59:36] 


[2021.01.15 04:59:36] 	********MONITORING PHASE********
[2021.01.15 04:59:36] Skip modifying the html files of href: https://www.instagram.com/polizei.hannover/. [Download Error]
[2021.01.15 04:59:36] Skip modifying the html files of href: https://www.instagram.com/polizei.hannover/. [Download Error]
[2021.01.15 04:59:36] Skip modifying the html files of href: https://www.instagram.com/polizei.hannover/channel/. [Download Error]
[2021.01.15 04:59:36] Skip modifying the html files of href: https://www.instagram.com/polizei.hannover/channel/. [Download Error]
[2021.01.15 04:59:36] Skip modifying the html files of href: https://www.instagram.com/polizei.hannover/tagged/. [Download Error]
[2021.01.15 04:59:36] Skip modifying the html files of href: https://www.instagram.com/polizei.hannover/tagged/. [Download Error]
[2021.01.15 04:59:36] Skip modifying the html files of href: https://www.instagram.com/frieda_rudi_make_oink/. [Download Error]
[2021.01.15 04:59:36] Skip modifying the html files of href: https://www.instagram.com/frieda_rudi_make_oink/. [Download Error]
[2021.01.15 04:59:36] 		{{{RESULT}}}
[2021.01.15 04:59:36] ID:	polizei.hannover
[2021.01.15 04:59:36] Type:	posts
[2021.01.15 04:59:36] Mode:	2
[2021.01.15 04:59:36] Change:	False
[2021.01.15 04:59:36] Notify:	False
[2021.01.15 04:59:36] Error:	True

[2021.01.15 04:59:36] ID:	polizei.hannover
[2021.01.15 04:59:36] Type:	igtv
[2021.01.15 04:59:36] Mode:	1
[2021.01.15 04:59:36] Change:	False
[2021.01.15 04:59:36] Notify:	False
[2021.01.15 04:59:36] Error:	True

[2021.01.15 04:59:36] ID:	polizei.hannover
[2021.01.15 04:59:36] Type:	tagged
[2021.01.15 04:59:36] Mode:	1
[2021.01.15 04:59:36] Change:	False
[2021.01.15 04:59:36] Notify:	False
[2021.01.15 04:59:36] Error:	True

[2021.01.15 04:59:36] ID:	frieda_rudi_make_oink
[2021.01.15 04:59:36] Type:	posts
[2021.01.15 04:59:36] Mode:	1
[2021.01.15 04:59:36] Change:	False
[2021.01.15 04:59:36] Notify:	False
[2021.01.15 04:59:36] Error:	True

waiting 3 seconds
Execution 32
[2021.01.15 04:59:43] 		{{{BASIC TEST}}}
[2021.01.15 04:59:43] 


[2021.01.15 04:59:43] 	************STORING PHASE************

[2021.01.15 05:00:12] store the html code of : (https://www.instagram.com/polizei.hannover/) in polizei.hannover/posts/old.html
[2021.01.15 05:00:12] OR in polizei.hannover/posts/new.html
[2021.01.15 05:00:12] --------------------------------------------

[2021.01.15 05:00:28] Error while downloading the html files.
Exception message: IndexError: list index out of range
[2021.01.15 05:00:28] Error while downloading the html files.
Exception message: IndexError: list index out of range
[2021.01.15 05:00:28] Error while processing. URL: https://www.instagram.com/polizei.hannover/
[2021.01.15 05:00:28] Error while processing. URL: https://www.instagram.com/polizei.hannover/
[2021.01.15 05:00:28] store the html code of : (https://www.instagram.com/polizei.hannover/channel/) in polizei.hannover/igtv/old.html
[2021.01.15 05:00:28] OR in polizei.hannover/igtv/new.html
[2021.01.15 05:00:28] --------------------------------------------

[2021.01.15 05:00:40] Error while downloading the html files.
Exception message: IndexError: list index out of range
[2021.01.15 05:00:40] Error while downloading the html files.
Exception message: IndexError: list index out of range
[2021.01.15 05:00:40] Error while processing. URL: https://www.instagram.com/polizei.hannover/channel/
[2021.01.15 05:00:40] Error while processing. URL: https://www.instagram.com/polizei.hannover/channel/
[2021.01.15 05:00:40] store the html code of : (https://www.instagram.com/polizei.hannover/tagged/) in polizei.hannover/tagged/old.html
[2021.01.15 05:00:40] OR in polizei.hannover/tagged/new.html
[2021.01.15 05:00:40] --------------------------------------------

[2021.01.15 05:00:57] Error while downloading the html files.
Exception message: IndexError: list index out of range
[2021.01.15 05:00:57] Error while downloading the html files.
Exception message: IndexError: list index out of range
[2021.01.15 05:00:57] Error while processing. URL: https://www.instagram.com/polizei.hannover/tagged/
[2021.01.15 05:00:57] Error while processing. URL: https://www.instagram.com/polizei.hannover/tagged/
[2021.01.15 05:00:57] store the html code of : (https://www.instagram.com/frieda_rudi_make_oink/) in frieda_rudi_make_oink/posts/old.html
[2021.01.15 05:00:57] OR in frieda_rudi_make_oink/posts/new.html
[2021.01.15 05:00:57] --------------------------------------------

[2021.01.15 05:01:11] Error while downloading the html files.
Exception message: IndexError: list index out of range
[2021.01.15 05:01:11] Error while downloading the html files.
Exception message: IndexError: list index out of range
[2021.01.15 05:01:11] Error while processing. URL: https://www.instagram.com/frieda_rudi_make_oink/
[2021.01.15 05:01:11] Error while processing. URL: https://www.instagram.com/frieda_rudi_make_oink/
[2021.01.15 05:01:12] 


[2021.01.15 05:01:12] 	********MONITORING PHASE********
[2021.01.15 05:01:12] Skip modifying the html files of href: https://www.instagram.com/polizei.hannover/. [Download Error]
[2021.01.15 05:01:12] Skip modifying the html files of href: https://www.instagram.com/polizei.hannover/. [Download Error]
[2021.01.15 05:01:12] Skip modifying the html files of href: https://www.instagram.com/polizei.hannover/channel/. [Download Error]
[2021.01.15 05:01:12] Skip modifying the html files of href: https://www.instagram.com/polizei.hannover/channel/. [Download Error]
[2021.01.15 05:01:12] Skip modifying the html files of href: https://www.instagram.com/polizei.hannover/tagged/. [Download Error]
[2021.01.15 05:01:12] Skip modifying the html files of href: https://www.instagram.com/polizei.hannover/tagged/. [Download Error]
[2021.01.15 05:01:12] Skip modifying the html files of href: https://www.instagram.com/frieda_rudi_make_oink/. [Download Error]
[2021.01.15 05:01:12] Skip modifying the html files of href: https://www.instagram.com/frieda_rudi_make_oink/. [Download Error]
[2021.01.15 05:01:12] 		{{{RESULT}}}
[2021.01.15 05:01:12] ID:	polizei.hannover
[2021.01.15 05:01:12] Type:	posts
[2021.01.15 05:01:12] Mode:	2
[2021.01.15 05:01:12] Change:	False
[2021.01.15 05:01:12] Notify:	False
[2021.01.15 05:01:12] Error:	True

[2021.01.15 05:01:12] ID:	polizei.hannover
[2021.01.15 05:01:12] Type:	igtv
[2021.01.15 05:01:12] Mode:	1
[2021.01.15 05:01:12] Change:	False
[2021.01.15 05:01:12] Notify:	False
[2021.01.15 05:01:12] Error:	True

[2021.01.15 05:01:12] ID:	polizei.hannover
[2021.01.15 05:01:12] Type:	tagged
[2021.01.15 05:01:12] Mode:	1
[2021.01.15 05:01:12] Change:	False
[2021.01.15 05:01:12] Notify:	False
[2021.01.15 05:01:12] Error:	True

[2021.01.15 05:01:12] ID:	frieda_rudi_make_oink
[2021.01.15 05:01:12] Type:	posts
[2021.01.15 05:01:12] Mode:	1
[2021.01.15 05:01:12] Change:	False
[2021.01.15 05:01:12] Notify:	False
[2021.01.15 05:01:12] Error:	True

waiting 3 seconds
Execution 33
[2021.01.15 05:01:19] 		{{{BASIC TEST}}}
[2021.01.15 05:01:19] 


[2021.01.15 05:01:19] 	************STORING PHASE************

[2021.01.15 05:01:51] store the html code of : (https://www.instagram.com/polizei.hannover/) in polizei.hannover/posts/old.html
[2021.01.15 05:01:51] OR in polizei.hannover/posts/new.html
[2021.01.15 05:01:51] --------------------------------------------

[2021.01.15 05:02:03] Error while downloading the html files.
Exception message: IndexError: list index out of range
[2021.01.15 05:02:03] Error while downloading the html files.
Exception message: IndexError: list index out of range
[2021.01.15 05:02:03] Error while processing. URL: https://www.instagram.com/polizei.hannover/
[2021.01.15 05:02:03] Error while processing. URL: https://www.instagram.com/polizei.hannover/
[2021.01.15 05:02:03] store the html code of : (https://www.instagram.com/polizei.hannover/channel/) in polizei.hannover/igtv/old.html
[2021.01.15 05:02:03] OR in polizei.hannover/igtv/new.html
[2021.01.15 05:02:03] --------------------------------------------

[2021.01.15 05:02:18] Error while downloading the html files.
Exception message: IndexError: list index out of range
[2021.01.15 05:02:18] Error while downloading the html files.
Exception message: IndexError: list index out of range
[2021.01.15 05:02:18] Error while processing. URL: https://www.instagram.com/polizei.hannover/channel/
[2021.01.15 05:02:18] Error while processing. URL: https://www.instagram.com/polizei.hannover/channel/
[2021.01.15 05:02:18] store the html code of : (https://www.instagram.com/polizei.hannover/tagged/) in polizei.hannover/tagged/old.html
[2021.01.15 05:02:18] OR in polizei.hannover/tagged/new.html
[2021.01.15 05:02:18] --------------------------------------------

[2021.01.15 05:02:34] Error while downloading the html files.
Exception message: IndexError: list index out of range
[2021.01.15 05:02:34] Error while downloading the html files.
Exception message: IndexError: list index out of range
[2021.01.15 05:02:34] Error while processing. URL: https://www.instagram.com/polizei.hannover/tagged/
[2021.01.15 05:02:34] Error while processing. URL: https://www.instagram.com/polizei.hannover/tagged/
[2021.01.15 05:02:34] store the html code of : (https://www.instagram.com/frieda_rudi_make_oink/) in frieda_rudi_make_oink/posts/old.html
[2021.01.15 05:02:34] OR in frieda_rudi_make_oink/posts/new.html
[2021.01.15 05:02:34] --------------------------------------------

[2021.01.15 05:02:48] Error while downloading the html files.
Exception message: IndexError: list index out of range
[2021.01.15 05:02:48] Error while downloading the html files.
Exception message: IndexError: list index out of range
[2021.01.15 05:02:48] Error while processing. URL: https://www.instagram.com/frieda_rudi_make_oink/
[2021.01.15 05:02:48] Error while processing. URL: https://www.instagram.com/frieda_rudi_make_oink/
[2021.01.15 05:02:49] 


[2021.01.15 05:02:49] 	********MONITORING PHASE********
[2021.01.15 05:02:49] Skip modifying the html files of href: https://www.instagram.com/polizei.hannover/. [Download Error]
[2021.01.15 05:02:49] Skip modifying the html files of href: https://www.instagram.com/polizei.hannover/. [Download Error]
[2021.01.15 05:02:49] Skip modifying the html files of href: https://www.instagram.com/polizei.hannover/channel/. [Download Error]
[2021.01.15 05:02:49] Skip modifying the html files of href: https://www.instagram.com/polizei.hannover/channel/. [Download Error]
[2021.01.15 05:02:49] Skip modifying the html files of href: https://www.instagram.com/polizei.hannover/tagged/. [Download Error]
[2021.01.15 05:02:49] Skip modifying the html files of href: https://www.instagram.com/polizei.hannover/tagged/. [Download Error]
[2021.01.15 05:02:49] Skip modifying the html files of href: https://www.instagram.com/frieda_rudi_make_oink/. [Download Error]
[2021.01.15 05:02:49] Skip modifying the html files of href: https://www.instagram.com/frieda_rudi_make_oink/. [Download Error]
[2021.01.15 05:02:49] 		{{{RESULT}}}
[2021.01.15 05:02:49] ID:	polizei.hannover
[2021.01.15 05:02:49] Type:	posts
[2021.01.15 05:02:49] Mode:	2
[2021.01.15 05:02:49] Change:	False
[2021.01.15 05:02:49] Notify:	False
[2021.01.15 05:02:49] Error:	True

[2021.01.15 05:02:49] ID:	polizei.hannover
[2021.01.15 05:02:49] Type:	igtv
[2021.01.15 05:02:49] Mode:	1
[2021.01.15 05:02:49] Change:	False
[2021.01.15 05:02:49] Notify:	False
[2021.01.15 05:02:49] Error:	True

[2021.01.15 05:02:49] ID:	polizei.hannover
[2021.01.15 05:02:49] Type:	tagged
[2021.01.15 05:02:49] Mode:	1
[2021.01.15 05:02:49] Change:	False
[2021.01.15 05:02:49] Notify:	False
[2021.01.15 05:02:49] Error:	True

[2021.01.15 05:02:49] ID:	frieda_rudi_make_oink
[2021.01.15 05:02:49] Type:	posts
[2021.01.15 05:02:49] Mode:	1
[2021.01.15 05:02:49] Change:	False
[2021.01.15 05:02:49] Notify:	False
[2021.01.15 05:02:49] Error:	True

waiting 3 seconds
Execution 34
[2021.01.15 05:02:55] 		{{{BASIC TEST}}}
[2021.01.15 05:02:55] 


[2021.01.15 05:02:55] 	************STORING PHASE************

[2021.01.15 05:03:27] store the html code of : (https://www.instagram.com/polizei.hannover/) in polizei.hannover/posts/old.html
[2021.01.15 05:03:27] OR in polizei.hannover/posts/new.html
[2021.01.15 05:03:27] --------------------------------------------

[2021.01.15 05:03:44] Error while downloading the html files.
Exception message: IndexError: list index out of range
[2021.01.15 05:03:44] Error while downloading the html files.
Exception message: IndexError: list index out of range
[2021.01.15 05:03:44] Error while processing. URL: https://www.instagram.com/polizei.hannover/
[2021.01.15 05:03:44] Error while processing. URL: https://www.instagram.com/polizei.hannover/
[2021.01.15 05:03:44] store the html code of : (https://www.instagram.com/polizei.hannover/channel/) in polizei.hannover/igtv/old.html
[2021.01.15 05:03:44] OR in polizei.hannover/igtv/new.html
[2021.01.15 05:03:44] --------------------------------------------

[2021.01.15 05:04:01] Error while downloading the html files.
Exception message: IndexError: list index out of range
[2021.01.15 05:04:01] Error while downloading the html files.
Exception message: IndexError: list index out of range
[2021.01.15 05:04:01] Error while processing. URL: https://www.instagram.com/polizei.hannover/channel/
[2021.01.15 05:04:01] Error while processing. URL: https://www.instagram.com/polizei.hannover/channel/
[2021.01.15 05:04:01] store the html code of : (https://www.instagram.com/polizei.hannover/tagged/) in polizei.hannover/tagged/old.html
[2021.01.15 05:04:01] OR in polizei.hannover/tagged/new.html
[2021.01.15 05:04:01] --------------------------------------------

[2021.01.15 05:04:15] Error while downloading the html files.
Exception message: IndexError: list index out of range
[2021.01.15 05:04:15] Error while downloading the html files.
Exception message: IndexError: list index out of range
[2021.01.15 05:04:15] Error while processing. URL: https://www.instagram.com/polizei.hannover/tagged/
[2021.01.15 05:04:15] Error while processing. URL: https://www.instagram.com/polizei.hannover/tagged/
[2021.01.15 05:04:15] store the html code of : (https://www.instagram.com/frieda_rudi_make_oink/) in frieda_rudi_make_oink/posts/old.html
[2021.01.15 05:04:15] OR in frieda_rudi_make_oink/posts/new.html
[2021.01.15 05:04:15] --------------------------------------------

[2021.01.15 05:04:26] Error while downloading the html files.
Exception message: IndexError: list index out of range
[2021.01.15 05:04:26] Error while downloading the html files.
Exception message: IndexError: list index out of range
[2021.01.15 05:04:26] Error while processing. URL: https://www.instagram.com/frieda_rudi_make_oink/
[2021.01.15 05:04:26] Error while processing. URL: https://www.instagram.com/frieda_rudi_make_oink/
[2021.01.15 05:04:27] 


[2021.01.15 05:04:27] 	********MONITORING PHASE********
[2021.01.15 05:04:27] Skip modifying the html files of href: https://www.instagram.com/polizei.hannover/. [Download Error]
[2021.01.15 05:04:27] Skip modifying the html files of href: https://www.instagram.com/polizei.hannover/. [Download Error]
[2021.01.15 05:04:27] Skip modifying the html files of href: https://www.instagram.com/polizei.hannover/channel/. [Download Error]
[2021.01.15 05:04:27] Skip modifying the html files of href: https://www.instagram.com/polizei.hannover/channel/. [Download Error]
[2021.01.15 05:04:27] Skip modifying the html files of href: https://www.instagram.com/polizei.hannover/tagged/. [Download Error]
[2021.01.15 05:04:27] Skip modifying the html files of href: https://www.instagram.com/polizei.hannover/tagged/. [Download Error]
[2021.01.15 05:04:27] Skip modifying the html files of href: https://www.instagram.com/frieda_rudi_make_oink/. [Download Error]
[2021.01.15 05:04:27] Skip modifying the html files of href: https://www.instagram.com/frieda_rudi_make_oink/. [Download Error]
[2021.01.15 05:04:27] 		{{{RESULT}}}
[2021.01.15 05:04:27] ID:	polizei.hannover
[2021.01.15 05:04:27] Type:	posts
[2021.01.15 05:04:27] Mode:	2
[2021.01.15 05:04:27] Change:	False
[2021.01.15 05:04:27] Notify:	False
[2021.01.15 05:04:27] Error:	True

[2021.01.15 05:04:27] ID:	polizei.hannover
[2021.01.15 05:04:27] Type:	igtv
[2021.01.15 05:04:27] Mode:	1
[2021.01.15 05:04:27] Change:	False
[2021.01.15 05:04:27] Notify:	False
[2021.01.15 05:04:27] Error:	True

[2021.01.15 05:04:27] ID:	polizei.hannover
[2021.01.15 05:04:27] Type:	tagged
[2021.01.15 05:04:27] Mode:	1
[2021.01.15 05:04:27] Change:	False
[2021.01.15 05:04:27] Notify:	False
[2021.01.15 05:04:27] Error:	True

[2021.01.15 05:04:27] ID:	frieda_rudi_make_oink
[2021.01.15 05:04:27] Type:	posts
[2021.01.15 05:04:27] Mode:	1
[2021.01.15 05:04:27] Change:	False
[2021.01.15 05:04:27] Notify:	False
[2021.01.15 05:04:27] Error:	True

waiting 3 seconds
Execution 35
[2021.01.15 05:04:34] 		{{{BASIC TEST}}}
[2021.01.15 05:04:34] 


[2021.01.15 05:04:34] 	************STORING PHASE************

[2021.01.15 05:05:08] store the html code of : (https://www.instagram.com/polizei.hannover/) in polizei.hannover/posts/old.html
[2021.01.15 05:05:08] OR in polizei.hannover/posts/new.html
[2021.01.15 05:05:08] --------------------------------------------

[2021.01.15 05:05:22] Error while downloading the html files.
Exception message: IndexError: list index out of range
[2021.01.15 05:05:22] Error while downloading the html files.
Exception message: IndexError: list index out of range
[2021.01.15 05:05:23] Error while processing. URL: https://www.instagram.com/polizei.hannover/
[2021.01.15 05:05:23] Error while processing. URL: https://www.instagram.com/polizei.hannover/
[2021.01.15 05:05:23] store the html code of : (https://www.instagram.com/polizei.hannover/channel/) in polizei.hannover/igtv/old.html
[2021.01.15 05:05:23] OR in polizei.hannover/igtv/new.html
[2021.01.15 05:05:23] --------------------------------------------

[2021.01.15 05:05:38] Error while downloading the html files.
Exception message: IndexError: list index out of range
[2021.01.15 05:05:38] Error while downloading the html files.
Exception message: IndexError: list index out of range
[2021.01.15 05:05:38] Error while processing. URL: https://www.instagram.com/polizei.hannover/channel/
[2021.01.15 05:05:38] Error while processing. URL: https://www.instagram.com/polizei.hannover/channel/
[2021.01.15 05:05:38] store the html code of : (https://www.instagram.com/polizei.hannover/tagged/) in polizei.hannover/tagged/old.html
[2021.01.15 05:05:38] OR in polizei.hannover/tagged/new.html
[2021.01.15 05:05:38] --------------------------------------------

[2021.01.15 05:05:51] Error while downloading the html files.
Exception message: IndexError: list index out of range
[2021.01.15 05:05:51] Error while downloading the html files.
Exception message: IndexError: list index out of range
[2021.01.15 05:05:51] Error while processing. URL: https://www.instagram.com/polizei.hannover/tagged/
[2021.01.15 05:05:51] Error while processing. URL: https://www.instagram.com/polizei.hannover/tagged/
[2021.01.15 05:05:51] store the html code of : (https://www.instagram.com/frieda_rudi_make_oink/) in frieda_rudi_make_oink/posts/old.html
[2021.01.15 05:05:51] OR in frieda_rudi_make_oink/posts/new.html
[2021.01.15 05:05:51] --------------------------------------------

[2021.01.15 05:06:03] Error while downloading the html files.
Exception message: IndexError: list index out of range
[2021.01.15 05:06:03] Error while downloading the html files.
Exception message: IndexError: list index out of range
[2021.01.15 05:06:03] Error while processing. URL: https://www.instagram.com/frieda_rudi_make_oink/
[2021.01.15 05:06:03] Error while processing. URL: https://www.instagram.com/frieda_rudi_make_oink/
[2021.01.15 05:06:04] 


[2021.01.15 05:06:04] 	********MONITORING PHASE********
[2021.01.15 05:06:04] Skip modifying the html files of href: https://www.instagram.com/polizei.hannover/. [Download Error]
[2021.01.15 05:06:04] Skip modifying the html files of href: https://www.instagram.com/polizei.hannover/. [Download Error]
[2021.01.15 05:06:04] Skip modifying the html files of href: https://www.instagram.com/polizei.hannover/channel/. [Download Error]
[2021.01.15 05:06:04] Skip modifying the html files of href: https://www.instagram.com/polizei.hannover/channel/. [Download Error]
[2021.01.15 05:06:04] Skip modifying the html files of href: https://www.instagram.com/polizei.hannover/tagged/. [Download Error]
[2021.01.15 05:06:04] Skip modifying the html files of href: https://www.instagram.com/polizei.hannover/tagged/. [Download Error]
[2021.01.15 05:06:04] Skip modifying the html files of href: https://www.instagram.com/frieda_rudi_make_oink/. [Download Error]
[2021.01.15 05:06:04] Skip modifying the html files of href: https://www.instagram.com/frieda_rudi_make_oink/. [Download Error]
[2021.01.15 05:06:04] 		{{{RESULT}}}
[2021.01.15 05:06:04] ID:	polizei.hannover
[2021.01.15 05:06:04] Type:	posts
[2021.01.15 05:06:04] Mode:	2
[2021.01.15 05:06:04] Change:	False
[2021.01.15 05:06:04] Notify:	False
[2021.01.15 05:06:04] Error:	True

[2021.01.15 05:06:04] ID:	polizei.hannover
[2021.01.15 05:06:04] Type:	igtv
[2021.01.15 05:06:04] Mode:	1
[2021.01.15 05:06:04] Change:	False
[2021.01.15 05:06:04] Notify:	False
[2021.01.15 05:06:04] Error:	True

[2021.01.15 05:06:04] ID:	polizei.hannover
[2021.01.15 05:06:04] Type:	tagged
[2021.01.15 05:06:04] Mode:	1
[2021.01.15 05:06:04] Change:	False
[2021.01.15 05:06:04] Notify:	False
[2021.01.15 05:06:04] Error:	True

[2021.01.15 05:06:04] ID:	frieda_rudi_make_oink
[2021.01.15 05:06:04] Type:	posts
[2021.01.15 05:06:04] Mode:	1
[2021.01.15 05:06:04] Change:	False
[2021.01.15 05:06:04] Notify:	False
[2021.01.15 05:06:04] Error:	True

waiting 3 seconds
Execution 36
[2021.01.15 05:06:11] 		{{{BASIC TEST}}}
[2021.01.15 05:06:11] 


[2021.01.15 05:06:11] 	************STORING PHASE************

[2021.01.15 05:06:42] store the html code of : (https://www.instagram.com/polizei.hannover/) in polizei.hannover/posts/old.html
[2021.01.15 05:06:42] OR in polizei.hannover/posts/new.html
[2021.01.15 05:06:42] --------------------------------------------

[2021.01.15 05:06:56] Error while downloading the html files.
Exception message: IndexError: list index out of range
[2021.01.15 05:06:56] Error while downloading the html files.
Exception message: IndexError: list index out of range
[2021.01.15 05:06:56] Error while processing. URL: https://www.instagram.com/polizei.hannover/
[2021.01.15 05:06:56] Error while processing. URL: https://www.instagram.com/polizei.hannover/
[2021.01.15 05:06:56] store the html code of : (https://www.instagram.com/polizei.hannover/channel/) in polizei.hannover/igtv/old.html
[2021.01.15 05:06:56] OR in polizei.hannover/igtv/new.html
[2021.01.15 05:06:56] --------------------------------------------

[2021.01.15 05:07:10] Error while downloading the html files.
Exception message: IndexError: list index out of range
[2021.01.15 05:07:10] Error while downloading the html files.
Exception message: IndexError: list index out of range
[2021.01.15 05:07:10] Error while processing. URL: https://www.instagram.com/polizei.hannover/channel/
[2021.01.15 05:07:10] Error while processing. URL: https://www.instagram.com/polizei.hannover/channel/
[2021.01.15 05:07:10] store the html code of : (https://www.instagram.com/polizei.hannover/tagged/) in polizei.hannover/tagged/old.html
[2021.01.15 05:07:10] OR in polizei.hannover/tagged/new.html
[2021.01.15 05:07:10] --------------------------------------------

[2021.01.15 05:07:23] Error while downloading the html files.
Exception message: IndexError: list index out of range
[2021.01.15 05:07:23] Error while downloading the html files.
Exception message: IndexError: list index out of range
[2021.01.15 05:07:23] Error while processing. URL: https://www.instagram.com/polizei.hannover/tagged/
[2021.01.15 05:07:23] Error while processing. URL: https://www.instagram.com/polizei.hannover/tagged/
[2021.01.15 05:07:23] store the html code of : (https://www.instagram.com/frieda_rudi_make_oink/) in frieda_rudi_make_oink/posts/old.html
[2021.01.15 05:07:23] OR in frieda_rudi_make_oink/posts/new.html
[2021.01.15 05:07:23] --------------------------------------------

[2021.01.15 05:07:35] Error while downloading the html files.
Exception message: IndexError: list index out of range
[2021.01.15 05:07:35] Error while downloading the html files.
Exception message: IndexError: list index out of range
[2021.01.15 05:07:35] Error while processing. URL: https://www.instagram.com/frieda_rudi_make_oink/
[2021.01.15 05:07:35] Error while processing. URL: https://www.instagram.com/frieda_rudi_make_oink/
[2021.01.15 05:07:36] 


[2021.01.15 05:07:36] 	********MONITORING PHASE********
[2021.01.15 05:07:36] Skip modifying the html files of href: https://www.instagram.com/polizei.hannover/. [Download Error]
[2021.01.15 05:07:36] Skip modifying the html files of href: https://www.instagram.com/polizei.hannover/. [Download Error]
[2021.01.15 05:07:36] Skip modifying the html files of href: https://www.instagram.com/polizei.hannover/channel/. [Download Error]
[2021.01.15 05:07:36] Skip modifying the html files of href: https://www.instagram.com/polizei.hannover/channel/. [Download Error]
[2021.01.15 05:07:36] Skip modifying the html files of href: https://www.instagram.com/polizei.hannover/tagged/. [Download Error]
[2021.01.15 05:07:36] Skip modifying the html files of href: https://www.instagram.com/polizei.hannover/tagged/. [Download Error]
[2021.01.15 05:07:36] Skip modifying the html files of href: https://www.instagram.com/frieda_rudi_make_oink/. [Download Error]
[2021.01.15 05:07:36] Skip modifying the html files of href: https://www.instagram.com/frieda_rudi_make_oink/. [Download Error]
[2021.01.15 05:07:36] 		{{{RESULT}}}
[2021.01.15 05:07:36] ID:	polizei.hannover
[2021.01.15 05:07:36] Type:	posts
[2021.01.15 05:07:36] Mode:	2
[2021.01.15 05:07:36] Change:	False
[2021.01.15 05:07:36] Notify:	False
[2021.01.15 05:07:36] Error:	True

[2021.01.15 05:07:36] ID:	polizei.hannover
[2021.01.15 05:07:36] Type:	igtv
[2021.01.15 05:07:36] Mode:	1
[2021.01.15 05:07:36] Change:	False
[2021.01.15 05:07:36] Notify:	False
[2021.01.15 05:07:36] Error:	True

[2021.01.15 05:07:36] ID:	polizei.hannover
[2021.01.15 05:07:36] Type:	tagged
[2021.01.15 05:07:36] Mode:	1
[2021.01.15 05:07:36] Change:	False
[2021.01.15 05:07:36] Notify:	False
[2021.01.15 05:07:36] Error:	True

[2021.01.15 05:07:36] ID:	frieda_rudi_make_oink
[2021.01.15 05:07:36] Type:	posts
[2021.01.15 05:07:36] Mode:	1
[2021.01.15 05:07:36] Change:	False
[2021.01.15 05:07:36] Notify:	False
[2021.01.15 05:07:36] Error:	True

waiting 3 seconds
Execution 37
[2021.01.15 05:07:43] 		{{{BASIC TEST}}}
[2021.01.15 05:07:43] 


[2021.01.15 05:07:43] 	************STORING PHASE************

[2021.01.15 05:08:12] store the html code of : (https://www.instagram.com/polizei.hannover/) in polizei.hannover/posts/old.html
[2021.01.15 05:08:12] OR in polizei.hannover/posts/new.html
[2021.01.15 05:08:12] --------------------------------------------

[2021.01.15 05:08:28] Error while downloading the html files.
Exception message: IndexError: list index out of range
[2021.01.15 05:08:28] Error while downloading the html files.
Exception message: IndexError: list index out of range
[2021.01.15 05:08:28] Error while processing. URL: https://www.instagram.com/polizei.hannover/
[2021.01.15 05:08:28] Error while processing. URL: https://www.instagram.com/polizei.hannover/
[2021.01.15 05:08:28] store the html code of : (https://www.instagram.com/polizei.hannover/channel/) in polizei.hannover/igtv/old.html
[2021.01.15 05:08:28] OR in polizei.hannover/igtv/new.html
[2021.01.15 05:08:28] --------------------------------------------

[2021.01.15 05:08:42] Error while downloading the html files.
Exception message: IndexError: list index out of range
[2021.01.15 05:08:42] Error while downloading the html files.
Exception message: IndexError: list index out of range
[2021.01.15 05:08:42] Error while processing. URL: https://www.instagram.com/polizei.hannover/channel/
[2021.01.15 05:08:42] Error while processing. URL: https://www.instagram.com/polizei.hannover/channel/
[2021.01.15 05:08:42] store the html code of : (https://www.instagram.com/polizei.hannover/tagged/) in polizei.hannover/tagged/old.html
[2021.01.15 05:08:42] OR in polizei.hannover/tagged/new.html
[2021.01.15 05:08:42] --------------------------------------------

[2021.01.15 05:08:53] Error while downloading the html files.
Exception message: IndexError: list index out of range
[2021.01.15 05:08:53] Error while downloading the html files.
Exception message: IndexError: list index out of range
[2021.01.15 05:08:53] Error while processing. URL: https://www.instagram.com/polizei.hannover/tagged/
[2021.01.15 05:08:53] Error while processing. URL: https://www.instagram.com/polizei.hannover/tagged/
[2021.01.15 05:08:53] store the html code of : (https://www.instagram.com/frieda_rudi_make_oink/) in frieda_rudi_make_oink/posts/old.html
[2021.01.15 05:08:53] OR in frieda_rudi_make_oink/posts/new.html
[2021.01.15 05:08:53] --------------------------------------------

[2021.01.15 05:09:10] Error while downloading the html files.
Exception message: IndexError: list index out of range
[2021.01.15 05:09:10] Error while downloading the html files.
Exception message: IndexError: list index out of range
[2021.01.15 05:09:10] Error while processing. URL: https://www.instagram.com/frieda_rudi_make_oink/
[2021.01.15 05:09:10] Error while processing. URL: https://www.instagram.com/frieda_rudi_make_oink/
[2021.01.15 05:09:11] 


[2021.01.15 05:09:11] 	********MONITORING PHASE********
[2021.01.15 05:09:11] Skip modifying the html files of href: https://www.instagram.com/polizei.hannover/. [Download Error]
[2021.01.15 05:09:11] Skip modifying the html files of href: https://www.instagram.com/polizei.hannover/. [Download Error]
[2021.01.15 05:09:11] Skip modifying the html files of href: https://www.instagram.com/polizei.hannover/channel/. [Download Error]
[2021.01.15 05:09:11] Skip modifying the html files of href: https://www.instagram.com/polizei.hannover/channel/. [Download Error]
[2021.01.15 05:09:11] Skip modifying the html files of href: https://www.instagram.com/polizei.hannover/tagged/. [Download Error]
[2021.01.15 05:09:11] Skip modifying the html files of href: https://www.instagram.com/polizei.hannover/tagged/. [Download Error]
[2021.01.15 05:09:11] Skip modifying the html files of href: https://www.instagram.com/frieda_rudi_make_oink/. [Download Error]
[2021.01.15 05:09:11] Skip modifying the html files of href: https://www.instagram.com/frieda_rudi_make_oink/. [Download Error]
[2021.01.15 05:09:11] 		{{{RESULT}}}
[2021.01.15 05:09:11] ID:	polizei.hannover
[2021.01.15 05:09:11] Type:	posts
[2021.01.15 05:09:11] Mode:	2
[2021.01.15 05:09:11] Change:	False
[2021.01.15 05:09:11] Notify:	False
[2021.01.15 05:09:11] Error:	True

[2021.01.15 05:09:11] ID:	polizei.hannover
[2021.01.15 05:09:11] Type:	igtv
[2021.01.15 05:09:11] Mode:	1
[2021.01.15 05:09:11] Change:	False
[2021.01.15 05:09:11] Notify:	False
[2021.01.15 05:09:11] Error:	True

[2021.01.15 05:09:11] ID:	polizei.hannover
[2021.01.15 05:09:11] Type:	tagged
[2021.01.15 05:09:11] Mode:	1
[2021.01.15 05:09:11] Change:	False
[2021.01.15 05:09:11] Notify:	False
[2021.01.15 05:09:11] Error:	True

[2021.01.15 05:09:11] ID:	frieda_rudi_make_oink
[2021.01.15 05:09:11] Type:	posts
[2021.01.15 05:09:11] Mode:	1
[2021.01.15 05:09:11] Change:	False
[2021.01.15 05:09:11] Notify:	False
[2021.01.15 05:09:11] Error:	True

waiting 3 seconds
Execution 38
[2021.01.15 05:09:17] 		{{{BASIC TEST}}}
[2021.01.15 05:09:17] 


[2021.01.15 05:09:17] 	************STORING PHASE************

[2021.01.15 05:09:47] store the html code of : (https://www.instagram.com/polizei.hannover/) in polizei.hannover/posts/old.html
[2021.01.15 05:09:47] OR in polizei.hannover/posts/new.html
[2021.01.15 05:09:47] --------------------------------------------

[2021.01.15 05:10:02] Error while downloading the html files.
Exception message: IndexError: list index out of range
[2021.01.15 05:10:02] Error while downloading the html files.
Exception message: IndexError: list index out of range
[2021.01.15 05:10:02] Error while processing. URL: https://www.instagram.com/polizei.hannover/
[2021.01.15 05:10:02] Error while processing. URL: https://www.instagram.com/polizei.hannover/
[2021.01.15 05:10:02] store the html code of : (https://www.instagram.com/polizei.hannover/channel/) in polizei.hannover/igtv/old.html
[2021.01.15 05:10:02] OR in polizei.hannover/igtv/new.html
[2021.01.15 05:10:02] --------------------------------------------

[2021.01.15 05:10:14] Error while downloading the html files.
Exception message: IndexError: list index out of range
[2021.01.15 05:10:14] Error while downloading the html files.
Exception message: IndexError: list index out of range
[2021.01.15 05:10:14] Error while processing. URL: https://www.instagram.com/polizei.hannover/channel/
[2021.01.15 05:10:14] Error while processing. URL: https://www.instagram.com/polizei.hannover/channel/
[2021.01.15 05:10:14] store the html code of : (https://www.instagram.com/polizei.hannover/tagged/) in polizei.hannover/tagged/old.html
[2021.01.15 05:10:14] OR in polizei.hannover/tagged/new.html
[2021.01.15 05:10:14] --------------------------------------------

[2021.01.15 05:10:27] Error while downloading the html files.
Exception message: IndexError: list index out of range
[2021.01.15 05:10:27] Error while downloading the html files.
Exception message: IndexError: list index out of range
[2021.01.15 05:10:27] Error while processing. URL: https://www.instagram.com/polizei.hannover/tagged/
[2021.01.15 05:10:27] Error while processing. URL: https://www.instagram.com/polizei.hannover/tagged/
[2021.01.15 05:10:27] store the html code of : (https://www.instagram.com/frieda_rudi_make_oink/) in frieda_rudi_make_oink/posts/old.html
[2021.01.15 05:10:27] OR in frieda_rudi_make_oink/posts/new.html
[2021.01.15 05:10:27] --------------------------------------------

[2021.01.15 05:10:42] Error while downloading the html files.
Exception message: IndexError: list index out of range
[2021.01.15 05:10:42] Error while downloading the html files.
Exception message: IndexError: list index out of range
[2021.01.15 05:10:42] Error while processing. URL: https://www.instagram.com/frieda_rudi_make_oink/
[2021.01.15 05:10:42] Error while processing. URL: https://www.instagram.com/frieda_rudi_make_oink/
[2021.01.15 05:10:43] 


[2021.01.15 05:10:43] 	********MONITORING PHASE********
[2021.01.15 05:10:43] Skip modifying the html files of href: https://www.instagram.com/polizei.hannover/. [Download Error]
[2021.01.15 05:10:43] Skip modifying the html files of href: https://www.instagram.com/polizei.hannover/. [Download Error]
[2021.01.15 05:10:43] Skip modifying the html files of href: https://www.instagram.com/polizei.hannover/channel/. [Download Error]
[2021.01.15 05:10:43] Skip modifying the html files of href: https://www.instagram.com/polizei.hannover/channel/. [Download Error]
[2021.01.15 05:10:43] Skip modifying the html files of href: https://www.instagram.com/polizei.hannover/tagged/. [Download Error]
[2021.01.15 05:10:43] Skip modifying the html files of href: https://www.instagram.com/polizei.hannover/tagged/. [Download Error]
[2021.01.15 05:10:43] Skip modifying the html files of href: https://www.instagram.com/frieda_rudi_make_oink/. [Download Error]
[2021.01.15 05:10:43] Skip modifying the html files of href: https://www.instagram.com/frieda_rudi_make_oink/. [Download Error]
[2021.01.15 05:10:43] 		{{{RESULT}}}
[2021.01.15 05:10:43] ID:	polizei.hannover
[2021.01.15 05:10:43] Type:	posts
[2021.01.15 05:10:43] Mode:	2
[2021.01.15 05:10:43] Change:	False
[2021.01.15 05:10:43] Notify:	False
[2021.01.15 05:10:43] Error:	True

[2021.01.15 05:10:43] ID:	polizei.hannover
[2021.01.15 05:10:43] Type:	igtv
[2021.01.15 05:10:43] Mode:	1
[2021.01.15 05:10:43] Change:	False
[2021.01.15 05:10:43] Notify:	False
[2021.01.15 05:10:43] Error:	True

[2021.01.15 05:10:43] ID:	polizei.hannover
[2021.01.15 05:10:43] Type:	tagged
[2021.01.15 05:10:43] Mode:	1
[2021.01.15 05:10:43] Change:	False
[2021.01.15 05:10:43] Notify:	False
[2021.01.15 05:10:43] Error:	True

[2021.01.15 05:10:43] ID:	frieda_rudi_make_oink
[2021.01.15 05:10:43] Type:	posts
[2021.01.15 05:10:43] Mode:	1
[2021.01.15 05:10:43] Change:	False
[2021.01.15 05:10:43] Notify:	False
[2021.01.15 05:10:43] Error:	True

waiting 3 seconds
Execution 39
[2021.01.15 05:10:50] 		{{{BASIC TEST}}}
[2021.01.15 05:10:50] 


[2021.01.15 05:10:50] 	************STORING PHASE************

[2021.01.15 05:11:24] store the html code of : (https://www.instagram.com/polizei.hannover/) in polizei.hannover/posts/old.html
[2021.01.15 05:11:24] OR in polizei.hannover/posts/new.html
[2021.01.15 05:11:24] --------------------------------------------

[2021.01.15 05:11:34] Error while downloading the html files.
Exception message: IndexError: list index out of range
[2021.01.15 05:11:34] Error while downloading the html files.
Exception message: IndexError: list index out of range
[2021.01.15 05:11:35] Error while processing. URL: https://www.instagram.com/polizei.hannover/
[2021.01.15 05:11:35] Error while processing. URL: https://www.instagram.com/polizei.hannover/
[2021.01.15 05:11:35] store the html code of : (https://www.instagram.com/polizei.hannover/channel/) in polizei.hannover/igtv/old.html
[2021.01.15 05:11:35] OR in polizei.hannover/igtv/new.html
[2021.01.15 05:11:35] --------------------------------------------

[2021.01.15 05:11:48] Error while downloading the html files.
Exception message: IndexError: list index out of range
[2021.01.15 05:11:48] Error while downloading the html files.
Exception message: IndexError: list index out of range
[2021.01.15 05:11:48] Error while processing. URL: https://www.instagram.com/polizei.hannover/channel/
[2021.01.15 05:11:48] Error while processing. URL: https://www.instagram.com/polizei.hannover/channel/
[2021.01.15 05:11:48] store the html code of : (https://www.instagram.com/polizei.hannover/tagged/) in polizei.hannover/tagged/old.html
[2021.01.15 05:11:48] OR in polizei.hannover/tagged/new.html
[2021.01.15 05:11:48] --------------------------------------------

[2021.01.15 05:12:03] Error while downloading the html files.
Exception message: IndexError: list index out of range
[2021.01.15 05:12:03] Error while downloading the html files.
Exception message: IndexError: list index out of range
[2021.01.15 05:12:03] Error while processing. URL: https://www.instagram.com/polizei.hannover/tagged/
[2021.01.15 05:12:03] Error while processing. URL: https://www.instagram.com/polizei.hannover/tagged/
[2021.01.15 05:12:03] store the html code of : (https://www.instagram.com/frieda_rudi_make_oink/) in frieda_rudi_make_oink/posts/old.html
[2021.01.15 05:12:03] OR in frieda_rudi_make_oink/posts/new.html
[2021.01.15 05:12:03] --------------------------------------------

[2021.01.15 05:12:16] Error while downloading the html files.
Exception message: IndexError: list index out of range
[2021.01.15 05:12:16] Error while downloading the html files.
Exception message: IndexError: list index out of range
[2021.01.15 05:12:16] Error while processing. URL: https://www.instagram.com/frieda_rudi_make_oink/
[2021.01.15 05:12:16] Error while processing. URL: https://www.instagram.com/frieda_rudi_make_oink/
[2021.01.15 05:12:17] 


[2021.01.15 05:12:17] 	********MONITORING PHASE********
[2021.01.15 05:12:17] Skip modifying the html files of href: https://www.instagram.com/polizei.hannover/. [Download Error]
[2021.01.15 05:12:17] Skip modifying the html files of href: https://www.instagram.com/polizei.hannover/. [Download Error]
[2021.01.15 05:12:17] Skip modifying the html files of href: https://www.instagram.com/polizei.hannover/channel/. [Download Error]
[2021.01.15 05:12:17] Skip modifying the html files of href: https://www.instagram.com/polizei.hannover/channel/. [Download Error]
[2021.01.15 05:12:17] Skip modifying the html files of href: https://www.instagram.com/polizei.hannover/tagged/. [Download Error]
[2021.01.15 05:12:17] Skip modifying the html files of href: https://www.instagram.com/polizei.hannover/tagged/. [Download Error]
[2021.01.15 05:12:17] Skip modifying the html files of href: https://www.instagram.com/frieda_rudi_make_oink/. [Download Error]
[2021.01.15 05:12:17] Skip modifying the html files of href: https://www.instagram.com/frieda_rudi_make_oink/. [Download Error]
[2021.01.15 05:12:17] 		{{{RESULT}}}
[2021.01.15 05:12:17] ID:	polizei.hannover
[2021.01.15 05:12:17] Type:	posts
[2021.01.15 05:12:17] Mode:	2
[2021.01.15 05:12:17] Change:	False
[2021.01.15 05:12:17] Notify:	False
[2021.01.15 05:12:17] Error:	True

[2021.01.15 05:12:17] ID:	polizei.hannover
[2021.01.15 05:12:17] Type:	igtv
[2021.01.15 05:12:17] Mode:	1
[2021.01.15 05:12:17] Change:	False
[2021.01.15 05:12:17] Notify:	False
[2021.01.15 05:12:17] Error:	True

[2021.01.15 05:12:17] ID:	polizei.hannover
[2021.01.15 05:12:17] Type:	tagged
[2021.01.15 05:12:17] Mode:	1
[2021.01.15 05:12:17] Change:	False
[2021.01.15 05:12:17] Notify:	False
[2021.01.15 05:12:17] Error:	True

[2021.01.15 05:12:17] ID:	frieda_rudi_make_oink
[2021.01.15 05:12:17] Type:	posts
[2021.01.15 05:12:17] Mode:	1
[2021.01.15 05:12:17] Change:	False
[2021.01.15 05:12:17] Notify:	False
[2021.01.15 05:12:17] Error:	True

waiting 3 seconds
Execution 40
[2021.01.15 05:12:24] 		{{{BASIC TEST}}}
[2021.01.15 05:12:24] 


[2021.01.15 05:12:24] 	************STORING PHASE************

[2021.01.15 05:12:51] store the html code of : (https://www.instagram.com/polizei.hannover/) in polizei.hannover/posts/old.html
[2021.01.15 05:12:51] OR in polizei.hannover/posts/new.html
[2021.01.15 05:12:51] --------------------------------------------

[2021.01.15 05:13:05] Error while downloading the html files.
Exception message: IndexError: list index out of range
[2021.01.15 05:13:05] Error while downloading the html files.
Exception message: IndexError: list index out of range
[2021.01.15 05:13:05] Error while processing. URL: https://www.instagram.com/polizei.hannover/
[2021.01.15 05:13:05] Error while processing. URL: https://www.instagram.com/polizei.hannover/
[2021.01.15 05:13:05] store the html code of : (https://www.instagram.com/polizei.hannover/channel/) in polizei.hannover/igtv/old.html
[2021.01.15 05:13:05] OR in polizei.hannover/igtv/new.html
[2021.01.15 05:13:05] --------------------------------------------

[2021.01.15 05:13:20] Error while downloading the html files.
Exception message: IndexError: list index out of range
[2021.01.15 05:13:20] Error while downloading the html files.
Exception message: IndexError: list index out of range
[2021.01.15 05:13:20] Error while processing. URL: https://www.instagram.com/polizei.hannover/channel/
[2021.01.15 05:13:20] Error while processing. URL: https://www.instagram.com/polizei.hannover/channel/
[2021.01.15 05:13:20] store the html code of : (https://www.instagram.com/polizei.hannover/tagged/) in polizei.hannover/tagged/old.html
[2021.01.15 05:13:20] OR in polizei.hannover/tagged/new.html
[2021.01.15 05:13:20] --------------------------------------------

[2021.01.15 05:13:34] Error while downloading the html files.
Exception message: IndexError: list index out of range
[2021.01.15 05:13:34] Error while downloading the html files.
Exception message: IndexError: list index out of range
[2021.01.15 05:13:35] Error while processing. URL: https://www.instagram.com/polizei.hannover/tagged/
[2021.01.15 05:13:35] Error while processing. URL: https://www.instagram.com/polizei.hannover/tagged/
[2021.01.15 05:13:35] store the html code of : (https://www.instagram.com/frieda_rudi_make_oink/) in frieda_rudi_make_oink/posts/old.html
[2021.01.15 05:13:35] OR in frieda_rudi_make_oink/posts/new.html
[2021.01.15 05:13:35] --------------------------------------------

[2021.01.15 05:13:47] Error while downloading the html files.
Exception message: IndexError: list index out of range
[2021.01.15 05:13:47] Error while downloading the html files.
Exception message: IndexError: list index out of range
[2021.01.15 05:13:47] Error while processing. URL: https://www.instagram.com/frieda_rudi_make_oink/
[2021.01.15 05:13:47] Error while processing. URL: https://www.instagram.com/frieda_rudi_make_oink/
[2021.01.15 05:13:48] 


[2021.01.15 05:13:48] 	********MONITORING PHASE********
[2021.01.15 05:13:48] Skip modifying the html files of href: https://www.instagram.com/polizei.hannover/. [Download Error]
[2021.01.15 05:13:48] Skip modifying the html files of href: https://www.instagram.com/polizei.hannover/. [Download Error]
[2021.01.15 05:13:48] Skip modifying the html files of href: https://www.instagram.com/polizei.hannover/channel/. [Download Error]
[2021.01.15 05:13:48] Skip modifying the html files of href: https://www.instagram.com/polizei.hannover/channel/. [Download Error]
[2021.01.15 05:13:48] Skip modifying the html files of href: https://www.instagram.com/polizei.hannover/tagged/. [Download Error]
[2021.01.15 05:13:48] Skip modifying the html files of href: https://www.instagram.com/polizei.hannover/tagged/. [Download Error]
[2021.01.15 05:13:48] Skip modifying the html files of href: https://www.instagram.com/frieda_rudi_make_oink/. [Download Error]
[2021.01.15 05:13:48] Skip modifying the html files of href: https://www.instagram.com/frieda_rudi_make_oink/. [Download Error]
[2021.01.15 05:13:48] 		{{{RESULT}}}
[2021.01.15 05:13:48] ID:	polizei.hannover
[2021.01.15 05:13:48] Type:	posts
[2021.01.15 05:13:48] Mode:	2
[2021.01.15 05:13:48] Change:	False
[2021.01.15 05:13:48] Notify:	False
[2021.01.15 05:13:48] Error:	True

[2021.01.15 05:13:48] ID:	polizei.hannover
[2021.01.15 05:13:48] Type:	igtv
[2021.01.15 05:13:48] Mode:	1
[2021.01.15 05:13:48] Change:	False
[2021.01.15 05:13:48] Notify:	False
[2021.01.15 05:13:48] Error:	True

[2021.01.15 05:13:48] ID:	polizei.hannover
[2021.01.15 05:13:48] Type:	tagged
[2021.01.15 05:13:48] Mode:	1
[2021.01.15 05:13:48] Change:	False
[2021.01.15 05:13:48] Notify:	False
[2021.01.15 05:13:48] Error:	True

[2021.01.15 05:13:48] ID:	frieda_rudi_make_oink
[2021.01.15 05:13:48] Type:	posts
[2021.01.15 05:13:48] Mode:	1
[2021.01.15 05:13:48] Change:	False
[2021.01.15 05:13:48] Notify:	False
[2021.01.15 05:13:48] Error:	True

waiting 3 seconds
Execution 41
[2021.01.15 05:13:55] 		{{{BASIC TEST}}}
[2021.01.15 05:13:55] 


[2021.01.15 05:13:55] 	************STORING PHASE************

[2021.01.15 05:14:31] store the html code of : (https://www.instagram.com/polizei.hannover/) in polizei.hannover/posts/old.html
[2021.01.15 05:14:31] OR in polizei.hannover/posts/new.html
[2021.01.15 05:14:31] --------------------------------------------

[2021.01.15 05:14:48] Error while downloading the html files.
Exception message: IndexError: list index out of range
[2021.01.15 05:14:48] Error while downloading the html files.
Exception message: IndexError: list index out of range
[2021.01.15 05:14:48] Error while processing. URL: https://www.instagram.com/polizei.hannover/
[2021.01.15 05:14:48] Error while processing. URL: https://www.instagram.com/polizei.hannover/
[2021.01.15 05:14:48] store the html code of : (https://www.instagram.com/polizei.hannover/channel/) in polizei.hannover/igtv/old.html
[2021.01.15 05:14:48] OR in polizei.hannover/igtv/new.html
[2021.01.15 05:14:48] --------------------------------------------

[2021.01.15 05:15:02] Error while downloading the html files.
Exception message: IndexError: list index out of range
[2021.01.15 05:15:02] Error while downloading the html files.
Exception message: IndexError: list index out of range
[2021.01.15 05:15:02] Error while processing. URL: https://www.instagram.com/polizei.hannover/channel/
[2021.01.15 05:15:02] Error while processing. URL: https://www.instagram.com/polizei.hannover/channel/
[2021.01.15 05:15:02] store the html code of : (https://www.instagram.com/polizei.hannover/tagged/) in polizei.hannover/tagged/old.html
[2021.01.15 05:15:02] OR in polizei.hannover/tagged/new.html
[2021.01.15 05:15:02] --------------------------------------------

[2021.01.15 05:15:17] Error while downloading the html files.
Exception message: IndexError: list index out of range
[2021.01.15 05:15:17] Error while downloading the html files.
Exception message: IndexError: list index out of range
[2021.01.15 05:15:17] Error while processing. URL: https://www.instagram.com/polizei.hannover/tagged/
[2021.01.15 05:15:17] Error while processing. URL: https://www.instagram.com/polizei.hannover/tagged/
[2021.01.15 05:15:17] store the html code of : (https://www.instagram.com/frieda_rudi_make_oink/) in frieda_rudi_make_oink/posts/old.html
[2021.01.15 05:15:17] OR in frieda_rudi_make_oink/posts/new.html
[2021.01.15 05:15:17] --------------------------------------------

[2021.01.15 05:15:33] Error while downloading the html files.
Exception message: IndexError: list index out of range
[2021.01.15 05:15:33] Error while downloading the html files.
Exception message: IndexError: list index out of range
[2021.01.15 05:15:33] Error while processing. URL: https://www.instagram.com/frieda_rudi_make_oink/
[2021.01.15 05:15:33] Error while processing. URL: https://www.instagram.com/frieda_rudi_make_oink/
[2021.01.15 05:15:34] 


[2021.01.15 05:15:34] 	********MONITORING PHASE********
[2021.01.15 05:15:34] Skip modifying the html files of href: https://www.instagram.com/polizei.hannover/. [Download Error]
[2021.01.15 05:15:34] Skip modifying the html files of href: https://www.instagram.com/polizei.hannover/. [Download Error]
[2021.01.15 05:15:34] Skip modifying the html files of href: https://www.instagram.com/polizei.hannover/channel/. [Download Error]
[2021.01.15 05:15:34] Skip modifying the html files of href: https://www.instagram.com/polizei.hannover/channel/. [Download Error]
[2021.01.15 05:15:34] Skip modifying the html files of href: https://www.instagram.com/polizei.hannover/tagged/. [Download Error]
[2021.01.15 05:15:34] Skip modifying the html files of href: https://www.instagram.com/polizei.hannover/tagged/. [Download Error]
[2021.01.15 05:15:34] Skip modifying the html files of href: https://www.instagram.com/frieda_rudi_make_oink/. [Download Error]
[2021.01.15 05:15:34] Skip modifying the html files of href: https://www.instagram.com/frieda_rudi_make_oink/. [Download Error]
[2021.01.15 05:15:34] 		{{{RESULT}}}
[2021.01.15 05:15:34] ID:	polizei.hannover
[2021.01.15 05:15:34] Type:	posts
[2021.01.15 05:15:34] Mode:	2
[2021.01.15 05:15:34] Change:	False
[2021.01.15 05:15:34] Notify:	False
[2021.01.15 05:15:34] Error:	True

[2021.01.15 05:15:34] ID:	polizei.hannover
[2021.01.15 05:15:34] Type:	igtv
[2021.01.15 05:15:34] Mode:	1
[2021.01.15 05:15:34] Change:	False
[2021.01.15 05:15:34] Notify:	False
[2021.01.15 05:15:34] Error:	True

[2021.01.15 05:15:34] ID:	polizei.hannover
[2021.01.15 05:15:34] Type:	tagged
[2021.01.15 05:15:34] Mode:	1
[2021.01.15 05:15:34] Change:	False
[2021.01.15 05:15:34] Notify:	False
[2021.01.15 05:15:34] Error:	True

[2021.01.15 05:15:34] ID:	frieda_rudi_make_oink
[2021.01.15 05:15:34] Type:	posts
[2021.01.15 05:15:34] Mode:	1
[2021.01.15 05:15:34] Change:	False
[2021.01.15 05:15:34] Notify:	False
[2021.01.15 05:15:34] Error:	True

waiting 3 seconds
Execution 42
[2021.01.15 05:15:41] 		{{{BASIC TEST}}}
[2021.01.15 05:15:41] 


[2021.01.15 05:15:41] 	************STORING PHASE************

[2021.01.15 05:16:11] store the html code of : (https://www.instagram.com/polizei.hannover/) in polizei.hannover/posts/old.html
[2021.01.15 05:16:11] OR in polizei.hannover/posts/new.html
[2021.01.15 05:16:11] --------------------------------------------

[2021.01.15 05:16:23] Error while downloading the html files.
Exception message: IndexError: list index out of range
[2021.01.15 05:16:23] Error while downloading the html files.
Exception message: IndexError: list index out of range
[2021.01.15 05:16:23] Error while processing. URL: https://www.instagram.com/polizei.hannover/
[2021.01.15 05:16:23] Error while processing. URL: https://www.instagram.com/polizei.hannover/
[2021.01.15 05:16:23] store the html code of : (https://www.instagram.com/polizei.hannover/channel/) in polizei.hannover/igtv/old.html
[2021.01.15 05:16:23] OR in polizei.hannover/igtv/new.html
[2021.01.15 05:16:23] --------------------------------------------

[2021.01.15 05:16:39] Error while downloading the html files.
Exception message: IndexError: list index out of range
[2021.01.15 05:16:39] Error while downloading the html files.
Exception message: IndexError: list index out of range
[2021.01.15 05:16:39] Error while processing. URL: https://www.instagram.com/polizei.hannover/channel/
[2021.01.15 05:16:39] Error while processing. URL: https://www.instagram.com/polizei.hannover/channel/
[2021.01.15 05:16:39] store the html code of : (https://www.instagram.com/polizei.hannover/tagged/) in polizei.hannover/tagged/old.html
[2021.01.15 05:16:39] OR in polizei.hannover/tagged/new.html
[2021.01.15 05:16:39] --------------------------------------------

[2021.01.15 05:16:51] Error while downloading the html files.
Exception message: IndexError: list index out of range
[2021.01.15 05:16:51] Error while downloading the html files.
Exception message: IndexError: list index out of range
[2021.01.15 05:16:51] Error while processing. URL: https://www.instagram.com/polizei.hannover/tagged/
[2021.01.15 05:16:51] Error while processing. URL: https://www.instagram.com/polizei.hannover/tagged/
[2021.01.15 05:16:51] store the html code of : (https://www.instagram.com/frieda_rudi_make_oink/) in frieda_rudi_make_oink/posts/old.html
[2021.01.15 05:16:51] OR in frieda_rudi_make_oink/posts/new.html
[2021.01.15 05:16:51] --------------------------------------------

[2021.01.15 05:17:07] Error while downloading the html files.
Exception message: IndexError: list index out of range
[2021.01.15 05:17:07] Error while downloading the html files.
Exception message: IndexError: list index out of range
[2021.01.15 05:17:07] Error while processing. URL: https://www.instagram.com/frieda_rudi_make_oink/
[2021.01.15 05:17:07] Error while processing. URL: https://www.instagram.com/frieda_rudi_make_oink/
[2021.01.15 05:17:07] 


[2021.01.15 05:17:07] 	********MONITORING PHASE********
[2021.01.15 05:17:07] Skip modifying the html files of href: https://www.instagram.com/polizei.hannover/. [Download Error]
[2021.01.15 05:17:07] Skip modifying the html files of href: https://www.instagram.com/polizei.hannover/. [Download Error]
[2021.01.15 05:17:07] Skip modifying the html files of href: https://www.instagram.com/polizei.hannover/channel/. [Download Error]
[2021.01.15 05:17:07] Skip modifying the html files of href: https://www.instagram.com/polizei.hannover/channel/. [Download Error]
[2021.01.15 05:17:07] Skip modifying the html files of href: https://www.instagram.com/polizei.hannover/tagged/. [Download Error]
[2021.01.15 05:17:07] Skip modifying the html files of href: https://www.instagram.com/polizei.hannover/tagged/. [Download Error]
[2021.01.15 05:17:07] Skip modifying the html files of href: https://www.instagram.com/frieda_rudi_make_oink/. [Download Error]
[2021.01.15 05:17:07] Skip modifying the html files of href: https://www.instagram.com/frieda_rudi_make_oink/. [Download Error]
[2021.01.15 05:17:07] 		{{{RESULT}}}
[2021.01.15 05:17:07] ID:	polizei.hannover
[2021.01.15 05:17:07] Type:	posts
[2021.01.15 05:17:07] Mode:	2
[2021.01.15 05:17:07] Change:	False
[2021.01.15 05:17:07] Notify:	False
[2021.01.15 05:17:07] Error:	True

[2021.01.15 05:17:07] ID:	polizei.hannover
[2021.01.15 05:17:07] Type:	igtv
[2021.01.15 05:17:07] Mode:	1
[2021.01.15 05:17:07] Change:	False
[2021.01.15 05:17:07] Notify:	False
[2021.01.15 05:17:07] Error:	True

[2021.01.15 05:17:07] ID:	polizei.hannover
[2021.01.15 05:17:07] Type:	tagged
[2021.01.15 05:17:07] Mode:	1
[2021.01.15 05:17:07] Change:	False
[2021.01.15 05:17:07] Notify:	False
[2021.01.15 05:17:07] Error:	True

[2021.01.15 05:17:07] ID:	frieda_rudi_make_oink
[2021.01.15 05:17:07] Type:	posts
[2021.01.15 05:17:07] Mode:	1
[2021.01.15 05:17:07] Change:	False
[2021.01.15 05:17:07] Notify:	False
[2021.01.15 05:17:07] Error:	True

waiting 3 seconds
Execution 43
[2021.01.15 05:17:14] 		{{{BASIC TEST}}}
[2021.01.15 05:17:14] 


[2021.01.15 05:17:14] 	************STORING PHASE************

[2021.01.15 05:17:44] store the html code of : (https://www.instagram.com/polizei.hannover/) in polizei.hannover/posts/old.html
[2021.01.15 05:17:44] OR in polizei.hannover/posts/new.html
[2021.01.15 05:17:44] --------------------------------------------

[2021.01.15 05:17:58] Error while downloading the html files.
Exception message: IndexError: list index out of range
[2021.01.15 05:17:58] Error while downloading the html files.
Exception message: IndexError: list index out of range
[2021.01.15 05:17:58] Error while processing. URL: https://www.instagram.com/polizei.hannover/
[2021.01.15 05:17:58] Error while processing. URL: https://www.instagram.com/polizei.hannover/
[2021.01.15 05:17:58] store the html code of : (https://www.instagram.com/polizei.hannover/channel/) in polizei.hannover/igtv/old.html
[2021.01.15 05:17:58] OR in polizei.hannover/igtv/new.html
[2021.01.15 05:17:58] --------------------------------------------

[2021.01.15 05:18:14] Error while downloading the html files.
Exception message: IndexError: list index out of range
[2021.01.15 05:18:14] Error while downloading the html files.
Exception message: IndexError: list index out of range
[2021.01.15 05:18:14] Error while processing. URL: https://www.instagram.com/polizei.hannover/channel/
[2021.01.15 05:18:14] Error while processing. URL: https://www.instagram.com/polizei.hannover/channel/
[2021.01.15 05:18:14] store the html code of : (https://www.instagram.com/polizei.hannover/tagged/) in polizei.hannover/tagged/old.html
[2021.01.15 05:18:14] OR in polizei.hannover/tagged/new.html
[2021.01.15 05:18:14] --------------------------------------------

[2021.01.15 05:18:26] Error while downloading the html files.
Exception message: IndexError: list index out of range
[2021.01.15 05:18:26] Error while downloading the html files.
Exception message: IndexError: list index out of range
[2021.01.15 05:18:26] Error while processing. URL: https://www.instagram.com/polizei.hannover/tagged/
[2021.01.15 05:18:26] Error while processing. URL: https://www.instagram.com/polizei.hannover/tagged/
[2021.01.15 05:18:26] store the html code of : (https://www.instagram.com/frieda_rudi_make_oink/) in frieda_rudi_make_oink/posts/old.html
[2021.01.15 05:18:26] OR in frieda_rudi_make_oink/posts/new.html
[2021.01.15 05:18:26] --------------------------------------------

[2021.01.15 05:18:38] Error while downloading the html files.
Exception message: IndexError: list index out of range
[2021.01.15 05:18:38] Error while downloading the html files.
Exception message: IndexError: list index out of range
[2021.01.15 05:18:38] Error while processing. URL: https://www.instagram.com/frieda_rudi_make_oink/
[2021.01.15 05:18:38] Error while processing. URL: https://www.instagram.com/frieda_rudi_make_oink/
[2021.01.15 05:18:39] 


[2021.01.15 05:18:39] 	********MONITORING PHASE********
[2021.01.15 05:18:39] Skip modifying the html files of href: https://www.instagram.com/polizei.hannover/. [Download Error]
[2021.01.15 05:18:39] Skip modifying the html files of href: https://www.instagram.com/polizei.hannover/. [Download Error]
[2021.01.15 05:18:39] Skip modifying the html files of href: https://www.instagram.com/polizei.hannover/channel/. [Download Error]
[2021.01.15 05:18:39] Skip modifying the html files of href: https://www.instagram.com/polizei.hannover/channel/. [Download Error]
[2021.01.15 05:18:39] Skip modifying the html files of href: https://www.instagram.com/polizei.hannover/tagged/. [Download Error]
[2021.01.15 05:18:39] Skip modifying the html files of href: https://www.instagram.com/polizei.hannover/tagged/. [Download Error]
[2021.01.15 05:18:39] Skip modifying the html files of href: https://www.instagram.com/frieda_rudi_make_oink/. [Download Error]
[2021.01.15 05:18:39] Skip modifying the html files of href: https://www.instagram.com/frieda_rudi_make_oink/. [Download Error]
[2021.01.15 05:18:39] 		{{{RESULT}}}
[2021.01.15 05:18:39] ID:	polizei.hannover
[2021.01.15 05:18:39] Type:	posts
[2021.01.15 05:18:39] Mode:	2
[2021.01.15 05:18:39] Change:	False
[2021.01.15 05:18:39] Notify:	False
[2021.01.15 05:18:39] Error:	True

[2021.01.15 05:18:39] ID:	polizei.hannover
[2021.01.15 05:18:39] Type:	igtv
[2021.01.15 05:18:39] Mode:	1
[2021.01.15 05:18:39] Change:	False
[2021.01.15 05:18:39] Notify:	False
[2021.01.15 05:18:39] Error:	True

[2021.01.15 05:18:39] ID:	polizei.hannover
[2021.01.15 05:18:39] Type:	tagged
[2021.01.15 05:18:39] Mode:	1
[2021.01.15 05:18:39] Change:	False
[2021.01.15 05:18:39] Notify:	False
[2021.01.15 05:18:39] Error:	True

[2021.01.15 05:18:39] ID:	frieda_rudi_make_oink
[2021.01.15 05:18:39] Type:	posts
[2021.01.15 05:18:39] Mode:	1
[2021.01.15 05:18:39] Change:	False
[2021.01.15 05:18:39] Notify:	False
[2021.01.15 05:18:39] Error:	True

waiting 3 seconds
Execution 44
[2021.01.15 05:18:45] 		{{{BASIC TEST}}}
[2021.01.15 05:18:45] 


[2021.01.15 05:18:45] 	************STORING PHASE************

[2021.01.15 05:19:15] store the html code of : (https://www.instagram.com/polizei.hannover/) in polizei.hannover/posts/old.html
[2021.01.15 05:19:15] OR in polizei.hannover/posts/new.html
[2021.01.15 05:19:15] --------------------------------------------

[2021.01.15 05:19:29] Error while downloading the html files.
Exception message: IndexError: list index out of range
[2021.01.15 05:19:29] Error while downloading the html files.
Exception message: IndexError: list index out of range
[2021.01.15 05:19:29] Error while processing. URL: https://www.instagram.com/polizei.hannover/
[2021.01.15 05:19:29] Error while processing. URL: https://www.instagram.com/polizei.hannover/
[2021.01.15 05:19:29] store the html code of : (https://www.instagram.com/polizei.hannover/channel/) in polizei.hannover/igtv/old.html
[2021.01.15 05:19:29] OR in polizei.hannover/igtv/new.html
[2021.01.15 05:19:29] --------------------------------------------

[2021.01.15 05:19:42] Error while downloading the html files.
Exception message: IndexError: list index out of range
[2021.01.15 05:19:42] Error while downloading the html files.
Exception message: IndexError: list index out of range
[2021.01.15 05:19:42] Error while processing. URL: https://www.instagram.com/polizei.hannover/channel/
[2021.01.15 05:19:42] Error while processing. URL: https://www.instagram.com/polizei.hannover/channel/
[2021.01.15 05:19:42] store the html code of : (https://www.instagram.com/polizei.hannover/tagged/) in polizei.hannover/tagged/old.html
[2021.01.15 05:19:42] OR in polizei.hannover/tagged/new.html
[2021.01.15 05:19:42] --------------------------------------------

[2021.01.15 05:19:55] Error while downloading the html files.
Exception message: IndexError: list index out of range
[2021.01.15 05:19:55] Error while downloading the html files.
Exception message: IndexError: list index out of range
[2021.01.15 05:19:56] Error while processing. URL: https://www.instagram.com/polizei.hannover/tagged/
[2021.01.15 05:19:56] Error while processing. URL: https://www.instagram.com/polizei.hannover/tagged/
[2021.01.15 05:19:56] store the html code of : (https://www.instagram.com/frieda_rudi_make_oink/) in frieda_rudi_make_oink/posts/old.html
[2021.01.15 05:19:56] OR in frieda_rudi_make_oink/posts/new.html
[2021.01.15 05:19:56] --------------------------------------------

[2021.01.15 05:20:08] Error while downloading the html files.
Exception message: IndexError: list index out of range
[2021.01.15 05:20:08] Error while downloading the html files.
Exception message: IndexError: list index out of range
[2021.01.15 05:20:08] Error while processing. URL: https://www.instagram.com/frieda_rudi_make_oink/
[2021.01.15 05:20:08] Error while processing. URL: https://www.instagram.com/frieda_rudi_make_oink/
[2021.01.15 05:20:09] 


[2021.01.15 05:20:09] 	********MONITORING PHASE********
[2021.01.15 05:20:09] Skip modifying the html files of href: https://www.instagram.com/polizei.hannover/. [Download Error]
[2021.01.15 05:20:09] Skip modifying the html files of href: https://www.instagram.com/polizei.hannover/. [Download Error]
[2021.01.15 05:20:09] Skip modifying the html files of href: https://www.instagram.com/polizei.hannover/channel/. [Download Error]
[2021.01.15 05:20:09] Skip modifying the html files of href: https://www.instagram.com/polizei.hannover/channel/. [Download Error]
[2021.01.15 05:20:09] Skip modifying the html files of href: https://www.instagram.com/polizei.hannover/tagged/. [Download Error]
[2021.01.15 05:20:09] Skip modifying the html files of href: https://www.instagram.com/polizei.hannover/tagged/. [Download Error]
[2021.01.15 05:20:09] Skip modifying the html files of href: https://www.instagram.com/frieda_rudi_make_oink/. [Download Error]
[2021.01.15 05:20:09] Skip modifying the html files of href: https://www.instagram.com/frieda_rudi_make_oink/. [Download Error]
[2021.01.15 05:20:09] 		{{{RESULT}}}
[2021.01.15 05:20:09] ID:	polizei.hannover
[2021.01.15 05:20:09] Type:	posts
[2021.01.15 05:20:09] Mode:	2
[2021.01.15 05:20:09] Change:	False
[2021.01.15 05:20:09] Notify:	False
[2021.01.15 05:20:09] Error:	True

[2021.01.15 05:20:09] ID:	polizei.hannover
[2021.01.15 05:20:09] Type:	igtv
[2021.01.15 05:20:09] Mode:	1
[2021.01.15 05:20:09] Change:	False
[2021.01.15 05:20:09] Notify:	False
[2021.01.15 05:20:09] Error:	True

[2021.01.15 05:20:09] ID:	polizei.hannover
[2021.01.15 05:20:09] Type:	tagged
[2021.01.15 05:20:09] Mode:	1
[2021.01.15 05:20:09] Change:	False
[2021.01.15 05:20:09] Notify:	False
[2021.01.15 05:20:09] Error:	True

[2021.01.15 05:20:09] ID:	frieda_rudi_make_oink
[2021.01.15 05:20:09] Type:	posts
[2021.01.15 05:20:09] Mode:	1
[2021.01.15 05:20:09] Change:	False
[2021.01.15 05:20:09] Notify:	False
[2021.01.15 05:20:09] Error:	True

waiting 3 seconds
Execution 45
[2021.01.15 05:20:16] 		{{{BASIC TEST}}}
[2021.01.15 05:20:16] 


[2021.01.15 05:20:16] 	************STORING PHASE************

[2021.01.15 05:20:41] store the html code of : (https://www.instagram.com/polizei.hannover/) in polizei.hannover/posts/old.html
[2021.01.15 05:20:41] OR in polizei.hannover/posts/new.html
[2021.01.15 05:20:41] --------------------------------------------

[2021.01.15 05:20:56] Error while downloading the html files.
Exception message: IndexError: list index out of range
[2021.01.15 05:20:56] Error while downloading the html files.
Exception message: IndexError: list index out of range
[2021.01.15 05:20:56] Error while processing. URL: https://www.instagram.com/polizei.hannover/
[2021.01.15 05:20:56] Error while processing. URL: https://www.instagram.com/polizei.hannover/
[2021.01.15 05:20:56] store the html code of : (https://www.instagram.com/polizei.hannover/channel/) in polizei.hannover/igtv/old.html
[2021.01.15 05:20:56] OR in polizei.hannover/igtv/new.html
[2021.01.15 05:20:56] --------------------------------------------

[2021.01.15 05:21:08] Error while downloading the html files.
Exception message: IndexError: list index out of range
[2021.01.15 05:21:08] Error while downloading the html files.
Exception message: IndexError: list index out of range
[2021.01.15 05:21:08] Error while processing. URL: https://www.instagram.com/polizei.hannover/channel/
[2021.01.15 05:21:08] Error while processing. URL: https://www.instagram.com/polizei.hannover/channel/
[2021.01.15 05:21:08] store the html code of : (https://www.instagram.com/polizei.hannover/tagged/) in polizei.hannover/tagged/old.html
[2021.01.15 05:21:08] OR in polizei.hannover/tagged/new.html
[2021.01.15 05:21:08] --------------------------------------------

[2021.01.15 05:21:23] Error while downloading the html files.
Exception message: IndexError: list index out of range
[2021.01.15 05:21:23] Error while downloading the html files.
Exception message: IndexError: list index out of range
[2021.01.15 05:21:23] Error while processing. URL: https://www.instagram.com/polizei.hannover/tagged/
[2021.01.15 05:21:23] Error while processing. URL: https://www.instagram.com/polizei.hannover/tagged/
[2021.01.15 05:21:23] store the html code of : (https://www.instagram.com/frieda_rudi_make_oink/) in frieda_rudi_make_oink/posts/old.html
[2021.01.15 05:21:23] OR in frieda_rudi_make_oink/posts/new.html
[2021.01.15 05:21:23] --------------------------------------------

[2021.01.15 05:21:39] Error while downloading the html files.
Exception message: IndexError: list index out of range
[2021.01.15 05:21:39] Error while downloading the html files.
Exception message: IndexError: list index out of range
[2021.01.15 05:21:39] Error while processing. URL: https://www.instagram.com/frieda_rudi_make_oink/
[2021.01.15 05:21:39] Error while processing. URL: https://www.instagram.com/frieda_rudi_make_oink/
[2021.01.15 05:21:40] 


[2021.01.15 05:21:40] 	********MONITORING PHASE********
[2021.01.15 05:21:40] Skip modifying the html files of href: https://www.instagram.com/polizei.hannover/. [Download Error]
[2021.01.15 05:21:40] Skip modifying the html files of href: https://www.instagram.com/polizei.hannover/. [Download Error]
[2021.01.15 05:21:40] Skip modifying the html files of href: https://www.instagram.com/polizei.hannover/channel/. [Download Error]
[2021.01.15 05:21:40] Skip modifying the html files of href: https://www.instagram.com/polizei.hannover/channel/. [Download Error]
[2021.01.15 05:21:40] Skip modifying the html files of href: https://www.instagram.com/polizei.hannover/tagged/. [Download Error]
[2021.01.15 05:21:40] Skip modifying the html files of href: https://www.instagram.com/polizei.hannover/tagged/. [Download Error]
[2021.01.15 05:21:40] Skip modifying the html files of href: https://www.instagram.com/frieda_rudi_make_oink/. [Download Error]
[2021.01.15 05:21:40] Skip modifying the html files of href: https://www.instagram.com/frieda_rudi_make_oink/. [Download Error]
[2021.01.15 05:21:40] 		{{{RESULT}}}
[2021.01.15 05:21:40] ID:	polizei.hannover
[2021.01.15 05:21:40] Type:	posts
[2021.01.15 05:21:40] Mode:	2
[2021.01.15 05:21:40] Change:	False
[2021.01.15 05:21:40] Notify:	False
[2021.01.15 05:21:40] Error:	True

[2021.01.15 05:21:40] ID:	polizei.hannover
[2021.01.15 05:21:40] Type:	igtv
[2021.01.15 05:21:40] Mode:	1
[2021.01.15 05:21:40] Change:	False
[2021.01.15 05:21:40] Notify:	False
[2021.01.15 05:21:40] Error:	True

[2021.01.15 05:21:40] ID:	polizei.hannover
[2021.01.15 05:21:40] Type:	tagged
[2021.01.15 05:21:40] Mode:	1
[2021.01.15 05:21:40] Change:	False
[2021.01.15 05:21:40] Notify:	False
[2021.01.15 05:21:40] Error:	True

[2021.01.15 05:21:40] ID:	frieda_rudi_make_oink
[2021.01.15 05:21:40] Type:	posts
[2021.01.15 05:21:40] Mode:	1
[2021.01.15 05:21:40] Change:	False
[2021.01.15 05:21:40] Notify:	False
[2021.01.15 05:21:40] Error:	True

waiting 3 seconds
Execution 46
[2021.01.15 05:21:46] 		{{{BASIC TEST}}}
[2021.01.15 05:21:46] 


[2021.01.15 05:21:46] 	************STORING PHASE************

[2021.01.15 05:22:19] store the html code of : (https://www.instagram.com/polizei.hannover/) in polizei.hannover/posts/old.html
[2021.01.15 05:22:19] OR in polizei.hannover/posts/new.html
[2021.01.15 05:22:19] --------------------------------------------

[2021.01.15 05:22:33] Error while downloading the html files.
Exception message: IndexError: list index out of range
[2021.01.15 05:22:33] Error while downloading the html files.
Exception message: IndexError: list index out of range
[2021.01.15 05:22:33] Error while processing. URL: https://www.instagram.com/polizei.hannover/
[2021.01.15 05:22:33] Error while processing. URL: https://www.instagram.com/polizei.hannover/
[2021.01.15 05:22:33] store the html code of : (https://www.instagram.com/polizei.hannover/channel/) in polizei.hannover/igtv/old.html
[2021.01.15 05:22:33] OR in polizei.hannover/igtv/new.html
[2021.01.15 05:22:33] --------------------------------------------

[2021.01.15 05:22:51] Error while downloading the html files.
Exception message: IndexError: list index out of range
[2021.01.15 05:22:51] Error while downloading the html files.
Exception message: IndexError: list index out of range
[2021.01.15 05:22:51] Error while processing. URL: https://www.instagram.com/polizei.hannover/channel/
[2021.01.15 05:22:51] Error while processing. URL: https://www.instagram.com/polizei.hannover/channel/
[2021.01.15 05:22:51] store the html code of : (https://www.instagram.com/polizei.hannover/tagged/) in polizei.hannover/tagged/old.html
[2021.01.15 05:22:51] OR in polizei.hannover/tagged/new.html
[2021.01.15 05:22:51] --------------------------------------------

[2021.01.15 05:23:06] Error while downloading the html files.
Exception message: IndexError: list index out of range
[2021.01.15 05:23:06] Error while downloading the html files.
Exception message: IndexError: list index out of range
[2021.01.15 05:23:06] Error while processing. URL: https://www.instagram.com/polizei.hannover/tagged/
[2021.01.15 05:23:06] Error while processing. URL: https://www.instagram.com/polizei.hannover/tagged/
[2021.01.15 05:23:06] store the html code of : (https://www.instagram.com/frieda_rudi_make_oink/) in frieda_rudi_make_oink/posts/old.html
[2021.01.15 05:23:06] OR in frieda_rudi_make_oink/posts/new.html
[2021.01.15 05:23:06] --------------------------------------------

[2021.01.15 05:23:18] Error while downloading the html files.
Exception message: IndexError: list index out of range
[2021.01.15 05:23:18] Error while downloading the html files.
Exception message: IndexError: list index out of range
[2021.01.15 05:23:18] Error while processing. URL: https://www.instagram.com/frieda_rudi_make_oink/
[2021.01.15 05:23:18] Error while processing. URL: https://www.instagram.com/frieda_rudi_make_oink/
[2021.01.15 05:23:19] 


[2021.01.15 05:23:19] 	********MONITORING PHASE********
[2021.01.15 05:23:19] Skip modifying the html files of href: https://www.instagram.com/polizei.hannover/. [Download Error]
[2021.01.15 05:23:19] Skip modifying the html files of href: https://www.instagram.com/polizei.hannover/. [Download Error]
[2021.01.15 05:23:19] Skip modifying the html files of href: https://www.instagram.com/polizei.hannover/channel/. [Download Error]
[2021.01.15 05:23:19] Skip modifying the html files of href: https://www.instagram.com/polizei.hannover/channel/. [Download Error]
[2021.01.15 05:23:19] Skip modifying the html files of href: https://www.instagram.com/polizei.hannover/tagged/. [Download Error]
[2021.01.15 05:23:19] Skip modifying the html files of href: https://www.instagram.com/polizei.hannover/tagged/. [Download Error]
[2021.01.15 05:23:19] Skip modifying the html files of href: https://www.instagram.com/frieda_rudi_make_oink/. [Download Error]
[2021.01.15 05:23:19] Skip modifying the html files of href: https://www.instagram.com/frieda_rudi_make_oink/. [Download Error]
[2021.01.15 05:23:19] 		{{{RESULT}}}
[2021.01.15 05:23:19] ID:	polizei.hannover
[2021.01.15 05:23:19] Type:	posts
[2021.01.15 05:23:19] Mode:	2
[2021.01.15 05:23:19] Change:	False
[2021.01.15 05:23:19] Notify:	False
[2021.01.15 05:23:19] Error:	True

[2021.01.15 05:23:19] ID:	polizei.hannover
[2021.01.15 05:23:19] Type:	igtv
[2021.01.15 05:23:19] Mode:	1
[2021.01.15 05:23:19] Change:	False
[2021.01.15 05:23:19] Notify:	False
[2021.01.15 05:23:19] Error:	True

[2021.01.15 05:23:19] ID:	polizei.hannover
[2021.01.15 05:23:19] Type:	tagged
[2021.01.15 05:23:19] Mode:	1
[2021.01.15 05:23:19] Change:	False
[2021.01.15 05:23:19] Notify:	False
[2021.01.15 05:23:19] Error:	True

[2021.01.15 05:23:19] ID:	frieda_rudi_make_oink
[2021.01.15 05:23:19] Type:	posts
[2021.01.15 05:23:19] Mode:	1
[2021.01.15 05:23:19] Change:	False
[2021.01.15 05:23:19] Notify:	False
[2021.01.15 05:23:19] Error:	True

waiting 3 seconds
Execution 47
[2021.01.15 05:23:26] 		{{{BASIC TEST}}}
[2021.01.15 05:23:26] 


[2021.01.15 05:23:26] 	************STORING PHASE************

[2021.01.15 05:23:52] store the html code of : (https://www.instagram.com/polizei.hannover/) in polizei.hannover/posts/old.html
[2021.01.15 05:23:52] OR in polizei.hannover/posts/new.html
[2021.01.15 05:23:52] --------------------------------------------

[2021.01.15 05:24:04] Error while downloading the html files.
Exception message: IndexError: list index out of range
[2021.01.15 05:24:04] Error while downloading the html files.
Exception message: IndexError: list index out of range
[2021.01.15 05:24:04] Error while processing. URL: https://www.instagram.com/polizei.hannover/
[2021.01.15 05:24:04] Error while processing. URL: https://www.instagram.com/polizei.hannover/
[2021.01.15 05:24:04] store the html code of : (https://www.instagram.com/polizei.hannover/channel/) in polizei.hannover/igtv/old.html
[2021.01.15 05:24:04] OR in polizei.hannover/igtv/new.html
[2021.01.15 05:24:04] --------------------------------------------

[2021.01.15 05:24:19] Error while downloading the html files.
Exception message: IndexError: list index out of range
[2021.01.15 05:24:19] Error while downloading the html files.
Exception message: IndexError: list index out of range
[2021.01.15 05:24:19] Error while processing. URL: https://www.instagram.com/polizei.hannover/channel/
[2021.01.15 05:24:19] Error while processing. URL: https://www.instagram.com/polizei.hannover/channel/
[2021.01.15 05:24:19] store the html code of : (https://www.instagram.com/polizei.hannover/tagged/) in polizei.hannover/tagged/old.html
[2021.01.15 05:24:19] OR in polizei.hannover/tagged/new.html
[2021.01.15 05:24:19] --------------------------------------------

[2021.01.15 05:24:31] Error while downloading the html files.
Exception message: IndexError: list index out of range
[2021.01.15 05:24:31] Error while downloading the html files.
Exception message: IndexError: list index out of range
[2021.01.15 05:24:31] Error while processing. URL: https://www.instagram.com/polizei.hannover/tagged/
[2021.01.15 05:24:31] Error while processing. URL: https://www.instagram.com/polizei.hannover/tagged/
[2021.01.15 05:24:31] store the html code of : (https://www.instagram.com/frieda_rudi_make_oink/) in frieda_rudi_make_oink/posts/old.html
[2021.01.15 05:24:31] OR in frieda_rudi_make_oink/posts/new.html
[2021.01.15 05:24:31] --------------------------------------------

[2021.01.15 05:24:43] Error while downloading the html files.
Exception message: IndexError: list index out of range
[2021.01.15 05:24:43] Error while downloading the html files.
Exception message: IndexError: list index out of range
[2021.01.15 05:24:43] Error while processing. URL: https://www.instagram.com/frieda_rudi_make_oink/
[2021.01.15 05:24:43] Error while processing. URL: https://www.instagram.com/frieda_rudi_make_oink/
[2021.01.15 05:24:44] 


[2021.01.15 05:24:44] 	********MONITORING PHASE********
[2021.01.15 05:24:44] Skip modifying the html files of href: https://www.instagram.com/polizei.hannover/. [Download Error]
[2021.01.15 05:24:44] Skip modifying the html files of href: https://www.instagram.com/polizei.hannover/. [Download Error]
[2021.01.15 05:24:44] Skip modifying the html files of href: https://www.instagram.com/polizei.hannover/channel/. [Download Error]
[2021.01.15 05:24:44] Skip modifying the html files of href: https://www.instagram.com/polizei.hannover/channel/. [Download Error]
[2021.01.15 05:24:44] Skip modifying the html files of href: https://www.instagram.com/polizei.hannover/tagged/. [Download Error]
[2021.01.15 05:24:44] Skip modifying the html files of href: https://www.instagram.com/polizei.hannover/tagged/. [Download Error]
[2021.01.15 05:24:44] Skip modifying the html files of href: https://www.instagram.com/frieda_rudi_make_oink/. [Download Error]
[2021.01.15 05:24:44] Skip modifying the html files of href: https://www.instagram.com/frieda_rudi_make_oink/. [Download Error]
[2021.01.15 05:24:44] 		{{{RESULT}}}
[2021.01.15 05:24:44] ID:	polizei.hannover
[2021.01.15 05:24:44] Type:	posts
[2021.01.15 05:24:44] Mode:	2
[2021.01.15 05:24:44] Change:	False
[2021.01.15 05:24:44] Notify:	False
[2021.01.15 05:24:44] Error:	True

[2021.01.15 05:24:44] ID:	polizei.hannover
[2021.01.15 05:24:44] Type:	igtv
[2021.01.15 05:24:44] Mode:	1
[2021.01.15 05:24:44] Change:	False
[2021.01.15 05:24:44] Notify:	False
[2021.01.15 05:24:44] Error:	True

[2021.01.15 05:24:44] ID:	polizei.hannover
[2021.01.15 05:24:44] Type:	tagged
[2021.01.15 05:24:44] Mode:	1
[2021.01.15 05:24:44] Change:	False
[2021.01.15 05:24:44] Notify:	False
[2021.01.15 05:24:44] Error:	True

[2021.01.15 05:24:44] ID:	frieda_rudi_make_oink
[2021.01.15 05:24:44] Type:	posts
[2021.01.15 05:24:44] Mode:	1
[2021.01.15 05:24:44] Change:	False
[2021.01.15 05:24:44] Notify:	False
[2021.01.15 05:24:44] Error:	True

waiting 3 seconds
Execution 48
[2021.01.15 05:24:50] 		{{{BASIC TEST}}}
[2021.01.15 05:24:50] 


[2021.01.15 05:24:50] 	************STORING PHASE************

[2021.01.15 05:25:17] store the html code of : (https://www.instagram.com/polizei.hannover/) in polizei.hannover/posts/old.html
[2021.01.15 05:25:17] OR in polizei.hannover/posts/new.html
[2021.01.15 05:25:17] --------------------------------------------

[2021.01.15 05:25:33] Error while downloading the html files.
Exception message: IndexError: list index out of range
[2021.01.15 05:25:33] Error while downloading the html files.
Exception message: IndexError: list index out of range
[2021.01.15 05:25:33] Error while processing. URL: https://www.instagram.com/polizei.hannover/
[2021.01.15 05:25:33] Error while processing. URL: https://www.instagram.com/polizei.hannover/
[2021.01.15 05:25:33] store the html code of : (https://www.instagram.com/polizei.hannover/channel/) in polizei.hannover/igtv/old.html
[2021.01.15 05:25:33] OR in polizei.hannover/igtv/new.html
[2021.01.15 05:25:33] --------------------------------------------

[2021.01.15 05:25:49] Error while downloading the html files.
Exception message: IndexError: list index out of range
[2021.01.15 05:25:49] Error while downloading the html files.
Exception message: IndexError: list index out of range
[2021.01.15 05:25:49] Error while processing. URL: https://www.instagram.com/polizei.hannover/channel/
[2021.01.15 05:25:49] Error while processing. URL: https://www.instagram.com/polizei.hannover/channel/
[2021.01.15 05:25:49] store the html code of : (https://www.instagram.com/polizei.hannover/tagged/) in polizei.hannover/tagged/old.html
[2021.01.15 05:25:49] OR in polizei.hannover/tagged/new.html
[2021.01.15 05:25:49] --------------------------------------------

[2021.01.15 05:26:05] Error while downloading the html files.
Exception message: IndexError: list index out of range
[2021.01.15 05:26:05] Error while downloading the html files.
Exception message: IndexError: list index out of range
[2021.01.15 05:26:05] Error while processing. URL: https://www.instagram.com/polizei.hannover/tagged/
[2021.01.15 05:26:05] Error while processing. URL: https://www.instagram.com/polizei.hannover/tagged/
[2021.01.15 05:26:05] store the html code of : (https://www.instagram.com/frieda_rudi_make_oink/) in frieda_rudi_make_oink/posts/old.html
[2021.01.15 05:26:05] OR in frieda_rudi_make_oink/posts/new.html
[2021.01.15 05:26:05] --------------------------------------------

[2021.01.15 05:26:20] Error while downloading the html files.
Exception message: IndexError: list index out of range
[2021.01.15 05:26:20] Error while downloading the html files.
Exception message: IndexError: list index out of range
[2021.01.15 05:26:20] Error while processing. URL: https://www.instagram.com/frieda_rudi_make_oink/
[2021.01.15 05:26:20] Error while processing. URL: https://www.instagram.com/frieda_rudi_make_oink/
[2021.01.15 05:26:21] 


[2021.01.15 05:26:21] 	********MONITORING PHASE********
[2021.01.15 05:26:21] Skip modifying the html files of href: https://www.instagram.com/polizei.hannover/. [Download Error]
[2021.01.15 05:26:21] Skip modifying the html files of href: https://www.instagram.com/polizei.hannover/. [Download Error]
[2021.01.15 05:26:21] Skip modifying the html files of href: https://www.instagram.com/polizei.hannover/channel/. [Download Error]
[2021.01.15 05:26:21] Skip modifying the html files of href: https://www.instagram.com/polizei.hannover/channel/. [Download Error]
[2021.01.15 05:26:21] Skip modifying the html files of href: https://www.instagram.com/polizei.hannover/tagged/. [Download Error]
[2021.01.15 05:26:21] Skip modifying the html files of href: https://www.instagram.com/polizei.hannover/tagged/. [Download Error]
[2021.01.15 05:26:21] Skip modifying the html files of href: https://www.instagram.com/frieda_rudi_make_oink/. [Download Error]
[2021.01.15 05:26:21] Skip modifying the html files of href: https://www.instagram.com/frieda_rudi_make_oink/. [Download Error]
[2021.01.15 05:26:21] 		{{{RESULT}}}
[2021.01.15 05:26:21] ID:	polizei.hannover
[2021.01.15 05:26:21] Type:	posts
[2021.01.15 05:26:21] Mode:	2
[2021.01.15 05:26:21] Change:	False
[2021.01.15 05:26:21] Notify:	False
[2021.01.15 05:26:21] Error:	True

[2021.01.15 05:26:21] ID:	polizei.hannover
[2021.01.15 05:26:21] Type:	igtv
[2021.01.15 05:26:21] Mode:	1
[2021.01.15 05:26:21] Change:	False
[2021.01.15 05:26:21] Notify:	False
[2021.01.15 05:26:21] Error:	True

[2021.01.15 05:26:21] ID:	polizei.hannover
[2021.01.15 05:26:21] Type:	tagged
[2021.01.15 05:26:21] Mode:	1
[2021.01.15 05:26:21] Change:	False
[2021.01.15 05:26:21] Notify:	False
[2021.01.15 05:26:21] Error:	True

[2021.01.15 05:26:21] ID:	frieda_rudi_make_oink
[2021.01.15 05:26:21] Type:	posts
[2021.01.15 05:26:21] Mode:	1
[2021.01.15 05:26:21] Change:	False
[2021.01.15 05:26:21] Notify:	False
[2021.01.15 05:26:21] Error:	True

waiting 3 seconds
Execution 49
[2021.01.15 05:26:28] 		{{{BASIC TEST}}}
[2021.01.15 05:26:28] 


[2021.01.15 05:26:28] 	************STORING PHASE************

[2021.01.15 05:26:56] store the html code of : (https://www.instagram.com/polizei.hannover/) in polizei.hannover/posts/old.html
[2021.01.15 05:26:56] OR in polizei.hannover/posts/new.html
[2021.01.15 05:26:56] --------------------------------------------

[2021.01.15 05:27:09] Error while downloading the html files.
Exception message: IndexError: list index out of range
[2021.01.15 05:27:09] Error while downloading the html files.
Exception message: IndexError: list index out of range
[2021.01.15 05:27:09] Error while processing. URL: https://www.instagram.com/polizei.hannover/
[2021.01.15 05:27:09] Error while processing. URL: https://www.instagram.com/polizei.hannover/
[2021.01.15 05:27:09] store the html code of : (https://www.instagram.com/polizei.hannover/channel/) in polizei.hannover/igtv/old.html
[2021.01.15 05:27:09] OR in polizei.hannover/igtv/new.html
[2021.01.15 05:27:09] --------------------------------------------

[2021.01.15 05:27:28] Error while downloading the html files.
Exception message: IndexError: list index out of range
[2021.01.15 05:27:28] Error while downloading the html files.
Exception message: IndexError: list index out of range
[2021.01.15 05:27:28] Error while processing. URL: https://www.instagram.com/polizei.hannover/channel/
[2021.01.15 05:27:28] Error while processing. URL: https://www.instagram.com/polizei.hannover/channel/
[2021.01.15 05:27:28] store the html code of : (https://www.instagram.com/polizei.hannover/tagged/) in polizei.hannover/tagged/old.html
[2021.01.15 05:27:28] OR in polizei.hannover/tagged/new.html
[2021.01.15 05:27:28] --------------------------------------------

[2021.01.15 05:27:45] Error while downloading the html files.
Exception message: IndexError: list index out of range
[2021.01.15 05:27:45] Error while downloading the html files.
Exception message: IndexError: list index out of range
[2021.01.15 05:27:45] Error while processing. URL: https://www.instagram.com/polizei.hannover/tagged/
[2021.01.15 05:27:45] Error while processing. URL: https://www.instagram.com/polizei.hannover/tagged/
[2021.01.15 05:27:45] store the html code of : (https://www.instagram.com/frieda_rudi_make_oink/) in frieda_rudi_make_oink/posts/old.html
[2021.01.15 05:27:45] OR in frieda_rudi_make_oink/posts/new.html
[2021.01.15 05:27:45] --------------------------------------------

[2021.01.15 05:28:00] Error while downloading the html files.
Exception message: IndexError: list index out of range
[2021.01.15 05:28:00] Error while downloading the html files.
Exception message: IndexError: list index out of range
[2021.01.15 05:28:00] Error while processing. URL: https://www.instagram.com/frieda_rudi_make_oink/
[2021.01.15 05:28:00] Error while processing. URL: https://www.instagram.com/frieda_rudi_make_oink/
[2021.01.15 05:28:01] 


[2021.01.15 05:28:01] 	********MONITORING PHASE********
[2021.01.15 05:28:01] Skip modifying the html files of href: https://www.instagram.com/polizei.hannover/. [Download Error]
[2021.01.15 05:28:01] Skip modifying the html files of href: https://www.instagram.com/polizei.hannover/. [Download Error]
[2021.01.15 05:28:01] Skip modifying the html files of href: https://www.instagram.com/polizei.hannover/channel/. [Download Error]
[2021.01.15 05:28:01] Skip modifying the html files of href: https://www.instagram.com/polizei.hannover/channel/. [Download Error]
[2021.01.15 05:28:01] Skip modifying the html files of href: https://www.instagram.com/polizei.hannover/tagged/. [Download Error]
[2021.01.15 05:28:01] Skip modifying the html files of href: https://www.instagram.com/polizei.hannover/tagged/. [Download Error]
[2021.01.15 05:28:01] Skip modifying the html files of href: https://www.instagram.com/frieda_rudi_make_oink/. [Download Error]
[2021.01.15 05:28:01] Skip modifying the html files of href: https://www.instagram.com/frieda_rudi_make_oink/. [Download Error]
[2021.01.15 05:28:01] 		{{{RESULT}}}
[2021.01.15 05:28:01] ID:	polizei.hannover
[2021.01.15 05:28:01] Type:	posts
[2021.01.15 05:28:01] Mode:	2
[2021.01.15 05:28:01] Change:	False
[2021.01.15 05:28:01] Notify:	False
[2021.01.15 05:28:01] Error:	True

[2021.01.15 05:28:01] ID:	polizei.hannover
[2021.01.15 05:28:01] Type:	igtv
[2021.01.15 05:28:01] Mode:	1
[2021.01.15 05:28:01] Change:	False
[2021.01.15 05:28:01] Notify:	False
[2021.01.15 05:28:01] Error:	True

[2021.01.15 05:28:01] ID:	polizei.hannover
[2021.01.15 05:28:01] Type:	tagged
[2021.01.15 05:28:01] Mode:	1
[2021.01.15 05:28:01] Change:	False
[2021.01.15 05:28:01] Notify:	False
[2021.01.15 05:28:01] Error:	True

[2021.01.15 05:28:01] ID:	frieda_rudi_make_oink
[2021.01.15 05:28:01] Type:	posts
[2021.01.15 05:28:01] Mode:	1
[2021.01.15 05:28:01] Change:	False
[2021.01.15 05:28:01] Notify:	False
[2021.01.15 05:28:01] Error:	True

waiting 3 seconds
Execution 50
[2021.01.15 05:28:08] 		{{{BASIC TEST}}}
[2021.01.15 05:28:08] 


[2021.01.15 05:28:08] 	************STORING PHASE************

[2021.01.15 05:28:33] store the html code of : (https://www.instagram.com/polizei.hannover/) in polizei.hannover/posts/old.html
[2021.01.15 05:28:33] OR in polizei.hannover/posts/new.html
[2021.01.15 05:28:33] --------------------------------------------

[2021.01.15 05:28:48] Error while downloading the html files.
Exception message: IndexError: list index out of range
[2021.01.15 05:28:48] Error while downloading the html files.
Exception message: IndexError: list index out of range
[2021.01.15 05:28:48] Error while processing. URL: https://www.instagram.com/polizei.hannover/
[2021.01.15 05:28:48] Error while processing. URL: https://www.instagram.com/polizei.hannover/
[2021.01.15 05:28:48] store the html code of : (https://www.instagram.com/polizei.hannover/channel/) in polizei.hannover/igtv/old.html
[2021.01.15 05:28:48] OR in polizei.hannover/igtv/new.html
[2021.01.15 05:28:48] --------------------------------------------

[2021.01.15 05:29:00] Error while downloading the html files.
Exception message: IndexError: list index out of range
[2021.01.15 05:29:00] Error while downloading the html files.
Exception message: IndexError: list index out of range
[2021.01.15 05:29:00] Error while processing. URL: https://www.instagram.com/polizei.hannover/channel/
[2021.01.15 05:29:00] Error while processing. URL: https://www.instagram.com/polizei.hannover/channel/
[2021.01.15 05:29:00] store the html code of : (https://www.instagram.com/polizei.hannover/tagged/) in polizei.hannover/tagged/old.html
[2021.01.15 05:29:00] OR in polizei.hannover/tagged/new.html
[2021.01.15 05:29:00] --------------------------------------------

[2021.01.15 05:29:14] Error while downloading the html files.
Exception message: IndexError: list index out of range
[2021.01.15 05:29:14] Error while downloading the html files.
Exception message: IndexError: list index out of range
[2021.01.15 05:29:14] Error while processing. URL: https://www.instagram.com/polizei.hannover/tagged/
[2021.01.15 05:29:14] Error while processing. URL: https://www.instagram.com/polizei.hannover/tagged/
[2021.01.15 05:29:14] store the html code of : (https://www.instagram.com/frieda_rudi_make_oink/) in frieda_rudi_make_oink/posts/old.html
[2021.01.15 05:29:14] OR in frieda_rudi_make_oink/posts/new.html
[2021.01.15 05:29:14] --------------------------------------------

[2021.01.15 05:29:26] Error while downloading the html files.
Exception message: IndexError: list index out of range
[2021.01.15 05:29:26] Error while downloading the html files.
Exception message: IndexError: list index out of range
[2021.01.15 05:29:26] Error while processing. URL: https://www.instagram.com/frieda_rudi_make_oink/
[2021.01.15 05:29:26] Error while processing. URL: https://www.instagram.com/frieda_rudi_make_oink/
[2021.01.15 05:29:27] 


[2021.01.15 05:29:27] 	********MONITORING PHASE********
[2021.01.15 05:29:27] Skip modifying the html files of href: https://www.instagram.com/polizei.hannover/. [Download Error]
[2021.01.15 05:29:27] Skip modifying the html files of href: https://www.instagram.com/polizei.hannover/. [Download Error]
[2021.01.15 05:29:27] Skip modifying the html files of href: https://www.instagram.com/polizei.hannover/channel/. [Download Error]
[2021.01.15 05:29:27] Skip modifying the html files of href: https://www.instagram.com/polizei.hannover/channel/. [Download Error]
[2021.01.15 05:29:27] Skip modifying the html files of href: https://www.instagram.com/polizei.hannover/tagged/. [Download Error]
[2021.01.15 05:29:27] Skip modifying the html files of href: https://www.instagram.com/polizei.hannover/tagged/. [Download Error]
[2021.01.15 05:29:27] Skip modifying the html files of href: https://www.instagram.com/frieda_rudi_make_oink/. [Download Error]
[2021.01.15 05:29:27] Skip modifying the html files of href: https://www.instagram.com/frieda_rudi_make_oink/. [Download Error]
[2021.01.15 05:29:27] 		{{{RESULT}}}
[2021.01.15 05:29:27] ID:	polizei.hannover
[2021.01.15 05:29:27] Type:	posts
[2021.01.15 05:29:27] Mode:	2
[2021.01.15 05:29:27] Change:	False
[2021.01.15 05:29:27] Notify:	False
[2021.01.15 05:29:27] Error:	True

[2021.01.15 05:29:27] ID:	polizei.hannover
[2021.01.15 05:29:27] Type:	igtv
[2021.01.15 05:29:27] Mode:	1
[2021.01.15 05:29:27] Change:	False
[2021.01.15 05:29:27] Notify:	False
[2021.01.15 05:29:27] Error:	True

[2021.01.15 05:29:27] ID:	polizei.hannover
[2021.01.15 05:29:27] Type:	tagged
[2021.01.15 05:29:27] Mode:	1
[2021.01.15 05:29:27] Change:	False
[2021.01.15 05:29:27] Notify:	False
[2021.01.15 05:29:27] Error:	True

[2021.01.15 05:29:27] ID:	frieda_rudi_make_oink
[2021.01.15 05:29:27] Type:	posts
[2021.01.15 05:29:27] Mode:	1
[2021.01.15 05:29:27] Change:	False
[2021.01.15 05:29:27] Notify:	False
[2021.01.15 05:29:27] Error:	True

waiting 3 seconds
Execution 51
[2021.01.15 05:29:34] 		{{{BASIC TEST}}}
[2021.01.15 05:29:34] 


[2021.01.15 05:29:34] 	************STORING PHASE************

[2021.01.15 05:30:03] store the html code of : (https://www.instagram.com/polizei.hannover/) in polizei.hannover/posts/old.html
[2021.01.15 05:30:03] OR in polizei.hannover/posts/new.html
[2021.01.15 05:30:03] --------------------------------------------

[2021.01.15 05:30:14] Error while downloading the html files.
Exception message: IndexError: list index out of range
[2021.01.15 05:30:14] Error while downloading the html files.
Exception message: IndexError: list index out of range
[2021.01.15 05:30:14] Error while processing. URL: https://www.instagram.com/polizei.hannover/
[2021.01.15 05:30:14] Error while processing. URL: https://www.instagram.com/polizei.hannover/
[2021.01.15 05:30:14] store the html code of : (https://www.instagram.com/polizei.hannover/channel/) in polizei.hannover/igtv/old.html
[2021.01.15 05:30:14] OR in polizei.hannover/igtv/new.html
[2021.01.15 05:30:14] --------------------------------------------

[2021.01.15 05:30:29] Error while downloading the html files.
Exception message: IndexError: list index out of range
[2021.01.15 05:30:29] Error while downloading the html files.
Exception message: IndexError: list index out of range
[2021.01.15 05:30:29] Error while processing. URL: https://www.instagram.com/polizei.hannover/channel/
[2021.01.15 05:30:29] Error while processing. URL: https://www.instagram.com/polizei.hannover/channel/
[2021.01.15 05:30:29] store the html code of : (https://www.instagram.com/polizei.hannover/tagged/) in polizei.hannover/tagged/old.html
[2021.01.15 05:30:29] OR in polizei.hannover/tagged/new.html
[2021.01.15 05:30:29] --------------------------------------------

[2021.01.15 05:30:40] Error while downloading the html files.
Exception message: IndexError: list index out of range
[2021.01.15 05:30:40] Error while downloading the html files.
Exception message: IndexError: list index out of range
[2021.01.15 05:30:40] Error while processing. URL: https://www.instagram.com/polizei.hannover/tagged/
[2021.01.15 05:30:40] Error while processing. URL: https://www.instagram.com/polizei.hannover/tagged/
[2021.01.15 05:30:40] store the html code of : (https://www.instagram.com/frieda_rudi_make_oink/) in frieda_rudi_make_oink/posts/old.html
[2021.01.15 05:30:40] OR in frieda_rudi_make_oink/posts/new.html
[2021.01.15 05:30:40] --------------------------------------------

[2021.01.15 05:30:56] Error while downloading the html files.
Exception message: IndexError: list index out of range
[2021.01.15 05:30:56] Error while downloading the html files.
Exception message: IndexError: list index out of range
[2021.01.15 05:30:56] Error while processing. URL: https://www.instagram.com/frieda_rudi_make_oink/
[2021.01.15 05:30:56] Error while processing. URL: https://www.instagram.com/frieda_rudi_make_oink/
[2021.01.15 05:30:57] 


[2021.01.15 05:30:57] 	********MONITORING PHASE********
[2021.01.15 05:30:57] Skip modifying the html files of href: https://www.instagram.com/polizei.hannover/. [Download Error]
[2021.01.15 05:30:57] Skip modifying the html files of href: https://www.instagram.com/polizei.hannover/. [Download Error]
[2021.01.15 05:30:57] Skip modifying the html files of href: https://www.instagram.com/polizei.hannover/channel/. [Download Error]
[2021.01.15 05:30:57] Skip modifying the html files of href: https://www.instagram.com/polizei.hannover/channel/. [Download Error]
[2021.01.15 05:30:57] Skip modifying the html files of href: https://www.instagram.com/polizei.hannover/tagged/. [Download Error]
[2021.01.15 05:30:57] Skip modifying the html files of href: https://www.instagram.com/polizei.hannover/tagged/. [Download Error]
[2021.01.15 05:30:57] Skip modifying the html files of href: https://www.instagram.com/frieda_rudi_make_oink/. [Download Error]
[2021.01.15 05:30:57] Skip modifying the html files of href: https://www.instagram.com/frieda_rudi_make_oink/. [Download Error]
[2021.01.15 05:30:57] 		{{{RESULT}}}
[2021.01.15 05:30:57] ID:	polizei.hannover
[2021.01.15 05:30:57] Type:	posts
[2021.01.15 05:30:57] Mode:	2
[2021.01.15 05:30:57] Change:	False
[2021.01.15 05:30:57] Notify:	False
[2021.01.15 05:30:57] Error:	True

[2021.01.15 05:30:57] ID:	polizei.hannover
[2021.01.15 05:30:57] Type:	igtv
[2021.01.15 05:30:57] Mode:	1
[2021.01.15 05:30:57] Change:	False
[2021.01.15 05:30:57] Notify:	False
[2021.01.15 05:30:57] Error:	True

[2021.01.15 05:30:57] ID:	polizei.hannover
[2021.01.15 05:30:57] Type:	tagged
[2021.01.15 05:30:57] Mode:	1
[2021.01.15 05:30:57] Change:	False
[2021.01.15 05:30:57] Notify:	False
[2021.01.15 05:30:57] Error:	True

[2021.01.15 05:30:57] ID:	frieda_rudi_make_oink
[2021.01.15 05:30:57] Type:	posts
[2021.01.15 05:30:57] Mode:	1
[2021.01.15 05:30:57] Change:	False
[2021.01.15 05:30:57] Notify:	False
[2021.01.15 05:30:57] Error:	True

waiting 3 seconds
Execution 52
[2021.01.15 05:31:04] 		{{{BASIC TEST}}}
[2021.01.15 05:31:04] 


[2021.01.15 05:31:04] 	************STORING PHASE************

[2021.01.15 05:31:37] store the html code of : (https://www.instagram.com/polizei.hannover/) in polizei.hannover/posts/old.html
[2021.01.15 05:31:37] OR in polizei.hannover/posts/new.html
[2021.01.15 05:31:37] --------------------------------------------

[2021.01.15 05:31:53] Error while downloading the html files.
Exception message: IndexError: list index out of range
[2021.01.15 05:31:53] Error while downloading the html files.
Exception message: IndexError: list index out of range
[2021.01.15 05:31:53] Error while processing. URL: https://www.instagram.com/polizei.hannover/
[2021.01.15 05:31:53] Error while processing. URL: https://www.instagram.com/polizei.hannover/
[2021.01.15 05:31:53] store the html code of : (https://www.instagram.com/polizei.hannover/channel/) in polizei.hannover/igtv/old.html
[2021.01.15 05:31:53] OR in polizei.hannover/igtv/new.html
[2021.01.15 05:31:53] --------------------------------------------

[2021.01.15 05:32:08] Error while downloading the html files.
Exception message: IndexError: list index out of range
[2021.01.15 05:32:08] Error while downloading the html files.
Exception message: IndexError: list index out of range
[2021.01.15 05:32:08] Error while processing. URL: https://www.instagram.com/polizei.hannover/channel/
[2021.01.15 05:32:08] Error while processing. URL: https://www.instagram.com/polizei.hannover/channel/
[2021.01.15 05:32:08] store the html code of : (https://www.instagram.com/polizei.hannover/tagged/) in polizei.hannover/tagged/old.html
[2021.01.15 05:32:08] OR in polizei.hannover/tagged/new.html
[2021.01.15 05:32:08] --------------------------------------------

[2021.01.15 05:32:24] Error while downloading the html files.
Exception message: IndexError: list index out of range
[2021.01.15 05:32:24] Error while downloading the html files.
Exception message: IndexError: list index out of range
[2021.01.15 05:32:24] Error while processing. URL: https://www.instagram.com/polizei.hannover/tagged/
[2021.01.15 05:32:24] Error while processing. URL: https://www.instagram.com/polizei.hannover/tagged/
[2021.01.15 05:32:24] store the html code of : (https://www.instagram.com/frieda_rudi_make_oink/) in frieda_rudi_make_oink/posts/old.html
[2021.01.15 05:32:24] OR in frieda_rudi_make_oink/posts/new.html
[2021.01.15 05:32:24] --------------------------------------------

[2021.01.15 05:32:37] Error while downloading the html files.
Exception message: IndexError: list index out of range
[2021.01.15 05:32:37] Error while downloading the html files.
Exception message: IndexError: list index out of range
[2021.01.15 05:32:37] Error while processing. URL: https://www.instagram.com/frieda_rudi_make_oink/
[2021.01.15 05:32:37] Error while processing. URL: https://www.instagram.com/frieda_rudi_make_oink/
[2021.01.15 05:32:38] 


[2021.01.15 05:32:38] 	********MONITORING PHASE********
[2021.01.15 05:32:38] Skip modifying the html files of href: https://www.instagram.com/polizei.hannover/. [Download Error]
[2021.01.15 05:32:38] Skip modifying the html files of href: https://www.instagram.com/polizei.hannover/. [Download Error]
[2021.01.15 05:32:38] Skip modifying the html files of href: https://www.instagram.com/polizei.hannover/channel/. [Download Error]
[2021.01.15 05:32:38] Skip modifying the html files of href: https://www.instagram.com/polizei.hannover/channel/. [Download Error]
[2021.01.15 05:32:38] Skip modifying the html files of href: https://www.instagram.com/polizei.hannover/tagged/. [Download Error]
[2021.01.15 05:32:38] Skip modifying the html files of href: https://www.instagram.com/polizei.hannover/tagged/. [Download Error]
[2021.01.15 05:32:38] Skip modifying the html files of href: https://www.instagram.com/frieda_rudi_make_oink/. [Download Error]
[2021.01.15 05:32:38] Skip modifying the html files of href: https://www.instagram.com/frieda_rudi_make_oink/. [Download Error]
[2021.01.15 05:32:38] 		{{{RESULT}}}
[2021.01.15 05:32:38] ID:	polizei.hannover
[2021.01.15 05:32:38] Type:	posts
[2021.01.15 05:32:38] Mode:	2
[2021.01.15 05:32:38] Change:	False
[2021.01.15 05:32:38] Notify:	False
[2021.01.15 05:32:38] Error:	True

[2021.01.15 05:32:38] ID:	polizei.hannover
[2021.01.15 05:32:38] Type:	igtv
[2021.01.15 05:32:38] Mode:	1
[2021.01.15 05:32:38] Change:	False
[2021.01.15 05:32:38] Notify:	False
[2021.01.15 05:32:38] Error:	True

[2021.01.15 05:32:38] ID:	polizei.hannover
[2021.01.15 05:32:38] Type:	tagged
[2021.01.15 05:32:38] Mode:	1
[2021.01.15 05:32:38] Change:	False
[2021.01.15 05:32:38] Notify:	False
[2021.01.15 05:32:38] Error:	True

[2021.01.15 05:32:38] ID:	frieda_rudi_make_oink
[2021.01.15 05:32:38] Type:	posts
[2021.01.15 05:32:38] Mode:	1
[2021.01.15 05:32:38] Change:	False
[2021.01.15 05:32:38] Notify:	False
[2021.01.15 05:32:38] Error:	True

waiting 3 seconds
Execution 53
[2021.01.15 05:32:45] 		{{{BASIC TEST}}}
[2021.01.15 05:32:45] 


[2021.01.15 05:32:45] 	************STORING PHASE************

[2021.01.15 05:33:11] store the html code of : (https://www.instagram.com/polizei.hannover/) in polizei.hannover/posts/old.html
[2021.01.15 05:33:11] OR in polizei.hannover/posts/new.html
[2021.01.15 05:33:11] --------------------------------------------

[2021.01.15 05:33:24] Error while downloading the html files.
Exception message: IndexError: list index out of range
[2021.01.15 05:33:24] Error while downloading the html files.
Exception message: IndexError: list index out of range
[2021.01.15 05:33:24] Error while processing. URL: https://www.instagram.com/polizei.hannover/
[2021.01.15 05:33:24] Error while processing. URL: https://www.instagram.com/polizei.hannover/
[2021.01.15 05:33:24] store the html code of : (https://www.instagram.com/polizei.hannover/channel/) in polizei.hannover/igtv/old.html
[2021.01.15 05:33:24] OR in polizei.hannover/igtv/new.html
[2021.01.15 05:33:24] --------------------------------------------

[2021.01.15 05:33:40] Error while downloading the html files.
Exception message: IndexError: list index out of range
[2021.01.15 05:33:40] Error while downloading the html files.
Exception message: IndexError: list index out of range
[2021.01.15 05:33:40] Error while processing. URL: https://www.instagram.com/polizei.hannover/channel/
[2021.01.15 05:33:40] Error while processing. URL: https://www.instagram.com/polizei.hannover/channel/
[2021.01.15 05:33:40] store the html code of : (https://www.instagram.com/polizei.hannover/tagged/) in polizei.hannover/tagged/old.html
[2021.01.15 05:33:40] OR in polizei.hannover/tagged/new.html
[2021.01.15 05:33:40] --------------------------------------------

[2021.01.15 05:33:53] Error while downloading the html files.
Exception message: IndexError: list index out of range
[2021.01.15 05:33:53] Error while downloading the html files.
Exception message: IndexError: list index out of range
[2021.01.15 05:33:53] Error while processing. URL: https://www.instagram.com/polizei.hannover/tagged/
[2021.01.15 05:33:53] Error while processing. URL: https://www.instagram.com/polizei.hannover/tagged/
[2021.01.15 05:33:53] store the html code of : (https://www.instagram.com/frieda_rudi_make_oink/) in frieda_rudi_make_oink/posts/old.html
[2021.01.15 05:33:53] OR in frieda_rudi_make_oink/posts/new.html
[2021.01.15 05:33:53] --------------------------------------------

[2021.01.15 05:34:09] Error while downloading the html files.
Exception message: IndexError: list index out of range
[2021.01.15 05:34:09] Error while downloading the html files.
Exception message: IndexError: list index out of range
[2021.01.15 05:34:09] Error while processing. URL: https://www.instagram.com/frieda_rudi_make_oink/
[2021.01.15 05:34:09] Error while processing. URL: https://www.instagram.com/frieda_rudi_make_oink/
[2021.01.15 05:34:10] 


[2021.01.15 05:34:10] 	********MONITORING PHASE********
[2021.01.15 05:34:10] Skip modifying the html files of href: https://www.instagram.com/polizei.hannover/. [Download Error]
[2021.01.15 05:34:10] Skip modifying the html files of href: https://www.instagram.com/polizei.hannover/. [Download Error]
[2021.01.15 05:34:10] Skip modifying the html files of href: https://www.instagram.com/polizei.hannover/channel/. [Download Error]
[2021.01.15 05:34:10] Skip modifying the html files of href: https://www.instagram.com/polizei.hannover/channel/. [Download Error]
[2021.01.15 05:34:10] Skip modifying the html files of href: https://www.instagram.com/polizei.hannover/tagged/. [Download Error]
[2021.01.15 05:34:10] Skip modifying the html files of href: https://www.instagram.com/polizei.hannover/tagged/. [Download Error]
[2021.01.15 05:34:10] Skip modifying the html files of href: https://www.instagram.com/frieda_rudi_make_oink/. [Download Error]
[2021.01.15 05:34:10] Skip modifying the html files of href: https://www.instagram.com/frieda_rudi_make_oink/. [Download Error]
[2021.01.15 05:34:10] 		{{{RESULT}}}
[2021.01.15 05:34:10] ID:	polizei.hannover
[2021.01.15 05:34:10] Type:	posts
[2021.01.15 05:34:10] Mode:	2
[2021.01.15 05:34:10] Change:	False
[2021.01.15 05:34:10] Notify:	False
[2021.01.15 05:34:10] Error:	True

[2021.01.15 05:34:10] ID:	polizei.hannover
[2021.01.15 05:34:10] Type:	igtv
[2021.01.15 05:34:10] Mode:	1
[2021.01.15 05:34:10] Change:	False
[2021.01.15 05:34:10] Notify:	False
[2021.01.15 05:34:10] Error:	True

[2021.01.15 05:34:10] ID:	polizei.hannover
[2021.01.15 05:34:10] Type:	tagged
[2021.01.15 05:34:10] Mode:	1
[2021.01.15 05:34:10] Change:	False
[2021.01.15 05:34:10] Notify:	False
[2021.01.15 05:34:10] Error:	True

[2021.01.15 05:34:10] ID:	frieda_rudi_make_oink
[2021.01.15 05:34:10] Type:	posts
[2021.01.15 05:34:10] Mode:	1
[2021.01.15 05:34:10] Change:	False
[2021.01.15 05:34:10] Notify:	False
[2021.01.15 05:34:10] Error:	True

waiting 3 seconds
Execution 54
[2021.01.15 05:34:16] 		{{{BASIC TEST}}}
[2021.01.15 05:34:16] 


[2021.01.15 05:34:16] 	************STORING PHASE************

[2021.01.15 05:34:52] store the html code of : (https://www.instagram.com/polizei.hannover/) in polizei.hannover/posts/old.html
[2021.01.15 05:34:52] OR in polizei.hannover/posts/new.html
[2021.01.15 05:34:52] --------------------------------------------

[2021.01.15 05:35:08] Error while downloading the html files.
Exception message: IndexError: list index out of range
[2021.01.15 05:35:08] Error while downloading the html files.
Exception message: IndexError: list index out of range
[2021.01.15 05:35:08] Error while processing. URL: https://www.instagram.com/polizei.hannover/
[2021.01.15 05:35:08] Error while processing. URL: https://www.instagram.com/polizei.hannover/
[2021.01.15 05:35:08] store the html code of : (https://www.instagram.com/polizei.hannover/channel/) in polizei.hannover/igtv/old.html
[2021.01.15 05:35:08] OR in polizei.hannover/igtv/new.html
[2021.01.15 05:35:08] --------------------------------------------

[2021.01.15 05:35:23] Error while downloading the html files.
Exception message: IndexError: list index out of range
[2021.01.15 05:35:23] Error while downloading the html files.
Exception message: IndexError: list index out of range
[2021.01.15 05:35:23] Error while processing. URL: https://www.instagram.com/polizei.hannover/channel/
[2021.01.15 05:35:23] Error while processing. URL: https://www.instagram.com/polizei.hannover/channel/
[2021.01.15 05:35:23] store the html code of : (https://www.instagram.com/polizei.hannover/tagged/) in polizei.hannover/tagged/old.html
[2021.01.15 05:35:23] OR in polizei.hannover/tagged/new.html
[2021.01.15 05:35:23] --------------------------------------------

[2021.01.15 05:35:34] Error while downloading the html files.
Exception message: IndexError: list index out of range
[2021.01.15 05:35:34] Error while downloading the html files.
Exception message: IndexError: list index out of range
[2021.01.15 05:35:35] Error while processing. URL: https://www.instagram.com/polizei.hannover/tagged/
[2021.01.15 05:35:35] Error while processing. URL: https://www.instagram.com/polizei.hannover/tagged/
[2021.01.15 05:35:35] store the html code of : (https://www.instagram.com/frieda_rudi_make_oink/) in frieda_rudi_make_oink/posts/old.html
[2021.01.15 05:35:35] OR in frieda_rudi_make_oink/posts/new.html
[2021.01.15 05:35:35] --------------------------------------------

[2021.01.15 05:35:50] Error while downloading the html files.
Exception message: IndexError: list index out of range
[2021.01.15 05:35:50] Error while downloading the html files.
Exception message: IndexError: list index out of range
[2021.01.15 05:35:50] Error while processing. URL: https://www.instagram.com/frieda_rudi_make_oink/
[2021.01.15 05:35:50] Error while processing. URL: https://www.instagram.com/frieda_rudi_make_oink/
[2021.01.15 05:35:51] 


[2021.01.15 05:35:51] 	********MONITORING PHASE********
[2021.01.15 05:35:51] Skip modifying the html files of href: https://www.instagram.com/polizei.hannover/. [Download Error]
[2021.01.15 05:35:51] Skip modifying the html files of href: https://www.instagram.com/polizei.hannover/. [Download Error]
[2021.01.15 05:35:51] Skip modifying the html files of href: https://www.instagram.com/polizei.hannover/channel/. [Download Error]
[2021.01.15 05:35:51] Skip modifying the html files of href: https://www.instagram.com/polizei.hannover/channel/. [Download Error]
[2021.01.15 05:35:51] Skip modifying the html files of href: https://www.instagram.com/polizei.hannover/tagged/. [Download Error]
[2021.01.15 05:35:51] Skip modifying the html files of href: https://www.instagram.com/polizei.hannover/tagged/. [Download Error]
[2021.01.15 05:35:51] Skip modifying the html files of href: https://www.instagram.com/frieda_rudi_make_oink/. [Download Error]
[2021.01.15 05:35:51] Skip modifying the html files of href: https://www.instagram.com/frieda_rudi_make_oink/. [Download Error]
[2021.01.15 05:35:51] 		{{{RESULT}}}
[2021.01.15 05:35:51] ID:	polizei.hannover
[2021.01.15 05:35:51] Type:	posts
[2021.01.15 05:35:51] Mode:	2
[2021.01.15 05:35:51] Change:	False
[2021.01.15 05:35:51] Notify:	False
[2021.01.15 05:35:51] Error:	True

[2021.01.15 05:35:51] ID:	polizei.hannover
[2021.01.15 05:35:51] Type:	igtv
[2021.01.15 05:35:51] Mode:	1
[2021.01.15 05:35:51] Change:	False
[2021.01.15 05:35:51] Notify:	False
[2021.01.15 05:35:51] Error:	True

[2021.01.15 05:35:51] ID:	polizei.hannover
[2021.01.15 05:35:51] Type:	tagged
[2021.01.15 05:35:51] Mode:	1
[2021.01.15 05:35:51] Change:	False
[2021.01.15 05:35:51] Notify:	False
[2021.01.15 05:35:51] Error:	True

[2021.01.15 05:35:51] ID:	frieda_rudi_make_oink
[2021.01.15 05:35:51] Type:	posts
[2021.01.15 05:35:51] Mode:	1
[2021.01.15 05:35:51] Change:	False
[2021.01.15 05:35:51] Notify:	False
[2021.01.15 05:35:51] Error:	True

waiting 3 seconds
Execution 55
[2021.01.15 05:35:58] 		{{{BASIC TEST}}}
[2021.01.15 05:35:58] 


[2021.01.15 05:35:58] 	************STORING PHASE************

[2021.01.15 05:36:30] store the html code of : (https://www.instagram.com/polizei.hannover/) in polizei.hannover/posts/old.html
[2021.01.15 05:36:30] OR in polizei.hannover/posts/new.html
[2021.01.15 05:36:30] --------------------------------------------

[2021.01.15 05:36:45] Error while downloading the html files.
Exception message: IndexError: list index out of range
[2021.01.15 05:36:45] Error while downloading the html files.
Exception message: IndexError: list index out of range
[2021.01.15 05:36:45] Error while processing. URL: https://www.instagram.com/polizei.hannover/
[2021.01.15 05:36:45] Error while processing. URL: https://www.instagram.com/polizei.hannover/
[2021.01.15 05:36:45] store the html code of : (https://www.instagram.com/polizei.hannover/channel/) in polizei.hannover/igtv/old.html
[2021.01.15 05:36:45] OR in polizei.hannover/igtv/new.html
[2021.01.15 05:36:45] --------------------------------------------

[2021.01.15 05:37:02] Error while downloading the html files.
Exception message: IndexError: list index out of range
[2021.01.15 05:37:02] Error while downloading the html files.
Exception message: IndexError: list index out of range
[2021.01.15 05:37:02] Error while processing. URL: https://www.instagram.com/polizei.hannover/channel/
[2021.01.15 05:37:02] Error while processing. URL: https://www.instagram.com/polizei.hannover/channel/
[2021.01.15 05:37:02] store the html code of : (https://www.instagram.com/polizei.hannover/tagged/) in polizei.hannover/tagged/old.html
[2021.01.15 05:37:02] OR in polizei.hannover/tagged/new.html
[2021.01.15 05:37:02] --------------------------------------------

[2021.01.15 05:37:18] Error while downloading the html files.
Exception message: IndexError: list index out of range
[2021.01.15 05:37:18] Error while downloading the html files.
Exception message: IndexError: list index out of range
[2021.01.15 05:37:18] Error while processing. URL: https://www.instagram.com/polizei.hannover/tagged/
[2021.01.15 05:37:18] Error while processing. URL: https://www.instagram.com/polizei.hannover/tagged/
[2021.01.15 05:37:18] store the html code of : (https://www.instagram.com/frieda_rudi_make_oink/) in frieda_rudi_make_oink/posts/old.html
[2021.01.15 05:37:18] OR in frieda_rudi_make_oink/posts/new.html
[2021.01.15 05:37:18] --------------------------------------------

[2021.01.15 05:37:33] Error while downloading the html files.
Exception message: IndexError: list index out of range
[2021.01.15 05:37:33] Error while downloading the html files.
Exception message: IndexError: list index out of range
[2021.01.15 05:37:33] Error while processing. URL: https://www.instagram.com/frieda_rudi_make_oink/
[2021.01.15 05:37:33] Error while processing. URL: https://www.instagram.com/frieda_rudi_make_oink/
[2021.01.15 05:37:34] 


[2021.01.15 05:37:34] 	********MONITORING PHASE********
[2021.01.15 05:37:34] Skip modifying the html files of href: https://www.instagram.com/polizei.hannover/. [Download Error]
[2021.01.15 05:37:34] Skip modifying the html files of href: https://www.instagram.com/polizei.hannover/. [Download Error]
[2021.01.15 05:37:34] Skip modifying the html files of href: https://www.instagram.com/polizei.hannover/channel/. [Download Error]
[2021.01.15 05:37:34] Skip modifying the html files of href: https://www.instagram.com/polizei.hannover/channel/. [Download Error]
[2021.01.15 05:37:34] Skip modifying the html files of href: https://www.instagram.com/polizei.hannover/tagged/. [Download Error]
[2021.01.15 05:37:34] Skip modifying the html files of href: https://www.instagram.com/polizei.hannover/tagged/. [Download Error]
[2021.01.15 05:37:34] Skip modifying the html files of href: https://www.instagram.com/frieda_rudi_make_oink/. [Download Error]
[2021.01.15 05:37:34] Skip modifying the html files of href: https://www.instagram.com/frieda_rudi_make_oink/. [Download Error]
[2021.01.15 05:37:34] 		{{{RESULT}}}
[2021.01.15 05:37:34] ID:	polizei.hannover
[2021.01.15 05:37:34] Type:	posts
[2021.01.15 05:37:34] Mode:	2
[2021.01.15 05:37:34] Change:	False
[2021.01.15 05:37:34] Notify:	False
[2021.01.15 05:37:34] Error:	True

[2021.01.15 05:37:34] ID:	polizei.hannover
[2021.01.15 05:37:34] Type:	igtv
[2021.01.15 05:37:34] Mode:	1
[2021.01.15 05:37:34] Change:	False
[2021.01.15 05:37:34] Notify:	False
[2021.01.15 05:37:34] Error:	True

[2021.01.15 05:37:34] ID:	polizei.hannover
[2021.01.15 05:37:34] Type:	tagged
[2021.01.15 05:37:34] Mode:	1
[2021.01.15 05:37:34] Change:	False
[2021.01.15 05:37:34] Notify:	False
[2021.01.15 05:37:34] Error:	True

[2021.01.15 05:37:34] ID:	frieda_rudi_make_oink
[2021.01.15 05:37:34] Type:	posts
[2021.01.15 05:37:34] Mode:	1
[2021.01.15 05:37:34] Change:	False
[2021.01.15 05:37:34] Notify:	False
[2021.01.15 05:37:34] Error:	True

waiting 3 seconds
Execution 56
[2021.01.15 05:37:41] 		{{{BASIC TEST}}}
[2021.01.15 05:37:41] 


[2021.01.15 05:37:41] 	************STORING PHASE************

[2021.01.15 05:38:13] store the html code of : (https://www.instagram.com/polizei.hannover/) in polizei.hannover/posts/old.html
[2021.01.15 05:38:13] OR in polizei.hannover/posts/new.html
[2021.01.15 05:38:13] --------------------------------------------

[2021.01.15 05:38:29] Error while downloading the html files.
Exception message: IndexError: list index out of range
[2021.01.15 05:38:29] Error while downloading the html files.
Exception message: IndexError: list index out of range
[2021.01.15 05:38:29] Error while processing. URL: https://www.instagram.com/polizei.hannover/
[2021.01.15 05:38:29] Error while processing. URL: https://www.instagram.com/polizei.hannover/
[2021.01.15 05:38:29] store the html code of : (https://www.instagram.com/polizei.hannover/channel/) in polizei.hannover/igtv/old.html
[2021.01.15 05:38:29] OR in polizei.hannover/igtv/new.html
[2021.01.15 05:38:29] --------------------------------------------

[2021.01.15 05:38:46] Error while downloading the html files.
Exception message: IndexError: list index out of range
[2021.01.15 05:38:46] Error while downloading the html files.
Exception message: IndexError: list index out of range
[2021.01.15 05:38:46] Error while processing. URL: https://www.instagram.com/polizei.hannover/channel/
[2021.01.15 05:38:46] Error while processing. URL: https://www.instagram.com/polizei.hannover/channel/
[2021.01.15 05:38:46] store the html code of : (https://www.instagram.com/polizei.hannover/tagged/) in polizei.hannover/tagged/old.html
[2021.01.15 05:38:46] OR in polizei.hannover/tagged/new.html
[2021.01.15 05:38:46] --------------------------------------------

[2021.01.15 05:38:59] Error while downloading the html files.
Exception message: IndexError: list index out of range
[2021.01.15 05:38:59] Error while downloading the html files.
Exception message: IndexError: list index out of range
[2021.01.15 05:38:59] Error while processing. URL: https://www.instagram.com/polizei.hannover/tagged/
[2021.01.15 05:38:59] Error while processing. URL: https://www.instagram.com/polizei.hannover/tagged/
[2021.01.15 05:38:59] store the html code of : (https://www.instagram.com/frieda_rudi_make_oink/) in frieda_rudi_make_oink/posts/old.html
[2021.01.15 05:38:59] OR in frieda_rudi_make_oink/posts/new.html
[2021.01.15 05:38:59] --------------------------------------------

[2021.01.15 05:39:13] Error while downloading the html files.
Exception message: IndexError: list index out of range
[2021.01.15 05:39:13] Error while downloading the html files.
Exception message: IndexError: list index out of range
[2021.01.15 05:39:13] Error while processing. URL: https://www.instagram.com/frieda_rudi_make_oink/
[2021.01.15 05:39:13] Error while processing. URL: https://www.instagram.com/frieda_rudi_make_oink/
[2021.01.15 05:39:14] 


[2021.01.15 05:39:14] 	********MONITORING PHASE********
[2021.01.15 05:39:14] Skip modifying the html files of href: https://www.instagram.com/polizei.hannover/. [Download Error]
[2021.01.15 05:39:14] Skip modifying the html files of href: https://www.instagram.com/polizei.hannover/. [Download Error]
[2021.01.15 05:39:14] Skip modifying the html files of href: https://www.instagram.com/polizei.hannover/channel/. [Download Error]
[2021.01.15 05:39:14] Skip modifying the html files of href: https://www.instagram.com/polizei.hannover/channel/. [Download Error]
[2021.01.15 05:39:14] Skip modifying the html files of href: https://www.instagram.com/polizei.hannover/tagged/. [Download Error]
[2021.01.15 05:39:14] Skip modifying the html files of href: https://www.instagram.com/polizei.hannover/tagged/. [Download Error]
[2021.01.15 05:39:14] Skip modifying the html files of href: https://www.instagram.com/frieda_rudi_make_oink/. [Download Error]
[2021.01.15 05:39:14] Skip modifying the html files of href: https://www.instagram.com/frieda_rudi_make_oink/. [Download Error]
[2021.01.15 05:39:14] 		{{{RESULT}}}
[2021.01.15 05:39:14] ID:	polizei.hannover
[2021.01.15 05:39:14] Type:	posts
[2021.01.15 05:39:14] Mode:	2
[2021.01.15 05:39:14] Change:	False
[2021.01.15 05:39:14] Notify:	False
[2021.01.15 05:39:14] Error:	True

[2021.01.15 05:39:14] ID:	polizei.hannover
[2021.01.15 05:39:14] Type:	igtv
[2021.01.15 05:39:14] Mode:	1
[2021.01.15 05:39:14] Change:	False
[2021.01.15 05:39:14] Notify:	False
[2021.01.15 05:39:14] Error:	True

[2021.01.15 05:39:14] ID:	polizei.hannover
[2021.01.15 05:39:14] Type:	tagged
[2021.01.15 05:39:14] Mode:	1
[2021.01.15 05:39:14] Change:	False
[2021.01.15 05:39:14] Notify:	False
[2021.01.15 05:39:14] Error:	True

[2021.01.15 05:39:14] ID:	frieda_rudi_make_oink
[2021.01.15 05:39:14] Type:	posts
[2021.01.15 05:39:14] Mode:	1
[2021.01.15 05:39:14] Change:	False
[2021.01.15 05:39:14] Notify:	False
[2021.01.15 05:39:14] Error:	True

waiting 3 seconds
Execution 57
[2021.01.15 05:39:21] 		{{{BASIC TEST}}}
[2021.01.15 05:39:21] 


[2021.01.15 05:39:21] 	************STORING PHASE************

[2021.01.15 05:39:54] store the html code of : (https://www.instagram.com/polizei.hannover/) in polizei.hannover/posts/old.html
[2021.01.15 05:39:54] OR in polizei.hannover/posts/new.html
[2021.01.15 05:39:54] --------------------------------------------

[2021.01.15 05:40:04] Error while downloading the html files.
Exception message: IndexError: list index out of range
[2021.01.15 05:40:04] Error while downloading the html files.
Exception message: IndexError: list index out of range
[2021.01.15 05:40:04] Error while processing. URL: https://www.instagram.com/polizei.hannover/
[2021.01.15 05:40:04] Error while processing. URL: https://www.instagram.com/polizei.hannover/
[2021.01.15 05:40:04] store the html code of : (https://www.instagram.com/polizei.hannover/channel/) in polizei.hannover/igtv/old.html
[2021.01.15 05:40:04] OR in polizei.hannover/igtv/new.html
[2021.01.15 05:40:04] --------------------------------------------

[2021.01.15 05:40:20] Error while downloading the html files.
Exception message: IndexError: list index out of range
[2021.01.15 05:40:20] Error while downloading the html files.
Exception message: IndexError: list index out of range
[2021.01.15 05:40:20] Error while processing. URL: https://www.instagram.com/polizei.hannover/channel/
[2021.01.15 05:40:20] Error while processing. URL: https://www.instagram.com/polizei.hannover/channel/
[2021.01.15 05:40:20] store the html code of : (https://www.instagram.com/polizei.hannover/tagged/) in polizei.hannover/tagged/old.html
[2021.01.15 05:40:20] OR in polizei.hannover/tagged/new.html
[2021.01.15 05:40:20] --------------------------------------------

[2021.01.15 05:40:35] Error while downloading the html files.
Exception message: IndexError: list index out of range
[2021.01.15 05:40:35] Error while downloading the html files.
Exception message: IndexError: list index out of range
[2021.01.15 05:40:35] Error while processing. URL: https://www.instagram.com/polizei.hannover/tagged/
[2021.01.15 05:40:35] Error while processing. URL: https://www.instagram.com/polizei.hannover/tagged/
[2021.01.15 05:40:35] store the html code of : (https://www.instagram.com/frieda_rudi_make_oink/) in frieda_rudi_make_oink/posts/old.html
[2021.01.15 05:40:35] OR in frieda_rudi_make_oink/posts/new.html
[2021.01.15 05:40:35] --------------------------------------------

[2021.01.15 05:40:50] Error while downloading the html files.
Exception message: IndexError: list index out of range
[2021.01.15 05:40:50] Error while downloading the html files.
Exception message: IndexError: list index out of range
[2021.01.15 05:40:50] Error while processing. URL: https://www.instagram.com/frieda_rudi_make_oink/
[2021.01.15 05:40:50] Error while processing. URL: https://www.instagram.com/frieda_rudi_make_oink/
[2021.01.15 05:40:51] 


[2021.01.15 05:40:51] 	********MONITORING PHASE********
[2021.01.15 05:40:51] Skip modifying the html files of href: https://www.instagram.com/polizei.hannover/. [Download Error]
[2021.01.15 05:40:51] Skip modifying the html files of href: https://www.instagram.com/polizei.hannover/. [Download Error]
[2021.01.15 05:40:51] Skip modifying the html files of href: https://www.instagram.com/polizei.hannover/channel/. [Download Error]
[2021.01.15 05:40:51] Skip modifying the html files of href: https://www.instagram.com/polizei.hannover/channel/. [Download Error]
[2021.01.15 05:40:51] Skip modifying the html files of href: https://www.instagram.com/polizei.hannover/tagged/. [Download Error]
[2021.01.15 05:40:51] Skip modifying the html files of href: https://www.instagram.com/polizei.hannover/tagged/. [Download Error]
[2021.01.15 05:40:51] Skip modifying the html files of href: https://www.instagram.com/frieda_rudi_make_oink/. [Download Error]
[2021.01.15 05:40:51] Skip modifying the html files of href: https://www.instagram.com/frieda_rudi_make_oink/. [Download Error]
[2021.01.15 05:40:51] 		{{{RESULT}}}
[2021.01.15 05:40:51] ID:	polizei.hannover
[2021.01.15 05:40:51] Type:	posts
[2021.01.15 05:40:51] Mode:	2
[2021.01.15 05:40:51] Change:	False
[2021.01.15 05:40:51] Notify:	False
[2021.01.15 05:40:51] Error:	True

[2021.01.15 05:40:51] ID:	polizei.hannover
[2021.01.15 05:40:51] Type:	igtv
[2021.01.15 05:40:51] Mode:	1
[2021.01.15 05:40:51] Change:	False
[2021.01.15 05:40:51] Notify:	False
[2021.01.15 05:40:51] Error:	True

[2021.01.15 05:40:51] ID:	polizei.hannover
[2021.01.15 05:40:51] Type:	tagged
[2021.01.15 05:40:51] Mode:	1
[2021.01.15 05:40:51] Change:	False
[2021.01.15 05:40:51] Notify:	False
[2021.01.15 05:40:51] Error:	True

[2021.01.15 05:40:51] ID:	frieda_rudi_make_oink
[2021.01.15 05:40:51] Type:	posts
[2021.01.15 05:40:51] Mode:	1
[2021.01.15 05:40:51] Change:	False
[2021.01.15 05:40:51] Notify:	False
[2021.01.15 05:40:51] Error:	True

waiting 3 seconds
Execution 58
[2021.01.15 05:40:58] 		{{{BASIC TEST}}}
[2021.01.15 05:40:58] 


[2021.01.15 05:40:58] 	************STORING PHASE************

[2021.01.15 05:41:22] store the html code of : (https://www.instagram.com/polizei.hannover/) in polizei.hannover/posts/old.html
[2021.01.15 05:41:22] OR in polizei.hannover/posts/new.html
[2021.01.15 05:41:22] --------------------------------------------

[2021.01.15 05:41:37] Error while downloading the html files.
Exception message: IndexError: list index out of range
[2021.01.15 05:41:37] Error while downloading the html files.
Exception message: IndexError: list index out of range
[2021.01.15 05:41:37] Error while processing. URL: https://www.instagram.com/polizei.hannover/
[2021.01.15 05:41:37] Error while processing. URL: https://www.instagram.com/polizei.hannover/
[2021.01.15 05:41:37] store the html code of : (https://www.instagram.com/polizei.hannover/channel/) in polizei.hannover/igtv/old.html
[2021.01.15 05:41:37] OR in polizei.hannover/igtv/new.html
[2021.01.15 05:41:37] --------------------------------------------

[2021.01.15 05:41:51] Error while downloading the html files.
Exception message: IndexError: list index out of range
[2021.01.15 05:41:51] Error while downloading the html files.
Exception message: IndexError: list index out of range
[2021.01.15 05:41:51] Error while processing. URL: https://www.instagram.com/polizei.hannover/channel/
[2021.01.15 05:41:51] Error while processing. URL: https://www.instagram.com/polizei.hannover/channel/
[2021.01.15 05:41:51] store the html code of : (https://www.instagram.com/polizei.hannover/tagged/) in polizei.hannover/tagged/old.html
[2021.01.15 05:41:51] OR in polizei.hannover/tagged/new.html
[2021.01.15 05:41:51] --------------------------------------------

[2021.01.15 05:42:05] Error while downloading the html files.
Exception message: IndexError: list index out of range
[2021.01.15 05:42:05] Error while downloading the html files.
Exception message: IndexError: list index out of range
[2021.01.15 05:42:05] Error while processing. URL: https://www.instagram.com/polizei.hannover/tagged/
[2021.01.15 05:42:05] Error while processing. URL: https://www.instagram.com/polizei.hannover/tagged/
[2021.01.15 05:42:05] store the html code of : (https://www.instagram.com/frieda_rudi_make_oink/) in frieda_rudi_make_oink/posts/old.html
[2021.01.15 05:42:05] OR in frieda_rudi_make_oink/posts/new.html
[2021.01.15 05:42:05] --------------------------------------------

[2021.01.15 05:42:18] Error while downloading the html files.
Exception message: IndexError: list index out of range
[2021.01.15 05:42:18] Error while downloading the html files.
Exception message: IndexError: list index out of range
[2021.01.15 05:42:18] Error while processing. URL: https://www.instagram.com/frieda_rudi_make_oink/
[2021.01.15 05:42:18] Error while processing. URL: https://www.instagram.com/frieda_rudi_make_oink/
[2021.01.15 05:42:19] 


[2021.01.15 05:42:19] 	********MONITORING PHASE********
[2021.01.15 05:42:19] Skip modifying the html files of href: https://www.instagram.com/polizei.hannover/. [Download Error]
[2021.01.15 05:42:19] Skip modifying the html files of href: https://www.instagram.com/polizei.hannover/. [Download Error]
[2021.01.15 05:42:19] Skip modifying the html files of href: https://www.instagram.com/polizei.hannover/channel/. [Download Error]
[2021.01.15 05:42:19] Skip modifying the html files of href: https://www.instagram.com/polizei.hannover/channel/. [Download Error]
[2021.01.15 05:42:19] Skip modifying the html files of href: https://www.instagram.com/polizei.hannover/tagged/. [Download Error]
[2021.01.15 05:42:19] Skip modifying the html files of href: https://www.instagram.com/polizei.hannover/tagged/. [Download Error]
[2021.01.15 05:42:19] Skip modifying the html files of href: https://www.instagram.com/frieda_rudi_make_oink/. [Download Error]
[2021.01.15 05:42:19] Skip modifying the html files of href: https://www.instagram.com/frieda_rudi_make_oink/. [Download Error]
[2021.01.15 05:42:19] 		{{{RESULT}}}
[2021.01.15 05:42:19] ID:	polizei.hannover
[2021.01.15 05:42:19] Type:	posts
[2021.01.15 05:42:19] Mode:	2
[2021.01.15 05:42:19] Change:	False
[2021.01.15 05:42:19] Notify:	False
[2021.01.15 05:42:19] Error:	True

[2021.01.15 05:42:19] ID:	polizei.hannover
[2021.01.15 05:42:19] Type:	igtv
[2021.01.15 05:42:19] Mode:	1
[2021.01.15 05:42:19] Change:	False
[2021.01.15 05:42:19] Notify:	False
[2021.01.15 05:42:19] Error:	True

[2021.01.15 05:42:19] ID:	polizei.hannover
[2021.01.15 05:42:19] Type:	tagged
[2021.01.15 05:42:19] Mode:	1
[2021.01.15 05:42:19] Change:	False
[2021.01.15 05:42:19] Notify:	False
[2021.01.15 05:42:19] Error:	True

[2021.01.15 05:42:19] ID:	frieda_rudi_make_oink
[2021.01.15 05:42:19] Type:	posts
[2021.01.15 05:42:19] Mode:	1
[2021.01.15 05:42:19] Change:	False
[2021.01.15 05:42:19] Notify:	False
[2021.01.15 05:42:19] Error:	True

waiting 3 seconds
Execution 59
[2021.01.15 05:42:26] 		{{{BASIC TEST}}}
[2021.01.15 05:42:26] 


[2021.01.15 05:42:26] 	************STORING PHASE************

[2021.01.15 05:42:58] store the html code of : (https://www.instagram.com/polizei.hannover/) in polizei.hannover/posts/old.html
[2021.01.15 05:42:58] OR in polizei.hannover/posts/new.html
[2021.01.15 05:42:58] --------------------------------------------

[2021.01.15 05:43:08] Error while downloading the html files.
Exception message: IndexError: list index out of range
[2021.01.15 05:43:08] Error while downloading the html files.
Exception message: IndexError: list index out of range
[2021.01.15 05:43:08] Error while processing. URL: https://www.instagram.com/polizei.hannover/
[2021.01.15 05:43:08] Error while processing. URL: https://www.instagram.com/polizei.hannover/
[2021.01.15 05:43:08] store the html code of : (https://www.instagram.com/polizei.hannover/channel/) in polizei.hannover/igtv/old.html
[2021.01.15 05:43:08] OR in polizei.hannover/igtv/new.html
[2021.01.15 05:43:08] --------------------------------------------

[2021.01.15 05:43:24] Error while downloading the html files.
Exception message: IndexError: list index out of range
[2021.01.15 05:43:24] Error while downloading the html files.
Exception message: IndexError: list index out of range
[2021.01.15 05:43:24] Error while processing. URL: https://www.instagram.com/polizei.hannover/channel/
[2021.01.15 05:43:24] Error while processing. URL: https://www.instagram.com/polizei.hannover/channel/
[2021.01.15 05:43:24] store the html code of : (https://www.instagram.com/polizei.hannover/tagged/) in polizei.hannover/tagged/old.html
[2021.01.15 05:43:24] OR in polizei.hannover/tagged/new.html
[2021.01.15 05:43:24] --------------------------------------------

[2021.01.15 05:43:40] Error while downloading the html files.
Exception message: IndexError: list index out of range
[2021.01.15 05:43:40] Error while downloading the html files.
Exception message: IndexError: list index out of range
[2021.01.15 05:43:40] Error while processing. URL: https://www.instagram.com/polizei.hannover/tagged/
[2021.01.15 05:43:40] Error while processing. URL: https://www.instagram.com/polizei.hannover/tagged/
[2021.01.15 05:43:40] store the html code of : (https://www.instagram.com/frieda_rudi_make_oink/) in frieda_rudi_make_oink/posts/old.html
[2021.01.15 05:43:40] OR in frieda_rudi_make_oink/posts/new.html
[2021.01.15 05:43:40] --------------------------------------------

[2021.01.15 05:43:55] Error while downloading the html files.
Exception message: IndexError: list index out of range
[2021.01.15 05:43:55] Error while downloading the html files.
Exception message: IndexError: list index out of range
[2021.01.15 05:43:55] Error while processing. URL: https://www.instagram.com/frieda_rudi_make_oink/
[2021.01.15 05:43:55] Error while processing. URL: https://www.instagram.com/frieda_rudi_make_oink/
[2021.01.15 05:43:56] 


[2021.01.15 05:43:56] 	********MONITORING PHASE********
[2021.01.15 05:43:56] Skip modifying the html files of href: https://www.instagram.com/polizei.hannover/. [Download Error]
[2021.01.15 05:43:56] Skip modifying the html files of href: https://www.instagram.com/polizei.hannover/. [Download Error]
[2021.01.15 05:43:56] Skip modifying the html files of href: https://www.instagram.com/polizei.hannover/channel/. [Download Error]
[2021.01.15 05:43:56] Skip modifying the html files of href: https://www.instagram.com/polizei.hannover/channel/. [Download Error]
[2021.01.15 05:43:56] Skip modifying the html files of href: https://www.instagram.com/polizei.hannover/tagged/. [Download Error]
[2021.01.15 05:43:56] Skip modifying the html files of href: https://www.instagram.com/polizei.hannover/tagged/. [Download Error]
[2021.01.15 05:43:56] Skip modifying the html files of href: https://www.instagram.com/frieda_rudi_make_oink/. [Download Error]
[2021.01.15 05:43:56] Skip modifying the html files of href: https://www.instagram.com/frieda_rudi_make_oink/. [Download Error]
[2021.01.15 05:43:56] 		{{{RESULT}}}
[2021.01.15 05:43:56] ID:	polizei.hannover
[2021.01.15 05:43:56] Type:	posts
[2021.01.15 05:43:56] Mode:	2
[2021.01.15 05:43:56] Change:	False
[2021.01.15 05:43:56] Notify:	False
[2021.01.15 05:43:56] Error:	True

[2021.01.15 05:43:56] ID:	polizei.hannover
[2021.01.15 05:43:56] Type:	igtv
[2021.01.15 05:43:56] Mode:	1
[2021.01.15 05:43:56] Change:	False
[2021.01.15 05:43:56] Notify:	False
[2021.01.15 05:43:56] Error:	True

[2021.01.15 05:43:56] ID:	polizei.hannover
[2021.01.15 05:43:56] Type:	tagged
[2021.01.15 05:43:56] Mode:	1
[2021.01.15 05:43:56] Change:	False
[2021.01.15 05:43:56] Notify:	False
[2021.01.15 05:43:56] Error:	True

[2021.01.15 05:43:56] ID:	frieda_rudi_make_oink
[2021.01.15 05:43:56] Type:	posts
[2021.01.15 05:43:56] Mode:	1
[2021.01.15 05:43:56] Change:	False
[2021.01.15 05:43:56] Notify:	False
[2021.01.15 05:43:56] Error:	True

waiting 3 seconds
Execution 60
[2021.01.15 05:44:03] 		{{{BASIC TEST}}}
[2021.01.15 05:44:03] 


[2021.01.15 05:44:03] 	************STORING PHASE************

[2021.01.15 05:44:27] store the html code of : (https://www.instagram.com/polizei.hannover/) in polizei.hannover/posts/old.html
[2021.01.15 05:44:27] OR in polizei.hannover/posts/new.html
[2021.01.15 05:44:27] --------------------------------------------

[2021.01.15 05:44:39] Error while downloading the html files.
Exception message: IndexError: list index out of range
[2021.01.15 05:44:39] Error while downloading the html files.
Exception message: IndexError: list index out of range
[2021.01.15 05:44:39] Error while processing. URL: https://www.instagram.com/polizei.hannover/
[2021.01.15 05:44:39] Error while processing. URL: https://www.instagram.com/polizei.hannover/
[2021.01.15 05:44:39] store the html code of : (https://www.instagram.com/polizei.hannover/channel/) in polizei.hannover/igtv/old.html
[2021.01.15 05:44:39] OR in polizei.hannover/igtv/new.html
[2021.01.15 05:44:39] --------------------------------------------

[2021.01.15 05:44:51] Error while downloading the html files.
Exception message: IndexError: list index out of range
[2021.01.15 05:44:51] Error while downloading the html files.
Exception message: IndexError: list index out of range
[2021.01.15 05:44:51] Error while processing. URL: https://www.instagram.com/polizei.hannover/channel/
[2021.01.15 05:44:51] Error while processing. URL: https://www.instagram.com/polizei.hannover/channel/
[2021.01.15 05:44:51] store the html code of : (https://www.instagram.com/polizei.hannover/tagged/) in polizei.hannover/tagged/old.html
[2021.01.15 05:44:51] OR in polizei.hannover/tagged/new.html
[2021.01.15 05:44:51] --------------------------------------------

[2021.01.15 05:45:07] Error while downloading the html files.
Exception message: IndexError: list index out of range
[2021.01.15 05:45:07] Error while downloading the html files.
Exception message: IndexError: list index out of range
[2021.01.15 05:45:07] Error while processing. URL: https://www.instagram.com/polizei.hannover/tagged/
[2021.01.15 05:45:07] Error while processing. URL: https://www.instagram.com/polizei.hannover/tagged/
[2021.01.15 05:45:07] store the html code of : (https://www.instagram.com/frieda_rudi_make_oink/) in frieda_rudi_make_oink/posts/old.html
[2021.01.15 05:45:07] OR in frieda_rudi_make_oink/posts/new.html
[2021.01.15 05:45:07] --------------------------------------------

[2021.01.15 05:45:21] Error while downloading the html files.
Exception message: IndexError: list index out of range
[2021.01.15 05:45:21] Error while downloading the html files.
Exception message: IndexError: list index out of range
[2021.01.15 05:45:21] Error while processing. URL: https://www.instagram.com/frieda_rudi_make_oink/
[2021.01.15 05:45:21] Error while processing. URL: https://www.instagram.com/frieda_rudi_make_oink/
[2021.01.15 05:45:22] 


[2021.01.15 05:45:22] 	********MONITORING PHASE********
[2021.01.15 05:45:22] Skip modifying the html files of href: https://www.instagram.com/polizei.hannover/. [Download Error]
[2021.01.15 05:45:22] Skip modifying the html files of href: https://www.instagram.com/polizei.hannover/. [Download Error]
[2021.01.15 05:45:22] Skip modifying the html files of href: https://www.instagram.com/polizei.hannover/channel/. [Download Error]
[2021.01.15 05:45:22] Skip modifying the html files of href: https://www.instagram.com/polizei.hannover/channel/. [Download Error]
[2021.01.15 05:45:22] Skip modifying the html files of href: https://www.instagram.com/polizei.hannover/tagged/. [Download Error]
[2021.01.15 05:45:22] Skip modifying the html files of href: https://www.instagram.com/polizei.hannover/tagged/. [Download Error]
[2021.01.15 05:45:22] Skip modifying the html files of href: https://www.instagram.com/frieda_rudi_make_oink/. [Download Error]
[2021.01.15 05:45:22] Skip modifying the html files of href: https://www.instagram.com/frieda_rudi_make_oink/. [Download Error]
[2021.01.15 05:45:22] 		{{{RESULT}}}
[2021.01.15 05:45:22] ID:	polizei.hannover
[2021.01.15 05:45:22] Type:	posts
[2021.01.15 05:45:22] Mode:	2
[2021.01.15 05:45:22] Change:	False
[2021.01.15 05:45:22] Notify:	False
[2021.01.15 05:45:22] Error:	True

[2021.01.15 05:45:22] ID:	polizei.hannover
[2021.01.15 05:45:22] Type:	igtv
[2021.01.15 05:45:22] Mode:	1
[2021.01.15 05:45:22] Change:	False
[2021.01.15 05:45:22] Notify:	False
[2021.01.15 05:45:22] Error:	True

[2021.01.15 05:45:22] ID:	polizei.hannover
[2021.01.15 05:45:22] Type:	tagged
[2021.01.15 05:45:22] Mode:	1
[2021.01.15 05:45:22] Change:	False
[2021.01.15 05:45:22] Notify:	False
[2021.01.15 05:45:22] Error:	True

[2021.01.15 05:45:22] ID:	frieda_rudi_make_oink
[2021.01.15 05:45:22] Type:	posts
[2021.01.15 05:45:22] Mode:	1
[2021.01.15 05:45:22] Change:	False
[2021.01.15 05:45:22] Notify:	False
[2021.01.15 05:45:22] Error:	True

waiting 3 seconds
Execution 61
[2021.01.15 05:45:28] 		{{{BASIC TEST}}}
[2021.01.15 05:45:28] 


[2021.01.15 05:45:28] 	************STORING PHASE************

[2021.01.15 05:46:01] store the html code of : (https://www.instagram.com/polizei.hannover/) in polizei.hannover/posts/old.html
[2021.01.15 05:46:01] OR in polizei.hannover/posts/new.html
[2021.01.15 05:46:01] --------------------------------------------

[2021.01.15 05:46:13] Error while downloading the html files.
Exception message: IndexError: list index out of range
[2021.01.15 05:46:13] Error while downloading the html files.
Exception message: IndexError: list index out of range
[2021.01.15 05:46:13] Error while processing. URL: https://www.instagram.com/polizei.hannover/
[2021.01.15 05:46:13] Error while processing. URL: https://www.instagram.com/polizei.hannover/
[2021.01.15 05:46:13] store the html code of : (https://www.instagram.com/polizei.hannover/channel/) in polizei.hannover/igtv/old.html
[2021.01.15 05:46:13] OR in polizei.hannover/igtv/new.html
[2021.01.15 05:46:13] --------------------------------------------

[2021.01.15 05:46:29] Error while downloading the html files.
Exception message: IndexError: list index out of range
[2021.01.15 05:46:29] Error while downloading the html files.
Exception message: IndexError: list index out of range
[2021.01.15 05:46:29] Error while processing. URL: https://www.instagram.com/polizei.hannover/channel/
[2021.01.15 05:46:29] Error while processing. URL: https://www.instagram.com/polizei.hannover/channel/
[2021.01.15 05:46:29] store the html code of : (https://www.instagram.com/polizei.hannover/tagged/) in polizei.hannover/tagged/old.html
[2021.01.15 05:46:29] OR in polizei.hannover/tagged/new.html
[2021.01.15 05:46:29] --------------------------------------------

[2021.01.15 05:46:42] Error while downloading the html files.
Exception message: IndexError: list index out of range
[2021.01.15 05:46:42] Error while downloading the html files.
Exception message: IndexError: list index out of range
[2021.01.15 05:46:42] Error while processing. URL: https://www.instagram.com/polizei.hannover/tagged/
[2021.01.15 05:46:42] Error while processing. URL: https://www.instagram.com/polizei.hannover/tagged/
[2021.01.15 05:46:42] store the html code of : (https://www.instagram.com/frieda_rudi_make_oink/) in frieda_rudi_make_oink/posts/old.html
[2021.01.15 05:46:42] OR in frieda_rudi_make_oink/posts/new.html
[2021.01.15 05:46:42] --------------------------------------------

[2021.01.15 05:46:56] Error while downloading the html files.
Exception message: IndexError: list index out of range
[2021.01.15 05:46:56] Error while downloading the html files.
Exception message: IndexError: list index out of range
[2021.01.15 05:46:56] Error while processing. URL: https://www.instagram.com/frieda_rudi_make_oink/
[2021.01.15 05:46:56] Error while processing. URL: https://www.instagram.com/frieda_rudi_make_oink/
[2021.01.15 05:46:57] 


[2021.01.15 05:46:57] 	********MONITORING PHASE********
[2021.01.15 05:46:57] Skip modifying the html files of href: https://www.instagram.com/polizei.hannover/. [Download Error]
[2021.01.15 05:46:57] Skip modifying the html files of href: https://www.instagram.com/polizei.hannover/. [Download Error]
[2021.01.15 05:46:57] Skip modifying the html files of href: https://www.instagram.com/polizei.hannover/channel/. [Download Error]
[2021.01.15 05:46:57] Skip modifying the html files of href: https://www.instagram.com/polizei.hannover/channel/. [Download Error]
[2021.01.15 05:46:57] Skip modifying the html files of href: https://www.instagram.com/polizei.hannover/tagged/. [Download Error]
[2021.01.15 05:46:57] Skip modifying the html files of href: https://www.instagram.com/polizei.hannover/tagged/. [Download Error]
[2021.01.15 05:46:57] Skip modifying the html files of href: https://www.instagram.com/frieda_rudi_make_oink/. [Download Error]
[2021.01.15 05:46:57] Skip modifying the html files of href: https://www.instagram.com/frieda_rudi_make_oink/. [Download Error]
[2021.01.15 05:46:57] 		{{{RESULT}}}
[2021.01.15 05:46:57] ID:	polizei.hannover
[2021.01.15 05:46:57] Type:	posts
[2021.01.15 05:46:57] Mode:	2
[2021.01.15 05:46:57] Change:	False
[2021.01.15 05:46:57] Notify:	False
[2021.01.15 05:46:57] Error:	True

[2021.01.15 05:46:57] ID:	polizei.hannover
[2021.01.15 05:46:57] Type:	igtv
[2021.01.15 05:46:57] Mode:	1
[2021.01.15 05:46:57] Change:	False
[2021.01.15 05:46:57] Notify:	False
[2021.01.15 05:46:57] Error:	True

[2021.01.15 05:46:57] ID:	polizei.hannover
[2021.01.15 05:46:57] Type:	tagged
[2021.01.15 05:46:57] Mode:	1
[2021.01.15 05:46:57] Change:	False
[2021.01.15 05:46:57] Notify:	False
[2021.01.15 05:46:57] Error:	True

[2021.01.15 05:46:57] ID:	frieda_rudi_make_oink
[2021.01.15 05:46:57] Type:	posts
[2021.01.15 05:46:57] Mode:	1
[2021.01.15 05:46:57] Change:	False
[2021.01.15 05:46:57] Notify:	False
[2021.01.15 05:46:57] Error:	True

waiting 3 seconds
Execution 62
[2021.01.15 05:47:04] 		{{{BASIC TEST}}}
[2021.01.15 05:47:04] 


[2021.01.15 05:47:04] 	************STORING PHASE************

[2021.01.15 05:47:32] store the html code of : (https://www.instagram.com/polizei.hannover/) in polizei.hannover/posts/old.html
[2021.01.15 05:47:32] OR in polizei.hannover/posts/new.html
[2021.01.15 05:47:32] --------------------------------------------

[2021.01.15 05:47:44] Error while downloading the html files.
Exception message: IndexError: list index out of range
[2021.01.15 05:47:44] Error while downloading the html files.
Exception message: IndexError: list index out of range
[2021.01.15 05:47:44] Error while processing. URL: https://www.instagram.com/polizei.hannover/
[2021.01.15 05:47:44] Error while processing. URL: https://www.instagram.com/polizei.hannover/
[2021.01.15 05:47:44] store the html code of : (https://www.instagram.com/polizei.hannover/channel/) in polizei.hannover/igtv/old.html
[2021.01.15 05:47:44] OR in polizei.hannover/igtv/new.html
[2021.01.15 05:47:44] --------------------------------------------

[2021.01.15 05:48:00] Error while downloading the html files.
Exception message: IndexError: list index out of range
[2021.01.15 05:48:00] Error while downloading the html files.
Exception message: IndexError: list index out of range
[2021.01.15 05:48:00] Error while processing. URL: https://www.instagram.com/polizei.hannover/channel/
[2021.01.15 05:48:00] Error while processing. URL: https://www.instagram.com/polizei.hannover/channel/
[2021.01.15 05:48:00] store the html code of : (https://www.instagram.com/polizei.hannover/tagged/) in polizei.hannover/tagged/old.html
[2021.01.15 05:48:00] OR in polizei.hannover/tagged/new.html
[2021.01.15 05:48:00] --------------------------------------------

[2021.01.15 05:48:13] Error while downloading the html files.
Exception message: IndexError: list index out of range
[2021.01.15 05:48:13] Error while downloading the html files.
Exception message: IndexError: list index out of range
[2021.01.15 05:48:13] Error while processing. URL: https://www.instagram.com/polizei.hannover/tagged/
[2021.01.15 05:48:13] Error while processing. URL: https://www.instagram.com/polizei.hannover/tagged/
[2021.01.15 05:48:13] store the html code of : (https://www.instagram.com/frieda_rudi_make_oink/) in frieda_rudi_make_oink/posts/old.html
[2021.01.15 05:48:13] OR in frieda_rudi_make_oink/posts/new.html
[2021.01.15 05:48:13] --------------------------------------------

[2021.01.15 05:48:25] Error while downloading the html files.
Exception message: IndexError: list index out of range
[2021.01.15 05:48:25] Error while downloading the html files.
Exception message: IndexError: list index out of range
[2021.01.15 05:48:25] Error while processing. URL: https://www.instagram.com/frieda_rudi_make_oink/
[2021.01.15 05:48:25] Error while processing. URL: https://www.instagram.com/frieda_rudi_make_oink/
[2021.01.15 05:48:26] 


[2021.01.15 05:48:26] 	********MONITORING PHASE********
[2021.01.15 05:48:26] Skip modifying the html files of href: https://www.instagram.com/polizei.hannover/. [Download Error]
[2021.01.15 05:48:26] Skip modifying the html files of href: https://www.instagram.com/polizei.hannover/. [Download Error]
[2021.01.15 05:48:26] Skip modifying the html files of href: https://www.instagram.com/polizei.hannover/channel/. [Download Error]
[2021.01.15 05:48:26] Skip modifying the html files of href: https://www.instagram.com/polizei.hannover/channel/. [Download Error]
[2021.01.15 05:48:26] Skip modifying the html files of href: https://www.instagram.com/polizei.hannover/tagged/. [Download Error]
[2021.01.15 05:48:26] Skip modifying the html files of href: https://www.instagram.com/polizei.hannover/tagged/. [Download Error]
[2021.01.15 05:48:26] Skip modifying the html files of href: https://www.instagram.com/frieda_rudi_make_oink/. [Download Error]
[2021.01.15 05:48:26] Skip modifying the html files of href: https://www.instagram.com/frieda_rudi_make_oink/. [Download Error]
[2021.01.15 05:48:26] 		{{{RESULT}}}
[2021.01.15 05:48:26] ID:	polizei.hannover
[2021.01.15 05:48:26] Type:	posts
[2021.01.15 05:48:26] Mode:	2
[2021.01.15 05:48:26] Change:	False
[2021.01.15 05:48:26] Notify:	False
[2021.01.15 05:48:26] Error:	True

[2021.01.15 05:48:26] ID:	polizei.hannover
[2021.01.15 05:48:26] Type:	igtv
[2021.01.15 05:48:26] Mode:	1
[2021.01.15 05:48:26] Change:	False
[2021.01.15 05:48:26] Notify:	False
[2021.01.15 05:48:26] Error:	True

[2021.01.15 05:48:26] ID:	polizei.hannover
[2021.01.15 05:48:26] Type:	tagged
[2021.01.15 05:48:26] Mode:	1
[2021.01.15 05:48:26] Change:	False
[2021.01.15 05:48:26] Notify:	False
[2021.01.15 05:48:26] Error:	True

[2021.01.15 05:48:26] ID:	frieda_rudi_make_oink
[2021.01.15 05:48:26] Type:	posts
[2021.01.15 05:48:26] Mode:	1
[2021.01.15 05:48:26] Change:	False
[2021.01.15 05:48:26] Notify:	False
[2021.01.15 05:48:26] Error:	True

waiting 3 seconds
Execution 63
[2021.01.15 05:48:33] 		{{{BASIC TEST}}}
[2021.01.15 05:48:33] 


[2021.01.15 05:48:33] 	************STORING PHASE************

[2021.01.15 05:49:05] store the html code of : (https://www.instagram.com/polizei.hannover/) in polizei.hannover/posts/old.html
[2021.01.15 05:49:05] OR in polizei.hannover/posts/new.html
[2021.01.15 05:49:05] --------------------------------------------

[2021.01.15 05:49:20] Error while downloading the html files.
Exception message: IndexError: list index out of range
[2021.01.15 05:49:20] Error while downloading the html files.
Exception message: IndexError: list index out of range
[2021.01.15 05:49:20] Error while processing. URL: https://www.instagram.com/polizei.hannover/
[2021.01.15 05:49:20] Error while processing. URL: https://www.instagram.com/polizei.hannover/
[2021.01.15 05:49:20] store the html code of : (https://www.instagram.com/polizei.hannover/channel/) in polizei.hannover/igtv/old.html
[2021.01.15 05:49:20] OR in polizei.hannover/igtv/new.html
[2021.01.15 05:49:20] --------------------------------------------

[2021.01.15 05:49:36] Error while downloading the html files.
Exception message: IndexError: list index out of range
[2021.01.15 05:49:36] Error while downloading the html files.
Exception message: IndexError: list index out of range
[2021.01.15 05:49:36] Error while processing. URL: https://www.instagram.com/polizei.hannover/channel/
[2021.01.15 05:49:36] Error while processing. URL: https://www.instagram.com/polizei.hannover/channel/
[2021.01.15 05:49:36] store the html code of : (https://www.instagram.com/polizei.hannover/tagged/) in polizei.hannover/tagged/old.html
[2021.01.15 05:49:36] OR in polizei.hannover/tagged/new.html
[2021.01.15 05:49:36] --------------------------------------------

[2021.01.15 05:49:50] Error while downloading the html files.
Exception message: IndexError: list index out of range
[2021.01.15 05:49:50] Error while downloading the html files.
Exception message: IndexError: list index out of range
[2021.01.15 05:49:50] Error while processing. URL: https://www.instagram.com/polizei.hannover/tagged/
[2021.01.15 05:49:50] Error while processing. URL: https://www.instagram.com/polizei.hannover/tagged/
[2021.01.15 05:49:50] store the html code of : (https://www.instagram.com/frieda_rudi_make_oink/) in frieda_rudi_make_oink/posts/old.html
[2021.01.15 05:49:50] OR in frieda_rudi_make_oink/posts/new.html
[2021.01.15 05:49:50] --------------------------------------------

[2021.01.15 05:50:04] Error while downloading the html files.
Exception message: IndexError: list index out of range
[2021.01.15 05:50:04] Error while downloading the html files.
Exception message: IndexError: list index out of range
[2021.01.15 05:50:04] Error while processing. URL: https://www.instagram.com/frieda_rudi_make_oink/
[2021.01.15 05:50:04] Error while processing. URL: https://www.instagram.com/frieda_rudi_make_oink/
[2021.01.15 05:50:05] 


[2021.01.15 05:50:05] 	********MONITORING PHASE********
[2021.01.15 05:50:05] Skip modifying the html files of href: https://www.instagram.com/polizei.hannover/. [Download Error]
[2021.01.15 05:50:05] Skip modifying the html files of href: https://www.instagram.com/polizei.hannover/. [Download Error]
[2021.01.15 05:50:05] Skip modifying the html files of href: https://www.instagram.com/polizei.hannover/channel/. [Download Error]
[2021.01.15 05:50:05] Skip modifying the html files of href: https://www.instagram.com/polizei.hannover/channel/. [Download Error]
[2021.01.15 05:50:05] Skip modifying the html files of href: https://www.instagram.com/polizei.hannover/tagged/. [Download Error]
[2021.01.15 05:50:05] Skip modifying the html files of href: https://www.instagram.com/polizei.hannover/tagged/. [Download Error]
[2021.01.15 05:50:05] Skip modifying the html files of href: https://www.instagram.com/frieda_rudi_make_oink/. [Download Error]
[2021.01.15 05:50:05] Skip modifying the html files of href: https://www.instagram.com/frieda_rudi_make_oink/. [Download Error]
[2021.01.15 05:50:05] 		{{{RESULT}}}
[2021.01.15 05:50:05] ID:	polizei.hannover
[2021.01.15 05:50:05] Type:	posts
[2021.01.15 05:50:05] Mode:	2
[2021.01.15 05:50:05] Change:	False
[2021.01.15 05:50:05] Notify:	False
[2021.01.15 05:50:05] Error:	True

[2021.01.15 05:50:05] ID:	polizei.hannover
[2021.01.15 05:50:05] Type:	igtv
[2021.01.15 05:50:05] Mode:	1
[2021.01.15 05:50:05] Change:	False
[2021.01.15 05:50:05] Notify:	False
[2021.01.15 05:50:05] Error:	True

[2021.01.15 05:50:05] ID:	polizei.hannover
[2021.01.15 05:50:05] Type:	tagged
[2021.01.15 05:50:05] Mode:	1
[2021.01.15 05:50:05] Change:	False
[2021.01.15 05:50:05] Notify:	False
[2021.01.15 05:50:05] Error:	True

[2021.01.15 05:50:05] ID:	frieda_rudi_make_oink
[2021.01.15 05:50:05] Type:	posts
[2021.01.15 05:50:05] Mode:	1
[2021.01.15 05:50:05] Change:	False
[2021.01.15 05:50:05] Notify:	False
[2021.01.15 05:50:05] Error:	True

waiting 3 seconds
Execution 64
[2021.01.15 05:50:12] 		{{{BASIC TEST}}}
[2021.01.15 05:50:12] 


[2021.01.15 05:50:12] 	************STORING PHASE************

[2021.01.15 05:50:42] store the html code of : (https://www.instagram.com/polizei.hannover/) in polizei.hannover/posts/old.html
[2021.01.15 05:50:42] OR in polizei.hannover/posts/new.html
[2021.01.15 05:50:42] --------------------------------------------

[2021.01.15 05:50:55] Error while downloading the html files.
Exception message: IndexError: list index out of range
[2021.01.15 05:50:55] Error while downloading the html files.
Exception message: IndexError: list index out of range
[2021.01.15 05:50:55] Error while processing. URL: https://www.instagram.com/polizei.hannover/
[2021.01.15 05:50:55] Error while processing. URL: https://www.instagram.com/polizei.hannover/
[2021.01.15 05:50:55] store the html code of : (https://www.instagram.com/polizei.hannover/channel/) in polizei.hannover/igtv/old.html
[2021.01.15 05:50:55] OR in polizei.hannover/igtv/new.html
[2021.01.15 05:50:55] --------------------------------------------

[2021.01.15 05:51:10] Error while downloading the html files.
Exception message: IndexError: list index out of range
[2021.01.15 05:51:10] Error while downloading the html files.
Exception message: IndexError: list index out of range
[2021.01.15 05:51:10] Error while processing. URL: https://www.instagram.com/polizei.hannover/channel/
[2021.01.15 05:51:10] Error while processing. URL: https://www.instagram.com/polizei.hannover/channel/
[2021.01.15 05:51:10] store the html code of : (https://www.instagram.com/polizei.hannover/tagged/) in polizei.hannover/tagged/old.html
[2021.01.15 05:51:10] OR in polizei.hannover/tagged/new.html
[2021.01.15 05:51:10] --------------------------------------------

[2021.01.15 05:51:27] Error while downloading the html files.
Exception message: IndexError: list index out of range
[2021.01.15 05:51:27] Error while downloading the html files.
Exception message: IndexError: list index out of range
[2021.01.15 05:51:27] Error while processing. URL: https://www.instagram.com/polizei.hannover/tagged/
[2021.01.15 05:51:27] Error while processing. URL: https://www.instagram.com/polizei.hannover/tagged/
[2021.01.15 05:51:27] store the html code of : (https://www.instagram.com/frieda_rudi_make_oink/) in frieda_rudi_make_oink/posts/old.html
[2021.01.15 05:51:27] OR in frieda_rudi_make_oink/posts/new.html
[2021.01.15 05:51:27] --------------------------------------------

[2021.01.15 05:51:43] Error while downloading the html files.
Exception message: IndexError: list index out of range
[2021.01.15 05:51:43] Error while downloading the html files.
Exception message: IndexError: list index out of range
[2021.01.15 05:51:43] Error while processing. URL: https://www.instagram.com/frieda_rudi_make_oink/
[2021.01.15 05:51:43] Error while processing. URL: https://www.instagram.com/frieda_rudi_make_oink/
[2021.01.15 05:51:44] 


[2021.01.15 05:51:44] 	********MONITORING PHASE********
[2021.01.15 05:51:44] Skip modifying the html files of href: https://www.instagram.com/polizei.hannover/. [Download Error]
[2021.01.15 05:51:44] Skip modifying the html files of href: https://www.instagram.com/polizei.hannover/. [Download Error]
[2021.01.15 05:51:44] Skip modifying the html files of href: https://www.instagram.com/polizei.hannover/channel/. [Download Error]
[2021.01.15 05:51:44] Skip modifying the html files of href: https://www.instagram.com/polizei.hannover/channel/. [Download Error]
[2021.01.15 05:51:44] Skip modifying the html files of href: https://www.instagram.com/polizei.hannover/tagged/. [Download Error]
[2021.01.15 05:51:44] Skip modifying the html files of href: https://www.instagram.com/polizei.hannover/tagged/. [Download Error]
[2021.01.15 05:51:44] Skip modifying the html files of href: https://www.instagram.com/frieda_rudi_make_oink/. [Download Error]
[2021.01.15 05:51:44] Skip modifying the html files of href: https://www.instagram.com/frieda_rudi_make_oink/. [Download Error]
[2021.01.15 05:51:44] 		{{{RESULT}}}
[2021.01.15 05:51:44] ID:	polizei.hannover
[2021.01.15 05:51:44] Type:	posts
[2021.01.15 05:51:44] Mode:	2
[2021.01.15 05:51:44] Change:	False
[2021.01.15 05:51:44] Notify:	False
[2021.01.15 05:51:44] Error:	True

[2021.01.15 05:51:44] ID:	polizei.hannover
[2021.01.15 05:51:44] Type:	igtv
[2021.01.15 05:51:44] Mode:	1
[2021.01.15 05:51:44] Change:	False
[2021.01.15 05:51:44] Notify:	False
[2021.01.15 05:51:44] Error:	True

[2021.01.15 05:51:44] ID:	polizei.hannover
[2021.01.15 05:51:44] Type:	tagged
[2021.01.15 05:51:44] Mode:	1
[2021.01.15 05:51:44] Change:	False
[2021.01.15 05:51:44] Notify:	False
[2021.01.15 05:51:44] Error:	True

[2021.01.15 05:51:44] ID:	frieda_rudi_make_oink
[2021.01.15 05:51:44] Type:	posts
[2021.01.15 05:51:44] Mode:	1
[2021.01.15 05:51:44] Change:	False
[2021.01.15 05:51:44] Notify:	False
[2021.01.15 05:51:44] Error:	True

waiting 3 seconds
Execution 65
[2021.01.15 05:51:51] 		{{{BASIC TEST}}}
[2021.01.15 05:51:51] 


[2021.01.15 05:51:51] 	************STORING PHASE************

[2021.01.15 05:52:25] store the html code of : (https://www.instagram.com/polizei.hannover/) in polizei.hannover/posts/old.html
[2021.01.15 05:52:25] OR in polizei.hannover/posts/new.html
[2021.01.15 05:52:25] --------------------------------------------

[2021.01.15 05:52:40] Error while downloading the html files.
Exception message: IndexError: list index out of range
[2021.01.15 05:52:40] Error while downloading the html files.
Exception message: IndexError: list index out of range
[2021.01.15 05:52:40] Error while processing. URL: https://www.instagram.com/polizei.hannover/
[2021.01.15 05:52:40] Error while processing. URL: https://www.instagram.com/polizei.hannover/
[2021.01.15 05:52:40] store the html code of : (https://www.instagram.com/polizei.hannover/channel/) in polizei.hannover/igtv/old.html
[2021.01.15 05:52:40] OR in polizei.hannover/igtv/new.html
[2021.01.15 05:52:40] --------------------------------------------

[2021.01.15 05:52:56] Error while downloading the html files.
Exception message: IndexError: list index out of range
[2021.01.15 05:52:56] Error while downloading the html files.
Exception message: IndexError: list index out of range
[2021.01.15 05:52:56] Error while processing. URL: https://www.instagram.com/polizei.hannover/channel/
[2021.01.15 05:52:56] Error while processing. URL: https://www.instagram.com/polizei.hannover/channel/
[2021.01.15 05:52:56] store the html code of : (https://www.instagram.com/polizei.hannover/tagged/) in polizei.hannover/tagged/old.html
[2021.01.15 05:52:56] OR in polizei.hannover/tagged/new.html
[2021.01.15 05:52:56] --------------------------------------------

[2021.01.15 05:53:10] Error while downloading the html files.
Exception message: IndexError: list index out of range
[2021.01.15 05:53:10] Error while downloading the html files.
Exception message: IndexError: list index out of range
[2021.01.15 05:53:10] Error while processing. URL: https://www.instagram.com/polizei.hannover/tagged/
[2021.01.15 05:53:10] Error while processing. URL: https://www.instagram.com/polizei.hannover/tagged/
[2021.01.15 05:53:10] store the html code of : (https://www.instagram.com/frieda_rudi_make_oink/) in frieda_rudi_make_oink/posts/old.html
[2021.01.15 05:53:10] OR in frieda_rudi_make_oink/posts/new.html
[2021.01.15 05:53:10] --------------------------------------------

[2021.01.15 05:53:22] Error while downloading the html files.
Exception message: IndexError: list index out of range
[2021.01.15 05:53:22] Error while downloading the html files.
Exception message: IndexError: list index out of range
[2021.01.15 05:53:22] Error while processing. URL: https://www.instagram.com/frieda_rudi_make_oink/
[2021.01.15 05:53:22] Error while processing. URL: https://www.instagram.com/frieda_rudi_make_oink/
[2021.01.15 05:53:23] 


[2021.01.15 05:53:23] 	********MONITORING PHASE********
[2021.01.15 05:53:23] Skip modifying the html files of href: https://www.instagram.com/polizei.hannover/. [Download Error]
[2021.01.15 05:53:23] Skip modifying the html files of href: https://www.instagram.com/polizei.hannover/. [Download Error]
[2021.01.15 05:53:23] Skip modifying the html files of href: https://www.instagram.com/polizei.hannover/channel/. [Download Error]
[2021.01.15 05:53:23] Skip modifying the html files of href: https://www.instagram.com/polizei.hannover/channel/. [Download Error]
[2021.01.15 05:53:23] Skip modifying the html files of href: https://www.instagram.com/polizei.hannover/tagged/. [Download Error]
[2021.01.15 05:53:23] Skip modifying the html files of href: https://www.instagram.com/polizei.hannover/tagged/. [Download Error]
[2021.01.15 05:53:23] Skip modifying the html files of href: https://www.instagram.com/frieda_rudi_make_oink/. [Download Error]
[2021.01.15 05:53:23] Skip modifying the html files of href: https://www.instagram.com/frieda_rudi_make_oink/. [Download Error]
[2021.01.15 05:53:23] 		{{{RESULT}}}
[2021.01.15 05:53:23] ID:	polizei.hannover
[2021.01.15 05:53:23] Type:	posts
[2021.01.15 05:53:23] Mode:	2
[2021.01.15 05:53:23] Change:	False
[2021.01.15 05:53:23] Notify:	False
[2021.01.15 05:53:23] Error:	True

[2021.01.15 05:53:23] ID:	polizei.hannover
[2021.01.15 05:53:23] Type:	igtv
[2021.01.15 05:53:23] Mode:	1
[2021.01.15 05:53:23] Change:	False
[2021.01.15 05:53:23] Notify:	False
[2021.01.15 05:53:23] Error:	True

[2021.01.15 05:53:23] ID:	polizei.hannover
[2021.01.15 05:53:23] Type:	tagged
[2021.01.15 05:53:23] Mode:	1
[2021.01.15 05:53:23] Change:	False
[2021.01.15 05:53:23] Notify:	False
[2021.01.15 05:53:23] Error:	True

[2021.01.15 05:53:23] ID:	frieda_rudi_make_oink
[2021.01.15 05:53:23] Type:	posts
[2021.01.15 05:53:23] Mode:	1
[2021.01.15 05:53:23] Change:	False
[2021.01.15 05:53:23] Notify:	False
[2021.01.15 05:53:23] Error:	True

waiting 3 seconds
Execution 66
[2021.01.15 05:53:30] 		{{{BASIC TEST}}}
[2021.01.15 05:53:30] 


[2021.01.15 05:53:30] 	************STORING PHASE************

[2021.01.15 05:54:07] store the html code of : (https://www.instagram.com/polizei.hannover/) in polizei.hannover/posts/old.html
[2021.01.15 05:54:07] OR in polizei.hannover/posts/new.html
[2021.01.15 05:54:07] --------------------------------------------

[2021.01.15 05:54:20] Error while downloading the html files.
Exception message: IndexError: list index out of range
[2021.01.15 05:54:20] Error while downloading the html files.
Exception message: IndexError: list index out of range
[2021.01.15 05:54:21] Error while processing. URL: https://www.instagram.com/polizei.hannover/
[2021.01.15 05:54:21] Error while processing. URL: https://www.instagram.com/polizei.hannover/
[2021.01.15 05:54:21] store the html code of : (https://www.instagram.com/polizei.hannover/channel/) in polizei.hannover/igtv/old.html
[2021.01.15 05:54:21] OR in polizei.hannover/igtv/new.html
[2021.01.15 05:54:21] --------------------------------------------

[2021.01.15 05:54:34] Error while downloading the html files.
Exception message: IndexError: list index out of range
[2021.01.15 05:54:34] Error while downloading the html files.
Exception message: IndexError: list index out of range
[2021.01.15 05:54:34] Error while processing. URL: https://www.instagram.com/polizei.hannover/channel/
[2021.01.15 05:54:34] Error while processing. URL: https://www.instagram.com/polizei.hannover/channel/
[2021.01.15 05:54:34] store the html code of : (https://www.instagram.com/polizei.hannover/tagged/) in polizei.hannover/tagged/old.html
[2021.01.15 05:54:34] OR in polizei.hannover/tagged/new.html
[2021.01.15 05:54:34] --------------------------------------------

[2021.01.15 05:54:50] Error while downloading the html files.
Exception message: IndexError: list index out of range
[2021.01.15 05:54:50] Error while downloading the html files.
Exception message: IndexError: list index out of range
[2021.01.15 05:54:50] Error while processing. URL: https://www.instagram.com/polizei.hannover/tagged/
[2021.01.15 05:54:50] Error while processing. URL: https://www.instagram.com/polizei.hannover/tagged/
[2021.01.15 05:54:50] store the html code of : (https://www.instagram.com/frieda_rudi_make_oink/) in frieda_rudi_make_oink/posts/old.html
[2021.01.15 05:54:50] OR in frieda_rudi_make_oink/posts/new.html
[2021.01.15 05:54:50] --------------------------------------------

[2021.01.15 05:55:02] Error while downloading the html files.
Exception message: IndexError: list index out of range
[2021.01.15 05:55:02] Error while downloading the html files.
Exception message: IndexError: list index out of range
[2021.01.15 05:55:02] Error while processing. URL: https://www.instagram.com/frieda_rudi_make_oink/
[2021.01.15 05:55:02] Error while processing. URL: https://www.instagram.com/frieda_rudi_make_oink/
[2021.01.15 05:55:03] 


[2021.01.15 05:55:03] 	********MONITORING PHASE********
[2021.01.15 05:55:03] Skip modifying the html files of href: https://www.instagram.com/polizei.hannover/. [Download Error]
[2021.01.15 05:55:03] Skip modifying the html files of href: https://www.instagram.com/polizei.hannover/. [Download Error]
[2021.01.15 05:55:03] Skip modifying the html files of href: https://www.instagram.com/polizei.hannover/channel/. [Download Error]
[2021.01.15 05:55:03] Skip modifying the html files of href: https://www.instagram.com/polizei.hannover/channel/. [Download Error]
[2021.01.15 05:55:03] Skip modifying the html files of href: https://www.instagram.com/polizei.hannover/tagged/. [Download Error]
[2021.01.15 05:55:03] Skip modifying the html files of href: https://www.instagram.com/polizei.hannover/tagged/. [Download Error]
[2021.01.15 05:55:03] Skip modifying the html files of href: https://www.instagram.com/frieda_rudi_make_oink/. [Download Error]
[2021.01.15 05:55:03] Skip modifying the html files of href: https://www.instagram.com/frieda_rudi_make_oink/. [Download Error]
[2021.01.15 05:55:03] 		{{{RESULT}}}
[2021.01.15 05:55:03] ID:	polizei.hannover
[2021.01.15 05:55:03] Type:	posts
[2021.01.15 05:55:03] Mode:	2
[2021.01.15 05:55:03] Change:	False
[2021.01.15 05:55:03] Notify:	False
[2021.01.15 05:55:03] Error:	True

[2021.01.15 05:55:03] ID:	polizei.hannover
[2021.01.15 05:55:03] Type:	igtv
[2021.01.15 05:55:03] Mode:	1
[2021.01.15 05:55:03] Change:	False
[2021.01.15 05:55:03] Notify:	False
[2021.01.15 05:55:03] Error:	True

[2021.01.15 05:55:03] ID:	polizei.hannover
[2021.01.15 05:55:03] Type:	tagged
[2021.01.15 05:55:03] Mode:	1
[2021.01.15 05:55:03] Change:	False
[2021.01.15 05:55:03] Notify:	False
[2021.01.15 05:55:03] Error:	True

[2021.01.15 05:55:03] ID:	frieda_rudi_make_oink
[2021.01.15 05:55:03] Type:	posts
[2021.01.15 05:55:03] Mode:	1
[2021.01.15 05:55:03] Change:	False
[2021.01.15 05:55:03] Notify:	False
[2021.01.15 05:55:03] Error:	True

waiting 3 seconds
Execution 67
[2021.01.15 05:55:10] 		{{{BASIC TEST}}}
[2021.01.15 05:55:10] 


[2021.01.15 05:55:10] 	************STORING PHASE************

[2021.01.15 05:55:34] store the html code of : (https://www.instagram.com/polizei.hannover/) in polizei.hannover/posts/old.html
[2021.01.15 05:55:34] OR in polizei.hannover/posts/new.html
[2021.01.15 05:55:34] --------------------------------------------

[2021.01.15 05:55:46] Error while downloading the html files.
Exception message: IndexError: list index out of range
[2021.01.15 05:55:46] Error while downloading the html files.
Exception message: IndexError: list index out of range
[2021.01.15 05:55:46] Error while processing. URL: https://www.instagram.com/polizei.hannover/
[2021.01.15 05:55:46] Error while processing. URL: https://www.instagram.com/polizei.hannover/
[2021.01.15 05:55:46] store the html code of : (https://www.instagram.com/polizei.hannover/channel/) in polizei.hannover/igtv/old.html
[2021.01.15 05:55:46] OR in polizei.hannover/igtv/new.html
[2021.01.15 05:55:46] --------------------------------------------

[2021.01.15 05:56:03] Error while downloading the html files.
Exception message: IndexError: list index out of range
[2021.01.15 05:56:03] Error while downloading the html files.
Exception message: IndexError: list index out of range
[2021.01.15 05:56:03] Error while processing. URL: https://www.instagram.com/polizei.hannover/channel/
[2021.01.15 05:56:03] Error while processing. URL: https://www.instagram.com/polizei.hannover/channel/
[2021.01.15 05:56:03] store the html code of : (https://www.instagram.com/polizei.hannover/tagged/) in polizei.hannover/tagged/old.html
[2021.01.15 05:56:03] OR in polizei.hannover/tagged/new.html
[2021.01.15 05:56:03] --------------------------------------------

[2021.01.15 05:56:17] Error while downloading the html files.
Exception message: IndexError: list index out of range
[2021.01.15 05:56:17] Error while downloading the html files.
Exception message: IndexError: list index out of range
[2021.01.15 05:56:17] Error while processing. URL: https://www.instagram.com/polizei.hannover/tagged/
[2021.01.15 05:56:17] Error while processing. URL: https://www.instagram.com/polizei.hannover/tagged/
[2021.01.15 05:56:17] store the html code of : (https://www.instagram.com/frieda_rudi_make_oink/) in frieda_rudi_make_oink/posts/old.html
[2021.01.15 05:56:17] OR in frieda_rudi_make_oink/posts/new.html
[2021.01.15 05:56:17] --------------------------------------------

[2021.01.15 05:56:32] Error while downloading the html files.
Exception message: IndexError: list index out of range
[2021.01.15 05:56:32] Error while downloading the html files.
Exception message: IndexError: list index out of range
[2021.01.15 05:56:32] Error while processing. URL: https://www.instagram.com/frieda_rudi_make_oink/
[2021.01.15 05:56:32] Error while processing. URL: https://www.instagram.com/frieda_rudi_make_oink/
[2021.01.15 05:56:33] 


[2021.01.15 05:56:33] 	********MONITORING PHASE********
[2021.01.15 05:56:33] Skip modifying the html files of href: https://www.instagram.com/polizei.hannover/. [Download Error]
[2021.01.15 05:56:33] Skip modifying the html files of href: https://www.instagram.com/polizei.hannover/. [Download Error]
[2021.01.15 05:56:33] Skip modifying the html files of href: https://www.instagram.com/polizei.hannover/channel/. [Download Error]
[2021.01.15 05:56:33] Skip modifying the html files of href: https://www.instagram.com/polizei.hannover/channel/. [Download Error]
[2021.01.15 05:56:33] Skip modifying the html files of href: https://www.instagram.com/polizei.hannover/tagged/. [Download Error]
[2021.01.15 05:56:33] Skip modifying the html files of href: https://www.instagram.com/polizei.hannover/tagged/. [Download Error]
[2021.01.15 05:56:33] Skip modifying the html files of href: https://www.instagram.com/frieda_rudi_make_oink/. [Download Error]
[2021.01.15 05:56:33] Skip modifying the html files of href: https://www.instagram.com/frieda_rudi_make_oink/. [Download Error]
[2021.01.15 05:56:33] 		{{{RESULT}}}
[2021.01.15 05:56:33] ID:	polizei.hannover
[2021.01.15 05:56:33] Type:	posts
[2021.01.15 05:56:33] Mode:	2
[2021.01.15 05:56:33] Change:	False
[2021.01.15 05:56:33] Notify:	False
[2021.01.15 05:56:33] Error:	True

[2021.01.15 05:56:33] ID:	polizei.hannover
[2021.01.15 05:56:33] Type:	igtv
[2021.01.15 05:56:33] Mode:	1
[2021.01.15 05:56:33] Change:	False
[2021.01.15 05:56:33] Notify:	False
[2021.01.15 05:56:33] Error:	True

[2021.01.15 05:56:33] ID:	polizei.hannover
[2021.01.15 05:56:33] Type:	tagged
[2021.01.15 05:56:33] Mode:	1
[2021.01.15 05:56:33] Change:	False
[2021.01.15 05:56:33] Notify:	False
[2021.01.15 05:56:33] Error:	True

[2021.01.15 05:56:33] ID:	frieda_rudi_make_oink
[2021.01.15 05:56:33] Type:	posts
[2021.01.15 05:56:33] Mode:	1
[2021.01.15 05:56:33] Change:	False
[2021.01.15 05:56:33] Notify:	False
[2021.01.15 05:56:33] Error:	True

waiting 3 seconds
Execution 68
[2021.01.15 05:56:40] 		{{{BASIC TEST}}}
[2021.01.15 05:56:40] 


[2021.01.15 05:56:40] 	************STORING PHASE************

[2021.01.15 05:57:14] store the html code of : (https://www.instagram.com/polizei.hannover/) in polizei.hannover/posts/old.html
[2021.01.15 05:57:14] OR in polizei.hannover/posts/new.html
[2021.01.15 05:57:14] --------------------------------------------

[2021.01.15 05:57:27] Error while downloading the html files.
Exception message: IndexError: list index out of range
[2021.01.15 05:57:27] Error while downloading the html files.
Exception message: IndexError: list index out of range
[2021.01.15 05:57:27] Error while processing. URL: https://www.instagram.com/polizei.hannover/
[2021.01.15 05:57:27] Error while processing. URL: https://www.instagram.com/polizei.hannover/
[2021.01.15 05:57:27] store the html code of : (https://www.instagram.com/polizei.hannover/channel/) in polizei.hannover/igtv/old.html
[2021.01.15 05:57:27] OR in polizei.hannover/igtv/new.html
[2021.01.15 05:57:27] --------------------------------------------

[2021.01.15 05:57:45] Error while downloading the html files.
Exception message: IndexError: list index out of range
[2021.01.15 05:57:45] Error while downloading the html files.
Exception message: IndexError: list index out of range
[2021.01.15 05:57:45] Error while processing. URL: https://www.instagram.com/polizei.hannover/channel/
[2021.01.15 05:57:45] Error while processing. URL: https://www.instagram.com/polizei.hannover/channel/
[2021.01.15 05:57:45] store the html code of : (https://www.instagram.com/polizei.hannover/tagged/) in polizei.hannover/tagged/old.html
[2021.01.15 05:57:45] OR in polizei.hannover/tagged/new.html
[2021.01.15 05:57:45] --------------------------------------------

[2021.01.15 05:57:59] Error while downloading the html files.
Exception message: IndexError: list index out of range
[2021.01.15 05:57:59] Error while downloading the html files.
Exception message: IndexError: list index out of range
[2021.01.15 05:57:59] Error while processing. URL: https://www.instagram.com/polizei.hannover/tagged/
[2021.01.15 05:57:59] Error while processing. URL: https://www.instagram.com/polizei.hannover/tagged/
[2021.01.15 05:57:59] store the html code of : (https://www.instagram.com/frieda_rudi_make_oink/) in frieda_rudi_make_oink/posts/old.html
[2021.01.15 05:57:59] OR in frieda_rudi_make_oink/posts/new.html
[2021.01.15 05:57:59] --------------------------------------------

[2021.01.15 05:58:12] Error while downloading the html files.
Exception message: IndexError: list index out of range
[2021.01.15 05:58:12] Error while downloading the html files.
Exception message: IndexError: list index out of range
[2021.01.15 05:58:12] Error while processing. URL: https://www.instagram.com/frieda_rudi_make_oink/
[2021.01.15 05:58:12] Error while processing. URL: https://www.instagram.com/frieda_rudi_make_oink/
[2021.01.15 05:58:13] 


[2021.01.15 05:58:13] 	********MONITORING PHASE********
[2021.01.15 05:58:13] Skip modifying the html files of href: https://www.instagram.com/polizei.hannover/. [Download Error]
[2021.01.15 05:58:13] Skip modifying the html files of href: https://www.instagram.com/polizei.hannover/. [Download Error]
[2021.01.15 05:58:13] Skip modifying the html files of href: https://www.instagram.com/polizei.hannover/channel/. [Download Error]
[2021.01.15 05:58:13] Skip modifying the html files of href: https://www.instagram.com/polizei.hannover/channel/. [Download Error]
[2021.01.15 05:58:13] Skip modifying the html files of href: https://www.instagram.com/polizei.hannover/tagged/. [Download Error]
[2021.01.15 05:58:13] Skip modifying the html files of href: https://www.instagram.com/polizei.hannover/tagged/. [Download Error]
[2021.01.15 05:58:13] Skip modifying the html files of href: https://www.instagram.com/frieda_rudi_make_oink/. [Download Error]
[2021.01.15 05:58:13] Skip modifying the html files of href: https://www.instagram.com/frieda_rudi_make_oink/. [Download Error]
[2021.01.15 05:58:13] 		{{{RESULT}}}
[2021.01.15 05:58:13] ID:	polizei.hannover
[2021.01.15 05:58:13] Type:	posts
[2021.01.15 05:58:13] Mode:	2
[2021.01.15 05:58:13] Change:	False
[2021.01.15 05:58:13] Notify:	False
[2021.01.15 05:58:13] Error:	True

[2021.01.15 05:58:13] ID:	polizei.hannover
[2021.01.15 05:58:13] Type:	igtv
[2021.01.15 05:58:13] Mode:	1
[2021.01.15 05:58:13] Change:	False
[2021.01.15 05:58:13] Notify:	False
[2021.01.15 05:58:13] Error:	True

[2021.01.15 05:58:13] ID:	polizei.hannover
[2021.01.15 05:58:13] Type:	tagged
[2021.01.15 05:58:13] Mode:	1
[2021.01.15 05:58:13] Change:	False
[2021.01.15 05:58:13] Notify:	False
[2021.01.15 05:58:13] Error:	True

[2021.01.15 05:58:13] ID:	frieda_rudi_make_oink
[2021.01.15 05:58:13] Type:	posts
[2021.01.15 05:58:13] Mode:	1
[2021.01.15 05:58:13] Change:	False
[2021.01.15 05:58:13] Notify:	False
[2021.01.15 05:58:13] Error:	True

waiting 3 seconds
Execution 69
[2021.01.15 05:58:20] 		{{{BASIC TEST}}}
[2021.01.15 05:58:20] 


[2021.01.15 05:58:20] 	************STORING PHASE************

[2021.01.15 05:58:54] store the html code of : (https://www.instagram.com/polizei.hannover/) in polizei.hannover/posts/old.html
[2021.01.15 05:58:54] OR in polizei.hannover/posts/new.html
[2021.01.15 05:58:54] --------------------------------------------

[2021.01.15 05:59:06] Error while downloading the html files.
Exception message: IndexError: list index out of range
[2021.01.15 05:59:06] Error while downloading the html files.
Exception message: IndexError: list index out of range
[2021.01.15 05:59:06] Error while processing. URL: https://www.instagram.com/polizei.hannover/
[2021.01.15 05:59:06] Error while processing. URL: https://www.instagram.com/polizei.hannover/
[2021.01.15 05:59:06] store the html code of : (https://www.instagram.com/polizei.hannover/channel/) in polizei.hannover/igtv/old.html
[2021.01.15 05:59:06] OR in polizei.hannover/igtv/new.html
[2021.01.15 05:59:06] --------------------------------------------

[2021.01.15 05:59:20] Error while downloading the html files.
Exception message: IndexError: list index out of range
[2021.01.15 05:59:20] Error while downloading the html files.
Exception message: IndexError: list index out of range
[2021.01.15 05:59:20] Error while processing. URL: https://www.instagram.com/polizei.hannover/channel/
[2021.01.15 05:59:20] Error while processing. URL: https://www.instagram.com/polizei.hannover/channel/
[2021.01.15 05:59:20] store the html code of : (https://www.instagram.com/polizei.hannover/tagged/) in polizei.hannover/tagged/old.html
[2021.01.15 05:59:20] OR in polizei.hannover/tagged/new.html
[2021.01.15 05:59:20] --------------------------------------------

[2021.01.15 05:59:31] Error while downloading the html files.
Exception message: IndexError: list index out of range
[2021.01.15 05:59:31] Error while downloading the html files.
Exception message: IndexError: list index out of range
[2021.01.15 05:59:31] Error while processing. URL: https://www.instagram.com/polizei.hannover/tagged/
[2021.01.15 05:59:31] Error while processing. URL: https://www.instagram.com/polizei.hannover/tagged/
[2021.01.15 05:59:31] store the html code of : (https://www.instagram.com/frieda_rudi_make_oink/) in frieda_rudi_make_oink/posts/old.html
[2021.01.15 05:59:31] OR in frieda_rudi_make_oink/posts/new.html
[2021.01.15 05:59:31] --------------------------------------------

[2021.01.15 05:59:44] Error while downloading the html files.
Exception message: IndexError: list index out of range
[2021.01.15 05:59:44] Error while downloading the html files.
Exception message: IndexError: list index out of range
[2021.01.15 05:59:44] Error while processing. URL: https://www.instagram.com/frieda_rudi_make_oink/
[2021.01.15 05:59:44] Error while processing. URL: https://www.instagram.com/frieda_rudi_make_oink/
[2021.01.15 05:59:45] 


[2021.01.15 05:59:45] 	********MONITORING PHASE********
[2021.01.15 05:59:45] Skip modifying the html files of href: https://www.instagram.com/polizei.hannover/. [Download Error]
[2021.01.15 05:59:45] Skip modifying the html files of href: https://www.instagram.com/polizei.hannover/. [Download Error]
[2021.01.15 05:59:45] Skip modifying the html files of href: https://www.instagram.com/polizei.hannover/channel/. [Download Error]
[2021.01.15 05:59:45] Skip modifying the html files of href: https://www.instagram.com/polizei.hannover/channel/. [Download Error]
[2021.01.15 05:59:45] Skip modifying the html files of href: https://www.instagram.com/polizei.hannover/tagged/. [Download Error]
[2021.01.15 05:59:45] Skip modifying the html files of href: https://www.instagram.com/polizei.hannover/tagged/. [Download Error]
[2021.01.15 05:59:45] Skip modifying the html files of href: https://www.instagram.com/frieda_rudi_make_oink/. [Download Error]
[2021.01.15 05:59:45] Skip modifying the html files of href: https://www.instagram.com/frieda_rudi_make_oink/. [Download Error]
[2021.01.15 05:59:45] 		{{{RESULT}}}
[2021.01.15 05:59:45] ID:	polizei.hannover
[2021.01.15 05:59:45] Type:	posts
[2021.01.15 05:59:45] Mode:	2
[2021.01.15 05:59:45] Change:	False
[2021.01.15 05:59:45] Notify:	False
[2021.01.15 05:59:45] Error:	True

[2021.01.15 05:59:45] ID:	polizei.hannover
[2021.01.15 05:59:45] Type:	igtv
[2021.01.15 05:59:45] Mode:	1
[2021.01.15 05:59:45] Change:	False
[2021.01.15 05:59:45] Notify:	False
[2021.01.15 05:59:45] Error:	True

[2021.01.15 05:59:45] ID:	polizei.hannover
[2021.01.15 05:59:45] Type:	tagged
[2021.01.15 05:59:45] Mode:	1
[2021.01.15 05:59:45] Change:	False
[2021.01.15 05:59:45] Notify:	False
[2021.01.15 05:59:45] Error:	True

[2021.01.15 05:59:45] ID:	frieda_rudi_make_oink
[2021.01.15 05:59:45] Type:	posts
[2021.01.15 05:59:45] Mode:	1
[2021.01.15 05:59:45] Change:	False
[2021.01.15 05:59:45] Notify:	False
[2021.01.15 05:59:45] Error:	True

waiting 3 seconds
Execution 70
[2021.01.15 05:59:52] 		{{{BASIC TEST}}}
[2021.01.15 05:59:52] 


[2021.01.15 05:59:52] 	************STORING PHASE************

[2021.01.15 06:00:19] store the html code of : (https://www.instagram.com/polizei.hannover/) in polizei.hannover/posts/old.html
[2021.01.15 06:00:19] OR in polizei.hannover/posts/new.html
[2021.01.15 06:00:19] --------------------------------------------

[2021.01.15 06:00:31] Error while downloading the html files.
Exception message: IndexError: list index out of range
[2021.01.15 06:00:31] Error while downloading the html files.
Exception message: IndexError: list index out of range
[2021.01.15 06:00:31] Error while processing. URL: https://www.instagram.com/polizei.hannover/
[2021.01.15 06:00:31] Error while processing. URL: https://www.instagram.com/polizei.hannover/
[2021.01.15 06:00:31] store the html code of : (https://www.instagram.com/polizei.hannover/channel/) in polizei.hannover/igtv/old.html
[2021.01.15 06:00:31] OR in polizei.hannover/igtv/new.html
[2021.01.15 06:00:31] --------------------------------------------

[2021.01.15 06:00:43] Error while downloading the html files.
Exception message: IndexError: list index out of range
[2021.01.15 06:00:43] Error while downloading the html files.
Exception message: IndexError: list index out of range
[2021.01.15 06:00:43] Error while processing. URL: https://www.instagram.com/polizei.hannover/channel/
[2021.01.15 06:00:43] Error while processing. URL: https://www.instagram.com/polizei.hannover/channel/
[2021.01.15 06:00:43] store the html code of : (https://www.instagram.com/polizei.hannover/tagged/) in polizei.hannover/tagged/old.html
[2021.01.15 06:00:43] OR in polizei.hannover/tagged/new.html
[2021.01.15 06:00:43] --------------------------------------------

[2021.01.15 06:00:56] Error while downloading the html files.
Exception message: IndexError: list index out of range
[2021.01.15 06:00:56] Error while downloading the html files.
Exception message: IndexError: list index out of range
[2021.01.15 06:00:56] Error while processing. URL: https://www.instagram.com/polizei.hannover/tagged/
[2021.01.15 06:00:56] Error while processing. URL: https://www.instagram.com/polizei.hannover/tagged/
[2021.01.15 06:00:56] store the html code of : (https://www.instagram.com/frieda_rudi_make_oink/) in frieda_rudi_make_oink/posts/old.html
[2021.01.15 06:00:56] OR in frieda_rudi_make_oink/posts/new.html
[2021.01.15 06:00:56] --------------------------------------------

[2021.01.15 06:01:10] Error while downloading the html files.
Exception message: IndexError: list index out of range
[2021.01.15 06:01:10] Error while downloading the html files.
Exception message: IndexError: list index out of range
[2021.01.15 06:01:10] Error while processing. URL: https://www.instagram.com/frieda_rudi_make_oink/
[2021.01.15 06:01:10] Error while processing. URL: https://www.instagram.com/frieda_rudi_make_oink/
[2021.01.15 06:01:11] 


[2021.01.15 06:01:11] 	********MONITORING PHASE********
[2021.01.15 06:01:11] Skip modifying the html files of href: https://www.instagram.com/polizei.hannover/. [Download Error]
[2021.01.15 06:01:11] Skip modifying the html files of href: https://www.instagram.com/polizei.hannover/. [Download Error]
[2021.01.15 06:01:11] Skip modifying the html files of href: https://www.instagram.com/polizei.hannover/channel/. [Download Error]
[2021.01.15 06:01:11] Skip modifying the html files of href: https://www.instagram.com/polizei.hannover/channel/. [Download Error]
[2021.01.15 06:01:11] Skip modifying the html files of href: https://www.instagram.com/polizei.hannover/tagged/. [Download Error]
[2021.01.15 06:01:11] Skip modifying the html files of href: https://www.instagram.com/polizei.hannover/tagged/. [Download Error]
[2021.01.15 06:01:11] Skip modifying the html files of href: https://www.instagram.com/frieda_rudi_make_oink/. [Download Error]
[2021.01.15 06:01:11] Skip modifying the html files of href: https://www.instagram.com/frieda_rudi_make_oink/. [Download Error]
[2021.01.15 06:01:11] 		{{{RESULT}}}
[2021.01.15 06:01:11] ID:	polizei.hannover
[2021.01.15 06:01:11] Type:	posts
[2021.01.15 06:01:11] Mode:	2
[2021.01.15 06:01:11] Change:	False
[2021.01.15 06:01:11] Notify:	False
[2021.01.15 06:01:11] Error:	True

[2021.01.15 06:01:11] ID:	polizei.hannover
[2021.01.15 06:01:11] Type:	igtv
[2021.01.15 06:01:11] Mode:	1
[2021.01.15 06:01:11] Change:	False
[2021.01.15 06:01:11] Notify:	False
[2021.01.15 06:01:11] Error:	True

[2021.01.15 06:01:11] ID:	polizei.hannover
[2021.01.15 06:01:11] Type:	tagged
[2021.01.15 06:01:11] Mode:	1
[2021.01.15 06:01:11] Change:	False
[2021.01.15 06:01:11] Notify:	False
[2021.01.15 06:01:11] Error:	True

[2021.01.15 06:01:11] ID:	frieda_rudi_make_oink
[2021.01.15 06:01:11] Type:	posts
[2021.01.15 06:01:11] Mode:	1
[2021.01.15 06:01:11] Change:	False
[2021.01.15 06:01:11] Notify:	False
[2021.01.15 06:01:11] Error:	True

waiting 3 seconds
Execution 71
[2021.01.15 06:01:18] 		{{{BASIC TEST}}}
[2021.01.15 06:01:18] 


[2021.01.15 06:01:18] 	************STORING PHASE************

[2021.01.15 06:01:48] store the html code of : (https://www.instagram.com/polizei.hannover/) in polizei.hannover/posts/old.html
[2021.01.15 06:01:48] OR in polizei.hannover/posts/new.html
[2021.01.15 06:01:48] --------------------------------------------

[2021.01.15 06:02:04] Error while downloading the html files.
Exception message: IndexError: list index out of range
[2021.01.15 06:02:04] Error while downloading the html files.
Exception message: IndexError: list index out of range
[2021.01.15 06:02:04] Error while processing. URL: https://www.instagram.com/polizei.hannover/
[2021.01.15 06:02:04] Error while processing. URL: https://www.instagram.com/polizei.hannover/
[2021.01.15 06:02:04] store the html code of : (https://www.instagram.com/polizei.hannover/channel/) in polizei.hannover/igtv/old.html
[2021.01.15 06:02:04] OR in polizei.hannover/igtv/new.html
[2021.01.15 06:02:04] --------------------------------------------

[2021.01.15 06:02:21] Error while downloading the html files.
Exception message: IndexError: list index out of range
[2021.01.15 06:02:21] Error while downloading the html files.
Exception message: IndexError: list index out of range
[2021.01.15 06:02:21] Error while processing. URL: https://www.instagram.com/polizei.hannover/channel/
[2021.01.15 06:02:21] Error while processing. URL: https://www.instagram.com/polizei.hannover/channel/
[2021.01.15 06:02:21] store the html code of : (https://www.instagram.com/polizei.hannover/tagged/) in polizei.hannover/tagged/old.html
[2021.01.15 06:02:21] OR in polizei.hannover/tagged/new.html
[2021.01.15 06:02:21] --------------------------------------------

[2021.01.15 06:02:33] Error while downloading the html files.
Exception message: IndexError: list index out of range
[2021.01.15 06:02:33] Error while downloading the html files.
Exception message: IndexError: list index out of range
[2021.01.15 06:02:33] Error while processing. URL: https://www.instagram.com/polizei.hannover/tagged/
[2021.01.15 06:02:33] Error while processing. URL: https://www.instagram.com/polizei.hannover/tagged/
[2021.01.15 06:02:33] store the html code of : (https://www.instagram.com/frieda_rudi_make_oink/) in frieda_rudi_make_oink/posts/old.html
[2021.01.15 06:02:33] OR in frieda_rudi_make_oink/posts/new.html
[2021.01.15 06:02:33] --------------------------------------------

[2021.01.15 06:02:49] Error while downloading the html files.
Exception message: IndexError: list index out of range
[2021.01.15 06:02:49] Error while downloading the html files.
Exception message: IndexError: list index out of range
[2021.01.15 06:02:49] Error while processing. URL: https://www.instagram.com/frieda_rudi_make_oink/
[2021.01.15 06:02:49] Error while processing. URL: https://www.instagram.com/frieda_rudi_make_oink/
[2021.01.15 06:02:50] 


[2021.01.15 06:02:50] 	********MONITORING PHASE********
[2021.01.15 06:02:50] Skip modifying the html files of href: https://www.instagram.com/polizei.hannover/. [Download Error]
[2021.01.15 06:02:50] Skip modifying the html files of href: https://www.instagram.com/polizei.hannover/. [Download Error]
[2021.01.15 06:02:50] Skip modifying the html files of href: https://www.instagram.com/polizei.hannover/channel/. [Download Error]
[2021.01.15 06:02:50] Skip modifying the html files of href: https://www.instagram.com/polizei.hannover/channel/. [Download Error]
[2021.01.15 06:02:50] Skip modifying the html files of href: https://www.instagram.com/polizei.hannover/tagged/. [Download Error]
[2021.01.15 06:02:50] Skip modifying the html files of href: https://www.instagram.com/polizei.hannover/tagged/. [Download Error]
[2021.01.15 06:02:50] Skip modifying the html files of href: https://www.instagram.com/frieda_rudi_make_oink/. [Download Error]
[2021.01.15 06:02:50] Skip modifying the html files of href: https://www.instagram.com/frieda_rudi_make_oink/. [Download Error]
[2021.01.15 06:02:50] 		{{{RESULT}}}
[2021.01.15 06:02:50] ID:	polizei.hannover
[2021.01.15 06:02:50] Type:	posts
[2021.01.15 06:02:50] Mode:	2
[2021.01.15 06:02:50] Change:	False
[2021.01.15 06:02:50] Notify:	False
[2021.01.15 06:02:50] Error:	True

[2021.01.15 06:02:50] ID:	polizei.hannover
[2021.01.15 06:02:50] Type:	igtv
[2021.01.15 06:02:50] Mode:	1
[2021.01.15 06:02:50] Change:	False
[2021.01.15 06:02:50] Notify:	False
[2021.01.15 06:02:50] Error:	True

[2021.01.15 06:02:50] ID:	polizei.hannover
[2021.01.15 06:02:50] Type:	tagged
[2021.01.15 06:02:50] Mode:	1
[2021.01.15 06:02:50] Change:	False
[2021.01.15 06:02:50] Notify:	False
[2021.01.15 06:02:50] Error:	True

[2021.01.15 06:02:50] ID:	frieda_rudi_make_oink
[2021.01.15 06:02:50] Type:	posts
[2021.01.15 06:02:50] Mode:	1
[2021.01.15 06:02:50] Change:	False
[2021.01.15 06:02:50] Notify:	False
[2021.01.15 06:02:50] Error:	True

waiting 3 seconds
Execution 72
[2021.01.15 06:02:57] 		{{{BASIC TEST}}}
[2021.01.15 06:02:57] 


[2021.01.15 06:02:57] 	************STORING PHASE************

[2021.01.15 06:03:30] store the html code of : (https://www.instagram.com/polizei.hannover/) in polizei.hannover/posts/old.html
[2021.01.15 06:03:30] OR in polizei.hannover/posts/new.html
[2021.01.15 06:03:30] --------------------------------------------

[2021.01.15 06:03:47] Error while downloading the html files.
Exception message: IndexError: list index out of range
[2021.01.15 06:03:47] Error while downloading the html files.
Exception message: IndexError: list index out of range
[2021.01.15 06:03:47] Error while processing. URL: https://www.instagram.com/polizei.hannover/
[2021.01.15 06:03:47] Error while processing. URL: https://www.instagram.com/polizei.hannover/
[2021.01.15 06:03:47] store the html code of : (https://www.instagram.com/polizei.hannover/channel/) in polizei.hannover/igtv/old.html
[2021.01.15 06:03:47] OR in polizei.hannover/igtv/new.html
[2021.01.15 06:03:47] --------------------------------------------

[2021.01.15 06:04:05] Error while downloading the html files.
Exception message: IndexError: list index out of range
[2021.01.15 06:04:05] Error while downloading the html files.
Exception message: IndexError: list index out of range
[2021.01.15 06:04:06] Error while processing. URL: https://www.instagram.com/polizei.hannover/channel/
[2021.01.15 06:04:06] Error while processing. URL: https://www.instagram.com/polizei.hannover/channel/
[2021.01.15 06:04:06] store the html code of : (https://www.instagram.com/polizei.hannover/tagged/) in polizei.hannover/tagged/old.html
[2021.01.15 06:04:06] OR in polizei.hannover/tagged/new.html
[2021.01.15 06:04:06] --------------------------------------------

[2021.01.15 06:04:21] Error while downloading the html files.
Exception message: IndexError: list index out of range
[2021.01.15 06:04:21] Error while downloading the html files.
Exception message: IndexError: list index out of range
[2021.01.15 06:04:21] Error while processing. URL: https://www.instagram.com/polizei.hannover/tagged/
[2021.01.15 06:04:21] Error while processing. URL: https://www.instagram.com/polizei.hannover/tagged/
[2021.01.15 06:04:21] store the html code of : (https://www.instagram.com/frieda_rudi_make_oink/) in frieda_rudi_make_oink/posts/old.html
[2021.01.15 06:04:21] OR in frieda_rudi_make_oink/posts/new.html
[2021.01.15 06:04:21] --------------------------------------------

[2021.01.15 06:04:35] Error while downloading the html files.
Exception message: IndexError: list index out of range
[2021.01.15 06:04:35] Error while downloading the html files.
Exception message: IndexError: list index out of range
[2021.01.15 06:04:35] Error while processing. URL: https://www.instagram.com/frieda_rudi_make_oink/
[2021.01.15 06:04:35] Error while processing. URL: https://www.instagram.com/frieda_rudi_make_oink/
[2021.01.15 06:04:36] 


[2021.01.15 06:04:36] 	********MONITORING PHASE********
[2021.01.15 06:04:36] Skip modifying the html files of href: https://www.instagram.com/polizei.hannover/. [Download Error]
[2021.01.15 06:04:36] Skip modifying the html files of href: https://www.instagram.com/polizei.hannover/. [Download Error]
[2021.01.15 06:04:36] Skip modifying the html files of href: https://www.instagram.com/polizei.hannover/channel/. [Download Error]
[2021.01.15 06:04:36] Skip modifying the html files of href: https://www.instagram.com/polizei.hannover/channel/. [Download Error]
[2021.01.15 06:04:36] Skip modifying the html files of href: https://www.instagram.com/polizei.hannover/tagged/. [Download Error]
[2021.01.15 06:04:36] Skip modifying the html files of href: https://www.instagram.com/polizei.hannover/tagged/. [Download Error]
[2021.01.15 06:04:36] Skip modifying the html files of href: https://www.instagram.com/frieda_rudi_make_oink/. [Download Error]
[2021.01.15 06:04:36] Skip modifying the html files of href: https://www.instagram.com/frieda_rudi_make_oink/. [Download Error]
[2021.01.15 06:04:36] 		{{{RESULT}}}
[2021.01.15 06:04:36] ID:	polizei.hannover
[2021.01.15 06:04:36] Type:	posts
[2021.01.15 06:04:36] Mode:	2
[2021.01.15 06:04:36] Change:	False
[2021.01.15 06:04:36] Notify:	False
[2021.01.15 06:04:36] Error:	True

[2021.01.15 06:04:36] ID:	polizei.hannover
[2021.01.15 06:04:36] Type:	igtv
[2021.01.15 06:04:36] Mode:	1
[2021.01.15 06:04:36] Change:	False
[2021.01.15 06:04:36] Notify:	False
[2021.01.15 06:04:36] Error:	True

[2021.01.15 06:04:36] ID:	polizei.hannover
[2021.01.15 06:04:36] Type:	tagged
[2021.01.15 06:04:36] Mode:	1
[2021.01.15 06:04:36] Change:	False
[2021.01.15 06:04:36] Notify:	False
[2021.01.15 06:04:36] Error:	True

[2021.01.15 06:04:36] ID:	frieda_rudi_make_oink
[2021.01.15 06:04:36] Type:	posts
[2021.01.15 06:04:36] Mode:	1
[2021.01.15 06:04:36] Change:	False
[2021.01.15 06:04:36] Notify:	False
[2021.01.15 06:04:36] Error:	True

waiting 3 seconds
Execution 73
[2021.01.15 06:04:43] 		{{{BASIC TEST}}}
[2021.01.15 06:04:43] 


[2021.01.15 06:04:43] 	************STORING PHASE************

[2021.01.15 06:05:12] store the html code of : (https://www.instagram.com/polizei.hannover/) in polizei.hannover/posts/old.html
[2021.01.15 06:05:12] OR in polizei.hannover/posts/new.html
[2021.01.15 06:05:12] --------------------------------------------

[2021.01.15 06:05:25] Error while downloading the html files.
Exception message: IndexError: list index out of range
[2021.01.15 06:05:25] Error while downloading the html files.
Exception message: IndexError: list index out of range
[2021.01.15 06:05:25] Error while processing. URL: https://www.instagram.com/polizei.hannover/
[2021.01.15 06:05:25] Error while processing. URL: https://www.instagram.com/polizei.hannover/
[2021.01.15 06:05:25] store the html code of : (https://www.instagram.com/polizei.hannover/channel/) in polizei.hannover/igtv/old.html
[2021.01.15 06:05:25] OR in polizei.hannover/igtv/new.html
[2021.01.15 06:05:25] --------------------------------------------

[2021.01.15 06:05:37] Error while downloading the html files.
Exception message: IndexError: list index out of range
[2021.01.15 06:05:37] Error while downloading the html files.
Exception message: IndexError: list index out of range
[2021.01.15 06:05:37] Error while processing. URL: https://www.instagram.com/polizei.hannover/channel/
[2021.01.15 06:05:37] Error while processing. URL: https://www.instagram.com/polizei.hannover/channel/
[2021.01.15 06:05:37] store the html code of : (https://www.instagram.com/polizei.hannover/tagged/) in polizei.hannover/tagged/old.html
[2021.01.15 06:05:37] OR in polizei.hannover/tagged/new.html
[2021.01.15 06:05:37] --------------------------------------------

[2021.01.15 06:05:51] Error while downloading the html files.
Exception message: IndexError: list index out of range
[2021.01.15 06:05:51] Error while downloading the html files.
Exception message: IndexError: list index out of range
[2021.01.15 06:05:51] Error while processing. URL: https://www.instagram.com/polizei.hannover/tagged/
[2021.01.15 06:05:51] Error while processing. URL: https://www.instagram.com/polizei.hannover/tagged/
[2021.01.15 06:05:51] store the html code of : (https://www.instagram.com/frieda_rudi_make_oink/) in frieda_rudi_make_oink/posts/old.html
[2021.01.15 06:05:51] OR in frieda_rudi_make_oink/posts/new.html
[2021.01.15 06:05:51] --------------------------------------------

[2021.01.15 06:06:05] Error while downloading the html files.
Exception message: IndexError: list index out of range
[2021.01.15 06:06:05] Error while downloading the html files.
Exception message: IndexError: list index out of range
[2021.01.15 06:06:05] Error while processing. URL: https://www.instagram.com/frieda_rudi_make_oink/
[2021.01.15 06:06:05] Error while processing. URL: https://www.instagram.com/frieda_rudi_make_oink/
[2021.01.15 06:06:06] 


[2021.01.15 06:06:06] 	********MONITORING PHASE********
[2021.01.15 06:06:06] Skip modifying the html files of href: https://www.instagram.com/polizei.hannover/. [Download Error]
[2021.01.15 06:06:06] Skip modifying the html files of href: https://www.instagram.com/polizei.hannover/. [Download Error]
[2021.01.15 06:06:06] Skip modifying the html files of href: https://www.instagram.com/polizei.hannover/channel/. [Download Error]
[2021.01.15 06:06:06] Skip modifying the html files of href: https://www.instagram.com/polizei.hannover/channel/. [Download Error]
[2021.01.15 06:06:06] Skip modifying the html files of href: https://www.instagram.com/polizei.hannover/tagged/. [Download Error]
[2021.01.15 06:06:06] Skip modifying the html files of href: https://www.instagram.com/polizei.hannover/tagged/. [Download Error]
[2021.01.15 06:06:06] Skip modifying the html files of href: https://www.instagram.com/frieda_rudi_make_oink/. [Download Error]
[2021.01.15 06:06:06] Skip modifying the html files of href: https://www.instagram.com/frieda_rudi_make_oink/. [Download Error]
[2021.01.15 06:06:06] 		{{{RESULT}}}
[2021.01.15 06:06:06] ID:	polizei.hannover
[2021.01.15 06:06:06] Type:	posts
[2021.01.15 06:06:06] Mode:	2
[2021.01.15 06:06:06] Change:	False
[2021.01.15 06:06:06] Notify:	False
[2021.01.15 06:06:06] Error:	True

[2021.01.15 06:06:06] ID:	polizei.hannover
[2021.01.15 06:06:06] Type:	igtv
[2021.01.15 06:06:06] Mode:	1
[2021.01.15 06:06:06] Change:	False
[2021.01.15 06:06:06] Notify:	False
[2021.01.15 06:06:06] Error:	True

[2021.01.15 06:06:06] ID:	polizei.hannover
[2021.01.15 06:06:06] Type:	tagged
[2021.01.15 06:06:06] Mode:	1
[2021.01.15 06:06:06] Change:	False
[2021.01.15 06:06:06] Notify:	False
[2021.01.15 06:06:06] Error:	True

[2021.01.15 06:06:06] ID:	frieda_rudi_make_oink
[2021.01.15 06:06:06] Type:	posts
[2021.01.15 06:06:06] Mode:	1
[2021.01.15 06:06:06] Change:	False
[2021.01.15 06:06:06] Notify:	False
[2021.01.15 06:06:06] Error:	True

waiting 3 seconds
Execution 74
[2021.01.15 06:06:13] 		{{{BASIC TEST}}}
[2021.01.15 06:06:13] 


[2021.01.15 06:06:13] 	************STORING PHASE************

[2021.01.15 06:06:42] store the html code of : (https://www.instagram.com/polizei.hannover/) in polizei.hannover/posts/old.html
[2021.01.15 06:06:42] OR in polizei.hannover/posts/new.html
[2021.01.15 06:06:42] --------------------------------------------

[2021.01.15 06:06:56] Error while downloading the html files.
Exception message: IndexError: list index out of range
[2021.01.15 06:06:56] Error while downloading the html files.
Exception message: IndexError: list index out of range
[2021.01.15 06:06:56] Error while processing. URL: https://www.instagram.com/polizei.hannover/
[2021.01.15 06:06:56] Error while processing. URL: https://www.instagram.com/polizei.hannover/
[2021.01.15 06:06:56] store the html code of : (https://www.instagram.com/polizei.hannover/channel/) in polizei.hannover/igtv/old.html
[2021.01.15 06:06:56] OR in polizei.hannover/igtv/new.html
[2021.01.15 06:06:56] --------------------------------------------

[2021.01.15 06:07:10] Error while downloading the html files.
Exception message: IndexError: list index out of range
[2021.01.15 06:07:10] Error while downloading the html files.
Exception message: IndexError: list index out of range
[2021.01.15 06:07:10] Error while processing. URL: https://www.instagram.com/polizei.hannover/channel/
[2021.01.15 06:07:10] Error while processing. URL: https://www.instagram.com/polizei.hannover/channel/
[2021.01.15 06:07:10] store the html code of : (https://www.instagram.com/polizei.hannover/tagged/) in polizei.hannover/tagged/old.html
[2021.01.15 06:07:10] OR in polizei.hannover/tagged/new.html
[2021.01.15 06:07:10] --------------------------------------------

[2021.01.15 06:07:22] Error while downloading the html files.
Exception message: IndexError: list index out of range
[2021.01.15 06:07:22] Error while downloading the html files.
Exception message: IndexError: list index out of range
[2021.01.15 06:07:22] Error while processing. URL: https://www.instagram.com/polizei.hannover/tagged/
[2021.01.15 06:07:22] Error while processing. URL: https://www.instagram.com/polizei.hannover/tagged/
[2021.01.15 06:07:22] store the html code of : (https://www.instagram.com/frieda_rudi_make_oink/) in frieda_rudi_make_oink/posts/old.html
[2021.01.15 06:07:22] OR in frieda_rudi_make_oink/posts/new.html
[2021.01.15 06:07:22] --------------------------------------------

[2021.01.15 06:07:35] Error while downloading the html files.
Exception message: IndexError: list index out of range
[2021.01.15 06:07:35] Error while downloading the html files.
Exception message: IndexError: list index out of range
[2021.01.15 06:07:36] Error while processing. URL: https://www.instagram.com/frieda_rudi_make_oink/
[2021.01.15 06:07:36] Error while processing. URL: https://www.instagram.com/frieda_rudi_make_oink/
[2021.01.15 06:07:36] 


[2021.01.15 06:07:36] 	********MONITORING PHASE********
[2021.01.15 06:07:36] Skip modifying the html files of href: https://www.instagram.com/polizei.hannover/. [Download Error]
[2021.01.15 06:07:36] Skip modifying the html files of href: https://www.instagram.com/polizei.hannover/. [Download Error]
[2021.01.15 06:07:36] Skip modifying the html files of href: https://www.instagram.com/polizei.hannover/channel/. [Download Error]
[2021.01.15 06:07:36] Skip modifying the html files of href: https://www.instagram.com/polizei.hannover/channel/. [Download Error]
[2021.01.15 06:07:36] Skip modifying the html files of href: https://www.instagram.com/polizei.hannover/tagged/. [Download Error]
[2021.01.15 06:07:36] Skip modifying the html files of href: https://www.instagram.com/polizei.hannover/tagged/. [Download Error]
[2021.01.15 06:07:36] Skip modifying the html files of href: https://www.instagram.com/frieda_rudi_make_oink/. [Download Error]
[2021.01.15 06:07:36] Skip modifying the html files of href: https://www.instagram.com/frieda_rudi_make_oink/. [Download Error]
[2021.01.15 06:07:36] 		{{{RESULT}}}
[2021.01.15 06:07:36] ID:	polizei.hannover
[2021.01.15 06:07:36] Type:	posts
[2021.01.15 06:07:36] Mode:	2
[2021.01.15 06:07:36] Change:	False
[2021.01.15 06:07:36] Notify:	False
[2021.01.15 06:07:36] Error:	True

[2021.01.15 06:07:36] ID:	polizei.hannover
[2021.01.15 06:07:36] Type:	igtv
[2021.01.15 06:07:36] Mode:	1
[2021.01.15 06:07:36] Change:	False
[2021.01.15 06:07:36] Notify:	False
[2021.01.15 06:07:36] Error:	True

[2021.01.15 06:07:36] ID:	polizei.hannover
[2021.01.15 06:07:36] Type:	tagged
[2021.01.15 06:07:36] Mode:	1
[2021.01.15 06:07:36] Change:	False
[2021.01.15 06:07:36] Notify:	False
[2021.01.15 06:07:36] Error:	True

[2021.01.15 06:07:36] ID:	frieda_rudi_make_oink
[2021.01.15 06:07:36] Type:	posts
[2021.01.15 06:07:36] Mode:	1
[2021.01.15 06:07:36] Change:	False
[2021.01.15 06:07:36] Notify:	False
[2021.01.15 06:07:36] Error:	True

waiting 3 seconds
Execution 75
[2021.01.15 06:07:43] 		{{{BASIC TEST}}}
[2021.01.15 06:07:43] 


[2021.01.15 06:07:43] 	************STORING PHASE************

[2021.01.15 06:08:17] store the html code of : (https://www.instagram.com/polizei.hannover/) in polizei.hannover/posts/old.html
[2021.01.15 06:08:17] OR in polizei.hannover/posts/new.html
[2021.01.15 06:08:17] --------------------------------------------

[2021.01.15 06:08:31] Error while downloading the html files.
Exception message: IndexError: list index out of range
[2021.01.15 06:08:31] Error while downloading the html files.
Exception message: IndexError: list index out of range
[2021.01.15 06:08:31] Error while processing. URL: https://www.instagram.com/polizei.hannover/
[2021.01.15 06:08:31] Error while processing. URL: https://www.instagram.com/polizei.hannover/
[2021.01.15 06:08:31] store the html code of : (https://www.instagram.com/polizei.hannover/channel/) in polizei.hannover/igtv/old.html
[2021.01.15 06:08:31] OR in polizei.hannover/igtv/new.html
[2021.01.15 06:08:31] --------------------------------------------

[2021.01.15 06:08:47] Error while downloading the html files.
Exception message: IndexError: list index out of range
[2021.01.15 06:08:47] Error while downloading the html files.
Exception message: IndexError: list index out of range
[2021.01.15 06:08:47] Error while processing. URL: https://www.instagram.com/polizei.hannover/channel/
[2021.01.15 06:08:47] Error while processing. URL: https://www.instagram.com/polizei.hannover/channel/
[2021.01.15 06:08:47] store the html code of : (https://www.instagram.com/polizei.hannover/tagged/) in polizei.hannover/tagged/old.html
[2021.01.15 06:08:47] OR in polizei.hannover/tagged/new.html
[2021.01.15 06:08:47] --------------------------------------------

[2021.01.15 06:09:01] Error while downloading the html files.
Exception message: IndexError: list index out of range
[2021.01.15 06:09:01] Error while downloading the html files.
Exception message: IndexError: list index out of range
[2021.01.15 06:09:01] Error while processing. URL: https://www.instagram.com/polizei.hannover/tagged/
[2021.01.15 06:09:01] Error while processing. URL: https://www.instagram.com/polizei.hannover/tagged/
[2021.01.15 06:09:01] store the html code of : (https://www.instagram.com/frieda_rudi_make_oink/) in frieda_rudi_make_oink/posts/old.html
[2021.01.15 06:09:01] OR in frieda_rudi_make_oink/posts/new.html
[2021.01.15 06:09:01] --------------------------------------------

[2021.01.15 06:09:15] Error while downloading the html files.
Exception message: IndexError: list index out of range
[2021.01.15 06:09:15] Error while downloading the html files.
Exception message: IndexError: list index out of range
[2021.01.15 06:09:15] Error while processing. URL: https://www.instagram.com/frieda_rudi_make_oink/
[2021.01.15 06:09:15] Error while processing. URL: https://www.instagram.com/frieda_rudi_make_oink/
[2021.01.15 06:09:16] 


[2021.01.15 06:09:16] 	********MONITORING PHASE********
[2021.01.15 06:09:16] Skip modifying the html files of href: https://www.instagram.com/polizei.hannover/. [Download Error]
[2021.01.15 06:09:16] Skip modifying the html files of href: https://www.instagram.com/polizei.hannover/. [Download Error]
[2021.01.15 06:09:16] Skip modifying the html files of href: https://www.instagram.com/polizei.hannover/channel/. [Download Error]
[2021.01.15 06:09:16] Skip modifying the html files of href: https://www.instagram.com/polizei.hannover/channel/. [Download Error]
[2021.01.15 06:09:16] Skip modifying the html files of href: https://www.instagram.com/polizei.hannover/tagged/. [Download Error]
[2021.01.15 06:09:16] Skip modifying the html files of href: https://www.instagram.com/polizei.hannover/tagged/. [Download Error]
[2021.01.15 06:09:16] Skip modifying the html files of href: https://www.instagram.com/frieda_rudi_make_oink/. [Download Error]
[2021.01.15 06:09:16] Skip modifying the html files of href: https://www.instagram.com/frieda_rudi_make_oink/. [Download Error]
[2021.01.15 06:09:16] 		{{{RESULT}}}
[2021.01.15 06:09:16] ID:	polizei.hannover
[2021.01.15 06:09:16] Type:	posts
[2021.01.15 06:09:16] Mode:	2
[2021.01.15 06:09:16] Change:	False
[2021.01.15 06:09:16] Notify:	False
[2021.01.15 06:09:16] Error:	True

[2021.01.15 06:09:16] ID:	polizei.hannover
[2021.01.15 06:09:16] Type:	igtv
[2021.01.15 06:09:16] Mode:	1
[2021.01.15 06:09:16] Change:	False
[2021.01.15 06:09:16] Notify:	False
[2021.01.15 06:09:16] Error:	True

[2021.01.15 06:09:16] ID:	polizei.hannover
[2021.01.15 06:09:16] Type:	tagged
[2021.01.15 06:09:16] Mode:	1
[2021.01.15 06:09:16] Change:	False
[2021.01.15 06:09:16] Notify:	False
[2021.01.15 06:09:16] Error:	True

[2021.01.15 06:09:16] ID:	frieda_rudi_make_oink
[2021.01.15 06:09:16] Type:	posts
[2021.01.15 06:09:16] Mode:	1
[2021.01.15 06:09:16] Change:	False
[2021.01.15 06:09:16] Notify:	False
[2021.01.15 06:09:16] Error:	True

waiting 3 seconds
Execution 76
[2021.01.15 06:09:23] 		{{{BASIC TEST}}}
[2021.01.15 06:09:23] 


[2021.01.15 06:09:23] 	************STORING PHASE************

[2021.01.15 06:10:00] store the html code of : (https://www.instagram.com/polizei.hannover/) in polizei.hannover/posts/old.html
[2021.01.15 06:10:00] OR in polizei.hannover/posts/new.html
[2021.01.15 06:10:00] --------------------------------------------

[2021.01.15 06:10:15] Error while downloading the html files.
Exception message: IndexError: list index out of range
[2021.01.15 06:10:15] Error while downloading the html files.
Exception message: IndexError: list index out of range
[2021.01.15 06:10:15] Error while processing. URL: https://www.instagram.com/polizei.hannover/
[2021.01.15 06:10:15] Error while processing. URL: https://www.instagram.com/polizei.hannover/
[2021.01.15 06:10:15] store the html code of : (https://www.instagram.com/polizei.hannover/channel/) in polizei.hannover/igtv/old.html
[2021.01.15 06:10:15] OR in polizei.hannover/igtv/new.html
[2021.01.15 06:10:15] --------------------------------------------

[2021.01.15 06:10:29] Error while downloading the html files.
Exception message: IndexError: list index out of range
[2021.01.15 06:10:29] Error while downloading the html files.
Exception message: IndexError: list index out of range
[2021.01.15 06:10:29] Error while processing. URL: https://www.instagram.com/polizei.hannover/channel/
[2021.01.15 06:10:29] Error while processing. URL: https://www.instagram.com/polizei.hannover/channel/
[2021.01.15 06:10:29] store the html code of : (https://www.instagram.com/polizei.hannover/tagged/) in polizei.hannover/tagged/old.html
[2021.01.15 06:10:29] OR in polizei.hannover/tagged/new.html
[2021.01.15 06:10:29] --------------------------------------------

[2021.01.15 06:10:42] Error while downloading the html files.
Exception message: IndexError: list index out of range
[2021.01.15 06:10:42] Error while downloading the html files.
Exception message: IndexError: list index out of range
[2021.01.15 06:10:42] Error while processing. URL: https://www.instagram.com/polizei.hannover/tagged/
[2021.01.15 06:10:42] Error while processing. URL: https://www.instagram.com/polizei.hannover/tagged/
[2021.01.15 06:10:42] store the html code of : (https://www.instagram.com/frieda_rudi_make_oink/) in frieda_rudi_make_oink/posts/old.html
[2021.01.15 06:10:42] OR in frieda_rudi_make_oink/posts/new.html
[2021.01.15 06:10:42] --------------------------------------------

[2021.01.15 06:10:57] Error while downloading the html files.
Exception message: IndexError: list index out of range
[2021.01.15 06:10:57] Error while downloading the html files.
Exception message: IndexError: list index out of range
[2021.01.15 06:10:57] Error while processing. URL: https://www.instagram.com/frieda_rudi_make_oink/
[2021.01.15 06:10:57] Error while processing. URL: https://www.instagram.com/frieda_rudi_make_oink/
[2021.01.15 06:10:58] 


[2021.01.15 06:10:58] 	********MONITORING PHASE********
[2021.01.15 06:10:58] Skip modifying the html files of href: https://www.instagram.com/polizei.hannover/. [Download Error]
[2021.01.15 06:10:58] Skip modifying the html files of href: https://www.instagram.com/polizei.hannover/. [Download Error]
[2021.01.15 06:10:58] Skip modifying the html files of href: https://www.instagram.com/polizei.hannover/channel/. [Download Error]
[2021.01.15 06:10:58] Skip modifying the html files of href: https://www.instagram.com/polizei.hannover/channel/. [Download Error]
[2021.01.15 06:10:58] Skip modifying the html files of href: https://www.instagram.com/polizei.hannover/tagged/. [Download Error]
[2021.01.15 06:10:58] Skip modifying the html files of href: https://www.instagram.com/polizei.hannover/tagged/. [Download Error]
[2021.01.15 06:10:58] Skip modifying the html files of href: https://www.instagram.com/frieda_rudi_make_oink/. [Download Error]
[2021.01.15 06:10:58] Skip modifying the html files of href: https://www.instagram.com/frieda_rudi_make_oink/. [Download Error]
[2021.01.15 06:10:58] 		{{{RESULT}}}
[2021.01.15 06:10:58] ID:	polizei.hannover
[2021.01.15 06:10:58] Type:	posts
[2021.01.15 06:10:58] Mode:	2
[2021.01.15 06:10:58] Change:	False
[2021.01.15 06:10:58] Notify:	False
[2021.01.15 06:10:58] Error:	True

[2021.01.15 06:10:58] ID:	polizei.hannover
[2021.01.15 06:10:58] Type:	igtv
[2021.01.15 06:10:58] Mode:	1
[2021.01.15 06:10:58] Change:	False
[2021.01.15 06:10:58] Notify:	False
[2021.01.15 06:10:58] Error:	True

[2021.01.15 06:10:58] ID:	polizei.hannover
[2021.01.15 06:10:58] Type:	tagged
[2021.01.15 06:10:58] Mode:	1
[2021.01.15 06:10:58] Change:	False
[2021.01.15 06:10:58] Notify:	False
[2021.01.15 06:10:58] Error:	True

[2021.01.15 06:10:58] ID:	frieda_rudi_make_oink
[2021.01.15 06:10:58] Type:	posts
[2021.01.15 06:10:58] Mode:	1
[2021.01.15 06:10:58] Change:	False
[2021.01.15 06:10:58] Notify:	False
[2021.01.15 06:10:58] Error:	True

waiting 3 seconds
Execution 77
[2021.01.15 06:11:05] 		{{{BASIC TEST}}}
[2021.01.15 06:11:05] 


[2021.01.15 06:11:05] 	************STORING PHASE************

[2021.01.15 06:11:37] store the html code of : (https://www.instagram.com/polizei.hannover/) in polizei.hannover/posts/old.html
[2021.01.15 06:11:37] OR in polizei.hannover/posts/new.html
[2021.01.15 06:11:37] --------------------------------------------

[2021.01.15 06:11:51] Error while downloading the html files.
Exception message: IndexError: list index out of range
[2021.01.15 06:11:51] Error while downloading the html files.
Exception message: IndexError: list index out of range
[2021.01.15 06:11:51] Error while processing. URL: https://www.instagram.com/polizei.hannover/
[2021.01.15 06:11:51] Error while processing. URL: https://www.instagram.com/polizei.hannover/
[2021.01.15 06:11:51] store the html code of : (https://www.instagram.com/polizei.hannover/channel/) in polizei.hannover/igtv/old.html
[2021.01.15 06:11:51] OR in polizei.hannover/igtv/new.html
[2021.01.15 06:11:51] --------------------------------------------

[2021.01.15 06:12:06] Error while downloading the html files.
Exception message: IndexError: list index out of range
[2021.01.15 06:12:06] Error while downloading the html files.
Exception message: IndexError: list index out of range
[2021.01.15 06:12:06] Error while processing. URL: https://www.instagram.com/polizei.hannover/channel/
[2021.01.15 06:12:06] Error while processing. URL: https://www.instagram.com/polizei.hannover/channel/
[2021.01.15 06:12:06] store the html code of : (https://www.instagram.com/polizei.hannover/tagged/) in polizei.hannover/tagged/old.html
[2021.01.15 06:12:06] OR in polizei.hannover/tagged/new.html
[2021.01.15 06:12:06] --------------------------------------------

[2021.01.15 06:12:18] Error while downloading the html files.
Exception message: IndexError: list index out of range
[2021.01.15 06:12:18] Error while downloading the html files.
Exception message: IndexError: list index out of range
[2021.01.15 06:12:18] Error while processing. URL: https://www.instagram.com/polizei.hannover/tagged/
[2021.01.15 06:12:18] Error while processing. URL: https://www.instagram.com/polizei.hannover/tagged/
[2021.01.15 06:12:18] store the html code of : (https://www.instagram.com/frieda_rudi_make_oink/) in frieda_rudi_make_oink/posts/old.html
[2021.01.15 06:12:18] OR in frieda_rudi_make_oink/posts/new.html
[2021.01.15 06:12:18] --------------------------------------------

[2021.01.15 06:12:31] Error while downloading the html files.
Exception message: IndexError: list index out of range
[2021.01.15 06:12:31] Error while downloading the html files.
Exception message: IndexError: list index out of range
[2021.01.15 06:12:31] Error while processing. URL: https://www.instagram.com/frieda_rudi_make_oink/
[2021.01.15 06:12:31] Error while processing. URL: https://www.instagram.com/frieda_rudi_make_oink/
[2021.01.15 06:12:32] 


[2021.01.15 06:12:32] 	********MONITORING PHASE********
[2021.01.15 06:12:32] Skip modifying the html files of href: https://www.instagram.com/polizei.hannover/. [Download Error]
[2021.01.15 06:12:32] Skip modifying the html files of href: https://www.instagram.com/polizei.hannover/. [Download Error]
[2021.01.15 06:12:32] Skip modifying the html files of href: https://www.instagram.com/polizei.hannover/channel/. [Download Error]
[2021.01.15 06:12:32] Skip modifying the html files of href: https://www.instagram.com/polizei.hannover/channel/. [Download Error]
[2021.01.15 06:12:32] Skip modifying the html files of href: https://www.instagram.com/polizei.hannover/tagged/. [Download Error]
[2021.01.15 06:12:32] Skip modifying the html files of href: https://www.instagram.com/polizei.hannover/tagged/. [Download Error]
[2021.01.15 06:12:32] Skip modifying the html files of href: https://www.instagram.com/frieda_rudi_make_oink/. [Download Error]
[2021.01.15 06:12:32] Skip modifying the html files of href: https://www.instagram.com/frieda_rudi_make_oink/. [Download Error]
[2021.01.15 06:12:32] 		{{{RESULT}}}
[2021.01.15 06:12:32] ID:	polizei.hannover
[2021.01.15 06:12:32] Type:	posts
[2021.01.15 06:12:32] Mode:	2
[2021.01.15 06:12:32] Change:	False
[2021.01.15 06:12:32] Notify:	False
[2021.01.15 06:12:32] Error:	True

[2021.01.15 06:12:32] ID:	polizei.hannover
[2021.01.15 06:12:32] Type:	igtv
[2021.01.15 06:12:32] Mode:	1
[2021.01.15 06:12:32] Change:	False
[2021.01.15 06:12:32] Notify:	False
[2021.01.15 06:12:32] Error:	True

[2021.01.15 06:12:32] ID:	polizei.hannover
[2021.01.15 06:12:32] Type:	tagged
[2021.01.15 06:12:32] Mode:	1
[2021.01.15 06:12:32] Change:	False
[2021.01.15 06:12:32] Notify:	False
[2021.01.15 06:12:32] Error:	True

[2021.01.15 06:12:32] ID:	frieda_rudi_make_oink
[2021.01.15 06:12:32] Type:	posts
[2021.01.15 06:12:32] Mode:	1
[2021.01.15 06:12:32] Change:	False
[2021.01.15 06:12:32] Notify:	False
[2021.01.15 06:12:32] Error:	True

waiting 3 seconds
Execution 78
[2021.01.15 06:12:39] 		{{{BASIC TEST}}}
[2021.01.15 06:12:39] 


[2021.01.15 06:12:39] 	************STORING PHASE************

[2021.01.15 06:13:14] store the html code of : (https://www.instagram.com/polizei.hannover/) in polizei.hannover/posts/old.html
[2021.01.15 06:13:14] OR in polizei.hannover/posts/new.html
[2021.01.15 06:13:14] --------------------------------------------

[2021.01.15 06:13:24] Error while downloading the html files.
Exception message: IndexError: list index out of range
[2021.01.15 06:13:24] Error while downloading the html files.
Exception message: IndexError: list index out of range
[2021.01.15 06:13:24] Error while processing. URL: https://www.instagram.com/polizei.hannover/
[2021.01.15 06:13:24] Error while processing. URL: https://www.instagram.com/polizei.hannover/
[2021.01.15 06:13:24] store the html code of : (https://www.instagram.com/polizei.hannover/channel/) in polizei.hannover/igtv/old.html
[2021.01.15 06:13:24] OR in polizei.hannover/igtv/new.html
[2021.01.15 06:13:24] --------------------------------------------

[2021.01.15 06:13:43] Error while downloading the html files.
Exception message: IndexError: list index out of range
[2021.01.15 06:13:43] Error while downloading the html files.
Exception message: IndexError: list index out of range
[2021.01.15 06:13:43] Error while processing. URL: https://www.instagram.com/polizei.hannover/channel/
[2021.01.15 06:13:43] Error while processing. URL: https://www.instagram.com/polizei.hannover/channel/
[2021.01.15 06:13:43] store the html code of : (https://www.instagram.com/polizei.hannover/tagged/) in polizei.hannover/tagged/old.html
[2021.01.15 06:13:43] OR in polizei.hannover/tagged/new.html
[2021.01.15 06:13:43] --------------------------------------------

[2021.01.15 06:13:59] Error while downloading the html files.
Exception message: IndexError: list index out of range
[2021.01.15 06:13:59] Error while downloading the html files.
Exception message: IndexError: list index out of range
[2021.01.15 06:13:59] Error while processing. URL: https://www.instagram.com/polizei.hannover/tagged/
[2021.01.15 06:13:59] Error while processing. URL: https://www.instagram.com/polizei.hannover/tagged/
[2021.01.15 06:13:59] store the html code of : (https://www.instagram.com/frieda_rudi_make_oink/) in frieda_rudi_make_oink/posts/old.html
[2021.01.15 06:13:59] OR in frieda_rudi_make_oink/posts/new.html
[2021.01.15 06:13:59] --------------------------------------------

[2021.01.15 06:14:13] Error while downloading the html files.
Exception message: IndexError: list index out of range
[2021.01.15 06:14:13] Error while downloading the html files.
Exception message: IndexError: list index out of range
[2021.01.15 06:14:13] Error while processing. URL: https://www.instagram.com/frieda_rudi_make_oink/
[2021.01.15 06:14:13] Error while processing. URL: https://www.instagram.com/frieda_rudi_make_oink/
[2021.01.15 06:14:14] 


[2021.01.15 06:14:14] 	********MONITORING PHASE********
[2021.01.15 06:14:14] Skip modifying the html files of href: https://www.instagram.com/polizei.hannover/. [Download Error]
[2021.01.15 06:14:14] Skip modifying the html files of href: https://www.instagram.com/polizei.hannover/. [Download Error]
[2021.01.15 06:14:14] Skip modifying the html files of href: https://www.instagram.com/polizei.hannover/channel/. [Download Error]
[2021.01.15 06:14:14] Skip modifying the html files of href: https://www.instagram.com/polizei.hannover/channel/. [Download Error]
[2021.01.15 06:14:14] Skip modifying the html files of href: https://www.instagram.com/polizei.hannover/tagged/. [Download Error]
[2021.01.15 06:14:14] Skip modifying the html files of href: https://www.instagram.com/polizei.hannover/tagged/. [Download Error]
[2021.01.15 06:14:14] Skip modifying the html files of href: https://www.instagram.com/frieda_rudi_make_oink/. [Download Error]
[2021.01.15 06:14:14] Skip modifying the html files of href: https://www.instagram.com/frieda_rudi_make_oink/. [Download Error]
[2021.01.15 06:14:14] 		{{{RESULT}}}
[2021.01.15 06:14:14] ID:	polizei.hannover
[2021.01.15 06:14:14] Type:	posts
[2021.01.15 06:14:14] Mode:	2
[2021.01.15 06:14:14] Change:	False
[2021.01.15 06:14:14] Notify:	False
[2021.01.15 06:14:14] Error:	True

[2021.01.15 06:14:14] ID:	polizei.hannover
[2021.01.15 06:14:14] Type:	igtv
[2021.01.15 06:14:14] Mode:	1
[2021.01.15 06:14:14] Change:	False
[2021.01.15 06:14:14] Notify:	False
[2021.01.15 06:14:14] Error:	True

[2021.01.15 06:14:14] ID:	polizei.hannover
[2021.01.15 06:14:14] Type:	tagged
[2021.01.15 06:14:14] Mode:	1
[2021.01.15 06:14:14] Change:	False
[2021.01.15 06:14:14] Notify:	False
[2021.01.15 06:14:14] Error:	True

[2021.01.15 06:14:14] ID:	frieda_rudi_make_oink
[2021.01.15 06:14:14] Type:	posts
[2021.01.15 06:14:14] Mode:	1
[2021.01.15 06:14:14] Change:	False
[2021.01.15 06:14:14] Notify:	False
[2021.01.15 06:14:14] Error:	True

waiting 3 seconds
Execution 79
[2021.01.15 06:14:20] 		{{{BASIC TEST}}}
[2021.01.15 06:14:20] 


[2021.01.15 06:14:20] 	************STORING PHASE************

[2021.01.15 06:14:50] store the html code of : (https://www.instagram.com/polizei.hannover/) in polizei.hannover/posts/old.html
[2021.01.15 06:14:50] OR in polizei.hannover/posts/new.html
[2021.01.15 06:14:50] --------------------------------------------

[2021.01.15 06:15:06] Error while downloading the html files.
Exception message: IndexError: list index out of range
[2021.01.15 06:15:06] Error while downloading the html files.
Exception message: IndexError: list index out of range
[2021.01.15 06:15:06] Error while processing. URL: https://www.instagram.com/polizei.hannover/
[2021.01.15 06:15:06] Error while processing. URL: https://www.instagram.com/polizei.hannover/
[2021.01.15 06:15:06] store the html code of : (https://www.instagram.com/polizei.hannover/channel/) in polizei.hannover/igtv/old.html
[2021.01.15 06:15:06] OR in polizei.hannover/igtv/new.html
[2021.01.15 06:15:06] --------------------------------------------

[2021.01.15 06:15:23] Error while downloading the html files.
Exception message: IndexError: list index out of range
[2021.01.15 06:15:23] Error while downloading the html files.
Exception message: IndexError: list index out of range
[2021.01.15 06:15:23] Error while processing. URL: https://www.instagram.com/polizei.hannover/channel/
[2021.01.15 06:15:23] Error while processing. URL: https://www.instagram.com/polizei.hannover/channel/
[2021.01.15 06:15:23] store the html code of : (https://www.instagram.com/polizei.hannover/tagged/) in polizei.hannover/tagged/old.html
[2021.01.15 06:15:23] OR in polizei.hannover/tagged/new.html
[2021.01.15 06:15:23] --------------------------------------------

[2021.01.15 06:15:35] Error while downloading the html files.
Exception message: IndexError: list index out of range
[2021.01.15 06:15:35] Error while downloading the html files.
Exception message: IndexError: list index out of range
[2021.01.15 06:15:35] Error while processing. URL: https://www.instagram.com/polizei.hannover/tagged/
[2021.01.15 06:15:35] Error while processing. URL: https://www.instagram.com/polizei.hannover/tagged/
[2021.01.15 06:15:35] store the html code of : (https://www.instagram.com/frieda_rudi_make_oink/) in frieda_rudi_make_oink/posts/old.html
[2021.01.15 06:15:35] OR in frieda_rudi_make_oink/posts/new.html
[2021.01.15 06:15:35] --------------------------------------------

[2021.01.15 06:15:50] Error while downloading the html files.
Exception message: IndexError: list index out of range
[2021.01.15 06:15:50] Error while downloading the html files.
Exception message: IndexError: list index out of range
[2021.01.15 06:15:50] Error while processing. URL: https://www.instagram.com/frieda_rudi_make_oink/
[2021.01.15 06:15:50] Error while processing. URL: https://www.instagram.com/frieda_rudi_make_oink/
[2021.01.15 06:15:51] 


[2021.01.15 06:15:51] 	********MONITORING PHASE********
[2021.01.15 06:15:51] Skip modifying the html files of href: https://www.instagram.com/polizei.hannover/. [Download Error]
[2021.01.15 06:15:51] Skip modifying the html files of href: https://www.instagram.com/polizei.hannover/. [Download Error]
[2021.01.15 06:15:51] Skip modifying the html files of href: https://www.instagram.com/polizei.hannover/channel/. [Download Error]
[2021.01.15 06:15:51] Skip modifying the html files of href: https://www.instagram.com/polizei.hannover/channel/. [Download Error]
[2021.01.15 06:15:51] Skip modifying the html files of href: https://www.instagram.com/polizei.hannover/tagged/. [Download Error]
[2021.01.15 06:15:51] Skip modifying the html files of href: https://www.instagram.com/polizei.hannover/tagged/. [Download Error]
[2021.01.15 06:15:51] Skip modifying the html files of href: https://www.instagram.com/frieda_rudi_make_oink/. [Download Error]
[2021.01.15 06:15:51] Skip modifying the html files of href: https://www.instagram.com/frieda_rudi_make_oink/. [Download Error]
[2021.01.15 06:15:51] 		{{{RESULT}}}
[2021.01.15 06:15:51] ID:	polizei.hannover
[2021.01.15 06:15:51] Type:	posts
[2021.01.15 06:15:51] Mode:	2
[2021.01.15 06:15:51] Change:	False
[2021.01.15 06:15:51] Notify:	False
[2021.01.15 06:15:51] Error:	True

[2021.01.15 06:15:51] ID:	polizei.hannover
[2021.01.15 06:15:51] Type:	igtv
[2021.01.15 06:15:51] Mode:	1
[2021.01.15 06:15:51] Change:	False
[2021.01.15 06:15:51] Notify:	False
[2021.01.15 06:15:51] Error:	True

[2021.01.15 06:15:51] ID:	polizei.hannover
[2021.01.15 06:15:51] Type:	tagged
[2021.01.15 06:15:51] Mode:	1
[2021.01.15 06:15:51] Change:	False
[2021.01.15 06:15:51] Notify:	False
[2021.01.15 06:15:51] Error:	True

[2021.01.15 06:15:51] ID:	frieda_rudi_make_oink
[2021.01.15 06:15:51] Type:	posts
[2021.01.15 06:15:51] Mode:	1
[2021.01.15 06:15:51] Change:	False
[2021.01.15 06:15:51] Notify:	False
[2021.01.15 06:15:51] Error:	True

waiting 3 seconds
Execution 80
[2021.01.15 06:15:58] 		{{{BASIC TEST}}}
[2021.01.15 06:15:58] 


[2021.01.15 06:15:58] 	************STORING PHASE************

[2021.01.15 06:16:35] store the html code of : (https://www.instagram.com/polizei.hannover/) in polizei.hannover/posts/old.html
[2021.01.15 06:16:35] OR in polizei.hannover/posts/new.html
[2021.01.15 06:16:35] --------------------------------------------

[2021.01.15 06:16:49] Error while downloading the html files.
Exception message: IndexError: list index out of range
[2021.01.15 06:16:49] Error while downloading the html files.
Exception message: IndexError: list index out of range
[2021.01.15 06:16:49] Error while processing. URL: https://www.instagram.com/polizei.hannover/
[2021.01.15 06:16:49] Error while processing. URL: https://www.instagram.com/polizei.hannover/
[2021.01.15 06:16:49] store the html code of : (https://www.instagram.com/polizei.hannover/channel/) in polizei.hannover/igtv/old.html
[2021.01.15 06:16:49] OR in polizei.hannover/igtv/new.html
[2021.01.15 06:16:49] --------------------------------------------

[2021.01.15 06:17:07] Error while downloading the html files.
Exception message: IndexError: list index out of range
[2021.01.15 06:17:07] Error while downloading the html files.
Exception message: IndexError: list index out of range
[2021.01.15 06:17:07] Error while processing. URL: https://www.instagram.com/polizei.hannover/channel/
[2021.01.15 06:17:07] Error while processing. URL: https://www.instagram.com/polizei.hannover/channel/
[2021.01.15 06:17:07] store the html code of : (https://www.instagram.com/polizei.hannover/tagged/) in polizei.hannover/tagged/old.html
[2021.01.15 06:17:07] OR in polizei.hannover/tagged/new.html
[2021.01.15 06:17:07] --------------------------------------------

[2021.01.15 06:17:24] Error while downloading the html files.
Exception message: IndexError: list index out of range
[2021.01.15 06:17:24] Error while downloading the html files.
Exception message: IndexError: list index out of range
[2021.01.15 06:17:24] Error while processing. URL: https://www.instagram.com/polizei.hannover/tagged/
[2021.01.15 06:17:24] Error while processing. URL: https://www.instagram.com/polizei.hannover/tagged/
[2021.01.15 06:17:24] store the html code of : (https://www.instagram.com/frieda_rudi_make_oink/) in frieda_rudi_make_oink/posts/old.html
[2021.01.15 06:17:24] OR in frieda_rudi_make_oink/posts/new.html
[2021.01.15 06:17:24] --------------------------------------------

[2021.01.15 06:17:35] Error while downloading the html files.
Exception message: IndexError: list index out of range
[2021.01.15 06:17:35] Error while downloading the html files.
Exception message: IndexError: list index out of range
[2021.01.15 06:17:35] Error while processing. URL: https://www.instagram.com/frieda_rudi_make_oink/
[2021.01.15 06:17:35] Error while processing. URL: https://www.instagram.com/frieda_rudi_make_oink/
[2021.01.15 06:17:36] 


[2021.01.15 06:17:36] 	********MONITORING PHASE********
[2021.01.15 06:17:36] Skip modifying the html files of href: https://www.instagram.com/polizei.hannover/. [Download Error]
[2021.01.15 06:17:36] Skip modifying the html files of href: https://www.instagram.com/polizei.hannover/. [Download Error]
[2021.01.15 06:17:36] Skip modifying the html files of href: https://www.instagram.com/polizei.hannover/channel/. [Download Error]
[2021.01.15 06:17:36] Skip modifying the html files of href: https://www.instagram.com/polizei.hannover/channel/. [Download Error]
[2021.01.15 06:17:36] Skip modifying the html files of href: https://www.instagram.com/polizei.hannover/tagged/. [Download Error]
[2021.01.15 06:17:36] Skip modifying the html files of href: https://www.instagram.com/polizei.hannover/tagged/. [Download Error]
[2021.01.15 06:17:36] Skip modifying the html files of href: https://www.instagram.com/frieda_rudi_make_oink/. [Download Error]
[2021.01.15 06:17:36] Skip modifying the html files of href: https://www.instagram.com/frieda_rudi_make_oink/. [Download Error]
[2021.01.15 06:17:36] 		{{{RESULT}}}
[2021.01.15 06:17:36] ID:	polizei.hannover
[2021.01.15 06:17:36] Type:	posts
[2021.01.15 06:17:36] Mode:	2
[2021.01.15 06:17:36] Change:	False
[2021.01.15 06:17:36] Notify:	False
[2021.01.15 06:17:36] Error:	True

[2021.01.15 06:17:36] ID:	polizei.hannover
[2021.01.15 06:17:36] Type:	igtv
[2021.01.15 06:17:36] Mode:	1
[2021.01.15 06:17:36] Change:	False
[2021.01.15 06:17:36] Notify:	False
[2021.01.15 06:17:36] Error:	True

[2021.01.15 06:17:36] ID:	polizei.hannover
[2021.01.15 06:17:36] Type:	tagged
[2021.01.15 06:17:36] Mode:	1
[2021.01.15 06:17:36] Change:	False
[2021.01.15 06:17:36] Notify:	False
[2021.01.15 06:17:36] Error:	True

[2021.01.15 06:17:36] ID:	frieda_rudi_make_oink
[2021.01.15 06:17:36] Type:	posts
[2021.01.15 06:17:36] Mode:	1
[2021.01.15 06:17:36] Change:	False
[2021.01.15 06:17:36] Notify:	False
[2021.01.15 06:17:36] Error:	True

waiting 3 seconds
Execution 81
[2021.01.15 06:17:43] 		{{{BASIC TEST}}}
[2021.01.15 06:17:43] 


[2021.01.15 06:17:43] 	************STORING PHASE************

[2021.01.15 06:18:15] store the html code of : (https://www.instagram.com/polizei.hannover/) in polizei.hannover/posts/old.html
[2021.01.15 06:18:15] OR in polizei.hannover/posts/new.html
[2021.01.15 06:18:15] --------------------------------------------

[2021.01.15 06:18:28] Error while downloading the html files.
Exception message: IndexError: list index out of range
[2021.01.15 06:18:28] Error while downloading the html files.
Exception message: IndexError: list index out of range
[2021.01.15 06:18:28] Error while processing. URL: https://www.instagram.com/polizei.hannover/
[2021.01.15 06:18:28] Error while processing. URL: https://www.instagram.com/polizei.hannover/
[2021.01.15 06:18:28] store the html code of : (https://www.instagram.com/polizei.hannover/channel/) in polizei.hannover/igtv/old.html
[2021.01.15 06:18:28] OR in polizei.hannover/igtv/new.html
[2021.01.15 06:18:28] --------------------------------------------

[2021.01.15 06:18:45] Error while downloading the html files.
Exception message: IndexError: list index out of range
[2021.01.15 06:18:45] Error while downloading the html files.
Exception message: IndexError: list index out of range
[2021.01.15 06:18:45] Error while processing. URL: https://www.instagram.com/polizei.hannover/channel/
[2021.01.15 06:18:45] Error while processing. URL: https://www.instagram.com/polizei.hannover/channel/
[2021.01.15 06:18:45] store the html code of : (https://www.instagram.com/polizei.hannover/tagged/) in polizei.hannover/tagged/old.html
[2021.01.15 06:18:45] OR in polizei.hannover/tagged/new.html
[2021.01.15 06:18:45] --------------------------------------------

[2021.01.15 06:18:59] Error while downloading the html files.
Exception message: IndexError: list index out of range
[2021.01.15 06:18:59] Error while downloading the html files.
Exception message: IndexError: list index out of range
[2021.01.15 06:18:59] Error while processing. URL: https://www.instagram.com/polizei.hannover/tagged/
[2021.01.15 06:18:59] Error while processing. URL: https://www.instagram.com/polizei.hannover/tagged/
[2021.01.15 06:18:59] store the html code of : (https://www.instagram.com/frieda_rudi_make_oink/) in frieda_rudi_make_oink/posts/old.html
[2021.01.15 06:18:59] OR in frieda_rudi_make_oink/posts/new.html
[2021.01.15 06:18:59] --------------------------------------------

[2021.01.15 06:19:11] Error while downloading the html files.
Exception message: IndexError: list index out of range
[2021.01.15 06:19:11] Error while downloading the html files.
Exception message: IndexError: list index out of range
[2021.01.15 06:19:11] Error while processing. URL: https://www.instagram.com/frieda_rudi_make_oink/
[2021.01.15 06:19:11] Error while processing. URL: https://www.instagram.com/frieda_rudi_make_oink/
[2021.01.15 06:19:12] 


[2021.01.15 06:19:12] 	********MONITORING PHASE********
[2021.01.15 06:19:12] Skip modifying the html files of href: https://www.instagram.com/polizei.hannover/. [Download Error]
[2021.01.15 06:19:12] Skip modifying the html files of href: https://www.instagram.com/polizei.hannover/. [Download Error]
[2021.01.15 06:19:12] Skip modifying the html files of href: https://www.instagram.com/polizei.hannover/channel/. [Download Error]
[2021.01.15 06:19:12] Skip modifying the html files of href: https://www.instagram.com/polizei.hannover/channel/. [Download Error]
[2021.01.15 06:19:12] Skip modifying the html files of href: https://www.instagram.com/polizei.hannover/tagged/. [Download Error]
[2021.01.15 06:19:12] Skip modifying the html files of href: https://www.instagram.com/polizei.hannover/tagged/. [Download Error]
[2021.01.15 06:19:12] Skip modifying the html files of href: https://www.instagram.com/frieda_rudi_make_oink/. [Download Error]
[2021.01.15 06:19:12] Skip modifying the html files of href: https://www.instagram.com/frieda_rudi_make_oink/. [Download Error]
[2021.01.15 06:19:12] 		{{{RESULT}}}
[2021.01.15 06:19:12] ID:	polizei.hannover
[2021.01.15 06:19:12] Type:	posts
[2021.01.15 06:19:12] Mode:	2
[2021.01.15 06:19:12] Change:	False
[2021.01.15 06:19:12] Notify:	False
[2021.01.15 06:19:12] Error:	True

[2021.01.15 06:19:12] ID:	polizei.hannover
[2021.01.15 06:19:12] Type:	igtv
[2021.01.15 06:19:12] Mode:	1
[2021.01.15 06:19:12] Change:	False
[2021.01.15 06:19:12] Notify:	False
[2021.01.15 06:19:12] Error:	True

[2021.01.15 06:19:12] ID:	polizei.hannover
[2021.01.15 06:19:12] Type:	tagged
[2021.01.15 06:19:12] Mode:	1
[2021.01.15 06:19:12] Change:	False
[2021.01.15 06:19:12] Notify:	False
[2021.01.15 06:19:12] Error:	True

[2021.01.15 06:19:12] ID:	frieda_rudi_make_oink
[2021.01.15 06:19:12] Type:	posts
[2021.01.15 06:19:12] Mode:	1
[2021.01.15 06:19:12] Change:	False
[2021.01.15 06:19:12] Notify:	False
[2021.01.15 06:19:12] Error:	True

waiting 3 seconds
Execution 82
[2021.01.15 06:19:19] 		{{{BASIC TEST}}}
[2021.01.15 06:19:19] 


[2021.01.15 06:19:19] 	************STORING PHASE************

[2021.01.15 06:19:53] store the html code of : (https://www.instagram.com/polizei.hannover/) in polizei.hannover/posts/old.html
[2021.01.15 06:19:53] OR in polizei.hannover/posts/new.html
[2021.01.15 06:19:53] --------------------------------------------

[2021.01.15 06:20:04] Error while downloading the html files.
Exception message: IndexError: list index out of range
[2021.01.15 06:20:04] Error while downloading the html files.
Exception message: IndexError: list index out of range
[2021.01.15 06:20:04] Error while processing. URL: https://www.instagram.com/polizei.hannover/
[2021.01.15 06:20:04] Error while processing. URL: https://www.instagram.com/polizei.hannover/
[2021.01.15 06:20:04] store the html code of : (https://www.instagram.com/polizei.hannover/channel/) in polizei.hannover/igtv/old.html
[2021.01.15 06:20:04] OR in polizei.hannover/igtv/new.html
[2021.01.15 06:20:04] --------------------------------------------

[2021.01.15 06:20:17] Error while downloading the html files.
Exception message: IndexError: list index out of range
[2021.01.15 06:20:17] Error while downloading the html files.
Exception message: IndexError: list index out of range
[2021.01.15 06:20:17] Error while processing. URL: https://www.instagram.com/polizei.hannover/channel/
[2021.01.15 06:20:17] Error while processing. URL: https://www.instagram.com/polizei.hannover/channel/
[2021.01.15 06:20:17] store the html code of : (https://www.instagram.com/polizei.hannover/tagged/) in polizei.hannover/tagged/old.html
[2021.01.15 06:20:17] OR in polizei.hannover/tagged/new.html
[2021.01.15 06:20:17] --------------------------------------------

[2021.01.15 06:20:30] Error while downloading the html files.
Exception message: IndexError: list index out of range
[2021.01.15 06:20:30] Error while downloading the html files.
Exception message: IndexError: list index out of range
[2021.01.15 06:20:30] Error while processing. URL: https://www.instagram.com/polizei.hannover/tagged/
[2021.01.15 06:20:30] Error while processing. URL: https://www.instagram.com/polizei.hannover/tagged/
[2021.01.15 06:20:30] store the html code of : (https://www.instagram.com/frieda_rudi_make_oink/) in frieda_rudi_make_oink/posts/old.html
[2021.01.15 06:20:30] OR in frieda_rudi_make_oink/posts/new.html
[2021.01.15 06:20:30] --------------------------------------------

[2021.01.15 06:20:41] Error while downloading the html files.
Exception message: IndexError: list index out of range
[2021.01.15 06:20:41] Error while downloading the html files.
Exception message: IndexError: list index out of range
[2021.01.15 06:20:41] Error while processing. URL: https://www.instagram.com/frieda_rudi_make_oink/
[2021.01.15 06:20:41] Error while processing. URL: https://www.instagram.com/frieda_rudi_make_oink/
[2021.01.15 06:20:42] 


[2021.01.15 06:20:42] 	********MONITORING PHASE********
[2021.01.15 06:20:42] Skip modifying the html files of href: https://www.instagram.com/polizei.hannover/. [Download Error]
[2021.01.15 06:20:42] Skip modifying the html files of href: https://www.instagram.com/polizei.hannover/. [Download Error]
[2021.01.15 06:20:42] Skip modifying the html files of href: https://www.instagram.com/polizei.hannover/channel/. [Download Error]
[2021.01.15 06:20:42] Skip modifying the html files of href: https://www.instagram.com/polizei.hannover/channel/. [Download Error]
[2021.01.15 06:20:42] Skip modifying the html files of href: https://www.instagram.com/polizei.hannover/tagged/. [Download Error]
[2021.01.15 06:20:42] Skip modifying the html files of href: https://www.instagram.com/polizei.hannover/tagged/. [Download Error]
[2021.01.15 06:20:42] Skip modifying the html files of href: https://www.instagram.com/frieda_rudi_make_oink/. [Download Error]
[2021.01.15 06:20:42] Skip modifying the html files of href: https://www.instagram.com/frieda_rudi_make_oink/. [Download Error]
[2021.01.15 06:20:42] 		{{{RESULT}}}
[2021.01.15 06:20:42] ID:	polizei.hannover
[2021.01.15 06:20:42] Type:	posts
[2021.01.15 06:20:42] Mode:	2
[2021.01.15 06:20:42] Change:	False
[2021.01.15 06:20:42] Notify:	False
[2021.01.15 06:20:42] Error:	True

[2021.01.15 06:20:42] ID:	polizei.hannover
[2021.01.15 06:20:42] Type:	igtv
[2021.01.15 06:20:42] Mode:	1
[2021.01.15 06:20:42] Change:	False
[2021.01.15 06:20:42] Notify:	False
[2021.01.15 06:20:42] Error:	True

[2021.01.15 06:20:42] ID:	polizei.hannover
[2021.01.15 06:20:42] Type:	tagged
[2021.01.15 06:20:42] Mode:	1
[2021.01.15 06:20:42] Change:	False
[2021.01.15 06:20:42] Notify:	False
[2021.01.15 06:20:42] Error:	True

[2021.01.15 06:20:42] ID:	frieda_rudi_make_oink
[2021.01.15 06:20:42] Type:	posts
[2021.01.15 06:20:42] Mode:	1
[2021.01.15 06:20:42] Change:	False
[2021.01.15 06:20:42] Notify:	False
[2021.01.15 06:20:42] Error:	True

waiting 3 seconds
Execution 83
[2021.01.15 06:20:49] 		{{{BASIC TEST}}}
[2021.01.15 06:20:49] 


[2021.01.15 06:20:49] 	************STORING PHASE************

[2021.01.15 06:21:18] store the html code of : (https://www.instagram.com/polizei.hannover/) in polizei.hannover/posts/old.html
[2021.01.15 06:21:18] OR in polizei.hannover/posts/new.html
[2021.01.15 06:21:18] --------------------------------------------

[2021.01.15 06:21:28] Error while downloading the html files.
Exception message: IndexError: list index out of range
[2021.01.15 06:21:28] Error while downloading the html files.
Exception message: IndexError: list index out of range
[2021.01.15 06:21:28] Error while processing. URL: https://www.instagram.com/polizei.hannover/
[2021.01.15 06:21:28] Error while processing. URL: https://www.instagram.com/polizei.hannover/
[2021.01.15 06:21:28] store the html code of : (https://www.instagram.com/polizei.hannover/channel/) in polizei.hannover/igtv/old.html
[2021.01.15 06:21:28] OR in polizei.hannover/igtv/new.html
[2021.01.15 06:21:28] --------------------------------------------

[2021.01.15 06:21:45] Error while downloading the html files.
Exception message: IndexError: list index out of range
[2021.01.15 06:21:45] Error while downloading the html files.
Exception message: IndexError: list index out of range
[2021.01.15 06:21:45] Error while processing. URL: https://www.instagram.com/polizei.hannover/channel/
[2021.01.15 06:21:45] Error while processing. URL: https://www.instagram.com/polizei.hannover/channel/
[2021.01.15 06:21:45] store the html code of : (https://www.instagram.com/polizei.hannover/tagged/) in polizei.hannover/tagged/old.html
[2021.01.15 06:21:45] OR in polizei.hannover/tagged/new.html
[2021.01.15 06:21:45] --------------------------------------------

[2021.01.15 06:22:02] Error while downloading the html files.
Exception message: IndexError: list index out of range
[2021.01.15 06:22:02] Error while downloading the html files.
Exception message: IndexError: list index out of range
[2021.01.15 06:22:02] Error while processing. URL: https://www.instagram.com/polizei.hannover/tagged/
[2021.01.15 06:22:02] Error while processing. URL: https://www.instagram.com/polizei.hannover/tagged/
[2021.01.15 06:22:02] store the html code of : (https://www.instagram.com/frieda_rudi_make_oink/) in frieda_rudi_make_oink/posts/old.html
[2021.01.15 06:22:02] OR in frieda_rudi_make_oink/posts/new.html
[2021.01.15 06:22:02] --------------------------------------------

[2021.01.15 06:22:17] Error while downloading the html files.
Exception message: IndexError: list index out of range
[2021.01.15 06:22:17] Error while downloading the html files.
Exception message: IndexError: list index out of range
[2021.01.15 06:22:17] Error while processing. URL: https://www.instagram.com/frieda_rudi_make_oink/
[2021.01.15 06:22:17] Error while processing. URL: https://www.instagram.com/frieda_rudi_make_oink/
[2021.01.15 06:22:18] 


[2021.01.15 06:22:18] 	********MONITORING PHASE********
[2021.01.15 06:22:18] Skip modifying the html files of href: https://www.instagram.com/polizei.hannover/. [Download Error]
[2021.01.15 06:22:18] Skip modifying the html files of href: https://www.instagram.com/polizei.hannover/. [Download Error]
[2021.01.15 06:22:18] Skip modifying the html files of href: https://www.instagram.com/polizei.hannover/channel/. [Download Error]
[2021.01.15 06:22:18] Skip modifying the html files of href: https://www.instagram.com/polizei.hannover/channel/. [Download Error]
[2021.01.15 06:22:18] Skip modifying the html files of href: https://www.instagram.com/polizei.hannover/tagged/. [Download Error]
[2021.01.15 06:22:18] Skip modifying the html files of href: https://www.instagram.com/polizei.hannover/tagged/. [Download Error]
[2021.01.15 06:22:18] Skip modifying the html files of href: https://www.instagram.com/frieda_rudi_make_oink/. [Download Error]
[2021.01.15 06:22:18] Skip modifying the html files of href: https://www.instagram.com/frieda_rudi_make_oink/. [Download Error]
[2021.01.15 06:22:18] 		{{{RESULT}}}
[2021.01.15 06:22:18] ID:	polizei.hannover
[2021.01.15 06:22:18] Type:	posts
[2021.01.15 06:22:18] Mode:	2
[2021.01.15 06:22:18] Change:	False
[2021.01.15 06:22:18] Notify:	False
[2021.01.15 06:22:18] Error:	True

[2021.01.15 06:22:18] ID:	polizei.hannover
[2021.01.15 06:22:18] Type:	igtv
[2021.01.15 06:22:18] Mode:	1
[2021.01.15 06:22:18] Change:	False
[2021.01.15 06:22:18] Notify:	False
[2021.01.15 06:22:18] Error:	True

[2021.01.15 06:22:18] ID:	polizei.hannover
[2021.01.15 06:22:18] Type:	tagged
[2021.01.15 06:22:18] Mode:	1
[2021.01.15 06:22:18] Change:	False
[2021.01.15 06:22:18] Notify:	False
[2021.01.15 06:22:18] Error:	True

[2021.01.15 06:22:18] ID:	frieda_rudi_make_oink
[2021.01.15 06:22:18] Type:	posts
[2021.01.15 06:22:18] Mode:	1
[2021.01.15 06:22:18] Change:	False
[2021.01.15 06:22:18] Notify:	False
[2021.01.15 06:22:18] Error:	True

waiting 3 seconds
Execution 84
[2021.01.15 06:22:25] 		{{{BASIC TEST}}}
[2021.01.15 06:22:25] 


[2021.01.15 06:22:25] 	************STORING PHASE************

[2021.01.15 06:22:51] store the html code of : (https://www.instagram.com/polizei.hannover/) in polizei.hannover/posts/old.html
[2021.01.15 06:22:51] OR in polizei.hannover/posts/new.html
[2021.01.15 06:22:51] --------------------------------------------

[2021.01.15 06:23:06] Error while downloading the html files.
Exception message: IndexError: list index out of range
[2021.01.15 06:23:06] Error while downloading the html files.
Exception message: IndexError: list index out of range
[2021.01.15 06:23:06] Error while processing. URL: https://www.instagram.com/polizei.hannover/
[2021.01.15 06:23:06] Error while processing. URL: https://www.instagram.com/polizei.hannover/
[2021.01.15 06:23:06] store the html code of : (https://www.instagram.com/polizei.hannover/channel/) in polizei.hannover/igtv/old.html
[2021.01.15 06:23:06] OR in polizei.hannover/igtv/new.html
[2021.01.15 06:23:06] --------------------------------------------

[2021.01.15 06:23:21] Error while downloading the html files.
Exception message: IndexError: list index out of range
[2021.01.15 06:23:21] Error while downloading the html files.
Exception message: IndexError: list index out of range
[2021.01.15 06:23:21] Error while processing. URL: https://www.instagram.com/polizei.hannover/channel/
[2021.01.15 06:23:21] Error while processing. URL: https://www.instagram.com/polizei.hannover/channel/
[2021.01.15 06:23:21] store the html code of : (https://www.instagram.com/polizei.hannover/tagged/) in polizei.hannover/tagged/old.html
[2021.01.15 06:23:21] OR in polizei.hannover/tagged/new.html
[2021.01.15 06:23:21] --------------------------------------------

[2021.01.15 06:23:37] Error while downloading the html files.
Exception message: IndexError: list index out of range
[2021.01.15 06:23:37] Error while downloading the html files.
Exception message: IndexError: list index out of range
[2021.01.15 06:23:37] Error while processing. URL: https://www.instagram.com/polizei.hannover/tagged/
[2021.01.15 06:23:37] Error while processing. URL: https://www.instagram.com/polizei.hannover/tagged/
[2021.01.15 06:23:37] store the html code of : (https://www.instagram.com/frieda_rudi_make_oink/) in frieda_rudi_make_oink/posts/old.html
[2021.01.15 06:23:37] OR in frieda_rudi_make_oink/posts/new.html
[2021.01.15 06:23:37] --------------------------------------------

[2021.01.15 06:23:49] Error while downloading the html files.
Exception message: IndexError: list index out of range
[2021.01.15 06:23:49] Error while downloading the html files.
Exception message: IndexError: list index out of range
[2021.01.15 06:23:49] Error while processing. URL: https://www.instagram.com/frieda_rudi_make_oink/
[2021.01.15 06:23:49] Error while processing. URL: https://www.instagram.com/frieda_rudi_make_oink/
[2021.01.15 06:23:50] 


[2021.01.15 06:23:50] 	********MONITORING PHASE********
[2021.01.15 06:23:50] Skip modifying the html files of href: https://www.instagram.com/polizei.hannover/. [Download Error]
[2021.01.15 06:23:50] Skip modifying the html files of href: https://www.instagram.com/polizei.hannover/. [Download Error]
[2021.01.15 06:23:50] Skip modifying the html files of href: https://www.instagram.com/polizei.hannover/channel/. [Download Error]
[2021.01.15 06:23:50] Skip modifying the html files of href: https://www.instagram.com/polizei.hannover/channel/. [Download Error]
[2021.01.15 06:23:50] Skip modifying the html files of href: https://www.instagram.com/polizei.hannover/tagged/. [Download Error]
[2021.01.15 06:23:50] Skip modifying the html files of href: https://www.instagram.com/polizei.hannover/tagged/. [Download Error]
[2021.01.15 06:23:50] Skip modifying the html files of href: https://www.instagram.com/frieda_rudi_make_oink/. [Download Error]
[2021.01.15 06:23:50] Skip modifying the html files of href: https://www.instagram.com/frieda_rudi_make_oink/. [Download Error]
[2021.01.15 06:23:50] 		{{{RESULT}}}
[2021.01.15 06:23:50] ID:	polizei.hannover
[2021.01.15 06:23:50] Type:	posts
[2021.01.15 06:23:50] Mode:	2
[2021.01.15 06:23:50] Change:	False
[2021.01.15 06:23:50] Notify:	False
[2021.01.15 06:23:50] Error:	True

[2021.01.15 06:23:50] ID:	polizei.hannover
[2021.01.15 06:23:50] Type:	igtv
[2021.01.15 06:23:50] Mode:	1
[2021.01.15 06:23:50] Change:	False
[2021.01.15 06:23:50] Notify:	False
[2021.01.15 06:23:50] Error:	True

[2021.01.15 06:23:50] ID:	polizei.hannover
[2021.01.15 06:23:50] Type:	tagged
[2021.01.15 06:23:50] Mode:	1
[2021.01.15 06:23:50] Change:	False
[2021.01.15 06:23:50] Notify:	False
[2021.01.15 06:23:50] Error:	True

[2021.01.15 06:23:50] ID:	frieda_rudi_make_oink
[2021.01.15 06:23:50] Type:	posts
[2021.01.15 06:23:50] Mode:	1
[2021.01.15 06:23:50] Change:	False
[2021.01.15 06:23:50] Notify:	False
[2021.01.15 06:23:50] Error:	True

waiting 3 seconds
Execution 85
[2021.01.15 06:23:57] 		{{{BASIC TEST}}}
[2021.01.15 06:23:57] 


[2021.01.15 06:23:57] 	************STORING PHASE************

[2021.01.15 06:24:29] store the html code of : (https://www.instagram.com/polizei.hannover/) in polizei.hannover/posts/old.html
[2021.01.15 06:24:29] OR in polizei.hannover/posts/new.html
[2021.01.15 06:24:29] --------------------------------------------

[2021.01.15 06:24:40] Error while downloading the html files.
Exception message: IndexError: list index out of range
[2021.01.15 06:24:40] Error while downloading the html files.
Exception message: IndexError: list index out of range
[2021.01.15 06:24:40] Error while processing. URL: https://www.instagram.com/polizei.hannover/
[2021.01.15 06:24:40] Error while processing. URL: https://www.instagram.com/polizei.hannover/
[2021.01.15 06:24:40] store the html code of : (https://www.instagram.com/polizei.hannover/channel/) in polizei.hannover/igtv/old.html
[2021.01.15 06:24:40] OR in polizei.hannover/igtv/new.html
[2021.01.15 06:24:40] --------------------------------------------

[2021.01.15 06:24:55] Error while downloading the html files.
Exception message: IndexError: list index out of range
[2021.01.15 06:24:55] Error while downloading the html files.
Exception message: IndexError: list index out of range
[2021.01.15 06:24:55] Error while processing. URL: https://www.instagram.com/polizei.hannover/channel/
[2021.01.15 06:24:55] Error while processing. URL: https://www.instagram.com/polizei.hannover/channel/
[2021.01.15 06:24:55] store the html code of : (https://www.instagram.com/polizei.hannover/tagged/) in polizei.hannover/tagged/old.html
[2021.01.15 06:24:55] OR in polizei.hannover/tagged/new.html
[2021.01.15 06:24:55] --------------------------------------------

[2021.01.15 06:25:10] Error while downloading the html files.
Exception message: IndexError: list index out of range
[2021.01.15 06:25:10] Error while downloading the html files.
Exception message: IndexError: list index out of range
[2021.01.15 06:25:10] Error while processing. URL: https://www.instagram.com/polizei.hannover/tagged/
[2021.01.15 06:25:10] Error while processing. URL: https://www.instagram.com/polizei.hannover/tagged/
[2021.01.15 06:25:10] store the html code of : (https://www.instagram.com/frieda_rudi_make_oink/) in frieda_rudi_make_oink/posts/old.html
[2021.01.15 06:25:10] OR in frieda_rudi_make_oink/posts/new.html
[2021.01.15 06:25:10] --------------------------------------------

[2021.01.15 06:25:27] Error while downloading the html files.
Exception message: IndexError: list index out of range
[2021.01.15 06:25:27] Error while downloading the html files.
Exception message: IndexError: list index out of range
[2021.01.15 06:25:27] Error while processing. URL: https://www.instagram.com/frieda_rudi_make_oink/
[2021.01.15 06:25:27] Error while processing. URL: https://www.instagram.com/frieda_rudi_make_oink/
[2021.01.15 06:25:28] 


[2021.01.15 06:25:28] 	********MONITORING PHASE********
[2021.01.15 06:25:28] Skip modifying the html files of href: https://www.instagram.com/polizei.hannover/. [Download Error]
[2021.01.15 06:25:28] Skip modifying the html files of href: https://www.instagram.com/polizei.hannover/. [Download Error]
[2021.01.15 06:25:28] Skip modifying the html files of href: https://www.instagram.com/polizei.hannover/channel/. [Download Error]
[2021.01.15 06:25:28] Skip modifying the html files of href: https://www.instagram.com/polizei.hannover/channel/. [Download Error]
[2021.01.15 06:25:28] Skip modifying the html files of href: https://www.instagram.com/polizei.hannover/tagged/. [Download Error]
[2021.01.15 06:25:28] Skip modifying the html files of href: https://www.instagram.com/polizei.hannover/tagged/. [Download Error]
[2021.01.15 06:25:28] Skip modifying the html files of href: https://www.instagram.com/frieda_rudi_make_oink/. [Download Error]
[2021.01.15 06:25:28] Skip modifying the html files of href: https://www.instagram.com/frieda_rudi_make_oink/. [Download Error]
[2021.01.15 06:25:28] 		{{{RESULT}}}
[2021.01.15 06:25:28] ID:	polizei.hannover
[2021.01.15 06:25:28] Type:	posts
[2021.01.15 06:25:28] Mode:	2
[2021.01.15 06:25:28] Change:	False
[2021.01.15 06:25:28] Notify:	False
[2021.01.15 06:25:28] Error:	True

[2021.01.15 06:25:28] ID:	polizei.hannover
[2021.01.15 06:25:28] Type:	igtv
[2021.01.15 06:25:28] Mode:	1
[2021.01.15 06:25:28] Change:	False
[2021.01.15 06:25:28] Notify:	False
[2021.01.15 06:25:28] Error:	True

[2021.01.15 06:25:28] ID:	polizei.hannover
[2021.01.15 06:25:28] Type:	tagged
[2021.01.15 06:25:28] Mode:	1
[2021.01.15 06:25:28] Change:	False
[2021.01.15 06:25:28] Notify:	False
[2021.01.15 06:25:28] Error:	True

[2021.01.15 06:25:28] ID:	frieda_rudi_make_oink
[2021.01.15 06:25:28] Type:	posts
[2021.01.15 06:25:28] Mode:	1
[2021.01.15 06:25:28] Change:	False
[2021.01.15 06:25:28] Notify:	False
[2021.01.15 06:25:28] Error:	True

waiting 3 seconds
Execution 86
[2021.01.15 06:25:35] 		{{{BASIC TEST}}}
[2021.01.15 06:25:35] 


[2021.01.15 06:25:35] 	************STORING PHASE************

[2021.01.15 06:26:05] store the html code of : (https://www.instagram.com/polizei.hannover/) in polizei.hannover/posts/old.html
[2021.01.15 06:26:05] OR in polizei.hannover/posts/new.html
[2021.01.15 06:26:05] --------------------------------------------

[2021.01.15 06:26:17] Error while downloading the html files.
Exception message: IndexError: list index out of range
[2021.01.15 06:26:17] Error while downloading the html files.
Exception message: IndexError: list index out of range
[2021.01.15 06:26:17] Error while processing. URL: https://www.instagram.com/polizei.hannover/
[2021.01.15 06:26:17] Error while processing. URL: https://www.instagram.com/polizei.hannover/
[2021.01.15 06:26:17] store the html code of : (https://www.instagram.com/polizei.hannover/channel/) in polizei.hannover/igtv/old.html
[2021.01.15 06:26:17] OR in polizei.hannover/igtv/new.html
[2021.01.15 06:26:17] --------------------------------------------

[2021.01.15 06:26:30] Error while downloading the html files.
Exception message: IndexError: list index out of range
[2021.01.15 06:26:30] Error while downloading the html files.
Exception message: IndexError: list index out of range
[2021.01.15 06:26:30] Error while processing. URL: https://www.instagram.com/polizei.hannover/channel/
[2021.01.15 06:26:30] Error while processing. URL: https://www.instagram.com/polizei.hannover/channel/
[2021.01.15 06:26:30] store the html code of : (https://www.instagram.com/polizei.hannover/tagged/) in polizei.hannover/tagged/old.html
[2021.01.15 06:26:30] OR in polizei.hannover/tagged/new.html
[2021.01.15 06:26:30] --------------------------------------------

[2021.01.15 06:26:44] Error while downloading the html files.
Exception message: IndexError: list index out of range
[2021.01.15 06:26:44] Error while downloading the html files.
Exception message: IndexError: list index out of range
[2021.01.15 06:26:44] Error while processing. URL: https://www.instagram.com/polizei.hannover/tagged/
[2021.01.15 06:26:44] Error while processing. URL: https://www.instagram.com/polizei.hannover/tagged/
[2021.01.15 06:26:44] store the html code of : (https://www.instagram.com/frieda_rudi_make_oink/) in frieda_rudi_make_oink/posts/old.html
[2021.01.15 06:26:44] OR in frieda_rudi_make_oink/posts/new.html
[2021.01.15 06:26:44] --------------------------------------------

[2021.01.15 06:26:56] Error while downloading the html files.
Exception message: IndexError: list index out of range
[2021.01.15 06:26:56] Error while downloading the html files.
Exception message: IndexError: list index out of range
[2021.01.15 06:26:56] Error while processing. URL: https://www.instagram.com/frieda_rudi_make_oink/
[2021.01.15 06:26:56] Error while processing. URL: https://www.instagram.com/frieda_rudi_make_oink/
[2021.01.15 06:26:57] 


[2021.01.15 06:26:57] 	********MONITORING PHASE********
[2021.01.15 06:26:57] Skip modifying the html files of href: https://www.instagram.com/polizei.hannover/. [Download Error]
[2021.01.15 06:26:57] Skip modifying the html files of href: https://www.instagram.com/polizei.hannover/. [Download Error]
[2021.01.15 06:26:57] Skip modifying the html files of href: https://www.instagram.com/polizei.hannover/channel/. [Download Error]
[2021.01.15 06:26:57] Skip modifying the html files of href: https://www.instagram.com/polizei.hannover/channel/. [Download Error]
[2021.01.15 06:26:57] Skip modifying the html files of href: https://www.instagram.com/polizei.hannover/tagged/. [Download Error]
[2021.01.15 06:26:57] Skip modifying the html files of href: https://www.instagram.com/polizei.hannover/tagged/. [Download Error]
[2021.01.15 06:26:57] Skip modifying the html files of href: https://www.instagram.com/frieda_rudi_make_oink/. [Download Error]
[2021.01.15 06:26:57] Skip modifying the html files of href: https://www.instagram.com/frieda_rudi_make_oink/. [Download Error]
[2021.01.15 06:26:57] 		{{{RESULT}}}
[2021.01.15 06:26:57] ID:	polizei.hannover
[2021.01.15 06:26:57] Type:	posts
[2021.01.15 06:26:57] Mode:	2
[2021.01.15 06:26:57] Change:	False
[2021.01.15 06:26:57] Notify:	False
[2021.01.15 06:26:57] Error:	True

[2021.01.15 06:26:57] ID:	polizei.hannover
[2021.01.15 06:26:57] Type:	igtv
[2021.01.15 06:26:57] Mode:	1
[2021.01.15 06:26:57] Change:	False
[2021.01.15 06:26:57] Notify:	False
[2021.01.15 06:26:57] Error:	True

[2021.01.15 06:26:57] ID:	polizei.hannover
[2021.01.15 06:26:57] Type:	tagged
[2021.01.15 06:26:57] Mode:	1
[2021.01.15 06:26:57] Change:	False
[2021.01.15 06:26:57] Notify:	False
[2021.01.15 06:26:57] Error:	True

[2021.01.15 06:26:57] ID:	frieda_rudi_make_oink
[2021.01.15 06:26:57] Type:	posts
[2021.01.15 06:26:57] Mode:	1
[2021.01.15 06:26:57] Change:	False
[2021.01.15 06:26:57] Notify:	False
[2021.01.15 06:26:57] Error:	True

waiting 3 seconds
Execution 87
[2021.01.15 06:27:04] 		{{{BASIC TEST}}}
[2021.01.15 06:27:04] 


[2021.01.15 06:27:04] 	************STORING PHASE************

[2021.01.15 06:27:31] store the html code of : (https://www.instagram.com/polizei.hannover/) in polizei.hannover/posts/old.html
[2021.01.15 06:27:31] OR in polizei.hannover/posts/new.html
[2021.01.15 06:27:31] --------------------------------------------

[2021.01.15 06:27:47] Error while downloading the html files.
Exception message: IndexError: list index out of range
[2021.01.15 06:27:47] Error while downloading the html files.
Exception message: IndexError: list index out of range
[2021.01.15 06:27:47] Error while processing. URL: https://www.instagram.com/polizei.hannover/
[2021.01.15 06:27:47] Error while processing. URL: https://www.instagram.com/polizei.hannover/
[2021.01.15 06:27:47] store the html code of : (https://www.instagram.com/polizei.hannover/channel/) in polizei.hannover/igtv/old.html
[2021.01.15 06:27:47] OR in polizei.hannover/igtv/new.html
[2021.01.15 06:27:47] --------------------------------------------

[2021.01.15 06:28:02] Error while downloading the html files.
Exception message: IndexError: list index out of range
[2021.01.15 06:28:02] Error while downloading the html files.
Exception message: IndexError: list index out of range
[2021.01.15 06:28:02] Error while processing. URL: https://www.instagram.com/polizei.hannover/channel/
[2021.01.15 06:28:02] Error while processing. URL: https://www.instagram.com/polizei.hannover/channel/
[2021.01.15 06:28:02] store the html code of : (https://www.instagram.com/polizei.hannover/tagged/) in polizei.hannover/tagged/old.html
[2021.01.15 06:28:02] OR in polizei.hannover/tagged/new.html
[2021.01.15 06:28:02] --------------------------------------------

[2021.01.15 06:28:17] Error while downloading the html files.
Exception message: IndexError: list index out of range
[2021.01.15 06:28:17] Error while downloading the html files.
Exception message: IndexError: list index out of range
[2021.01.15 06:28:17] Error while processing. URL: https://www.instagram.com/polizei.hannover/tagged/
[2021.01.15 06:28:17] Error while processing. URL: https://www.instagram.com/polizei.hannover/tagged/
[2021.01.15 06:28:17] store the html code of : (https://www.instagram.com/frieda_rudi_make_oink/) in frieda_rudi_make_oink/posts/old.html
[2021.01.15 06:28:17] OR in frieda_rudi_make_oink/posts/new.html
[2021.01.15 06:28:17] --------------------------------------------

[2021.01.15 06:28:31] Error while downloading the html files.
Exception message: IndexError: list index out of range
[2021.01.15 06:28:31] Error while downloading the html files.
Exception message: IndexError: list index out of range
[2021.01.15 06:28:31] Error while processing. URL: https://www.instagram.com/frieda_rudi_make_oink/
[2021.01.15 06:28:31] Error while processing. URL: https://www.instagram.com/frieda_rudi_make_oink/
[2021.01.15 06:28:32] 


[2021.01.15 06:28:32] 	********MONITORING PHASE********
[2021.01.15 06:28:32] Skip modifying the html files of href: https://www.instagram.com/polizei.hannover/. [Download Error]
[2021.01.15 06:28:32] Skip modifying the html files of href: https://www.instagram.com/polizei.hannover/. [Download Error]
[2021.01.15 06:28:32] Skip modifying the html files of href: https://www.instagram.com/polizei.hannover/channel/. [Download Error]
[2021.01.15 06:28:32] Skip modifying the html files of href: https://www.instagram.com/polizei.hannover/channel/. [Download Error]
[2021.01.15 06:28:32] Skip modifying the html files of href: https://www.instagram.com/polizei.hannover/tagged/. [Download Error]
[2021.01.15 06:28:32] Skip modifying the html files of href: https://www.instagram.com/polizei.hannover/tagged/. [Download Error]
[2021.01.15 06:28:32] Skip modifying the html files of href: https://www.instagram.com/frieda_rudi_make_oink/. [Download Error]
[2021.01.15 06:28:32] Skip modifying the html files of href: https://www.instagram.com/frieda_rudi_make_oink/. [Download Error]
[2021.01.15 06:28:32] 		{{{RESULT}}}
[2021.01.15 06:28:32] ID:	polizei.hannover
[2021.01.15 06:28:32] Type:	posts
[2021.01.15 06:28:32] Mode:	2
[2021.01.15 06:28:32] Change:	False
[2021.01.15 06:28:32] Notify:	False
[2021.01.15 06:28:32] Error:	True

[2021.01.15 06:28:32] ID:	polizei.hannover
[2021.01.15 06:28:32] Type:	igtv
[2021.01.15 06:28:32] Mode:	1
[2021.01.15 06:28:32] Change:	False
[2021.01.15 06:28:32] Notify:	False
[2021.01.15 06:28:32] Error:	True

[2021.01.15 06:28:32] ID:	polizei.hannover
[2021.01.15 06:28:32] Type:	tagged
[2021.01.15 06:28:32] Mode:	1
[2021.01.15 06:28:32] Change:	False
[2021.01.15 06:28:32] Notify:	False
[2021.01.15 06:28:32] Error:	True

[2021.01.15 06:28:32] ID:	frieda_rudi_make_oink
[2021.01.15 06:28:32] Type:	posts
[2021.01.15 06:28:32] Mode:	1
[2021.01.15 06:28:32] Change:	False
[2021.01.15 06:28:32] Notify:	False
[2021.01.15 06:28:32] Error:	True

waiting 3 seconds
Execution 88
[2021.01.15 06:28:39] 		{{{BASIC TEST}}}
[2021.01.15 06:28:39] 


[2021.01.15 06:28:39] 	************STORING PHASE************

[2021.01.15 06:29:07] store the html code of : (https://www.instagram.com/polizei.hannover/) in polizei.hannover/posts/old.html
[2021.01.15 06:29:07] OR in polizei.hannover/posts/new.html
[2021.01.15 06:29:07] --------------------------------------------

[2021.01.15 06:29:20] Error while downloading the html files.
Exception message: IndexError: list index out of range
[2021.01.15 06:29:20] Error while downloading the html files.
Exception message: IndexError: list index out of range
[2021.01.15 06:29:20] Error while processing. URL: https://www.instagram.com/polizei.hannover/
[2021.01.15 06:29:20] Error while processing. URL: https://www.instagram.com/polizei.hannover/
[2021.01.15 06:29:20] store the html code of : (https://www.instagram.com/polizei.hannover/channel/) in polizei.hannover/igtv/old.html
[2021.01.15 06:29:20] OR in polizei.hannover/igtv/new.html
[2021.01.15 06:29:20] --------------------------------------------

[2021.01.15 06:29:38] Error while downloading the html files.
Exception message: IndexError: list index out of range
[2021.01.15 06:29:38] Error while downloading the html files.
Exception message: IndexError: list index out of range
[2021.01.15 06:29:38] Error while processing. URL: https://www.instagram.com/polizei.hannover/channel/
[2021.01.15 06:29:38] Error while processing. URL: https://www.instagram.com/polizei.hannover/channel/
[2021.01.15 06:29:38] store the html code of : (https://www.instagram.com/polizei.hannover/tagged/) in polizei.hannover/tagged/old.html
[2021.01.15 06:29:38] OR in polizei.hannover/tagged/new.html
[2021.01.15 06:29:38] --------------------------------------------

[2021.01.15 06:29:50] Error while downloading the html files.
Exception message: IndexError: list index out of range
[2021.01.15 06:29:50] Error while downloading the html files.
Exception message: IndexError: list index out of range
[2021.01.15 06:29:50] Error while processing. URL: https://www.instagram.com/polizei.hannover/tagged/
[2021.01.15 06:29:50] Error while processing. URL: https://www.instagram.com/polizei.hannover/tagged/
[2021.01.15 06:29:50] store the html code of : (https://www.instagram.com/frieda_rudi_make_oink/) in frieda_rudi_make_oink/posts/old.html
[2021.01.15 06:29:50] OR in frieda_rudi_make_oink/posts/new.html
[2021.01.15 06:29:50] --------------------------------------------

[2021.01.15 06:30:07] Error while downloading the html files.
Exception message: IndexError: list index out of range
[2021.01.15 06:30:07] Error while downloading the html files.
Exception message: IndexError: list index out of range
[2021.01.15 06:30:07] Error while processing. URL: https://www.instagram.com/frieda_rudi_make_oink/
[2021.01.15 06:30:07] Error while processing. URL: https://www.instagram.com/frieda_rudi_make_oink/
[2021.01.15 06:30:08] 


[2021.01.15 06:30:08] 	********MONITORING PHASE********
[2021.01.15 06:30:08] Skip modifying the html files of href: https://www.instagram.com/polizei.hannover/. [Download Error]
[2021.01.15 06:30:08] Skip modifying the html files of href: https://www.instagram.com/polizei.hannover/. [Download Error]
[2021.01.15 06:30:08] Skip modifying the html files of href: https://www.instagram.com/polizei.hannover/channel/. [Download Error]
[2021.01.15 06:30:08] Skip modifying the html files of href: https://www.instagram.com/polizei.hannover/channel/. [Download Error]
[2021.01.15 06:30:08] Skip modifying the html files of href: https://www.instagram.com/polizei.hannover/tagged/. [Download Error]
[2021.01.15 06:30:08] Skip modifying the html files of href: https://www.instagram.com/polizei.hannover/tagged/. [Download Error]
[2021.01.15 06:30:08] Skip modifying the html files of href: https://www.instagram.com/frieda_rudi_make_oink/. [Download Error]
[2021.01.15 06:30:08] Skip modifying the html files of href: https://www.instagram.com/frieda_rudi_make_oink/. [Download Error]
[2021.01.15 06:30:08] 		{{{RESULT}}}
[2021.01.15 06:30:08] ID:	polizei.hannover
[2021.01.15 06:30:08] Type:	posts
[2021.01.15 06:30:08] Mode:	2
[2021.01.15 06:30:08] Change:	False
[2021.01.15 06:30:08] Notify:	False
[2021.01.15 06:30:08] Error:	True

[2021.01.15 06:30:08] ID:	polizei.hannover
[2021.01.15 06:30:08] Type:	igtv
[2021.01.15 06:30:08] Mode:	1
[2021.01.15 06:30:08] Change:	False
[2021.01.15 06:30:08] Notify:	False
[2021.01.15 06:30:08] Error:	True

[2021.01.15 06:30:08] ID:	polizei.hannover
[2021.01.15 06:30:08] Type:	tagged
[2021.01.15 06:30:08] Mode:	1
[2021.01.15 06:30:08] Change:	False
[2021.01.15 06:30:08] Notify:	False
[2021.01.15 06:30:08] Error:	True

[2021.01.15 06:30:08] ID:	frieda_rudi_make_oink
[2021.01.15 06:30:08] Type:	posts
[2021.01.15 06:30:08] Mode:	1
[2021.01.15 06:30:08] Change:	False
[2021.01.15 06:30:08] Notify:	False
[2021.01.15 06:30:08] Error:	True

waiting 3 seconds
Execution 89
[2021.01.15 06:30:15] 		{{{BASIC TEST}}}
[2021.01.15 06:30:15] 


[2021.01.15 06:30:15] 	************STORING PHASE************

[2021.01.15 06:30:45] store the html code of : (https://www.instagram.com/polizei.hannover/) in polizei.hannover/posts/old.html
[2021.01.15 06:30:45] OR in polizei.hannover/posts/new.html
[2021.01.15 06:30:45] --------------------------------------------

[2021.01.15 06:30:59] Error while downloading the html files.
Exception message: IndexError: list index out of range
[2021.01.15 06:30:59] Error while downloading the html files.
Exception message: IndexError: list index out of range
[2021.01.15 06:30:59] Error while processing. URL: https://www.instagram.com/polizei.hannover/
[2021.01.15 06:30:59] Error while processing. URL: https://www.instagram.com/polizei.hannover/
[2021.01.15 06:30:59] store the html code of : (https://www.instagram.com/polizei.hannover/channel/) in polizei.hannover/igtv/old.html
[2021.01.15 06:30:59] OR in polizei.hannover/igtv/new.html
[2021.01.15 06:30:59] --------------------------------------------

[2021.01.15 06:31:15] Error while downloading the html files.
Exception message: IndexError: list index out of range
[2021.01.15 06:31:15] Error while downloading the html files.
Exception message: IndexError: list index out of range
[2021.01.15 06:31:15] Error while processing. URL: https://www.instagram.com/polizei.hannover/channel/
[2021.01.15 06:31:15] Error while processing. URL: https://www.instagram.com/polizei.hannover/channel/
[2021.01.15 06:31:15] store the html code of : (https://www.instagram.com/polizei.hannover/tagged/) in polizei.hannover/tagged/old.html
[2021.01.15 06:31:15] OR in polizei.hannover/tagged/new.html
[2021.01.15 06:31:15] --------------------------------------------

[2021.01.15 06:31:27] Error while downloading the html files.
Exception message: IndexError: list index out of range
[2021.01.15 06:31:27] Error while downloading the html files.
Exception message: IndexError: list index out of range
[2021.01.15 06:31:27] Error while processing. URL: https://www.instagram.com/polizei.hannover/tagged/
[2021.01.15 06:31:27] Error while processing. URL: https://www.instagram.com/polizei.hannover/tagged/
[2021.01.15 06:31:27] store the html code of : (https://www.instagram.com/frieda_rudi_make_oink/) in frieda_rudi_make_oink/posts/old.html
[2021.01.15 06:31:27] OR in frieda_rudi_make_oink/posts/new.html
[2021.01.15 06:31:27] --------------------------------------------

[2021.01.15 06:31:39] Error while downloading the html files.
Exception message: IndexError: list index out of range
[2021.01.15 06:31:39] Error while downloading the html files.
Exception message: IndexError: list index out of range
[2021.01.15 06:31:39] Error while processing. URL: https://www.instagram.com/frieda_rudi_make_oink/
[2021.01.15 06:31:39] Error while processing. URL: https://www.instagram.com/frieda_rudi_make_oink/
[2021.01.15 06:31:40] 


[2021.01.15 06:31:40] 	********MONITORING PHASE********
[2021.01.15 06:31:40] Skip modifying the html files of href: https://www.instagram.com/polizei.hannover/. [Download Error]
[2021.01.15 06:31:40] Skip modifying the html files of href: https://www.instagram.com/polizei.hannover/. [Download Error]
[2021.01.15 06:31:40] Skip modifying the html files of href: https://www.instagram.com/polizei.hannover/channel/. [Download Error]
[2021.01.15 06:31:40] Skip modifying the html files of href: https://www.instagram.com/polizei.hannover/channel/. [Download Error]
[2021.01.15 06:31:40] Skip modifying the html files of href: https://www.instagram.com/polizei.hannover/tagged/. [Download Error]
[2021.01.15 06:31:40] Skip modifying the html files of href: https://www.instagram.com/polizei.hannover/tagged/. [Download Error]
[2021.01.15 06:31:40] Skip modifying the html files of href: https://www.instagram.com/frieda_rudi_make_oink/. [Download Error]
[2021.01.15 06:31:40] Skip modifying the html files of href: https://www.instagram.com/frieda_rudi_make_oink/. [Download Error]
[2021.01.15 06:31:40] 		{{{RESULT}}}
[2021.01.15 06:31:40] ID:	polizei.hannover
[2021.01.15 06:31:40] Type:	posts
[2021.01.15 06:31:40] Mode:	2
[2021.01.15 06:31:40] Change:	False
[2021.01.15 06:31:40] Notify:	False
[2021.01.15 06:31:40] Error:	True

[2021.01.15 06:31:40] ID:	polizei.hannover
[2021.01.15 06:31:40] Type:	igtv
[2021.01.15 06:31:40] Mode:	1
[2021.01.15 06:31:40] Change:	False
[2021.01.15 06:31:40] Notify:	False
[2021.01.15 06:31:40] Error:	True

[2021.01.15 06:31:40] ID:	polizei.hannover
[2021.01.15 06:31:40] Type:	tagged
[2021.01.15 06:31:40] Mode:	1
[2021.01.15 06:31:40] Change:	False
[2021.01.15 06:31:40] Notify:	False
[2021.01.15 06:31:40] Error:	True

[2021.01.15 06:31:40] ID:	frieda_rudi_make_oink
[2021.01.15 06:31:40] Type:	posts
[2021.01.15 06:31:40] Mode:	1
[2021.01.15 06:31:40] Change:	False
[2021.01.15 06:31:40] Notify:	False
[2021.01.15 06:31:40] Error:	True

waiting 3 seconds
Execution 90
[2021.01.15 06:31:47] 		{{{BASIC TEST}}}
[2021.01.15 06:31:47] 


[2021.01.15 06:31:47] 	************STORING PHASE************

[2021.01.15 06:32:19] store the html code of : (https://www.instagram.com/polizei.hannover/) in polizei.hannover/posts/old.html
[2021.01.15 06:32:19] OR in polizei.hannover/posts/new.html
[2021.01.15 06:32:19] --------------------------------------------

[2021.01.15 06:32:32] Error while downloading the html files.
Exception message: IndexError: list index out of range
[2021.01.15 06:32:32] Error while downloading the html files.
Exception message: IndexError: list index out of range
[2021.01.15 06:32:32] Error while processing. URL: https://www.instagram.com/polizei.hannover/
[2021.01.15 06:32:32] Error while processing. URL: https://www.instagram.com/polizei.hannover/
[2021.01.15 06:32:32] store the html code of : (https://www.instagram.com/polizei.hannover/channel/) in polizei.hannover/igtv/old.html
[2021.01.15 06:32:32] OR in polizei.hannover/igtv/new.html
[2021.01.15 06:32:32] --------------------------------------------

[2021.01.15 06:32:50] Error while downloading the html files.
Exception message: IndexError: list index out of range
[2021.01.15 06:32:50] Error while downloading the html files.
Exception message: IndexError: list index out of range
[2021.01.15 06:32:50] Error while processing. URL: https://www.instagram.com/polizei.hannover/channel/
[2021.01.15 06:32:50] Error while processing. URL: https://www.instagram.com/polizei.hannover/channel/
[2021.01.15 06:32:50] store the html code of : (https://www.instagram.com/polizei.hannover/tagged/) in polizei.hannover/tagged/old.html
[2021.01.15 06:32:50] OR in polizei.hannover/tagged/new.html
[2021.01.15 06:32:50] --------------------------------------------

[2021.01.15 06:33:04] Error while downloading the html files.
Exception message: IndexError: list index out of range
[2021.01.15 06:33:04] Error while downloading the html files.
Exception message: IndexError: list index out of range
[2021.01.15 06:33:04] Error while processing. URL: https://www.instagram.com/polizei.hannover/tagged/
[2021.01.15 06:33:04] Error while processing. URL: https://www.instagram.com/polizei.hannover/tagged/
[2021.01.15 06:33:04] store the html code of : (https://www.instagram.com/frieda_rudi_make_oink/) in frieda_rudi_make_oink/posts/old.html
[2021.01.15 06:33:04] OR in frieda_rudi_make_oink/posts/new.html
[2021.01.15 06:33:04] --------------------------------------------

[2021.01.15 06:33:18] Error while downloading the html files.
Exception message: IndexError: list index out of range
[2021.01.15 06:33:18] Error while downloading the html files.
Exception message: IndexError: list index out of range
[2021.01.15 06:33:18] Error while processing. URL: https://www.instagram.com/frieda_rudi_make_oink/
[2021.01.15 06:33:18] Error while processing. URL: https://www.instagram.com/frieda_rudi_make_oink/
[2021.01.15 06:33:19] 


[2021.01.15 06:33:19] 	********MONITORING PHASE********
[2021.01.15 06:33:19] Skip modifying the html files of href: https://www.instagram.com/polizei.hannover/. [Download Error]
[2021.01.15 06:33:19] Skip modifying the html files of href: https://www.instagram.com/polizei.hannover/. [Download Error]
[2021.01.15 06:33:19] Skip modifying the html files of href: https://www.instagram.com/polizei.hannover/channel/. [Download Error]
[2021.01.15 06:33:19] Skip modifying the html files of href: https://www.instagram.com/polizei.hannover/channel/. [Download Error]
[2021.01.15 06:33:19] Skip modifying the html files of href: https://www.instagram.com/polizei.hannover/tagged/. [Download Error]
[2021.01.15 06:33:19] Skip modifying the html files of href: https://www.instagram.com/polizei.hannover/tagged/. [Download Error]
[2021.01.15 06:33:19] Skip modifying the html files of href: https://www.instagram.com/frieda_rudi_make_oink/. [Download Error]
[2021.01.15 06:33:19] Skip modifying the html files of href: https://www.instagram.com/frieda_rudi_make_oink/. [Download Error]
[2021.01.15 06:33:19] 		{{{RESULT}}}
[2021.01.15 06:33:19] ID:	polizei.hannover
[2021.01.15 06:33:19] Type:	posts
[2021.01.15 06:33:19] Mode:	2
[2021.01.15 06:33:19] Change:	False
[2021.01.15 06:33:19] Notify:	False
[2021.01.15 06:33:19] Error:	True

[2021.01.15 06:33:19] ID:	polizei.hannover
[2021.01.15 06:33:19] Type:	igtv
[2021.01.15 06:33:19] Mode:	1
[2021.01.15 06:33:19] Change:	False
[2021.01.15 06:33:19] Notify:	False
[2021.01.15 06:33:19] Error:	True

[2021.01.15 06:33:19] ID:	polizei.hannover
[2021.01.15 06:33:19] Type:	tagged
[2021.01.15 06:33:19] Mode:	1
[2021.01.15 06:33:19] Change:	False
[2021.01.15 06:33:19] Notify:	False
[2021.01.15 06:33:19] Error:	True

[2021.01.15 06:33:19] ID:	frieda_rudi_make_oink
[2021.01.15 06:33:19] Type:	posts
[2021.01.15 06:33:19] Mode:	1
[2021.01.15 06:33:19] Change:	False
[2021.01.15 06:33:19] Notify:	False
[2021.01.15 06:33:19] Error:	True

waiting 3 seconds
Execution 91
[2021.01.15 06:33:26] 		{{{BASIC TEST}}}
[2021.01.15 06:33:26] 


[2021.01.15 06:33:26] 	************STORING PHASE************

[2021.01.15 06:33:50] store the html code of : (https://www.instagram.com/polizei.hannover/) in polizei.hannover/posts/old.html
[2021.01.15 06:33:50] OR in polizei.hannover/posts/new.html
[2021.01.15 06:33:50] --------------------------------------------

[2021.01.15 06:34:02] Error while downloading the html files.
Exception message: IndexError: list index out of range
[2021.01.15 06:34:02] Error while downloading the html files.
Exception message: IndexError: list index out of range
[2021.01.15 06:34:02] Error while processing. URL: https://www.instagram.com/polizei.hannover/
[2021.01.15 06:34:02] Error while processing. URL: https://www.instagram.com/polizei.hannover/
[2021.01.15 06:34:02] store the html code of : (https://www.instagram.com/polizei.hannover/channel/) in polizei.hannover/igtv/old.html
[2021.01.15 06:34:02] OR in polizei.hannover/igtv/new.html
[2021.01.15 06:34:02] --------------------------------------------

[2021.01.15 06:34:19] Error while downloading the html files.
Exception message: IndexError: list index out of range
[2021.01.15 06:34:19] Error while downloading the html files.
Exception message: IndexError: list index out of range
[2021.01.15 06:34:19] Error while processing. URL: https://www.instagram.com/polizei.hannover/channel/
[2021.01.15 06:34:19] Error while processing. URL: https://www.instagram.com/polizei.hannover/channel/
[2021.01.15 06:34:19] store the html code of : (https://www.instagram.com/polizei.hannover/tagged/) in polizei.hannover/tagged/old.html
[2021.01.15 06:34:19] OR in polizei.hannover/tagged/new.html
[2021.01.15 06:34:19] --------------------------------------------

[2021.01.15 06:34:31] Error while downloading the html files.
Exception message: IndexError: list index out of range
[2021.01.15 06:34:31] Error while downloading the html files.
Exception message: IndexError: list index out of range
[2021.01.15 06:34:31] Error while processing. URL: https://www.instagram.com/polizei.hannover/tagged/
[2021.01.15 06:34:31] Error while processing. URL: https://www.instagram.com/polizei.hannover/tagged/
[2021.01.15 06:34:31] store the html code of : (https://www.instagram.com/frieda_rudi_make_oink/) in frieda_rudi_make_oink/posts/old.html
[2021.01.15 06:34:31] OR in frieda_rudi_make_oink/posts/new.html
[2021.01.15 06:34:31] --------------------------------------------

[2021.01.15 06:34:48] Error while downloading the html files.
Exception message: IndexError: list index out of range
[2021.01.15 06:34:48] Error while downloading the html files.
Exception message: IndexError: list index out of range
[2021.01.15 06:34:48] Error while processing. URL: https://www.instagram.com/frieda_rudi_make_oink/
[2021.01.15 06:34:48] Error while processing. URL: https://www.instagram.com/frieda_rudi_make_oink/
[2021.01.15 06:34:49] 


[2021.01.15 06:34:49] 	********MONITORING PHASE********
[2021.01.15 06:34:49] Skip modifying the html files of href: https://www.instagram.com/polizei.hannover/. [Download Error]
[2021.01.15 06:34:49] Skip modifying the html files of href: https://www.instagram.com/polizei.hannover/. [Download Error]
[2021.01.15 06:34:49] Skip modifying the html files of href: https://www.instagram.com/polizei.hannover/channel/. [Download Error]
[2021.01.15 06:34:49] Skip modifying the html files of href: https://www.instagram.com/polizei.hannover/channel/. [Download Error]
[2021.01.15 06:34:49] Skip modifying the html files of href: https://www.instagram.com/polizei.hannover/tagged/. [Download Error]
[2021.01.15 06:34:49] Skip modifying the html files of href: https://www.instagram.com/polizei.hannover/tagged/. [Download Error]
[2021.01.15 06:34:49] Skip modifying the html files of href: https://www.instagram.com/frieda_rudi_make_oink/. [Download Error]
[2021.01.15 06:34:49] Skip modifying the html files of href: https://www.instagram.com/frieda_rudi_make_oink/. [Download Error]
[2021.01.15 06:34:49] 		{{{RESULT}}}
[2021.01.15 06:34:49] ID:	polizei.hannover
[2021.01.15 06:34:49] Type:	posts
[2021.01.15 06:34:49] Mode:	2
[2021.01.15 06:34:49] Change:	False
[2021.01.15 06:34:49] Notify:	False
[2021.01.15 06:34:49] Error:	True

[2021.01.15 06:34:49] ID:	polizei.hannover
[2021.01.15 06:34:49] Type:	igtv
[2021.01.15 06:34:49] Mode:	1
[2021.01.15 06:34:49] Change:	False
[2021.01.15 06:34:49] Notify:	False
[2021.01.15 06:34:49] Error:	True

[2021.01.15 06:34:49] ID:	polizei.hannover
[2021.01.15 06:34:49] Type:	tagged
[2021.01.15 06:34:49] Mode:	1
[2021.01.15 06:34:49] Change:	False
[2021.01.15 06:34:49] Notify:	False
[2021.01.15 06:34:49] Error:	True

[2021.01.15 06:34:49] ID:	frieda_rudi_make_oink
[2021.01.15 06:34:49] Type:	posts
[2021.01.15 06:34:49] Mode:	1
[2021.01.15 06:34:49] Change:	False
[2021.01.15 06:34:49] Notify:	False
[2021.01.15 06:34:49] Error:	True

waiting 3 seconds
Execution 92
[2021.01.15 06:34:56] 		{{{BASIC TEST}}}
[2021.01.15 06:34:56] 


[2021.01.15 06:34:56] 	************STORING PHASE************

[2021.01.15 06:35:24] store the html code of : (https://www.instagram.com/polizei.hannover/) in polizei.hannover/posts/old.html
[2021.01.15 06:35:24] OR in polizei.hannover/posts/new.html
[2021.01.15 06:35:24] --------------------------------------------

[2021.01.15 06:35:40] Error while downloading the html files.
Exception message: IndexError: list index out of range
[2021.01.15 06:35:40] Error while downloading the html files.
Exception message: IndexError: list index out of range
[2021.01.15 06:35:40] Error while processing. URL: https://www.instagram.com/polizei.hannover/
[2021.01.15 06:35:40] Error while processing. URL: https://www.instagram.com/polizei.hannover/
[2021.01.15 06:35:40] store the html code of : (https://www.instagram.com/polizei.hannover/channel/) in polizei.hannover/igtv/old.html
[2021.01.15 06:35:40] OR in polizei.hannover/igtv/new.html
[2021.01.15 06:35:40] --------------------------------------------

[2021.01.15 06:35:57] Error while downloading the html files.
Exception message: IndexError: list index out of range
[2021.01.15 06:35:57] Error while downloading the html files.
Exception message: IndexError: list index out of range
[2021.01.15 06:35:57] Error while processing. URL: https://www.instagram.com/polizei.hannover/channel/
[2021.01.15 06:35:57] Error while processing. URL: https://www.instagram.com/polizei.hannover/channel/
[2021.01.15 06:35:57] store the html code of : (https://www.instagram.com/polizei.hannover/tagged/) in polizei.hannover/tagged/old.html
[2021.01.15 06:35:57] OR in polizei.hannover/tagged/new.html
[2021.01.15 06:35:57] --------------------------------------------

[2021.01.15 06:36:11] Error while downloading the html files.
Exception message: IndexError: list index out of range
[2021.01.15 06:36:11] Error while downloading the html files.
Exception message: IndexError: list index out of range
[2021.01.15 06:36:11] Error while processing. URL: https://www.instagram.com/polizei.hannover/tagged/
[2021.01.15 06:36:11] Error while processing. URL: https://www.instagram.com/polizei.hannover/tagged/
[2021.01.15 06:36:11] store the html code of : (https://www.instagram.com/frieda_rudi_make_oink/) in frieda_rudi_make_oink/posts/old.html
[2021.01.15 06:36:11] OR in frieda_rudi_make_oink/posts/new.html
[2021.01.15 06:36:11] --------------------------------------------

[2021.01.15 06:36:27] Error while downloading the html files.
Exception message: IndexError: list index out of range
[2021.01.15 06:36:27] Error while downloading the html files.
Exception message: IndexError: list index out of range
[2021.01.15 06:36:27] Error while processing. URL: https://www.instagram.com/frieda_rudi_make_oink/
[2021.01.15 06:36:27] Error while processing. URL: https://www.instagram.com/frieda_rudi_make_oink/
[2021.01.15 06:36:28] 


[2021.01.15 06:36:28] 	********MONITORING PHASE********
[2021.01.15 06:36:28] Skip modifying the html files of href: https://www.instagram.com/polizei.hannover/. [Download Error]
[2021.01.15 06:36:28] Skip modifying the html files of href: https://www.instagram.com/polizei.hannover/. [Download Error]
[2021.01.15 06:36:28] Skip modifying the html files of href: https://www.instagram.com/polizei.hannover/channel/. [Download Error]
[2021.01.15 06:36:28] Skip modifying the html files of href: https://www.instagram.com/polizei.hannover/channel/. [Download Error]
[2021.01.15 06:36:28] Skip modifying the html files of href: https://www.instagram.com/polizei.hannover/tagged/. [Download Error]
[2021.01.15 06:36:28] Skip modifying the html files of href: https://www.instagram.com/polizei.hannover/tagged/. [Download Error]
[2021.01.15 06:36:28] Skip modifying the html files of href: https://www.instagram.com/frieda_rudi_make_oink/. [Download Error]
[2021.01.15 06:36:28] Skip modifying the html files of href: https://www.instagram.com/frieda_rudi_make_oink/. [Download Error]
[2021.01.15 06:36:28] 		{{{RESULT}}}
[2021.01.15 06:36:28] ID:	polizei.hannover
[2021.01.15 06:36:28] Type:	posts
[2021.01.15 06:36:28] Mode:	2
[2021.01.15 06:36:28] Change:	False
[2021.01.15 06:36:28] Notify:	False
[2021.01.15 06:36:28] Error:	True

[2021.01.15 06:36:28] ID:	polizei.hannover
[2021.01.15 06:36:28] Type:	igtv
[2021.01.15 06:36:28] Mode:	1
[2021.01.15 06:36:28] Change:	False
[2021.01.15 06:36:28] Notify:	False
[2021.01.15 06:36:28] Error:	True

[2021.01.15 06:36:28] ID:	polizei.hannover
[2021.01.15 06:36:28] Type:	tagged
[2021.01.15 06:36:28] Mode:	1
[2021.01.15 06:36:28] Change:	False
[2021.01.15 06:36:28] Notify:	False
[2021.01.15 06:36:28] Error:	True

[2021.01.15 06:36:28] ID:	frieda_rudi_make_oink
[2021.01.15 06:36:28] Type:	posts
[2021.01.15 06:36:28] Mode:	1
[2021.01.15 06:36:28] Change:	False
[2021.01.15 06:36:28] Notify:	False
[2021.01.15 06:36:28] Error:	True

waiting 3 seconds
Execution 93
[2021.01.15 06:36:35] 		{{{BASIC TEST}}}
[2021.01.15 06:36:35] 


[2021.01.15 06:36:35] 	************STORING PHASE************

[2021.01.15 06:37:03] store the html code of : (https://www.instagram.com/polizei.hannover/) in polizei.hannover/posts/old.html
[2021.01.15 06:37:03] OR in polizei.hannover/posts/new.html
[2021.01.15 06:37:03] --------------------------------------------

[2021.01.15 06:37:15] Error while downloading the html files.
Exception message: IndexError: list index out of range
[2021.01.15 06:37:15] Error while downloading the html files.
Exception message: IndexError: list index out of range
[2021.01.15 06:37:15] Error while processing. URL: https://www.instagram.com/polizei.hannover/
[2021.01.15 06:37:15] Error while processing. URL: https://www.instagram.com/polizei.hannover/
[2021.01.15 06:37:15] store the html code of : (https://www.instagram.com/polizei.hannover/channel/) in polizei.hannover/igtv/old.html
[2021.01.15 06:37:15] OR in polizei.hannover/igtv/new.html
[2021.01.15 06:37:15] --------------------------------------------

[2021.01.15 06:37:33] Error while downloading the html files.
Exception message: IndexError: list index out of range
[2021.01.15 06:37:33] Error while downloading the html files.
Exception message: IndexError: list index out of range
[2021.01.15 06:37:33] Error while processing. URL: https://www.instagram.com/polizei.hannover/channel/
[2021.01.15 06:37:33] Error while processing. URL: https://www.instagram.com/polizei.hannover/channel/
[2021.01.15 06:37:33] store the html code of : (https://www.instagram.com/polizei.hannover/tagged/) in polizei.hannover/tagged/old.html
[2021.01.15 06:37:33] OR in polizei.hannover/tagged/new.html
[2021.01.15 06:37:33] --------------------------------------------

[2021.01.15 06:37:47] Error while downloading the html files.
Exception message: IndexError: list index out of range
[2021.01.15 06:37:47] Error while downloading the html files.
Exception message: IndexError: list index out of range
[2021.01.15 06:37:47] Error while processing. URL: https://www.instagram.com/polizei.hannover/tagged/
[2021.01.15 06:37:47] Error while processing. URL: https://www.instagram.com/polizei.hannover/tagged/
[2021.01.15 06:37:47] store the html code of : (https://www.instagram.com/frieda_rudi_make_oink/) in frieda_rudi_make_oink/posts/old.html
[2021.01.15 06:37:47] OR in frieda_rudi_make_oink/posts/new.html
[2021.01.15 06:37:47] --------------------------------------------

[2021.01.15 06:37:58] Error while downloading the html files.
Exception message: IndexError: list index out of range
[2021.01.15 06:37:58] Error while downloading the html files.
Exception message: IndexError: list index out of range
[2021.01.15 06:37:58] Error while processing. URL: https://www.instagram.com/frieda_rudi_make_oink/
[2021.01.15 06:37:58] Error while processing. URL: https://www.instagram.com/frieda_rudi_make_oink/
[2021.01.15 06:37:59] 


[2021.01.15 06:37:59] 	********MONITORING PHASE********
[2021.01.15 06:37:59] Skip modifying the html files of href: https://www.instagram.com/polizei.hannover/. [Download Error]
[2021.01.15 06:37:59] Skip modifying the html files of href: https://www.instagram.com/polizei.hannover/. [Download Error]
[2021.01.15 06:37:59] Skip modifying the html files of href: https://www.instagram.com/polizei.hannover/channel/. [Download Error]
[2021.01.15 06:37:59] Skip modifying the html files of href: https://www.instagram.com/polizei.hannover/channel/. [Download Error]
[2021.01.15 06:37:59] Skip modifying the html files of href: https://www.instagram.com/polizei.hannover/tagged/. [Download Error]
[2021.01.15 06:37:59] Skip modifying the html files of href: https://www.instagram.com/polizei.hannover/tagged/. [Download Error]
[2021.01.15 06:37:59] Skip modifying the html files of href: https://www.instagram.com/frieda_rudi_make_oink/. [Download Error]
[2021.01.15 06:37:59] Skip modifying the html files of href: https://www.instagram.com/frieda_rudi_make_oink/. [Download Error]
[2021.01.15 06:37:59] 		{{{RESULT}}}
[2021.01.15 06:37:59] ID:	polizei.hannover
[2021.01.15 06:37:59] Type:	posts
[2021.01.15 06:37:59] Mode:	2
[2021.01.15 06:37:59] Change:	False
[2021.01.15 06:37:59] Notify:	False
[2021.01.15 06:37:59] Error:	True

[2021.01.15 06:37:59] ID:	polizei.hannover
[2021.01.15 06:37:59] Type:	igtv
[2021.01.15 06:37:59] Mode:	1
[2021.01.15 06:37:59] Change:	False
[2021.01.15 06:37:59] Notify:	False
[2021.01.15 06:37:59] Error:	True

[2021.01.15 06:37:59] ID:	polizei.hannover
[2021.01.15 06:37:59] Type:	tagged
[2021.01.15 06:37:59] Mode:	1
[2021.01.15 06:37:59] Change:	False
[2021.01.15 06:37:59] Notify:	False
[2021.01.15 06:37:59] Error:	True

[2021.01.15 06:37:59] ID:	frieda_rudi_make_oink
[2021.01.15 06:37:59] Type:	posts
[2021.01.15 06:37:59] Mode:	1
[2021.01.15 06:37:59] Change:	False
[2021.01.15 06:37:59] Notify:	False
[2021.01.15 06:37:59] Error:	True

waiting 3 seconds
Execution 94
[2021.01.15 06:38:05] 		{{{BASIC TEST}}}
[2021.01.15 06:38:05] 


[2021.01.15 06:38:05] 	************STORING PHASE************

[2021.01.15 06:38:30] store the html code of : (https://www.instagram.com/polizei.hannover/) in polizei.hannover/posts/old.html
[2021.01.15 06:38:30] OR in polizei.hannover/posts/new.html
[2021.01.15 06:38:30] --------------------------------------------

[2021.01.15 06:38:41] Error while downloading the html files.
Exception message: IndexError: list index out of range
[2021.01.15 06:38:41] Error while downloading the html files.
Exception message: IndexError: list index out of range
[2021.01.15 06:38:42] Error while processing. URL: https://www.instagram.com/polizei.hannover/
[2021.01.15 06:38:42] Error while processing. URL: https://www.instagram.com/polizei.hannover/
[2021.01.15 06:38:42] store the html code of : (https://www.instagram.com/polizei.hannover/channel/) in polizei.hannover/igtv/old.html
[2021.01.15 06:38:42] OR in polizei.hannover/igtv/new.html
[2021.01.15 06:38:42] --------------------------------------------

[2021.01.15 06:38:54] Error while downloading the html files.
Exception message: IndexError: list index out of range
[2021.01.15 06:38:54] Error while downloading the html files.
Exception message: IndexError: list index out of range
[2021.01.15 06:38:54] Error while processing. URL: https://www.instagram.com/polizei.hannover/channel/
[2021.01.15 06:38:54] Error while processing. URL: https://www.instagram.com/polizei.hannover/channel/
[2021.01.15 06:38:54] store the html code of : (https://www.instagram.com/polizei.hannover/tagged/) in polizei.hannover/tagged/old.html
[2021.01.15 06:38:54] OR in polizei.hannover/tagged/new.html
[2021.01.15 06:38:54] --------------------------------------------

[2021.01.15 06:39:05] Error while downloading the html files.
Exception message: IndexError: list index out of range
[2021.01.15 06:39:05] Error while downloading the html files.
Exception message: IndexError: list index out of range
[2021.01.15 06:39:05] Error while processing. URL: https://www.instagram.com/polizei.hannover/tagged/
[2021.01.15 06:39:05] Error while processing. URL: https://www.instagram.com/polizei.hannover/tagged/
[2021.01.15 06:39:05] store the html code of : (https://www.instagram.com/frieda_rudi_make_oink/) in frieda_rudi_make_oink/posts/old.html
[2021.01.15 06:39:05] OR in frieda_rudi_make_oink/posts/new.html
[2021.01.15 06:39:05] --------------------------------------------

[2021.01.15 06:39:18] Error while downloading the html files.
Exception message: IndexError: list index out of range
[2021.01.15 06:39:18] Error while downloading the html files.
Exception message: IndexError: list index out of range
[2021.01.15 06:39:18] Error while processing. URL: https://www.instagram.com/frieda_rudi_make_oink/
[2021.01.15 06:39:18] Error while processing. URL: https://www.instagram.com/frieda_rudi_make_oink/
[2021.01.15 06:39:19] 


[2021.01.15 06:39:19] 	********MONITORING PHASE********
[2021.01.15 06:39:19] Skip modifying the html files of href: https://www.instagram.com/polizei.hannover/. [Download Error]
[2021.01.15 06:39:19] Skip modifying the html files of href: https://www.instagram.com/polizei.hannover/. [Download Error]
[2021.01.15 06:39:19] Skip modifying the html files of href: https://www.instagram.com/polizei.hannover/channel/. [Download Error]
[2021.01.15 06:39:19] Skip modifying the html files of href: https://www.instagram.com/polizei.hannover/channel/. [Download Error]
[2021.01.15 06:39:19] Skip modifying the html files of href: https://www.instagram.com/polizei.hannover/tagged/. [Download Error]
[2021.01.15 06:39:19] Skip modifying the html files of href: https://www.instagram.com/polizei.hannover/tagged/. [Download Error]
[2021.01.15 06:39:19] Skip modifying the html files of href: https://www.instagram.com/frieda_rudi_make_oink/. [Download Error]
[2021.01.15 06:39:19] Skip modifying the html files of href: https://www.instagram.com/frieda_rudi_make_oink/. [Download Error]
[2021.01.15 06:39:19] 		{{{RESULT}}}
[2021.01.15 06:39:19] ID:	polizei.hannover
[2021.01.15 06:39:19] Type:	posts
[2021.01.15 06:39:19] Mode:	2
[2021.01.15 06:39:19] Change:	False
[2021.01.15 06:39:19] Notify:	False
[2021.01.15 06:39:19] Error:	True

[2021.01.15 06:39:19] ID:	polizei.hannover
[2021.01.15 06:39:19] Type:	igtv
[2021.01.15 06:39:19] Mode:	1
[2021.01.15 06:39:19] Change:	False
[2021.01.15 06:39:19] Notify:	False
[2021.01.15 06:39:19] Error:	True

[2021.01.15 06:39:19] ID:	polizei.hannover
[2021.01.15 06:39:19] Type:	tagged
[2021.01.15 06:39:19] Mode:	1
[2021.01.15 06:39:19] Change:	False
[2021.01.15 06:39:19] Notify:	False
[2021.01.15 06:39:19] Error:	True

[2021.01.15 06:39:19] ID:	frieda_rudi_make_oink
[2021.01.15 06:39:19] Type:	posts
[2021.01.15 06:39:19] Mode:	1
[2021.01.15 06:39:19] Change:	False
[2021.01.15 06:39:19] Notify:	False
[2021.01.15 06:39:19] Error:	True

waiting 3 seconds
Execution 95
[2021.01.15 06:39:26] 		{{{BASIC TEST}}}
[2021.01.15 06:39:26] 


[2021.01.15 06:39:26] 	************STORING PHASE************

[2021.01.15 06:39:44] store the html code of : (https://www.instagram.com/polizei.hannover/) in polizei.hannover/posts/old.html
[2021.01.15 06:39:44] OR in polizei.hannover/posts/new.html
[2021.01.15 06:39:44] --------------------------------------------

[2021.01.15 06:40:01] Error while downloading the html files.
Exception message: IndexError: list index out of range
[2021.01.15 06:40:01] Error while downloading the html files.
Exception message: IndexError: list index out of range
[2021.01.15 06:40:01] Error while processing. URL: https://www.instagram.com/polizei.hannover/
[2021.01.15 06:40:01] Error while processing. URL: https://www.instagram.com/polizei.hannover/
[2021.01.15 06:40:01] store the html code of : (https://www.instagram.com/polizei.hannover/channel/) in polizei.hannover/igtv/old.html
[2021.01.15 06:40:01] OR in polizei.hannover/igtv/new.html
[2021.01.15 06:40:01] --------------------------------------------

[2021.01.15 06:40:16] Error while downloading the html files.
Exception message: IndexError: list index out of range
[2021.01.15 06:40:16] Error while downloading the html files.
Exception message: IndexError: list index out of range
[2021.01.15 06:40:16] Error while processing. URL: https://www.instagram.com/polizei.hannover/channel/
[2021.01.15 06:40:16] Error while processing. URL: https://www.instagram.com/polizei.hannover/channel/
[2021.01.15 06:40:16] store the html code of : (https://www.instagram.com/polizei.hannover/tagged/) in polizei.hannover/tagged/old.html
[2021.01.15 06:40:16] OR in polizei.hannover/tagged/new.html
[2021.01.15 06:40:16] --------------------------------------------

[2021.01.15 06:40:27] Error while downloading the html files.
Exception message: IndexError: list index out of range
[2021.01.15 06:40:27] Error while downloading the html files.
Exception message: IndexError: list index out of range
[2021.01.15 06:40:27] Error while processing. URL: https://www.instagram.com/polizei.hannover/tagged/
[2021.01.15 06:40:27] Error while processing. URL: https://www.instagram.com/polizei.hannover/tagged/
[2021.01.15 06:40:27] store the html code of : (https://www.instagram.com/frieda_rudi_make_oink/) in frieda_rudi_make_oink/posts/old.html
[2021.01.15 06:40:27] OR in frieda_rudi_make_oink/posts/new.html
[2021.01.15 06:40:27] --------------------------------------------

[2021.01.15 06:40:42] Error while downloading the html files.
Exception message: IndexError: list index out of range
[2021.01.15 06:40:42] Error while downloading the html files.
Exception message: IndexError: list index out of range
[2021.01.15 06:40:42] Error while processing. URL: https://www.instagram.com/frieda_rudi_make_oink/
[2021.01.15 06:40:42] Error while processing. URL: https://www.instagram.com/frieda_rudi_make_oink/
[2021.01.15 06:40:43] 


[2021.01.15 06:40:43] 	********MONITORING PHASE********
[2021.01.15 06:40:43] Skip modifying the html files of href: https://www.instagram.com/polizei.hannover/. [Download Error]
[2021.01.15 06:40:43] Skip modifying the html files of href: https://www.instagram.com/polizei.hannover/. [Download Error]
[2021.01.15 06:40:43] Skip modifying the html files of href: https://www.instagram.com/polizei.hannover/channel/. [Download Error]
[2021.01.15 06:40:43] Skip modifying the html files of href: https://www.instagram.com/polizei.hannover/channel/. [Download Error]
[2021.01.15 06:40:43] Skip modifying the html files of href: https://www.instagram.com/polizei.hannover/tagged/. [Download Error]
[2021.01.15 06:40:43] Skip modifying the html files of href: https://www.instagram.com/polizei.hannover/tagged/. [Download Error]
[2021.01.15 06:40:43] Skip modifying the html files of href: https://www.instagram.com/frieda_rudi_make_oink/. [Download Error]
[2021.01.15 06:40:43] Skip modifying the html files of href: https://www.instagram.com/frieda_rudi_make_oink/. [Download Error]
[2021.01.15 06:40:43] 		{{{RESULT}}}
[2021.01.15 06:40:43] ID:	polizei.hannover
[2021.01.15 06:40:43] Type:	posts
[2021.01.15 06:40:43] Mode:	2
[2021.01.15 06:40:43] Change:	False
[2021.01.15 06:40:43] Notify:	False
[2021.01.15 06:40:43] Error:	True

[2021.01.15 06:40:43] ID:	polizei.hannover
[2021.01.15 06:40:43] Type:	igtv
[2021.01.15 06:40:43] Mode:	1
[2021.01.15 06:40:43] Change:	False
[2021.01.15 06:40:43] Notify:	False
[2021.01.15 06:40:43] Error:	True

[2021.01.15 06:40:43] ID:	polizei.hannover
[2021.01.15 06:40:43] Type:	tagged
[2021.01.15 06:40:43] Mode:	1
[2021.01.15 06:40:43] Change:	False
[2021.01.15 06:40:43] Notify:	False
[2021.01.15 06:40:43] Error:	True

[2021.01.15 06:40:43] ID:	frieda_rudi_make_oink
[2021.01.15 06:40:43] Type:	posts
[2021.01.15 06:40:43] Mode:	1
[2021.01.15 06:40:43] Change:	False
[2021.01.15 06:40:43] Notify:	False
[2021.01.15 06:40:43] Error:	True

waiting 3 seconds
Execution 96
[2021.01.15 06:40:50] 		{{{BASIC TEST}}}
[2021.01.15 06:40:50] 


[2021.01.15 06:40:50] 	************STORING PHASE************

[2021.01.15 06:41:17] store the html code of : (https://www.instagram.com/polizei.hannover/) in polizei.hannover/posts/old.html
[2021.01.15 06:41:17] OR in polizei.hannover/posts/new.html
[2021.01.15 06:41:17] --------------------------------------------

[2021.01.15 06:41:32] Error while downloading the html files.
Exception message: IndexError: list index out of range
[2021.01.15 06:41:32] Error while downloading the html files.
Exception message: IndexError: list index out of range
[2021.01.15 06:41:32] Error while processing. URL: https://www.instagram.com/polizei.hannover/
[2021.01.15 06:41:32] Error while processing. URL: https://www.instagram.com/polizei.hannover/
[2021.01.15 06:41:32] store the html code of : (https://www.instagram.com/polizei.hannover/channel/) in polizei.hannover/igtv/old.html
[2021.01.15 06:41:32] OR in polizei.hannover/igtv/new.html
[2021.01.15 06:41:32] --------------------------------------------

[2021.01.15 06:41:45] Error while downloading the html files.
Exception message: IndexError: list index out of range
[2021.01.15 06:41:45] Error while downloading the html files.
Exception message: IndexError: list index out of range
[2021.01.15 06:41:45] Error while processing. URL: https://www.instagram.com/polizei.hannover/channel/
[2021.01.15 06:41:45] Error while processing. URL: https://www.instagram.com/polizei.hannover/channel/
[2021.01.15 06:41:45] store the html code of : (https://www.instagram.com/polizei.hannover/tagged/) in polizei.hannover/tagged/old.html
[2021.01.15 06:41:45] OR in polizei.hannover/tagged/new.html
[2021.01.15 06:41:45] --------------------------------------------

[2021.01.15 06:41:58] Error while downloading the html files.
Exception message: IndexError: list index out of range
[2021.01.15 06:41:58] Error while downloading the html files.
Exception message: IndexError: list index out of range
[2021.01.15 06:41:58] Error while processing. URL: https://www.instagram.com/polizei.hannover/tagged/
[2021.01.15 06:41:58] Error while processing. URL: https://www.instagram.com/polizei.hannover/tagged/
[2021.01.15 06:41:58] store the html code of : (https://www.instagram.com/frieda_rudi_make_oink/) in frieda_rudi_make_oink/posts/old.html
[2021.01.15 06:41:58] OR in frieda_rudi_make_oink/posts/new.html
[2021.01.15 06:41:58] --------------------------------------------

[2021.01.15 06:42:09] Error while downloading the html files.
Exception message: IndexError: list index out of range
[2021.01.15 06:42:09] Error while downloading the html files.
Exception message: IndexError: list index out of range
[2021.01.15 06:42:09] Error while processing. URL: https://www.instagram.com/frieda_rudi_make_oink/
[2021.01.15 06:42:09] Error while processing. URL: https://www.instagram.com/frieda_rudi_make_oink/
[2021.01.15 06:42:10] 


[2021.01.15 06:42:10] 	********MONITORING PHASE********
[2021.01.15 06:42:10] Skip modifying the html files of href: https://www.instagram.com/polizei.hannover/. [Download Error]
[2021.01.15 06:42:10] Skip modifying the html files of href: https://www.instagram.com/polizei.hannover/. [Download Error]
[2021.01.15 06:42:10] Skip modifying the html files of href: https://www.instagram.com/polizei.hannover/channel/. [Download Error]
[2021.01.15 06:42:10] Skip modifying the html files of href: https://www.instagram.com/polizei.hannover/channel/. [Download Error]
[2021.01.15 06:42:10] Skip modifying the html files of href: https://www.instagram.com/polizei.hannover/tagged/. [Download Error]
[2021.01.15 06:42:10] Skip modifying the html files of href: https://www.instagram.com/polizei.hannover/tagged/. [Download Error]
[2021.01.15 06:42:10] Skip modifying the html files of href: https://www.instagram.com/frieda_rudi_make_oink/. [Download Error]
[2021.01.15 06:42:10] Skip modifying the html files of href: https://www.instagram.com/frieda_rudi_make_oink/. [Download Error]
[2021.01.15 06:42:10] 		{{{RESULT}}}
[2021.01.15 06:42:10] ID:	polizei.hannover
[2021.01.15 06:42:10] Type:	posts
[2021.01.15 06:42:10] Mode:	2
[2021.01.15 06:42:10] Change:	False
[2021.01.15 06:42:10] Notify:	False
[2021.01.15 06:42:10] Error:	True

[2021.01.15 06:42:10] ID:	polizei.hannover
[2021.01.15 06:42:10] Type:	igtv
[2021.01.15 06:42:10] Mode:	1
[2021.01.15 06:42:10] Change:	False
[2021.01.15 06:42:10] Notify:	False
[2021.01.15 06:42:10] Error:	True

[2021.01.15 06:42:10] ID:	polizei.hannover
[2021.01.15 06:42:10] Type:	tagged
[2021.01.15 06:42:10] Mode:	1
[2021.01.15 06:42:10] Change:	False
[2021.01.15 06:42:10] Notify:	False
[2021.01.15 06:42:10] Error:	True

[2021.01.15 06:42:10] ID:	frieda_rudi_make_oink
[2021.01.15 06:42:10] Type:	posts
[2021.01.15 06:42:10] Mode:	1
[2021.01.15 06:42:10] Change:	False
[2021.01.15 06:42:10] Notify:	False
[2021.01.15 06:42:10] Error:	True

waiting 3 seconds
Execution 97
[2021.01.15 06:42:17] 		{{{BASIC TEST}}}
[2021.01.15 06:42:17] 


[2021.01.15 06:42:17] 	************STORING PHASE************

[2021.01.15 06:42:39] store the html code of : (https://www.instagram.com/polizei.hannover/) in polizei.hannover/posts/old.html
[2021.01.15 06:42:39] OR in polizei.hannover/posts/new.html
[2021.01.15 06:42:39] --------------------------------------------

[2021.01.15 06:42:55] Error while downloading the html files.
Exception message: IndexError: list index out of range
[2021.01.15 06:42:55] Error while downloading the html files.
Exception message: IndexError: list index out of range
[2021.01.15 06:42:55] Error while processing. URL: https://www.instagram.com/polizei.hannover/
[2021.01.15 06:42:55] Error while processing. URL: https://www.instagram.com/polizei.hannover/
[2021.01.15 06:42:55] store the html code of : (https://www.instagram.com/polizei.hannover/channel/) in polizei.hannover/igtv/old.html
[2021.01.15 06:42:55] OR in polizei.hannover/igtv/new.html
[2021.01.15 06:42:55] --------------------------------------------

[2021.01.15 06:43:09] Error while downloading the html files.
Exception message: IndexError: list index out of range
[2021.01.15 06:43:09] Error while downloading the html files.
Exception message: IndexError: list index out of range
[2021.01.15 06:43:09] Error while processing. URL: https://www.instagram.com/polizei.hannover/channel/
[2021.01.15 06:43:09] Error while processing. URL: https://www.instagram.com/polizei.hannover/channel/
[2021.01.15 06:43:09] store the html code of : (https://www.instagram.com/polizei.hannover/tagged/) in polizei.hannover/tagged/old.html
[2021.01.15 06:43:09] OR in polizei.hannover/tagged/new.html
[2021.01.15 06:43:09] --------------------------------------------

[2021.01.15 06:43:20] Error while downloading the html files.
Exception message: IndexError: list index out of range
[2021.01.15 06:43:20] Error while downloading the html files.
Exception message: IndexError: list index out of range
[2021.01.15 06:43:20] Error while processing. URL: https://www.instagram.com/polizei.hannover/tagged/
[2021.01.15 06:43:20] Error while processing. URL: https://www.instagram.com/polizei.hannover/tagged/
[2021.01.15 06:43:20] store the html code of : (https://www.instagram.com/frieda_rudi_make_oink/) in frieda_rudi_make_oink/posts/old.html
[2021.01.15 06:43:20] OR in frieda_rudi_make_oink/posts/new.html
[2021.01.15 06:43:20] --------------------------------------------

[2021.01.15 06:43:34] Error while downloading the html files.
Exception message: IndexError: list index out of range
[2021.01.15 06:43:34] Error while downloading the html files.
Exception message: IndexError: list index out of range
[2021.01.15 06:43:34] Error while processing. URL: https://www.instagram.com/frieda_rudi_make_oink/
[2021.01.15 06:43:34] Error while processing. URL: https://www.instagram.com/frieda_rudi_make_oink/
[2021.01.15 06:43:35] 


[2021.01.15 06:43:35] 	********MONITORING PHASE********
[2021.01.15 06:43:35] Skip modifying the html files of href: https://www.instagram.com/polizei.hannover/. [Download Error]
[2021.01.15 06:43:35] Skip modifying the html files of href: https://www.instagram.com/polizei.hannover/. [Download Error]
[2021.01.15 06:43:35] Skip modifying the html files of href: https://www.instagram.com/polizei.hannover/channel/. [Download Error]
[2021.01.15 06:43:35] Skip modifying the html files of href: https://www.instagram.com/polizei.hannover/channel/. [Download Error]
[2021.01.15 06:43:35] Skip modifying the html files of href: https://www.instagram.com/polizei.hannover/tagged/. [Download Error]
[2021.01.15 06:43:35] Skip modifying the html files of href: https://www.instagram.com/polizei.hannover/tagged/. [Download Error]
[2021.01.15 06:43:35] Skip modifying the html files of href: https://www.instagram.com/frieda_rudi_make_oink/. [Download Error]
[2021.01.15 06:43:35] Skip modifying the html files of href: https://www.instagram.com/frieda_rudi_make_oink/. [Download Error]
[2021.01.15 06:43:35] 		{{{RESULT}}}
[2021.01.15 06:43:35] ID:	polizei.hannover
[2021.01.15 06:43:35] Type:	posts
[2021.01.15 06:43:35] Mode:	2
[2021.01.15 06:43:35] Change:	False
[2021.01.15 06:43:35] Notify:	False
[2021.01.15 06:43:35] Error:	True

[2021.01.15 06:43:35] ID:	polizei.hannover
[2021.01.15 06:43:35] Type:	igtv
[2021.01.15 06:43:35] Mode:	1
[2021.01.15 06:43:35] Change:	False
[2021.01.15 06:43:35] Notify:	False
[2021.01.15 06:43:35] Error:	True

[2021.01.15 06:43:35] ID:	polizei.hannover
[2021.01.15 06:43:35] Type:	tagged
[2021.01.15 06:43:35] Mode:	1
[2021.01.15 06:43:35] Change:	False
[2021.01.15 06:43:35] Notify:	False
[2021.01.15 06:43:35] Error:	True

[2021.01.15 06:43:35] ID:	frieda_rudi_make_oink
[2021.01.15 06:43:35] Type:	posts
[2021.01.15 06:43:35] Mode:	1
[2021.01.15 06:43:35] Change:	False
[2021.01.15 06:43:35] Notify:	False
[2021.01.15 06:43:35] Error:	True

waiting 3 seconds
Execution 98
[2021.01.15 06:43:42] 		{{{BASIC TEST}}}
[2021.01.15 06:43:42] 


[2021.01.15 06:43:42] 	************STORING PHASE************

[2021.01.15 06:44:03] store the html code of : (https://www.instagram.com/polizei.hannover/) in polizei.hannover/posts/old.html
[2021.01.15 06:44:03] OR in polizei.hannover/posts/new.html
[2021.01.15 06:44:03] --------------------------------------------

[2021.01.15 06:44:19] Error while downloading the html files.
Exception message: IndexError: list index out of range
[2021.01.15 06:44:19] Error while downloading the html files.
Exception message: IndexError: list index out of range
[2021.01.15 06:44:19] Error while processing. URL: https://www.instagram.com/polizei.hannover/
[2021.01.15 06:44:19] Error while processing. URL: https://www.instagram.com/polizei.hannover/
[2021.01.15 06:44:19] store the html code of : (https://www.instagram.com/polizei.hannover/channel/) in polizei.hannover/igtv/old.html
[2021.01.15 06:44:19] OR in polizei.hannover/igtv/new.html
[2021.01.15 06:44:19] --------------------------------------------

[2021.01.15 06:44:34] Error while downloading the html files.
Exception message: IndexError: list index out of range
[2021.01.15 06:44:34] Error while downloading the html files.
Exception message: IndexError: list index out of range
[2021.01.15 06:44:34] Error while processing. URL: https://www.instagram.com/polizei.hannover/channel/
[2021.01.15 06:44:34] Error while processing. URL: https://www.instagram.com/polizei.hannover/channel/
[2021.01.15 06:44:34] store the html code of : (https://www.instagram.com/polizei.hannover/tagged/) in polizei.hannover/tagged/old.html
[2021.01.15 06:44:34] OR in polizei.hannover/tagged/new.html
[2021.01.15 06:44:34] --------------------------------------------

[2021.01.15 06:44:46] Error while downloading the html files.
Exception message: IndexError: list index out of range
[2021.01.15 06:44:46] Error while downloading the html files.
Exception message: IndexError: list index out of range
[2021.01.15 06:44:46] Error while processing. URL: https://www.instagram.com/polizei.hannover/tagged/
[2021.01.15 06:44:46] Error while processing. URL: https://www.instagram.com/polizei.hannover/tagged/
[2021.01.15 06:44:46] store the html code of : (https://www.instagram.com/frieda_rudi_make_oink/) in frieda_rudi_make_oink/posts/old.html
[2021.01.15 06:44:46] OR in frieda_rudi_make_oink/posts/new.html
[2021.01.15 06:44:46] --------------------------------------------

[2021.01.15 06:45:02] Error while downloading the html files.
Exception message: IndexError: list index out of range
[2021.01.15 06:45:02] Error while downloading the html files.
Exception message: IndexError: list index out of range
[2021.01.15 06:45:02] Error while processing. URL: https://www.instagram.com/frieda_rudi_make_oink/
[2021.01.15 06:45:02] Error while processing. URL: https://www.instagram.com/frieda_rudi_make_oink/
[2021.01.15 06:45:03] 


[2021.01.15 06:45:03] 	********MONITORING PHASE********
[2021.01.15 06:45:03] Skip modifying the html files of href: https://www.instagram.com/polizei.hannover/. [Download Error]
[2021.01.15 06:45:03] Skip modifying the html files of href: https://www.instagram.com/polizei.hannover/. [Download Error]
[2021.01.15 06:45:03] Skip modifying the html files of href: https://www.instagram.com/polizei.hannover/channel/. [Download Error]
[2021.01.15 06:45:03] Skip modifying the html files of href: https://www.instagram.com/polizei.hannover/channel/. [Download Error]
[2021.01.15 06:45:03] Skip modifying the html files of href: https://www.instagram.com/polizei.hannover/tagged/. [Download Error]
[2021.01.15 06:45:03] Skip modifying the html files of href: https://www.instagram.com/polizei.hannover/tagged/. [Download Error]
[2021.01.15 06:45:03] Skip modifying the html files of href: https://www.instagram.com/frieda_rudi_make_oink/. [Download Error]
[2021.01.15 06:45:03] Skip modifying the html files of href: https://www.instagram.com/frieda_rudi_make_oink/. [Download Error]
[2021.01.15 06:45:03] 		{{{RESULT}}}
[2021.01.15 06:45:03] ID:	polizei.hannover
[2021.01.15 06:45:03] Type:	posts
[2021.01.15 06:45:03] Mode:	2
[2021.01.15 06:45:03] Change:	False
[2021.01.15 06:45:03] Notify:	False
[2021.01.15 06:45:03] Error:	True

[2021.01.15 06:45:03] ID:	polizei.hannover
[2021.01.15 06:45:03] Type:	igtv
[2021.01.15 06:45:03] Mode:	1
[2021.01.15 06:45:03] Change:	False
[2021.01.15 06:45:03] Notify:	False
[2021.01.15 06:45:03] Error:	True

[2021.01.15 06:45:03] ID:	polizei.hannover
[2021.01.15 06:45:03] Type:	tagged
[2021.01.15 06:45:03] Mode:	1
[2021.01.15 06:45:03] Change:	False
[2021.01.15 06:45:03] Notify:	False
[2021.01.15 06:45:03] Error:	True

[2021.01.15 06:45:03] ID:	frieda_rudi_make_oink
[2021.01.15 06:45:03] Type:	posts
[2021.01.15 06:45:03] Mode:	1
[2021.01.15 06:45:03] Change:	False
[2021.01.15 06:45:03] Notify:	False
[2021.01.15 06:45:03] Error:	True

waiting 3 seconds
Execution 99
[2021.01.15 06:45:10] 		{{{BASIC TEST}}}
[2021.01.15 06:45:10] 


[2021.01.15 06:45:10] 	************STORING PHASE************

[2021.01.15 06:45:33] store the html code of : (https://www.instagram.com/polizei.hannover/) in polizei.hannover/posts/old.html
[2021.01.15 06:45:33] OR in polizei.hannover/posts/new.html
[2021.01.15 06:45:33] --------------------------------------------

[2021.01.15 06:45:49] Error while downloading the html files.
Exception message: IndexError: list index out of range
[2021.01.15 06:45:49] Error while downloading the html files.
Exception message: IndexError: list index out of range
[2021.01.15 06:45:49] Error while processing. URL: https://www.instagram.com/polizei.hannover/
[2021.01.15 06:45:49] Error while processing. URL: https://www.instagram.com/polizei.hannover/
[2021.01.15 06:45:49] store the html code of : (https://www.instagram.com/polizei.hannover/channel/) in polizei.hannover/igtv/old.html
[2021.01.15 06:45:49] OR in polizei.hannover/igtv/new.html
[2021.01.15 06:45:49] --------------------------------------------

[2021.01.15 06:46:03] Error while downloading the html files.
Exception message: IndexError: list index out of range
[2021.01.15 06:46:03] Error while downloading the html files.
Exception message: IndexError: list index out of range
[2021.01.15 06:46:03] Error while processing. URL: https://www.instagram.com/polizei.hannover/channel/
[2021.01.15 06:46:03] Error while processing. URL: https://www.instagram.com/polizei.hannover/channel/
[2021.01.15 06:46:03] store the html code of : (https://www.instagram.com/polizei.hannover/tagged/) in polizei.hannover/tagged/old.html
[2021.01.15 06:46:03] OR in polizei.hannover/tagged/new.html
[2021.01.15 06:46:03] --------------------------------------------

[2021.01.15 06:46:14] Error while downloading the html files.
Exception message: IndexError: list index out of range
[2021.01.15 06:46:14] Error while downloading the html files.
Exception message: IndexError: list index out of range
[2021.01.15 06:46:14] Error while processing. URL: https://www.instagram.com/polizei.hannover/tagged/
[2021.01.15 06:46:14] Error while processing. URL: https://www.instagram.com/polizei.hannover/tagged/
[2021.01.15 06:46:14] store the html code of : (https://www.instagram.com/frieda_rudi_make_oink/) in frieda_rudi_make_oink/posts/old.html
[2021.01.15 06:46:14] OR in frieda_rudi_make_oink/posts/new.html
[2021.01.15 06:46:14] --------------------------------------------

[2021.01.15 06:46:29] Error while downloading the html files.
Exception message: IndexError: list index out of range
[2021.01.15 06:46:29] Error while downloading the html files.
Exception message: IndexError: list index out of range
[2021.01.15 06:46:29] Error while processing. URL: https://www.instagram.com/frieda_rudi_make_oink/
[2021.01.15 06:46:29] Error while processing. URL: https://www.instagram.com/frieda_rudi_make_oink/
[2021.01.15 06:46:30] 


[2021.01.15 06:46:30] 	********MONITORING PHASE********
[2021.01.15 06:46:30] Skip modifying the html files of href: https://www.instagram.com/polizei.hannover/. [Download Error]
[2021.01.15 06:46:30] Skip modifying the html files of href: https://www.instagram.com/polizei.hannover/. [Download Error]
[2021.01.15 06:46:30] Skip modifying the html files of href: https://www.instagram.com/polizei.hannover/channel/. [Download Error]
[2021.01.15 06:46:30] Skip modifying the html files of href: https://www.instagram.com/polizei.hannover/channel/. [Download Error]
[2021.01.15 06:46:30] Skip modifying the html files of href: https://www.instagram.com/polizei.hannover/tagged/. [Download Error]
[2021.01.15 06:46:30] Skip modifying the html files of href: https://www.instagram.com/polizei.hannover/tagged/. [Download Error]
[2021.01.15 06:46:30] Skip modifying the html files of href: https://www.instagram.com/frieda_rudi_make_oink/. [Download Error]
[2021.01.15 06:46:30] Skip modifying the html files of href: https://www.instagram.com/frieda_rudi_make_oink/. [Download Error]
[2021.01.15 06:46:30] 		{{{RESULT}}}
[2021.01.15 06:46:30] ID:	polizei.hannover
[2021.01.15 06:46:30] Type:	posts
[2021.01.15 06:46:30] Mode:	2
[2021.01.15 06:46:30] Change:	False
[2021.01.15 06:46:30] Notify:	False
[2021.01.15 06:46:30] Error:	True

[2021.01.15 06:46:30] ID:	polizei.hannover
[2021.01.15 06:46:30] Type:	igtv
[2021.01.15 06:46:30] Mode:	1
[2021.01.15 06:46:30] Change:	False
[2021.01.15 06:46:30] Notify:	False
[2021.01.15 06:46:30] Error:	True

[2021.01.15 06:46:30] ID:	polizei.hannover
[2021.01.15 06:46:30] Type:	tagged
[2021.01.15 06:46:30] Mode:	1
[2021.01.15 06:46:30] Change:	False
[2021.01.15 06:46:30] Notify:	False
[2021.01.15 06:46:30] Error:	True

[2021.01.15 06:46:30] ID:	frieda_rudi_make_oink
[2021.01.15 06:46:30] Type:	posts
[2021.01.15 06:46:30] Mode:	1
[2021.01.15 06:46:30] Change:	False
[2021.01.15 06:46:30] Notify:	False
[2021.01.15 06:46:30] Error:	True

waiting 3 seconds
Execution 100
[2021.01.15 06:46:37] 		{{{BASIC TEST}}}
[2021.01.15 06:46:37] 


[2021.01.15 06:46:37] 	************STORING PHASE************

[2021.01.15 06:47:00] store the html code of : (https://www.instagram.com/polizei.hannover/) in polizei.hannover/posts/old.html
[2021.01.15 06:47:00] OR in polizei.hannover/posts/new.html
[2021.01.15 06:47:00] --------------------------------------------

[2021.01.15 06:47:12] Error while downloading the html files.
Exception message: IndexError: list index out of range
[2021.01.15 06:47:12] Error while downloading the html files.
Exception message: IndexError: list index out of range
[2021.01.15 06:47:12] Error while processing. URL: https://www.instagram.com/polizei.hannover/
[2021.01.15 06:47:12] Error while processing. URL: https://www.instagram.com/polizei.hannover/
[2021.01.15 06:47:12] store the html code of : (https://www.instagram.com/polizei.hannover/channel/) in polizei.hannover/igtv/old.html
[2021.01.15 06:47:12] OR in polizei.hannover/igtv/new.html
[2021.01.15 06:47:12] --------------------------------------------

[2021.01.15 06:47:28] Error while downloading the html files.
Exception message: IndexError: list index out of range
[2021.01.15 06:47:28] Error while downloading the html files.
Exception message: IndexError: list index out of range
[2021.01.15 06:47:28] Error while processing. URL: https://www.instagram.com/polizei.hannover/channel/
[2021.01.15 06:47:28] Error while processing. URL: https://www.instagram.com/polizei.hannover/channel/
[2021.01.15 06:47:28] store the html code of : (https://www.instagram.com/polizei.hannover/tagged/) in polizei.hannover/tagged/old.html
[2021.01.15 06:47:28] OR in polizei.hannover/tagged/new.html
[2021.01.15 06:47:28] --------------------------------------------

[2021.01.15 06:47:43] Error while downloading the html files.
Exception message: IndexError: list index out of range
[2021.01.15 06:47:43] Error while downloading the html files.
Exception message: IndexError: list index out of range
[2021.01.15 06:47:43] Error while processing. URL: https://www.instagram.com/polizei.hannover/tagged/
[2021.01.15 06:47:43] Error while processing. URL: https://www.instagram.com/polizei.hannover/tagged/
[2021.01.15 06:47:43] store the html code of : (https://www.instagram.com/frieda_rudi_make_oink/) in frieda_rudi_make_oink/posts/old.html
[2021.01.15 06:47:43] OR in frieda_rudi_make_oink/posts/new.html
[2021.01.15 06:47:43] --------------------------------------------

[2021.01.15 06:47:56] Error while downloading the html files.
Exception message: IndexError: list index out of range
[2021.01.15 06:47:56] Error while downloading the html files.
Exception message: IndexError: list index out of range
[2021.01.15 06:47:56] Error while processing. URL: https://www.instagram.com/frieda_rudi_make_oink/
[2021.01.15 06:47:56] Error while processing. URL: https://www.instagram.com/frieda_rudi_make_oink/
[2021.01.15 06:47:57] 


[2021.01.15 06:47:57] 	********MONITORING PHASE********
[2021.01.15 06:47:57] Skip modifying the html files of href: https://www.instagram.com/polizei.hannover/. [Download Error]
[2021.01.15 06:47:57] Skip modifying the html files of href: https://www.instagram.com/polizei.hannover/. [Download Error]
[2021.01.15 06:47:57] Skip modifying the html files of href: https://www.instagram.com/polizei.hannover/channel/. [Download Error]
[2021.01.15 06:47:57] Skip modifying the html files of href: https://www.instagram.com/polizei.hannover/channel/. [Download Error]
[2021.01.15 06:47:57] Skip modifying the html files of href: https://www.instagram.com/polizei.hannover/tagged/. [Download Error]
[2021.01.15 06:47:57] Skip modifying the html files of href: https://www.instagram.com/polizei.hannover/tagged/. [Download Error]
[2021.01.15 06:47:57] Skip modifying the html files of href: https://www.instagram.com/frieda_rudi_make_oink/. [Download Error]
[2021.01.15 06:47:57] Skip modifying the html files of href: https://www.instagram.com/frieda_rudi_make_oink/. [Download Error]
[2021.01.15 06:47:57] 		{{{RESULT}}}
[2021.01.15 06:47:57] ID:	polizei.hannover
[2021.01.15 06:47:57] Type:	posts
[2021.01.15 06:47:57] Mode:	2
[2021.01.15 06:47:57] Change:	False
[2021.01.15 06:47:57] Notify:	False
[2021.01.15 06:47:57] Error:	True

[2021.01.15 06:47:57] ID:	polizei.hannover
[2021.01.15 06:47:57] Type:	igtv
[2021.01.15 06:47:57] Mode:	1
[2021.01.15 06:47:57] Change:	False
[2021.01.15 06:47:57] Notify:	False
[2021.01.15 06:47:57] Error:	True

[2021.01.15 06:47:57] ID:	polizei.hannover
[2021.01.15 06:47:57] Type:	tagged
[2021.01.15 06:47:57] Mode:	1
[2021.01.15 06:47:57] Change:	False
[2021.01.15 06:47:57] Notify:	False
[2021.01.15 06:47:57] Error:	True

[2021.01.15 06:47:57] ID:	frieda_rudi_make_oink
[2021.01.15 06:47:57] Type:	posts
[2021.01.15 06:47:57] Mode:	1
[2021.01.15 06:47:57] Change:	False
[2021.01.15 06:47:57] Notify:	False
[2021.01.15 06:47:57] Error:	True

waiting 3 seconds
Execution 101
[2021.01.15 06:48:04] 		{{{BASIC TEST}}}
[2021.01.15 06:48:04] 


[2021.01.15 06:48:04] 	************STORING PHASE************

[2021.01.15 06:48:28] store the html code of : (https://www.instagram.com/polizei.hannover/) in polizei.hannover/posts/old.html
[2021.01.15 06:48:28] OR in polizei.hannover/posts/new.html
[2021.01.15 06:48:28] --------------------------------------------

[2021.01.15 06:48:41] Error while downloading the html files.
Exception message: IndexError: list index out of range
[2021.01.15 06:48:41] Error while downloading the html files.
Exception message: IndexError: list index out of range
[2021.01.15 06:48:41] Error while processing. URL: https://www.instagram.com/polizei.hannover/
[2021.01.15 06:48:41] Error while processing. URL: https://www.instagram.com/polizei.hannover/
[2021.01.15 06:48:41] store the html code of : (https://www.instagram.com/polizei.hannover/channel/) in polizei.hannover/igtv/old.html
[2021.01.15 06:48:41] OR in polizei.hannover/igtv/new.html
[2021.01.15 06:48:41] --------------------------------------------

[2021.01.15 06:48:59] Error while downloading the html files.
Exception message: IndexError: list index out of range
[2021.01.15 06:48:59] Error while downloading the html files.
Exception message: IndexError: list index out of range
[2021.01.15 06:48:59] Error while processing. URL: https://www.instagram.com/polizei.hannover/channel/
[2021.01.15 06:48:59] Error while processing. URL: https://www.instagram.com/polizei.hannover/channel/
[2021.01.15 06:48:59] store the html code of : (https://www.instagram.com/polizei.hannover/tagged/) in polizei.hannover/tagged/old.html
[2021.01.15 06:48:59] OR in polizei.hannover/tagged/new.html
[2021.01.15 06:48:59] --------------------------------------------

[2021.01.15 06:49:14] Error while downloading the html files.
Exception message: IndexError: list index out of range
[2021.01.15 06:49:14] Error while downloading the html files.
Exception message: IndexError: list index out of range
[2021.01.15 06:49:14] Error while processing. URL: https://www.instagram.com/polizei.hannover/tagged/
[2021.01.15 06:49:14] Error while processing. URL: https://www.instagram.com/polizei.hannover/tagged/
[2021.01.15 06:49:14] store the html code of : (https://www.instagram.com/frieda_rudi_make_oink/) in frieda_rudi_make_oink/posts/old.html
[2021.01.15 06:49:14] OR in frieda_rudi_make_oink/posts/new.html
[2021.01.15 06:49:14] --------------------------------------------

[2021.01.15 06:49:30] Error while downloading the html files.
Exception message: IndexError: list index out of range
[2021.01.15 06:49:30] Error while downloading the html files.
Exception message: IndexError: list index out of range
[2021.01.15 06:49:30] Error while processing. URL: https://www.instagram.com/frieda_rudi_make_oink/
[2021.01.15 06:49:30] Error while processing. URL: https://www.instagram.com/frieda_rudi_make_oink/
[2021.01.15 06:49:31] 


[2021.01.15 06:49:31] 	********MONITORING PHASE********
[2021.01.15 06:49:31] Skip modifying the html files of href: https://www.instagram.com/polizei.hannover/. [Download Error]
[2021.01.15 06:49:31] Skip modifying the html files of href: https://www.instagram.com/polizei.hannover/. [Download Error]
[2021.01.15 06:49:31] Skip modifying the html files of href: https://www.instagram.com/polizei.hannover/channel/. [Download Error]
[2021.01.15 06:49:31] Skip modifying the html files of href: https://www.instagram.com/polizei.hannover/channel/. [Download Error]
[2021.01.15 06:49:31] Skip modifying the html files of href: https://www.instagram.com/polizei.hannover/tagged/. [Download Error]
[2021.01.15 06:49:31] Skip modifying the html files of href: https://www.instagram.com/polizei.hannover/tagged/. [Download Error]
[2021.01.15 06:49:31] Skip modifying the html files of href: https://www.instagram.com/frieda_rudi_make_oink/. [Download Error]
[2021.01.15 06:49:31] Skip modifying the html files of href: https://www.instagram.com/frieda_rudi_make_oink/. [Download Error]
[2021.01.15 06:49:31] 		{{{RESULT}}}
[2021.01.15 06:49:31] ID:	polizei.hannover
[2021.01.15 06:49:31] Type:	posts
[2021.01.15 06:49:31] Mode:	2
[2021.01.15 06:49:31] Change:	False
[2021.01.15 06:49:31] Notify:	False
[2021.01.15 06:49:31] Error:	True

[2021.01.15 06:49:31] ID:	polizei.hannover
[2021.01.15 06:49:31] Type:	igtv
[2021.01.15 06:49:31] Mode:	1
[2021.01.15 06:49:31] Change:	False
[2021.01.15 06:49:31] Notify:	False
[2021.01.15 06:49:31] Error:	True

[2021.01.15 06:49:31] ID:	polizei.hannover
[2021.01.15 06:49:31] Type:	tagged
[2021.01.15 06:49:31] Mode:	1
[2021.01.15 06:49:31] Change:	False
[2021.01.15 06:49:31] Notify:	False
[2021.01.15 06:49:31] Error:	True

[2021.01.15 06:49:31] ID:	frieda_rudi_make_oink
[2021.01.15 06:49:31] Type:	posts
[2021.01.15 06:49:31] Mode:	1
[2021.01.15 06:49:31] Change:	False
[2021.01.15 06:49:31] Notify:	False
[2021.01.15 06:49:31] Error:	True

waiting 3 seconds
Execution 102
[2021.01.15 06:49:38] 		{{{BASIC TEST}}}
[2021.01.15 06:49:38] 


[2021.01.15 06:49:38] 	************STORING PHASE************

[2021.01.15 06:50:06] store the html code of : (https://www.instagram.com/polizei.hannover/) in polizei.hannover/posts/old.html
[2021.01.15 06:50:06] OR in polizei.hannover/posts/new.html
[2021.01.15 06:50:06] --------------------------------------------

[2021.01.15 06:50:18] Error while downloading the html files.
Exception message: IndexError: list index out of range
[2021.01.15 06:50:18] Error while downloading the html files.
Exception message: IndexError: list index out of range
[2021.01.15 06:50:18] Error while processing. URL: https://www.instagram.com/polizei.hannover/
[2021.01.15 06:50:18] Error while processing. URL: https://www.instagram.com/polizei.hannover/
[2021.01.15 06:50:18] store the html code of : (https://www.instagram.com/polizei.hannover/channel/) in polizei.hannover/igtv/old.html
[2021.01.15 06:50:18] OR in polizei.hannover/igtv/new.html
[2021.01.15 06:50:18] --------------------------------------------

[2021.01.15 06:50:36] Error while downloading the html files.
Exception message: IndexError: list index out of range
[2021.01.15 06:50:36] Error while downloading the html files.
Exception message: IndexError: list index out of range
[2021.01.15 06:50:36] Error while processing. URL: https://www.instagram.com/polizei.hannover/channel/
[2021.01.15 06:50:36] Error while processing. URL: https://www.instagram.com/polizei.hannover/channel/
[2021.01.15 06:50:36] store the html code of : (https://www.instagram.com/polizei.hannover/tagged/) in polizei.hannover/tagged/old.html
[2021.01.15 06:50:36] OR in polizei.hannover/tagged/new.html
[2021.01.15 06:50:36] --------------------------------------------

[2021.01.15 06:50:48] Error while downloading the html files.
Exception message: IndexError: list index out of range
[2021.01.15 06:50:48] Error while downloading the html files.
Exception message: IndexError: list index out of range
[2021.01.15 06:50:48] Error while processing. URL: https://www.instagram.com/polizei.hannover/tagged/
[2021.01.15 06:50:48] Error while processing. URL: https://www.instagram.com/polizei.hannover/tagged/
[2021.01.15 06:50:48] store the html code of : (https://www.instagram.com/frieda_rudi_make_oink/) in frieda_rudi_make_oink/posts/old.html
[2021.01.15 06:50:48] OR in frieda_rudi_make_oink/posts/new.html
[2021.01.15 06:50:48] --------------------------------------------

[2021.01.15 06:51:01] Error while downloading the html files.
Exception message: IndexError: list index out of range
[2021.01.15 06:51:01] Error while downloading the html files.
Exception message: IndexError: list index out of range
[2021.01.15 06:51:01] Error while processing. URL: https://www.instagram.com/frieda_rudi_make_oink/
[2021.01.15 06:51:01] Error while processing. URL: https://www.instagram.com/frieda_rudi_make_oink/
[2021.01.15 06:51:02] 


[2021.01.15 06:51:02] 	********MONITORING PHASE********
[2021.01.15 06:51:02] Skip modifying the html files of href: https://www.instagram.com/polizei.hannover/. [Download Error]
[2021.01.15 06:51:02] Skip modifying the html files of href: https://www.instagram.com/polizei.hannover/. [Download Error]
[2021.01.15 06:51:02] Skip modifying the html files of href: https://www.instagram.com/polizei.hannover/channel/. [Download Error]
[2021.01.15 06:51:02] Skip modifying the html files of href: https://www.instagram.com/polizei.hannover/channel/. [Download Error]
[2021.01.15 06:51:02] Skip modifying the html files of href: https://www.instagram.com/polizei.hannover/tagged/. [Download Error]
[2021.01.15 06:51:02] Skip modifying the html files of href: https://www.instagram.com/polizei.hannover/tagged/. [Download Error]
[2021.01.15 06:51:02] Skip modifying the html files of href: https://www.instagram.com/frieda_rudi_make_oink/. [Download Error]
[2021.01.15 06:51:02] Skip modifying the html files of href: https://www.instagram.com/frieda_rudi_make_oink/. [Download Error]
[2021.01.15 06:51:02] 		{{{RESULT}}}
[2021.01.15 06:51:02] ID:	polizei.hannover
[2021.01.15 06:51:02] Type:	posts
[2021.01.15 06:51:02] Mode:	2
[2021.01.15 06:51:02] Change:	False
[2021.01.15 06:51:02] Notify:	False
[2021.01.15 06:51:02] Error:	True

[2021.01.15 06:51:02] ID:	polizei.hannover
[2021.01.15 06:51:02] Type:	igtv
[2021.01.15 06:51:02] Mode:	1
[2021.01.15 06:51:02] Change:	False
[2021.01.15 06:51:02] Notify:	False
[2021.01.15 06:51:02] Error:	True

[2021.01.15 06:51:02] ID:	polizei.hannover
[2021.01.15 06:51:02] Type:	tagged
[2021.01.15 06:51:02] Mode:	1
[2021.01.15 06:51:02] Change:	False
[2021.01.15 06:51:02] Notify:	False
[2021.01.15 06:51:02] Error:	True

[2021.01.15 06:51:02] ID:	frieda_rudi_make_oink
[2021.01.15 06:51:02] Type:	posts
[2021.01.15 06:51:02] Mode:	1
[2021.01.15 06:51:02] Change:	False
[2021.01.15 06:51:02] Notify:	False
[2021.01.15 06:51:02] Error:	True

waiting 3 seconds
Execution 103
[2021.01.15 06:51:09] 		{{{BASIC TEST}}}
[2021.01.15 06:51:09] 


[2021.01.15 06:51:09] 	************STORING PHASE************

[2021.01.15 06:51:33] store the html code of : (https://www.instagram.com/polizei.hannover/) in polizei.hannover/posts/old.html
[2021.01.15 06:51:33] OR in polizei.hannover/posts/new.html
[2021.01.15 06:51:33] --------------------------------------------

[2021.01.15 06:51:46] Error while downloading the html files.
Exception message: IndexError: list index out of range
[2021.01.15 06:51:46] Error while downloading the html files.
Exception message: IndexError: list index out of range
[2021.01.15 06:51:46] Error while processing. URL: https://www.instagram.com/polizei.hannover/
[2021.01.15 06:51:46] Error while processing. URL: https://www.instagram.com/polizei.hannover/
[2021.01.15 06:51:46] store the html code of : (https://www.instagram.com/polizei.hannover/channel/) in polizei.hannover/igtv/old.html
[2021.01.15 06:51:46] OR in polizei.hannover/igtv/new.html
[2021.01.15 06:51:46] --------------------------------------------

[2021.01.15 06:52:01] Error while downloading the html files.
Exception message: IndexError: list index out of range
[2021.01.15 06:52:01] Error while downloading the html files.
Exception message: IndexError: list index out of range
[2021.01.15 06:52:01] Error while processing. URL: https://www.instagram.com/polizei.hannover/channel/
[2021.01.15 06:52:01] Error while processing. URL: https://www.instagram.com/polizei.hannover/channel/
[2021.01.15 06:52:01] store the html code of : (https://www.instagram.com/polizei.hannover/tagged/) in polizei.hannover/tagged/old.html
[2021.01.15 06:52:01] OR in polizei.hannover/tagged/new.html
[2021.01.15 06:52:01] --------------------------------------------

[2021.01.15 06:52:16] Error while downloading the html files.
Exception message: IndexError: list index out of range
[2021.01.15 06:52:16] Error while downloading the html files.
Exception message: IndexError: list index out of range
[2021.01.15 06:52:16] Error while processing. URL: https://www.instagram.com/polizei.hannover/tagged/
[2021.01.15 06:52:16] Error while processing. URL: https://www.instagram.com/polizei.hannover/tagged/
[2021.01.15 06:52:16] store the html code of : (https://www.instagram.com/frieda_rudi_make_oink/) in frieda_rudi_make_oink/posts/old.html
[2021.01.15 06:52:16] OR in frieda_rudi_make_oink/posts/new.html
[2021.01.15 06:52:16] --------------------------------------------

[2021.01.15 06:52:27] Error while downloading the html files.
Exception message: IndexError: list index out of range
[2021.01.15 06:52:27] Error while downloading the html files.
Exception message: IndexError: list index out of range
[2021.01.15 06:52:27] Error while processing. URL: https://www.instagram.com/frieda_rudi_make_oink/
[2021.01.15 06:52:27] Error while processing. URL: https://www.instagram.com/frieda_rudi_make_oink/
[2021.01.15 06:52:28] 


[2021.01.15 06:52:28] 	********MONITORING PHASE********
[2021.01.15 06:52:28] Skip modifying the html files of href: https://www.instagram.com/polizei.hannover/. [Download Error]
[2021.01.15 06:52:28] Skip modifying the html files of href: https://www.instagram.com/polizei.hannover/. [Download Error]
[2021.01.15 06:52:28] Skip modifying the html files of href: https://www.instagram.com/polizei.hannover/channel/. [Download Error]
[2021.01.15 06:52:28] Skip modifying the html files of href: https://www.instagram.com/polizei.hannover/channel/. [Download Error]
[2021.01.15 06:52:28] Skip modifying the html files of href: https://www.instagram.com/polizei.hannover/tagged/. [Download Error]
[2021.01.15 06:52:28] Skip modifying the html files of href: https://www.instagram.com/polizei.hannover/tagged/. [Download Error]
[2021.01.15 06:52:28] Skip modifying the html files of href: https://www.instagram.com/frieda_rudi_make_oink/. [Download Error]
[2021.01.15 06:52:28] Skip modifying the html files of href: https://www.instagram.com/frieda_rudi_make_oink/. [Download Error]
[2021.01.15 06:52:28] 		{{{RESULT}}}
[2021.01.15 06:52:28] ID:	polizei.hannover
[2021.01.15 06:52:28] Type:	posts
[2021.01.15 06:52:28] Mode:	2
[2021.01.15 06:52:28] Change:	False
[2021.01.15 06:52:28] Notify:	False
[2021.01.15 06:52:28] Error:	True

[2021.01.15 06:52:28] ID:	polizei.hannover
[2021.01.15 06:52:28] Type:	igtv
[2021.01.15 06:52:28] Mode:	1
[2021.01.15 06:52:28] Change:	False
[2021.01.15 06:52:28] Notify:	False
[2021.01.15 06:52:28] Error:	True

[2021.01.15 06:52:28] ID:	polizei.hannover
[2021.01.15 06:52:28] Type:	tagged
[2021.01.15 06:52:28] Mode:	1
[2021.01.15 06:52:28] Change:	False
[2021.01.15 06:52:28] Notify:	False
[2021.01.15 06:52:28] Error:	True

[2021.01.15 06:52:28] ID:	frieda_rudi_make_oink
[2021.01.15 06:52:28] Type:	posts
[2021.01.15 06:52:28] Mode:	1
[2021.01.15 06:52:28] Change:	False
[2021.01.15 06:52:28] Notify:	False
[2021.01.15 06:52:28] Error:	True

waiting 3 seconds
Execution 104
[2021.01.15 06:52:34] 		{{{BASIC TEST}}}
[2021.01.15 06:52:34] 


[2021.01.15 06:52:34] 	************STORING PHASE************

[2021.01.15 06:52:59] store the html code of : (https://www.instagram.com/polizei.hannover/) in polizei.hannover/posts/old.html
[2021.01.15 06:52:59] OR in polizei.hannover/posts/new.html
[2021.01.15 06:52:59] --------------------------------------------

[2021.01.15 06:53:12] Error while downloading the html files.
Exception message: IndexError: list index out of range
[2021.01.15 06:53:12] Error while downloading the html files.
Exception message: IndexError: list index out of range
[2021.01.15 06:53:12] Error while processing. URL: https://www.instagram.com/polizei.hannover/
[2021.01.15 06:53:12] Error while processing. URL: https://www.instagram.com/polizei.hannover/
[2021.01.15 06:53:12] store the html code of : (https://www.instagram.com/polizei.hannover/channel/) in polizei.hannover/igtv/old.html
[2021.01.15 06:53:12] OR in polizei.hannover/igtv/new.html
[2021.01.15 06:53:12] --------------------------------------------

[2021.01.15 06:53:27] Error while downloading the html files.
Exception message: IndexError: list index out of range
[2021.01.15 06:53:27] Error while downloading the html files.
Exception message: IndexError: list index out of range
[2021.01.15 06:53:27] Error while processing. URL: https://www.instagram.com/polizei.hannover/channel/
[2021.01.15 06:53:27] Error while processing. URL: https://www.instagram.com/polizei.hannover/channel/
[2021.01.15 06:53:27] store the html code of : (https://www.instagram.com/polizei.hannover/tagged/) in polizei.hannover/tagged/old.html
[2021.01.15 06:53:27] OR in polizei.hannover/tagged/new.html
[2021.01.15 06:53:27] --------------------------------------------

[2021.01.15 06:53:42] Error while downloading the html files.
Exception message: IndexError: list index out of range
[2021.01.15 06:53:42] Error while downloading the html files.
Exception message: IndexError: list index out of range
[2021.01.15 06:53:42] Error while processing. URL: https://www.instagram.com/polizei.hannover/tagged/
[2021.01.15 06:53:42] Error while processing. URL: https://www.instagram.com/polizei.hannover/tagged/
[2021.01.15 06:53:42] store the html code of : (https://www.instagram.com/frieda_rudi_make_oink/) in frieda_rudi_make_oink/posts/old.html
[2021.01.15 06:53:42] OR in frieda_rudi_make_oink/posts/new.html
[2021.01.15 06:53:42] --------------------------------------------

[2021.01.15 06:53:55] Error while downloading the html files.
Exception message: IndexError: list index out of range
[2021.01.15 06:53:55] Error while downloading the html files.
Exception message: IndexError: list index out of range
[2021.01.15 06:53:55] Error while processing. URL: https://www.instagram.com/frieda_rudi_make_oink/
[2021.01.15 06:53:55] Error while processing. URL: https://www.instagram.com/frieda_rudi_make_oink/
[2021.01.15 06:53:56] 


[2021.01.15 06:53:56] 	********MONITORING PHASE********
[2021.01.15 06:53:56] Skip modifying the html files of href: https://www.instagram.com/polizei.hannover/. [Download Error]
[2021.01.15 06:53:56] Skip modifying the html files of href: https://www.instagram.com/polizei.hannover/. [Download Error]
[2021.01.15 06:53:56] Skip modifying the html files of href: https://www.instagram.com/polizei.hannover/channel/. [Download Error]
[2021.01.15 06:53:56] Skip modifying the html files of href: https://www.instagram.com/polizei.hannover/channel/. [Download Error]
[2021.01.15 06:53:56] Skip modifying the html files of href: https://www.instagram.com/polizei.hannover/tagged/. [Download Error]
[2021.01.15 06:53:56] Skip modifying the html files of href: https://www.instagram.com/polizei.hannover/tagged/. [Download Error]
[2021.01.15 06:53:56] Skip modifying the html files of href: https://www.instagram.com/frieda_rudi_make_oink/. [Download Error]
[2021.01.15 06:53:56] Skip modifying the html files of href: https://www.instagram.com/frieda_rudi_make_oink/. [Download Error]
[2021.01.15 06:53:56] 		{{{RESULT}}}
[2021.01.15 06:53:56] ID:	polizei.hannover
[2021.01.15 06:53:56] Type:	posts
[2021.01.15 06:53:56] Mode:	2
[2021.01.15 06:53:56] Change:	False
[2021.01.15 06:53:56] Notify:	False
[2021.01.15 06:53:56] Error:	True

[2021.01.15 06:53:56] ID:	polizei.hannover
[2021.01.15 06:53:56] Type:	igtv
[2021.01.15 06:53:56] Mode:	1
[2021.01.15 06:53:56] Change:	False
[2021.01.15 06:53:56] Notify:	False
[2021.01.15 06:53:56] Error:	True

[2021.01.15 06:53:56] ID:	polizei.hannover
[2021.01.15 06:53:56] Type:	tagged
[2021.01.15 06:53:56] Mode:	1
[2021.01.15 06:53:56] Change:	False
[2021.01.15 06:53:56] Notify:	False
[2021.01.15 06:53:56] Error:	True

[2021.01.15 06:53:56] ID:	frieda_rudi_make_oink
[2021.01.15 06:53:56] Type:	posts
[2021.01.15 06:53:56] Mode:	1
[2021.01.15 06:53:56] Change:	False
[2021.01.15 06:53:56] Notify:	False
[2021.01.15 06:53:56] Error:	True

waiting 3 seconds
Execution 105
[2021.01.15 06:54:03] 		{{{BASIC TEST}}}
[2021.01.15 06:54:03] 


[2021.01.15 06:54:03] 	************STORING PHASE************

[2021.01.15 06:54:29] store the html code of : (https://www.instagram.com/polizei.hannover/) in polizei.hannover/posts/old.html
[2021.01.15 06:54:29] OR in polizei.hannover/posts/new.html
[2021.01.15 06:54:29] --------------------------------------------

[2021.01.15 06:54:42] Error while downloading the html files.
Exception message: IndexError: list index out of range
[2021.01.15 06:54:42] Error while downloading the html files.
Exception message: IndexError: list index out of range
[2021.01.15 06:54:42] Error while processing. URL: https://www.instagram.com/polizei.hannover/
[2021.01.15 06:54:42] Error while processing. URL: https://www.instagram.com/polizei.hannover/
[2021.01.15 06:54:42] store the html code of : (https://www.instagram.com/polizei.hannover/channel/) in polizei.hannover/igtv/old.html
[2021.01.15 06:54:42] OR in polizei.hannover/igtv/new.html
[2021.01.15 06:54:42] --------------------------------------------

[2021.01.15 06:54:58] Error while downloading the html files.
Exception message: IndexError: list index out of range
[2021.01.15 06:54:58] Error while downloading the html files.
Exception message: IndexError: list index out of range
[2021.01.15 06:54:58] Error while processing. URL: https://www.instagram.com/polizei.hannover/channel/
[2021.01.15 06:54:58] Error while processing. URL: https://www.instagram.com/polizei.hannover/channel/
[2021.01.15 06:54:58] store the html code of : (https://www.instagram.com/polizei.hannover/tagged/) in polizei.hannover/tagged/old.html
[2021.01.15 06:54:58] OR in polizei.hannover/tagged/new.html
[2021.01.15 06:54:58] --------------------------------------------

[2021.01.15 06:55:08] Error while downloading the html files.
Exception message: IndexError: list index out of range
[2021.01.15 06:55:08] Error while downloading the html files.
Exception message: IndexError: list index out of range
[2021.01.15 06:55:08] Error while processing. URL: https://www.instagram.com/polizei.hannover/tagged/
[2021.01.15 06:55:08] Error while processing. URL: https://www.instagram.com/polizei.hannover/tagged/
[2021.01.15 06:55:08] store the html code of : (https://www.instagram.com/frieda_rudi_make_oink/) in frieda_rudi_make_oink/posts/old.html
[2021.01.15 06:55:08] OR in frieda_rudi_make_oink/posts/new.html
[2021.01.15 06:55:08] --------------------------------------------

[2021.01.15 06:55:22] Error while downloading the html files.
Exception message: IndexError: list index out of range
[2021.01.15 06:55:22] Error while downloading the html files.
Exception message: IndexError: list index out of range
[2021.01.15 06:55:22] Error while processing. URL: https://www.instagram.com/frieda_rudi_make_oink/
[2021.01.15 06:55:22] Error while processing. URL: https://www.instagram.com/frieda_rudi_make_oink/
[2021.01.15 06:55:23] 


[2021.01.15 06:55:23] 	********MONITORING PHASE********
[2021.01.15 06:55:23] Skip modifying the html files of href: https://www.instagram.com/polizei.hannover/. [Download Error]
[2021.01.15 06:55:23] Skip modifying the html files of href: https://www.instagram.com/polizei.hannover/. [Download Error]
[2021.01.15 06:55:23] Skip modifying the html files of href: https://www.instagram.com/polizei.hannover/channel/. [Download Error]
[2021.01.15 06:55:23] Skip modifying the html files of href: https://www.instagram.com/polizei.hannover/channel/. [Download Error]
[2021.01.15 06:55:23] Skip modifying the html files of href: https://www.instagram.com/polizei.hannover/tagged/. [Download Error]
[2021.01.15 06:55:23] Skip modifying the html files of href: https://www.instagram.com/polizei.hannover/tagged/. [Download Error]
[2021.01.15 06:55:23] Skip modifying the html files of href: https://www.instagram.com/frieda_rudi_make_oink/. [Download Error]
[2021.01.15 06:55:23] Skip modifying the html files of href: https://www.instagram.com/frieda_rudi_make_oink/. [Download Error]
[2021.01.15 06:55:23] 		{{{RESULT}}}
[2021.01.15 06:55:23] ID:	polizei.hannover
[2021.01.15 06:55:23] Type:	posts
[2021.01.15 06:55:23] Mode:	2
[2021.01.15 06:55:23] Change:	False
[2021.01.15 06:55:23] Notify:	False
[2021.01.15 06:55:23] Error:	True

[2021.01.15 06:55:23] ID:	polizei.hannover
[2021.01.15 06:55:23] Type:	igtv
[2021.01.15 06:55:23] Mode:	1
[2021.01.15 06:55:23] Change:	False
[2021.01.15 06:55:23] Notify:	False
[2021.01.15 06:55:23] Error:	True

[2021.01.15 06:55:23] ID:	polizei.hannover
[2021.01.15 06:55:23] Type:	tagged
[2021.01.15 06:55:23] Mode:	1
[2021.01.15 06:55:23] Change:	False
[2021.01.15 06:55:23] Notify:	False
[2021.01.15 06:55:23] Error:	True

[2021.01.15 06:55:23] ID:	frieda_rudi_make_oink
[2021.01.15 06:55:23] Type:	posts
[2021.01.15 06:55:23] Mode:	1
[2021.01.15 06:55:23] Change:	False
[2021.01.15 06:55:23] Notify:	False
[2021.01.15 06:55:23] Error:	True

waiting 3 seconds
Execution 106
[2021.01.15 06:55:30] 		{{{BASIC TEST}}}
[2021.01.15 06:55:30] 


[2021.01.15 06:55:30] 	************STORING PHASE************

[2021.01.15 06:55:55] store the html code of : (https://www.instagram.com/polizei.hannover/) in polizei.hannover/posts/old.html
[2021.01.15 06:55:55] OR in polizei.hannover/posts/new.html
[2021.01.15 06:55:55] --------------------------------------------

[2021.01.15 06:56:08] Error while downloading the html files.
Exception message: IndexError: list index out of range
[2021.01.15 06:56:08] Error while downloading the html files.
Exception message: IndexError: list index out of range
[2021.01.15 06:56:08] Error while processing. URL: https://www.instagram.com/polizei.hannover/
[2021.01.15 06:56:08] Error while processing. URL: https://www.instagram.com/polizei.hannover/
[2021.01.15 06:56:08] store the html code of : (https://www.instagram.com/polizei.hannover/channel/) in polizei.hannover/igtv/old.html
[2021.01.15 06:56:08] OR in polizei.hannover/igtv/new.html
[2021.01.15 06:56:08] --------------------------------------------

[2021.01.15 06:56:22] Error while downloading the html files.
Exception message: IndexError: list index out of range
[2021.01.15 06:56:22] Error while downloading the html files.
Exception message: IndexError: list index out of range
[2021.01.15 06:56:22] Error while processing. URL: https://www.instagram.com/polizei.hannover/channel/
[2021.01.15 06:56:22] Error while processing. URL: https://www.instagram.com/polizei.hannover/channel/
[2021.01.15 06:56:22] store the html code of : (https://www.instagram.com/polizei.hannover/tagged/) in polizei.hannover/tagged/old.html
[2021.01.15 06:56:22] OR in polizei.hannover/tagged/new.html
[2021.01.15 06:56:22] --------------------------------------------

[2021.01.15 06:56:34] Error while downloading the html files.
Exception message: IndexError: list index out of range
[2021.01.15 06:56:34] Error while downloading the html files.
Exception message: IndexError: list index out of range
[2021.01.15 06:56:34] Error while processing. URL: https://www.instagram.com/polizei.hannover/tagged/
[2021.01.15 06:56:34] Error while processing. URL: https://www.instagram.com/polizei.hannover/tagged/
[2021.01.15 06:56:34] store the html code of : (https://www.instagram.com/frieda_rudi_make_oink/) in frieda_rudi_make_oink/posts/old.html
[2021.01.15 06:56:34] OR in frieda_rudi_make_oink/posts/new.html
[2021.01.15 06:56:34] --------------------------------------------

[2021.01.15 06:56:50] Error while downloading the html files.
Exception message: IndexError: list index out of range
[2021.01.15 06:56:50] Error while downloading the html files.
Exception message: IndexError: list index out of range
[2021.01.15 06:56:50] Error while processing. URL: https://www.instagram.com/frieda_rudi_make_oink/
[2021.01.15 06:56:50] Error while processing. URL: https://www.instagram.com/frieda_rudi_make_oink/
[2021.01.15 06:56:51] 


[2021.01.15 06:56:51] 	********MONITORING PHASE********
[2021.01.15 06:56:51] Skip modifying the html files of href: https://www.instagram.com/polizei.hannover/. [Download Error]
[2021.01.15 06:56:51] Skip modifying the html files of href: https://www.instagram.com/polizei.hannover/. [Download Error]
[2021.01.15 06:56:51] Skip modifying the html files of href: https://www.instagram.com/polizei.hannover/channel/. [Download Error]
[2021.01.15 06:56:51] Skip modifying the html files of href: https://www.instagram.com/polizei.hannover/channel/. [Download Error]
[2021.01.15 06:56:51] Skip modifying the html files of href: https://www.instagram.com/polizei.hannover/tagged/. [Download Error]
[2021.01.15 06:56:51] Skip modifying the html files of href: https://www.instagram.com/polizei.hannover/tagged/. [Download Error]
[2021.01.15 06:56:51] Skip modifying the html files of href: https://www.instagram.com/frieda_rudi_make_oink/. [Download Error]
[2021.01.15 06:56:51] Skip modifying the html files of href: https://www.instagram.com/frieda_rudi_make_oink/. [Download Error]
[2021.01.15 06:56:51] 		{{{RESULT}}}
[2021.01.15 06:56:51] ID:	polizei.hannover
[2021.01.15 06:56:51] Type:	posts
[2021.01.15 06:56:51] Mode:	2
[2021.01.15 06:56:51] Change:	False
[2021.01.15 06:56:51] Notify:	False
[2021.01.15 06:56:51] Error:	True

[2021.01.15 06:56:51] ID:	polizei.hannover
[2021.01.15 06:56:51] Type:	igtv
[2021.01.15 06:56:51] Mode:	1
[2021.01.15 06:56:51] Change:	False
[2021.01.15 06:56:51] Notify:	False
[2021.01.15 06:56:51] Error:	True

[2021.01.15 06:56:51] ID:	polizei.hannover
[2021.01.15 06:56:51] Type:	tagged
[2021.01.15 06:56:51] Mode:	1
[2021.01.15 06:56:51] Change:	False
[2021.01.15 06:56:51] Notify:	False
[2021.01.15 06:56:51] Error:	True

[2021.01.15 06:56:51] ID:	frieda_rudi_make_oink
[2021.01.15 06:56:51] Type:	posts
[2021.01.15 06:56:51] Mode:	1
[2021.01.15 06:56:51] Change:	False
[2021.01.15 06:56:51] Notify:	False
[2021.01.15 06:56:51] Error:	True

waiting 3 seconds
Execution 107
[2021.01.15 06:56:58] 		{{{BASIC TEST}}}
[2021.01.15 06:56:58] 


[2021.01.15 06:56:58] 	************STORING PHASE************

[2021.01.15 06:57:19] store the html code of : (https://www.instagram.com/polizei.hannover/) in polizei.hannover/posts/old.html
[2021.01.15 06:57:19] OR in polizei.hannover/posts/new.html
[2021.01.15 06:57:19] --------------------------------------------

[2021.01.15 06:57:34] Error while downloading the html files.
Exception message: IndexError: list index out of range
[2021.01.15 06:57:34] Error while downloading the html files.
Exception message: IndexError: list index out of range
[2021.01.15 06:57:34] Error while processing. URL: https://www.instagram.com/polizei.hannover/
[2021.01.15 06:57:34] Error while processing. URL: https://www.instagram.com/polizei.hannover/
[2021.01.15 06:57:34] store the html code of : (https://www.instagram.com/polizei.hannover/channel/) in polizei.hannover/igtv/old.html
[2021.01.15 06:57:34] OR in polizei.hannover/igtv/new.html
[2021.01.15 06:57:34] --------------------------------------------

[2021.01.15 06:57:50] Error while downloading the html files.
Exception message: IndexError: list index out of range
[2021.01.15 06:57:50] Error while downloading the html files.
Exception message: IndexError: list index out of range
[2021.01.15 06:57:50] Error while processing. URL: https://www.instagram.com/polizei.hannover/channel/
[2021.01.15 06:57:50] Error while processing. URL: https://www.instagram.com/polizei.hannover/channel/
[2021.01.15 06:57:50] store the html code of : (https://www.instagram.com/polizei.hannover/tagged/) in polizei.hannover/tagged/old.html
[2021.01.15 06:57:50] OR in polizei.hannover/tagged/new.html
[2021.01.15 06:57:50] --------------------------------------------

[2021.01.15 06:58:02] Error while downloading the html files.
Exception message: IndexError: list index out of range
[2021.01.15 06:58:02] Error while downloading the html files.
Exception message: IndexError: list index out of range
[2021.01.15 06:58:02] Error while processing. URL: https://www.instagram.com/polizei.hannover/tagged/
[2021.01.15 06:58:02] Error while processing. URL: https://www.instagram.com/polizei.hannover/tagged/
[2021.01.15 06:58:02] store the html code of : (https://www.instagram.com/frieda_rudi_make_oink/) in frieda_rudi_make_oink/posts/old.html
[2021.01.15 06:58:02] OR in frieda_rudi_make_oink/posts/new.html
[2021.01.15 06:58:02] --------------------------------------------

[2021.01.15 06:58:16] Error while downloading the html files.
Exception message: IndexError: list index out of range
[2021.01.15 06:58:16] Error while downloading the html files.
Exception message: IndexError: list index out of range
[2021.01.15 06:58:16] Error while processing. URL: https://www.instagram.com/frieda_rudi_make_oink/
[2021.01.15 06:58:16] Error while processing. URL: https://www.instagram.com/frieda_rudi_make_oink/
[2021.01.15 06:58:17] 


[2021.01.15 06:58:17] 	********MONITORING PHASE********
[2021.01.15 06:58:17] Skip modifying the html files of href: https://www.instagram.com/polizei.hannover/. [Download Error]
[2021.01.15 06:58:17] Skip modifying the html files of href: https://www.instagram.com/polizei.hannover/. [Download Error]
[2021.01.15 06:58:17] Skip modifying the html files of href: https://www.instagram.com/polizei.hannover/channel/. [Download Error]
[2021.01.15 06:58:17] Skip modifying the html files of href: https://www.instagram.com/polizei.hannover/channel/. [Download Error]
[2021.01.15 06:58:17] Skip modifying the html files of href: https://www.instagram.com/polizei.hannover/tagged/. [Download Error]
[2021.01.15 06:58:17] Skip modifying the html files of href: https://www.instagram.com/polizei.hannover/tagged/. [Download Error]
[2021.01.15 06:58:17] Skip modifying the html files of href: https://www.instagram.com/frieda_rudi_make_oink/. [Download Error]
[2021.01.15 06:58:17] Skip modifying the html files of href: https://www.instagram.com/frieda_rudi_make_oink/. [Download Error]
[2021.01.15 06:58:17] 		{{{RESULT}}}
[2021.01.15 06:58:17] ID:	polizei.hannover
[2021.01.15 06:58:17] Type:	posts
[2021.01.15 06:58:17] Mode:	2
[2021.01.15 06:58:17] Change:	False
[2021.01.15 06:58:17] Notify:	False
[2021.01.15 06:58:17] Error:	True

[2021.01.15 06:58:17] ID:	polizei.hannover
[2021.01.15 06:58:17] Type:	igtv
[2021.01.15 06:58:17] Mode:	1
[2021.01.15 06:58:17] Change:	False
[2021.01.15 06:58:17] Notify:	False
[2021.01.15 06:58:17] Error:	True

[2021.01.15 06:58:17] ID:	polizei.hannover
[2021.01.15 06:58:17] Type:	tagged
[2021.01.15 06:58:17] Mode:	1
[2021.01.15 06:58:17] Change:	False
[2021.01.15 06:58:17] Notify:	False
[2021.01.15 06:58:17] Error:	True

[2021.01.15 06:58:17] ID:	frieda_rudi_make_oink
[2021.01.15 06:58:17] Type:	posts
[2021.01.15 06:58:17] Mode:	1
[2021.01.15 06:58:17] Change:	False
[2021.01.15 06:58:17] Notify:	False
[2021.01.15 06:58:17] Error:	True

waiting 3 seconds
Execution 108
[2021.01.15 06:58:24] 		{{{BASIC TEST}}}
[2021.01.15 06:58:24] 


[2021.01.15 06:58:24] 	************STORING PHASE************

[2021.01.15 06:58:51] store the html code of : (https://www.instagram.com/polizei.hannover/) in polizei.hannover/posts/old.html
[2021.01.15 06:58:51] OR in polizei.hannover/posts/new.html
[2021.01.15 06:58:51] --------------------------------------------

[2021.01.15 06:59:07] Error while downloading the html files.
Exception message: IndexError: list index out of range
[2021.01.15 06:59:07] Error while downloading the html files.
Exception message: IndexError: list index out of range
[2021.01.15 06:59:07] Error while processing. URL: https://www.instagram.com/polizei.hannover/
[2021.01.15 06:59:07] Error while processing. URL: https://www.instagram.com/polizei.hannover/
[2021.01.15 06:59:07] store the html code of : (https://www.instagram.com/polizei.hannover/channel/) in polizei.hannover/igtv/old.html
[2021.01.15 06:59:07] OR in polizei.hannover/igtv/new.html
[2021.01.15 06:59:07] --------------------------------------------

[2021.01.15 06:59:24] Error while downloading the html files.
Exception message: IndexError: list index out of range
[2021.01.15 06:59:24] Error while downloading the html files.
Exception message: IndexError: list index out of range
[2021.01.15 06:59:25] Error while processing. URL: https://www.instagram.com/polizei.hannover/channel/
[2021.01.15 06:59:25] Error while processing. URL: https://www.instagram.com/polizei.hannover/channel/
[2021.01.15 06:59:25] store the html code of : (https://www.instagram.com/polizei.hannover/tagged/) in polizei.hannover/tagged/old.html
[2021.01.15 06:59:25] OR in polizei.hannover/tagged/new.html
[2021.01.15 06:59:25] --------------------------------------------

[2021.01.15 06:59:36] Error while downloading the html files.
Exception message: IndexError: list index out of range
[2021.01.15 06:59:36] Error while downloading the html files.
Exception message: IndexError: list index out of range
[2021.01.15 06:59:36] Error while processing. URL: https://www.instagram.com/polizei.hannover/tagged/
[2021.01.15 06:59:36] Error while processing. URL: https://www.instagram.com/polizei.hannover/tagged/
[2021.01.15 06:59:36] store the html code of : (https://www.instagram.com/frieda_rudi_make_oink/) in frieda_rudi_make_oink/posts/old.html
[2021.01.15 06:59:36] OR in frieda_rudi_make_oink/posts/new.html
[2021.01.15 06:59:36] --------------------------------------------

[2021.01.15 06:59:53] Error while downloading the html files.
Exception message: IndexError: list index out of range
[2021.01.15 06:59:53] Error while downloading the html files.
Exception message: IndexError: list index out of range
[2021.01.15 06:59:53] Error while processing. URL: https://www.instagram.com/frieda_rudi_make_oink/
[2021.01.15 06:59:53] Error while processing. URL: https://www.instagram.com/frieda_rudi_make_oink/
[2021.01.15 06:59:54] 


[2021.01.15 06:59:54] 	********MONITORING PHASE********
[2021.01.15 06:59:54] Skip modifying the html files of href: https://www.instagram.com/polizei.hannover/. [Download Error]
[2021.01.15 06:59:54] Skip modifying the html files of href: https://www.instagram.com/polizei.hannover/. [Download Error]
[2021.01.15 06:59:54] Skip modifying the html files of href: https://www.instagram.com/polizei.hannover/channel/. [Download Error]
[2021.01.15 06:59:54] Skip modifying the html files of href: https://www.instagram.com/polizei.hannover/channel/. [Download Error]
[2021.01.15 06:59:54] Skip modifying the html files of href: https://www.instagram.com/polizei.hannover/tagged/. [Download Error]
[2021.01.15 06:59:54] Skip modifying the html files of href: https://www.instagram.com/polizei.hannover/tagged/. [Download Error]
[2021.01.15 06:59:54] Skip modifying the html files of href: https://www.instagram.com/frieda_rudi_make_oink/. [Download Error]
[2021.01.15 06:59:54] Skip modifying the html files of href: https://www.instagram.com/frieda_rudi_make_oink/. [Download Error]
[2021.01.15 06:59:54] 		{{{RESULT}}}
[2021.01.15 06:59:54] ID:	polizei.hannover
[2021.01.15 06:59:54] Type:	posts
[2021.01.15 06:59:54] Mode:	2
[2021.01.15 06:59:54] Change:	False
[2021.01.15 06:59:54] Notify:	False
[2021.01.15 06:59:54] Error:	True

[2021.01.15 06:59:54] ID:	polizei.hannover
[2021.01.15 06:59:54] Type:	igtv
[2021.01.15 06:59:54] Mode:	1
[2021.01.15 06:59:54] Change:	False
[2021.01.15 06:59:54] Notify:	False
[2021.01.15 06:59:54] Error:	True

[2021.01.15 06:59:54] ID:	polizei.hannover
[2021.01.15 06:59:54] Type:	tagged
[2021.01.15 06:59:54] Mode:	1
[2021.01.15 06:59:54] Change:	False
[2021.01.15 06:59:54] Notify:	False
[2021.01.15 06:59:54] Error:	True

[2021.01.15 06:59:54] ID:	frieda_rudi_make_oink
[2021.01.15 06:59:54] Type:	posts
[2021.01.15 06:59:54] Mode:	1
[2021.01.15 06:59:54] Change:	False
[2021.01.15 06:59:54] Notify:	False
[2021.01.15 06:59:54] Error:	True

waiting 3 seconds
Execution 109
[2021.01.15 07:00:01] 		{{{BASIC TEST}}}
[2021.01.15 07:00:01] 


[2021.01.15 07:00:01] 	************STORING PHASE************

[2021.01.15 07:00:20] store the html code of : (https://www.instagram.com/polizei.hannover/) in polizei.hannover/posts/old.html
[2021.01.15 07:00:20] OR in polizei.hannover/posts/new.html
[2021.01.15 07:00:20] --------------------------------------------

[2021.01.15 07:00:34] Error while downloading the html files.
Exception message: IndexError: list index out of range
[2021.01.15 07:00:34] Error while downloading the html files.
Exception message: IndexError: list index out of range
[2021.01.15 07:00:34] Error while processing. URL: https://www.instagram.com/polizei.hannover/
[2021.01.15 07:00:34] Error while processing. URL: https://www.instagram.com/polizei.hannover/
[2021.01.15 07:00:34] store the html code of : (https://www.instagram.com/polizei.hannover/channel/) in polizei.hannover/igtv/old.html
[2021.01.15 07:00:34] OR in polizei.hannover/igtv/new.html
[2021.01.15 07:00:34] --------------------------------------------

[2021.01.15 07:00:47] Error while downloading the html files.
Exception message: IndexError: list index out of range
[2021.01.15 07:00:47] Error while downloading the html files.
Exception message: IndexError: list index out of range
[2021.01.15 07:00:47] Error while processing. URL: https://www.instagram.com/polizei.hannover/channel/
[2021.01.15 07:00:47] Error while processing. URL: https://www.instagram.com/polizei.hannover/channel/
[2021.01.15 07:00:47] store the html code of : (https://www.instagram.com/polizei.hannover/tagged/) in polizei.hannover/tagged/old.html
[2021.01.15 07:00:47] OR in polizei.hannover/tagged/new.html
[2021.01.15 07:00:47] --------------------------------------------

[2021.01.15 07:01:04] Error while downloading the html files.
Exception message: IndexError: list index out of range
[2021.01.15 07:01:04] Error while downloading the html files.
Exception message: IndexError: list index out of range
[2021.01.15 07:01:04] Error while processing. URL: https://www.instagram.com/polizei.hannover/tagged/
[2021.01.15 07:01:04] Error while processing. URL: https://www.instagram.com/polizei.hannover/tagged/
[2021.01.15 07:01:04] store the html code of : (https://www.instagram.com/frieda_rudi_make_oink/) in frieda_rudi_make_oink/posts/old.html
[2021.01.15 07:01:04] OR in frieda_rudi_make_oink/posts/new.html
[2021.01.15 07:01:04] --------------------------------------------

[2021.01.15 07:01:21] Error while downloading the html files.
Exception message: IndexError: list index out of range
[2021.01.15 07:01:21] Error while downloading the html files.
Exception message: IndexError: list index out of range
[2021.01.15 07:01:21] Error while processing. URL: https://www.instagram.com/frieda_rudi_make_oink/
[2021.01.15 07:01:21] Error while processing. URL: https://www.instagram.com/frieda_rudi_make_oink/
[2021.01.15 07:01:22] 


[2021.01.15 07:01:22] 	********MONITORING PHASE********
[2021.01.15 07:01:22] Skip modifying the html files of href: https://www.instagram.com/polizei.hannover/. [Download Error]
[2021.01.15 07:01:22] Skip modifying the html files of href: https://www.instagram.com/polizei.hannover/. [Download Error]
[2021.01.15 07:01:22] Skip modifying the html files of href: https://www.instagram.com/polizei.hannover/channel/. [Download Error]
[2021.01.15 07:01:22] Skip modifying the html files of href: https://www.instagram.com/polizei.hannover/channel/. [Download Error]
[2021.01.15 07:01:22] Skip modifying the html files of href: https://www.instagram.com/polizei.hannover/tagged/. [Download Error]
[2021.01.15 07:01:22] Skip modifying the html files of href: https://www.instagram.com/polizei.hannover/tagged/. [Download Error]
[2021.01.15 07:01:22] Skip modifying the html files of href: https://www.instagram.com/frieda_rudi_make_oink/. [Download Error]
[2021.01.15 07:01:22] Skip modifying the html files of href: https://www.instagram.com/frieda_rudi_make_oink/. [Download Error]
[2021.01.15 07:01:22] 		{{{RESULT}}}
[2021.01.15 07:01:22] ID:	polizei.hannover
[2021.01.15 07:01:22] Type:	posts
[2021.01.15 07:01:22] Mode:	2
[2021.01.15 07:01:22] Change:	False
[2021.01.15 07:01:22] Notify:	False
[2021.01.15 07:01:22] Error:	True

[2021.01.15 07:01:22] ID:	polizei.hannover
[2021.01.15 07:01:22] Type:	igtv
[2021.01.15 07:01:22] Mode:	1
[2021.01.15 07:01:22] Change:	False
[2021.01.15 07:01:22] Notify:	False
[2021.01.15 07:01:22] Error:	True

[2021.01.15 07:01:22] ID:	polizei.hannover
[2021.01.15 07:01:22] Type:	tagged
[2021.01.15 07:01:22] Mode:	1
[2021.01.15 07:01:22] Change:	False
[2021.01.15 07:01:22] Notify:	False
[2021.01.15 07:01:22] Error:	True

[2021.01.15 07:01:22] ID:	frieda_rudi_make_oink
[2021.01.15 07:01:22] Type:	posts
[2021.01.15 07:01:22] Mode:	1
[2021.01.15 07:01:22] Change:	False
[2021.01.15 07:01:22] Notify:	False
[2021.01.15 07:01:22] Error:	True

waiting 3 seconds
Execution 110
[2021.01.15 07:01:29] 		{{{BASIC TEST}}}
[2021.01.15 07:01:29] 


[2021.01.15 07:01:29] 	************STORING PHASE************

[2021.01.15 07:01:48] store the html code of : (https://www.instagram.com/polizei.hannover/) in polizei.hannover/posts/old.html
[2021.01.15 07:01:48] OR in polizei.hannover/posts/new.html
[2021.01.15 07:01:48] --------------------------------------------

[2021.01.15 07:02:00] Error while downloading the html files.
Exception message: IndexError: list index out of range
[2021.01.15 07:02:00] Error while downloading the html files.
Exception message: IndexError: list index out of range
[2021.01.15 07:02:00] Error while processing. URL: https://www.instagram.com/polizei.hannover/
[2021.01.15 07:02:00] Error while processing. URL: https://www.instagram.com/polizei.hannover/
[2021.01.15 07:02:00] store the html code of : (https://www.instagram.com/polizei.hannover/channel/) in polizei.hannover/igtv/old.html
[2021.01.15 07:02:00] OR in polizei.hannover/igtv/new.html
[2021.01.15 07:02:00] --------------------------------------------

[2021.01.15 07:02:17] Error while downloading the html files.
Exception message: IndexError: list index out of range
[2021.01.15 07:02:17] Error while downloading the html files.
Exception message: IndexError: list index out of range
[2021.01.15 07:02:17] Error while processing. URL: https://www.instagram.com/polizei.hannover/channel/
[2021.01.15 07:02:17] Error while processing. URL: https://www.instagram.com/polizei.hannover/channel/
[2021.01.15 07:02:17] store the html code of : (https://www.instagram.com/polizei.hannover/tagged/) in polizei.hannover/tagged/old.html
[2021.01.15 07:02:17] OR in polizei.hannover/tagged/new.html
[2021.01.15 07:02:17] --------------------------------------------

[2021.01.15 07:02:29] Error while downloading the html files.
Exception message: IndexError: list index out of range
[2021.01.15 07:02:29] Error while downloading the html files.
Exception message: IndexError: list index out of range
[2021.01.15 07:02:29] Error while processing. URL: https://www.instagram.com/polizei.hannover/tagged/
[2021.01.15 07:02:29] Error while processing. URL: https://www.instagram.com/polizei.hannover/tagged/
[2021.01.15 07:02:29] store the html code of : (https://www.instagram.com/frieda_rudi_make_oink/) in frieda_rudi_make_oink/posts/old.html
[2021.01.15 07:02:29] OR in frieda_rudi_make_oink/posts/new.html
[2021.01.15 07:02:29] --------------------------------------------

[2021.01.15 07:02:45] Error while downloading the html files.
Exception message: IndexError: list index out of range
[2021.01.15 07:02:45] Error while downloading the html files.
Exception message: IndexError: list index out of range
[2021.01.15 07:02:45] Error while processing. URL: https://www.instagram.com/frieda_rudi_make_oink/
[2021.01.15 07:02:45] Error while processing. URL: https://www.instagram.com/frieda_rudi_make_oink/
[2021.01.15 07:02:46] 


[2021.01.15 07:02:46] 	********MONITORING PHASE********
[2021.01.15 07:02:46] Skip modifying the html files of href: https://www.instagram.com/polizei.hannover/. [Download Error]
[2021.01.15 07:02:46] Skip modifying the html files of href: https://www.instagram.com/polizei.hannover/. [Download Error]
[2021.01.15 07:02:46] Skip modifying the html files of href: https://www.instagram.com/polizei.hannover/channel/. [Download Error]
[2021.01.15 07:02:46] Skip modifying the html files of href: https://www.instagram.com/polizei.hannover/channel/. [Download Error]
[2021.01.15 07:02:46] Skip modifying the html files of href: https://www.instagram.com/polizei.hannover/tagged/. [Download Error]
[2021.01.15 07:02:46] Skip modifying the html files of href: https://www.instagram.com/polizei.hannover/tagged/. [Download Error]
[2021.01.15 07:02:46] Skip modifying the html files of href: https://www.instagram.com/frieda_rudi_make_oink/. [Download Error]
[2021.01.15 07:02:46] Skip modifying the html files of href: https://www.instagram.com/frieda_rudi_make_oink/. [Download Error]
[2021.01.15 07:02:46] 		{{{RESULT}}}
[2021.01.15 07:02:46] ID:	polizei.hannover
[2021.01.15 07:02:46] Type:	posts
[2021.01.15 07:02:46] Mode:	2
[2021.01.15 07:02:46] Change:	False
[2021.01.15 07:02:46] Notify:	False
[2021.01.15 07:02:46] Error:	True

[2021.01.15 07:02:46] ID:	polizei.hannover
[2021.01.15 07:02:46] Type:	igtv
[2021.01.15 07:02:46] Mode:	1
[2021.01.15 07:02:46] Change:	False
[2021.01.15 07:02:46] Notify:	False
[2021.01.15 07:02:46] Error:	True

[2021.01.15 07:02:46] ID:	polizei.hannover
[2021.01.15 07:02:46] Type:	tagged
[2021.01.15 07:02:46] Mode:	1
[2021.01.15 07:02:46] Change:	False
[2021.01.15 07:02:46] Notify:	False
[2021.01.15 07:02:46] Error:	True

[2021.01.15 07:02:46] ID:	frieda_rudi_make_oink
[2021.01.15 07:02:46] Type:	posts
[2021.01.15 07:02:46] Mode:	1
[2021.01.15 07:02:46] Change:	False
[2021.01.15 07:02:46] Notify:	False
[2021.01.15 07:02:46] Error:	True

waiting 3 seconds
Execution 111
[2021.01.15 07:02:53] 		{{{BASIC TEST}}}
[2021.01.15 07:02:53] 


[2021.01.15 07:02:53] 	************STORING PHASE************

[2021.01.15 07:03:13] store the html code of : (https://www.instagram.com/polizei.hannover/) in polizei.hannover/posts/old.html
[2021.01.15 07:03:13] OR in polizei.hannover/posts/new.html
[2021.01.15 07:03:13] --------------------------------------------

[2021.01.15 07:03:27] Error while downloading the html files.
Exception message: IndexError: list index out of range
[2021.01.15 07:03:27] Error while downloading the html files.
Exception message: IndexError: list index out of range
[2021.01.15 07:03:27] Error while processing. URL: https://www.instagram.com/polizei.hannover/
[2021.01.15 07:03:27] Error while processing. URL: https://www.instagram.com/polizei.hannover/
[2021.01.15 07:03:27] store the html code of : (https://www.instagram.com/polizei.hannover/channel/) in polizei.hannover/igtv/old.html
[2021.01.15 07:03:27] OR in polizei.hannover/igtv/new.html
[2021.01.15 07:03:27] --------------------------------------------

[2021.01.15 07:03:41] Error while downloading the html files.
Exception message: IndexError: list index out of range
[2021.01.15 07:03:41] Error while downloading the html files.
Exception message: IndexError: list index out of range
[2021.01.15 07:03:41] Error while processing. URL: https://www.instagram.com/polizei.hannover/channel/
[2021.01.15 07:03:41] Error while processing. URL: https://www.instagram.com/polizei.hannover/channel/
[2021.01.15 07:03:41] store the html code of : (https://www.instagram.com/polizei.hannover/tagged/) in polizei.hannover/tagged/old.html
[2021.01.15 07:03:41] OR in polizei.hannover/tagged/new.html
[2021.01.15 07:03:41] --------------------------------------------

[2021.01.15 07:03:53] Error while downloading the html files.
Exception message: IndexError: list index out of range
[2021.01.15 07:03:53] Error while downloading the html files.
Exception message: IndexError: list index out of range
[2021.01.15 07:03:53] Error while processing. URL: https://www.instagram.com/polizei.hannover/tagged/
[2021.01.15 07:03:53] Error while processing. URL: https://www.instagram.com/polizei.hannover/tagged/
[2021.01.15 07:03:53] store the html code of : (https://www.instagram.com/frieda_rudi_make_oink/) in frieda_rudi_make_oink/posts/old.html
[2021.01.15 07:03:53] OR in frieda_rudi_make_oink/posts/new.html
[2021.01.15 07:03:53] --------------------------------------------

[2021.01.15 07:04:06] Error while downloading the html files.
Exception message: IndexError: list index out of range
[2021.01.15 07:04:06] Error while downloading the html files.
Exception message: IndexError: list index out of range
[2021.01.15 07:04:06] Error while processing. URL: https://www.instagram.com/frieda_rudi_make_oink/
[2021.01.15 07:04:06] Error while processing. URL: https://www.instagram.com/frieda_rudi_make_oink/
[2021.01.15 07:04:07] 


[2021.01.15 07:04:07] 	********MONITORING PHASE********
[2021.01.15 07:04:07] Skip modifying the html files of href: https://www.instagram.com/polizei.hannover/. [Download Error]
[2021.01.15 07:04:07] Skip modifying the html files of href: https://www.instagram.com/polizei.hannover/. [Download Error]
[2021.01.15 07:04:07] Skip modifying the html files of href: https://www.instagram.com/polizei.hannover/channel/. [Download Error]
[2021.01.15 07:04:07] Skip modifying the html files of href: https://www.instagram.com/polizei.hannover/channel/. [Download Error]
[2021.01.15 07:04:07] Skip modifying the html files of href: https://www.instagram.com/polizei.hannover/tagged/. [Download Error]
[2021.01.15 07:04:07] Skip modifying the html files of href: https://www.instagram.com/polizei.hannover/tagged/. [Download Error]
[2021.01.15 07:04:07] Skip modifying the html files of href: https://www.instagram.com/frieda_rudi_make_oink/. [Download Error]
[2021.01.15 07:04:07] Skip modifying the html files of href: https://www.instagram.com/frieda_rudi_make_oink/. [Download Error]
[2021.01.15 07:04:07] 		{{{RESULT}}}
[2021.01.15 07:04:07] ID:	polizei.hannover
[2021.01.15 07:04:07] Type:	posts
[2021.01.15 07:04:07] Mode:	2
[2021.01.15 07:04:07] Change:	False
[2021.01.15 07:04:07] Notify:	False
[2021.01.15 07:04:07] Error:	True

[2021.01.15 07:04:07] ID:	polizei.hannover
[2021.01.15 07:04:07] Type:	igtv
[2021.01.15 07:04:07] Mode:	1
[2021.01.15 07:04:07] Change:	False
[2021.01.15 07:04:07] Notify:	False
[2021.01.15 07:04:07] Error:	True

[2021.01.15 07:04:07] ID:	polizei.hannover
[2021.01.15 07:04:07] Type:	tagged
[2021.01.15 07:04:07] Mode:	1
[2021.01.15 07:04:07] Change:	False
[2021.01.15 07:04:07] Notify:	False
[2021.01.15 07:04:07] Error:	True

[2021.01.15 07:04:07] ID:	frieda_rudi_make_oink
[2021.01.15 07:04:07] Type:	posts
[2021.01.15 07:04:07] Mode:	1
[2021.01.15 07:04:07] Change:	False
[2021.01.15 07:04:07] Notify:	False
[2021.01.15 07:04:07] Error:	True

waiting 3 seconds
Execution 112
[2021.01.15 07:04:14] 		{{{BASIC TEST}}}
[2021.01.15 07:04:14] 


[2021.01.15 07:04:14] 	************STORING PHASE************

[2021.01.15 07:04:37] store the html code of : (https://www.instagram.com/polizei.hannover/) in polizei.hannover/posts/old.html
[2021.01.15 07:04:37] OR in polizei.hannover/posts/new.html
[2021.01.15 07:04:37] --------------------------------------------

[2021.01.15 07:04:52] Error while downloading the html files.
Exception message: IndexError: list index out of range
[2021.01.15 07:04:52] Error while downloading the html files.
Exception message: IndexError: list index out of range
[2021.01.15 07:04:52] Error while processing. URL: https://www.instagram.com/polizei.hannover/
[2021.01.15 07:04:52] Error while processing. URL: https://www.instagram.com/polizei.hannover/
[2021.01.15 07:04:52] store the html code of : (https://www.instagram.com/polizei.hannover/channel/) in polizei.hannover/igtv/old.html
[2021.01.15 07:04:52] OR in polizei.hannover/igtv/new.html
[2021.01.15 07:04:52] --------------------------------------------

[2021.01.15 07:05:05] Error while downloading the html files.
Exception message: IndexError: list index out of range
[2021.01.15 07:05:05] Error while downloading the html files.
Exception message: IndexError: list index out of range
[2021.01.15 07:05:05] Error while processing. URL: https://www.instagram.com/polizei.hannover/channel/
[2021.01.15 07:05:05] Error while processing. URL: https://www.instagram.com/polizei.hannover/channel/
[2021.01.15 07:05:05] store the html code of : (https://www.instagram.com/polizei.hannover/tagged/) in polizei.hannover/tagged/old.html
[2021.01.15 07:05:05] OR in polizei.hannover/tagged/new.html
[2021.01.15 07:05:05] --------------------------------------------

[2021.01.15 07:05:21] Error while downloading the html files.
Exception message: IndexError: list index out of range
[2021.01.15 07:05:21] Error while downloading the html files.
Exception message: IndexError: list index out of range
[2021.01.15 07:05:21] Error while processing. URL: https://www.instagram.com/polizei.hannover/tagged/
[2021.01.15 07:05:21] Error while processing. URL: https://www.instagram.com/polizei.hannover/tagged/
[2021.01.15 07:05:21] store the html code of : (https://www.instagram.com/frieda_rudi_make_oink/) in frieda_rudi_make_oink/posts/old.html
[2021.01.15 07:05:21] OR in frieda_rudi_make_oink/posts/new.html
[2021.01.15 07:05:21] --------------------------------------------

[2021.01.15 07:05:35] Error while downloading the html files.
Exception message: IndexError: list index out of range
[2021.01.15 07:05:35] Error while downloading the html files.
Exception message: IndexError: list index out of range
[2021.01.15 07:05:36] Error while processing. URL: https://www.instagram.com/frieda_rudi_make_oink/
[2021.01.15 07:05:36] Error while processing. URL: https://www.instagram.com/frieda_rudi_make_oink/
[2021.01.15 07:05:37] 


[2021.01.15 07:05:37] 	********MONITORING PHASE********
[2021.01.15 07:05:37] Skip modifying the html files of href: https://www.instagram.com/polizei.hannover/. [Download Error]
[2021.01.15 07:05:37] Skip modifying the html files of href: https://www.instagram.com/polizei.hannover/. [Download Error]
[2021.01.15 07:05:37] Skip modifying the html files of href: https://www.instagram.com/polizei.hannover/channel/. [Download Error]
[2021.01.15 07:05:37] Skip modifying the html files of href: https://www.instagram.com/polizei.hannover/channel/. [Download Error]
[2021.01.15 07:05:37] Skip modifying the html files of href: https://www.instagram.com/polizei.hannover/tagged/. [Download Error]
[2021.01.15 07:05:37] Skip modifying the html files of href: https://www.instagram.com/polizei.hannover/tagged/. [Download Error]
[2021.01.15 07:05:37] Skip modifying the html files of href: https://www.instagram.com/frieda_rudi_make_oink/. [Download Error]
[2021.01.15 07:05:37] Skip modifying the html files of href: https://www.instagram.com/frieda_rudi_make_oink/. [Download Error]
[2021.01.15 07:05:37] 		{{{RESULT}}}
[2021.01.15 07:05:37] ID:	polizei.hannover
[2021.01.15 07:05:37] Type:	posts
[2021.01.15 07:05:37] Mode:	2
[2021.01.15 07:05:37] Change:	False
[2021.01.15 07:05:37] Notify:	False
[2021.01.15 07:05:37] Error:	True

[2021.01.15 07:05:37] ID:	polizei.hannover
[2021.01.15 07:05:37] Type:	igtv
[2021.01.15 07:05:37] Mode:	1
[2021.01.15 07:05:37] Change:	False
[2021.01.15 07:05:37] Notify:	False
[2021.01.15 07:05:37] Error:	True

[2021.01.15 07:05:37] ID:	polizei.hannover
[2021.01.15 07:05:37] Type:	tagged
[2021.01.15 07:05:37] Mode:	1
[2021.01.15 07:05:37] Change:	False
[2021.01.15 07:05:37] Notify:	False
[2021.01.15 07:05:37] Error:	True

[2021.01.15 07:05:37] ID:	frieda_rudi_make_oink
[2021.01.15 07:05:37] Type:	posts
[2021.01.15 07:05:37] Mode:	1
[2021.01.15 07:05:37] Change:	False
[2021.01.15 07:05:37] Notify:	False
[2021.01.15 07:05:37] Error:	True

waiting 3 seconds
Execution 113
[2021.01.15 07:05:43] 		{{{BASIC TEST}}}
[2021.01.15 07:05:43] 


[2021.01.15 07:05:43] 	************STORING PHASE************

[2021.01.15 07:06:08] store the html code of : (https://www.instagram.com/polizei.hannover/) in polizei.hannover/posts/old.html
[2021.01.15 07:06:08] OR in polizei.hannover/posts/new.html
[2021.01.15 07:06:08] --------------------------------------------

[2021.01.15 07:06:20] Error while downloading the html files.
Exception message: IndexError: list index out of range
[2021.01.15 07:06:20] Error while downloading the html files.
Exception message: IndexError: list index out of range
[2021.01.15 07:06:20] Error while processing. URL: https://www.instagram.com/polizei.hannover/
[2021.01.15 07:06:20] Error while processing. URL: https://www.instagram.com/polizei.hannover/
[2021.01.15 07:06:20] store the html code of : (https://www.instagram.com/polizei.hannover/channel/) in polizei.hannover/igtv/old.html
[2021.01.15 07:06:20] OR in polizei.hannover/igtv/new.html
[2021.01.15 07:06:20] --------------------------------------------

[2021.01.15 07:06:33] Error while downloading the html files.
Exception message: IndexError: list index out of range
[2021.01.15 07:06:33] Error while downloading the html files.
Exception message: IndexError: list index out of range
[2021.01.15 07:06:33] Error while processing. URL: https://www.instagram.com/polizei.hannover/channel/
[2021.01.15 07:06:33] Error while processing. URL: https://www.instagram.com/polizei.hannover/channel/
[2021.01.15 07:06:33] store the html code of : (https://www.instagram.com/polizei.hannover/tagged/) in polizei.hannover/tagged/old.html
[2021.01.15 07:06:33] OR in polizei.hannover/tagged/new.html
[2021.01.15 07:06:33] --------------------------------------------

[2021.01.15 07:06:50] Error while downloading the html files.
Exception message: IndexError: list index out of range
[2021.01.15 07:06:50] Error while downloading the html files.
Exception message: IndexError: list index out of range
[2021.01.15 07:06:50] Error while processing. URL: https://www.instagram.com/polizei.hannover/tagged/
[2021.01.15 07:06:50] Error while processing. URL: https://www.instagram.com/polizei.hannover/tagged/
[2021.01.15 07:06:50] store the html code of : (https://www.instagram.com/frieda_rudi_make_oink/) in frieda_rudi_make_oink/posts/old.html
[2021.01.15 07:06:50] OR in frieda_rudi_make_oink/posts/new.html
[2021.01.15 07:06:50] --------------------------------------------

[2021.01.15 07:07:01] Error while downloading the html files.
Exception message: IndexError: list index out of range
[2021.01.15 07:07:01] Error while downloading the html files.
Exception message: IndexError: list index out of range
[2021.01.15 07:07:02] Error while processing. URL: https://www.instagram.com/frieda_rudi_make_oink/
[2021.01.15 07:07:02] Error while processing. URL: https://www.instagram.com/frieda_rudi_make_oink/
[2021.01.15 07:07:03] 


[2021.01.15 07:07:03] 	********MONITORING PHASE********
[2021.01.15 07:07:03] Skip modifying the html files of href: https://www.instagram.com/polizei.hannover/. [Download Error]
[2021.01.15 07:07:03] Skip modifying the html files of href: https://www.instagram.com/polizei.hannover/. [Download Error]
[2021.01.15 07:07:03] Skip modifying the html files of href: https://www.instagram.com/polizei.hannover/channel/. [Download Error]
[2021.01.15 07:07:03] Skip modifying the html files of href: https://www.instagram.com/polizei.hannover/channel/. [Download Error]
[2021.01.15 07:07:03] Skip modifying the html files of href: https://www.instagram.com/polizei.hannover/tagged/. [Download Error]
[2021.01.15 07:07:03] Skip modifying the html files of href: https://www.instagram.com/polizei.hannover/tagged/. [Download Error]
[2021.01.15 07:07:03] Skip modifying the html files of href: https://www.instagram.com/frieda_rudi_make_oink/. [Download Error]
[2021.01.15 07:07:03] Skip modifying the html files of href: https://www.instagram.com/frieda_rudi_make_oink/. [Download Error]
[2021.01.15 07:07:03] 		{{{RESULT}}}
[2021.01.15 07:07:03] ID:	polizei.hannover
[2021.01.15 07:07:03] Type:	posts
[2021.01.15 07:07:03] Mode:	2
[2021.01.15 07:07:03] Change:	False
[2021.01.15 07:07:03] Notify:	False
[2021.01.15 07:07:03] Error:	True

[2021.01.15 07:07:03] ID:	polizei.hannover
[2021.01.15 07:07:03] Type:	igtv
[2021.01.15 07:07:03] Mode:	1
[2021.01.15 07:07:03] Change:	False
[2021.01.15 07:07:03] Notify:	False
[2021.01.15 07:07:03] Error:	True

[2021.01.15 07:07:03] ID:	polizei.hannover
[2021.01.15 07:07:03] Type:	tagged
[2021.01.15 07:07:03] Mode:	1
[2021.01.15 07:07:03] Change:	False
[2021.01.15 07:07:03] Notify:	False
[2021.01.15 07:07:03] Error:	True

[2021.01.15 07:07:03] ID:	frieda_rudi_make_oink
[2021.01.15 07:07:03] Type:	posts
[2021.01.15 07:07:03] Mode:	1
[2021.01.15 07:07:03] Change:	False
[2021.01.15 07:07:03] Notify:	False
[2021.01.15 07:07:03] Error:	True

waiting 3 seconds
Execution 114
[2021.01.15 07:07:09] 		{{{BASIC TEST}}}
[2021.01.15 07:07:09] 


[2021.01.15 07:07:09] 	************STORING PHASE************

[2021.01.15 07:07:37] store the html code of : (https://www.instagram.com/polizei.hannover/) in polizei.hannover/posts/old.html
[2021.01.15 07:07:37] OR in polizei.hannover/posts/new.html
[2021.01.15 07:07:37] --------------------------------------------

[2021.01.15 07:07:52] Error while downloading the html files.
Exception message: IndexError: list index out of range
[2021.01.15 07:07:52] Error while downloading the html files.
Exception message: IndexError: list index out of range
[2021.01.15 07:07:52] Error while processing. URL: https://www.instagram.com/polizei.hannover/
[2021.01.15 07:07:52] Error while processing. URL: https://www.instagram.com/polizei.hannover/
[2021.01.15 07:07:52] store the html code of : (https://www.instagram.com/polizei.hannover/channel/) in polizei.hannover/igtv/old.html
[2021.01.15 07:07:52] OR in polizei.hannover/igtv/new.html
[2021.01.15 07:07:52] --------------------------------------------

[2021.01.15 07:08:06] Error while downloading the html files.
Exception message: IndexError: list index out of range
[2021.01.15 07:08:06] Error while downloading the html files.
Exception message: IndexError: list index out of range
[2021.01.15 07:08:06] Error while processing. URL: https://www.instagram.com/polizei.hannover/channel/
[2021.01.15 07:08:06] Error while processing. URL: https://www.instagram.com/polizei.hannover/channel/
[2021.01.15 07:08:06] store the html code of : (https://www.instagram.com/polizei.hannover/tagged/) in polizei.hannover/tagged/old.html
[2021.01.15 07:08:06] OR in polizei.hannover/tagged/new.html
[2021.01.15 07:08:06] --------------------------------------------

[2021.01.15 07:08:20] Error while downloading the html files.
Exception message: IndexError: list index out of range
[2021.01.15 07:08:20] Error while downloading the html files.
Exception message: IndexError: list index out of range
[2021.01.15 07:08:20] Error while processing. URL: https://www.instagram.com/polizei.hannover/tagged/
[2021.01.15 07:08:20] Error while processing. URL: https://www.instagram.com/polizei.hannover/tagged/
[2021.01.15 07:08:20] store the html code of : (https://www.instagram.com/frieda_rudi_make_oink/) in frieda_rudi_make_oink/posts/old.html
[2021.01.15 07:08:20] OR in frieda_rudi_make_oink/posts/new.html
[2021.01.15 07:08:20] --------------------------------------------

[2021.01.15 07:08:32] Error while downloading the html files.
Exception message: IndexError: list index out of range
[2021.01.15 07:08:32] Error while downloading the html files.
Exception message: IndexError: list index out of range
[2021.01.15 07:08:32] Error while processing. URL: https://www.instagram.com/frieda_rudi_make_oink/
[2021.01.15 07:08:32] Error while processing. URL: https://www.instagram.com/frieda_rudi_make_oink/
[2021.01.15 07:08:33] 


[2021.01.15 07:08:33] 	********MONITORING PHASE********
[2021.01.15 07:08:33] Skip modifying the html files of href: https://www.instagram.com/polizei.hannover/. [Download Error]
[2021.01.15 07:08:33] Skip modifying the html files of href: https://www.instagram.com/polizei.hannover/. [Download Error]
[2021.01.15 07:08:33] Skip modifying the html files of href: https://www.instagram.com/polizei.hannover/channel/. [Download Error]
[2021.01.15 07:08:33] Skip modifying the html files of href: https://www.instagram.com/polizei.hannover/channel/. [Download Error]
[2021.01.15 07:08:33] Skip modifying the html files of href: https://www.instagram.com/polizei.hannover/tagged/. [Download Error]
[2021.01.15 07:08:33] Skip modifying the html files of href: https://www.instagram.com/polizei.hannover/tagged/. [Download Error]
[2021.01.15 07:08:33] Skip modifying the html files of href: https://www.instagram.com/frieda_rudi_make_oink/. [Download Error]
[2021.01.15 07:08:33] Skip modifying the html files of href: https://www.instagram.com/frieda_rudi_make_oink/. [Download Error]
[2021.01.15 07:08:33] 		{{{RESULT}}}
[2021.01.15 07:08:33] ID:	polizei.hannover
[2021.01.15 07:08:33] Type:	posts
[2021.01.15 07:08:33] Mode:	2
[2021.01.15 07:08:33] Change:	False
[2021.01.15 07:08:33] Notify:	False
[2021.01.15 07:08:33] Error:	True

[2021.01.15 07:08:33] ID:	polizei.hannover
[2021.01.15 07:08:33] Type:	igtv
[2021.01.15 07:08:33] Mode:	1
[2021.01.15 07:08:33] Change:	False
[2021.01.15 07:08:33] Notify:	False
[2021.01.15 07:08:33] Error:	True

[2021.01.15 07:08:33] ID:	polizei.hannover
[2021.01.15 07:08:33] Type:	tagged
[2021.01.15 07:08:33] Mode:	1
[2021.01.15 07:08:33] Change:	False
[2021.01.15 07:08:33] Notify:	False
[2021.01.15 07:08:33] Error:	True

[2021.01.15 07:08:33] ID:	frieda_rudi_make_oink
[2021.01.15 07:08:33] Type:	posts
[2021.01.15 07:08:33] Mode:	1
[2021.01.15 07:08:33] Change:	False
[2021.01.15 07:08:33] Notify:	False
[2021.01.15 07:08:33] Error:	True

waiting 3 seconds
Execution 115
[2021.01.15 07:08:39] 		{{{BASIC TEST}}}
[2021.01.15 07:08:39] 


[2021.01.15 07:08:39] 	************STORING PHASE************

[2021.01.15 07:09:04] store the html code of : (https://www.instagram.com/polizei.hannover/) in polizei.hannover/posts/old.html
[2021.01.15 07:09:04] OR in polizei.hannover/posts/new.html
[2021.01.15 07:09:04] --------------------------------------------

[2021.01.15 07:09:17] Error while downloading the html files.
Exception message: IndexError: list index out of range
[2021.01.15 07:09:17] Error while downloading the html files.
Exception message: IndexError: list index out of range
[2021.01.15 07:09:17] Error while processing. URL: https://www.instagram.com/polizei.hannover/
[2021.01.15 07:09:17] Error while processing. URL: https://www.instagram.com/polizei.hannover/
[2021.01.15 07:09:17] store the html code of : (https://www.instagram.com/polizei.hannover/channel/) in polizei.hannover/igtv/old.html
[2021.01.15 07:09:17] OR in polizei.hannover/igtv/new.html
[2021.01.15 07:09:17] --------------------------------------------

[2021.01.15 07:09:33] Error while downloading the html files.
Exception message: IndexError: list index out of range
[2021.01.15 07:09:33] Error while downloading the html files.
Exception message: IndexError: list index out of range
[2021.01.15 07:09:33] Error while processing. URL: https://www.instagram.com/polizei.hannover/channel/
[2021.01.15 07:09:33] Error while processing. URL: https://www.instagram.com/polizei.hannover/channel/
[2021.01.15 07:09:33] store the html code of : (https://www.instagram.com/polizei.hannover/tagged/) in polizei.hannover/tagged/old.html
[2021.01.15 07:09:33] OR in polizei.hannover/tagged/new.html
[2021.01.15 07:09:33] --------------------------------------------

[2021.01.15 07:09:49] Error while downloading the html files.
Exception message: IndexError: list index out of range
[2021.01.15 07:09:49] Error while downloading the html files.
Exception message: IndexError: list index out of range
[2021.01.15 07:09:49] Error while processing. URL: https://www.instagram.com/polizei.hannover/tagged/
[2021.01.15 07:09:49] Error while processing. URL: https://www.instagram.com/polizei.hannover/tagged/
[2021.01.15 07:09:49] store the html code of : (https://www.instagram.com/frieda_rudi_make_oink/) in frieda_rudi_make_oink/posts/old.html
[2021.01.15 07:09:49] OR in frieda_rudi_make_oink/posts/new.html
[2021.01.15 07:09:49] --------------------------------------------

[2021.01.15 07:10:05] Error while downloading the html files.
Exception message: IndexError: list index out of range
[2021.01.15 07:10:05] Error while downloading the html files.
Exception message: IndexError: list index out of range
[2021.01.15 07:10:05] Error while processing. URL: https://www.instagram.com/frieda_rudi_make_oink/
[2021.01.15 07:10:05] Error while processing. URL: https://www.instagram.com/frieda_rudi_make_oink/
[2021.01.15 07:10:06] 


[2021.01.15 07:10:06] 	********MONITORING PHASE********
[2021.01.15 07:10:06] Skip modifying the html files of href: https://www.instagram.com/polizei.hannover/. [Download Error]
[2021.01.15 07:10:06] Skip modifying the html files of href: https://www.instagram.com/polizei.hannover/. [Download Error]
[2021.01.15 07:10:06] Skip modifying the html files of href: https://www.instagram.com/polizei.hannover/channel/. [Download Error]
[2021.01.15 07:10:06] Skip modifying the html files of href: https://www.instagram.com/polizei.hannover/channel/. [Download Error]
[2021.01.15 07:10:06] Skip modifying the html files of href: https://www.instagram.com/polizei.hannover/tagged/. [Download Error]
[2021.01.15 07:10:06] Skip modifying the html files of href: https://www.instagram.com/polizei.hannover/tagged/. [Download Error]
[2021.01.15 07:10:06] Skip modifying the html files of href: https://www.instagram.com/frieda_rudi_make_oink/. [Download Error]
[2021.01.15 07:10:06] Skip modifying the html files of href: https://www.instagram.com/frieda_rudi_make_oink/. [Download Error]
[2021.01.15 07:10:06] 		{{{RESULT}}}
[2021.01.15 07:10:06] ID:	polizei.hannover
[2021.01.15 07:10:06] Type:	posts
[2021.01.15 07:10:06] Mode:	2
[2021.01.15 07:10:06] Change:	False
[2021.01.15 07:10:06] Notify:	False
[2021.01.15 07:10:06] Error:	True

[2021.01.15 07:10:06] ID:	polizei.hannover
[2021.01.15 07:10:06] Type:	igtv
[2021.01.15 07:10:06] Mode:	1
[2021.01.15 07:10:06] Change:	False
[2021.01.15 07:10:06] Notify:	False
[2021.01.15 07:10:06] Error:	True

[2021.01.15 07:10:06] ID:	polizei.hannover
[2021.01.15 07:10:06] Type:	tagged
[2021.01.15 07:10:06] Mode:	1
[2021.01.15 07:10:06] Change:	False
[2021.01.15 07:10:06] Notify:	False
[2021.01.15 07:10:06] Error:	True

[2021.01.15 07:10:06] ID:	frieda_rudi_make_oink
[2021.01.15 07:10:06] Type:	posts
[2021.01.15 07:10:06] Mode:	1
[2021.01.15 07:10:06] Change:	False
[2021.01.15 07:10:06] Notify:	False
[2021.01.15 07:10:06] Error:	True

waiting 3 seconds
Execution 116
[2021.01.15 07:10:13] 		{{{BASIC TEST}}}
[2021.01.15 07:10:13] 


[2021.01.15 07:10:13] 	************STORING PHASE************

[2021.01.15 07:10:37] store the html code of : (https://www.instagram.com/polizei.hannover/) in polizei.hannover/posts/old.html
[2021.01.15 07:10:37] OR in polizei.hannover/posts/new.html
[2021.01.15 07:10:37] --------------------------------------------

[2021.01.15 07:10:53] Error while downloading the html files.
Exception message: IndexError: list index out of range
[2021.01.15 07:10:53] Error while downloading the html files.
Exception message: IndexError: list index out of range
[2021.01.15 07:10:53] Error while processing. URL: https://www.instagram.com/polizei.hannover/
[2021.01.15 07:10:53] Error while processing. URL: https://www.instagram.com/polizei.hannover/
[2021.01.15 07:10:53] store the html code of : (https://www.instagram.com/polizei.hannover/channel/) in polizei.hannover/igtv/old.html
[2021.01.15 07:10:53] OR in polizei.hannover/igtv/new.html
[2021.01.15 07:10:53] --------------------------------------------

[2021.01.15 07:11:10] Error while downloading the html files.
Exception message: IndexError: list index out of range
[2021.01.15 07:11:10] Error while downloading the html files.
Exception message: IndexError: list index out of range
[2021.01.15 07:11:10] Error while processing. URL: https://www.instagram.com/polizei.hannover/channel/
[2021.01.15 07:11:10] Error while processing. URL: https://www.instagram.com/polizei.hannover/channel/
[2021.01.15 07:11:10] store the html code of : (https://www.instagram.com/polizei.hannover/tagged/) in polizei.hannover/tagged/old.html
[2021.01.15 07:11:10] OR in polizei.hannover/tagged/new.html
[2021.01.15 07:11:10] --------------------------------------------

[2021.01.15 07:11:22] Error while downloading the html files.
Exception message: IndexError: list index out of range
[2021.01.15 07:11:22] Error while downloading the html files.
Exception message: IndexError: list index out of range
[2021.01.15 07:11:22] Error while processing. URL: https://www.instagram.com/polizei.hannover/tagged/
[2021.01.15 07:11:22] Error while processing. URL: https://www.instagram.com/polizei.hannover/tagged/
[2021.01.15 07:11:22] store the html code of : (https://www.instagram.com/frieda_rudi_make_oink/) in frieda_rudi_make_oink/posts/old.html
[2021.01.15 07:11:22] OR in frieda_rudi_make_oink/posts/new.html
[2021.01.15 07:11:22] --------------------------------------------

[2021.01.15 07:11:38] Error while downloading the html files.
Exception message: IndexError: list index out of range
[2021.01.15 07:11:38] Error while downloading the html files.
Exception message: IndexError: list index out of range
[2021.01.15 07:11:38] Error while processing. URL: https://www.instagram.com/frieda_rudi_make_oink/
[2021.01.15 07:11:38] Error while processing. URL: https://www.instagram.com/frieda_rudi_make_oink/
[2021.01.15 07:11:39] 


[2021.01.15 07:11:39] 	********MONITORING PHASE********
[2021.01.15 07:11:39] Skip modifying the html files of href: https://www.instagram.com/polizei.hannover/. [Download Error]
[2021.01.15 07:11:39] Skip modifying the html files of href: https://www.instagram.com/polizei.hannover/. [Download Error]
[2021.01.15 07:11:39] Skip modifying the html files of href: https://www.instagram.com/polizei.hannover/channel/. [Download Error]
[2021.01.15 07:11:39] Skip modifying the html files of href: https://www.instagram.com/polizei.hannover/channel/. [Download Error]
[2021.01.15 07:11:39] Skip modifying the html files of href: https://www.instagram.com/polizei.hannover/tagged/. [Download Error]
[2021.01.15 07:11:39] Skip modifying the html files of href: https://www.instagram.com/polizei.hannover/tagged/. [Download Error]
[2021.01.15 07:11:39] Skip modifying the html files of href: https://www.instagram.com/frieda_rudi_make_oink/. [Download Error]
[2021.01.15 07:11:39] Skip modifying the html files of href: https://www.instagram.com/frieda_rudi_make_oink/. [Download Error]
[2021.01.15 07:11:39] 		{{{RESULT}}}
[2021.01.15 07:11:39] ID:	polizei.hannover
[2021.01.15 07:11:39] Type:	posts
[2021.01.15 07:11:39] Mode:	2
[2021.01.15 07:11:39] Change:	False
[2021.01.15 07:11:39] Notify:	False
[2021.01.15 07:11:39] Error:	True

[2021.01.15 07:11:39] ID:	polizei.hannover
[2021.01.15 07:11:39] Type:	igtv
[2021.01.15 07:11:39] Mode:	1
[2021.01.15 07:11:39] Change:	False
[2021.01.15 07:11:39] Notify:	False
[2021.01.15 07:11:39] Error:	True

[2021.01.15 07:11:39] ID:	polizei.hannover
[2021.01.15 07:11:39] Type:	tagged
[2021.01.15 07:11:39] Mode:	1
[2021.01.15 07:11:39] Change:	False
[2021.01.15 07:11:39] Notify:	False
[2021.01.15 07:11:39] Error:	True

[2021.01.15 07:11:39] ID:	frieda_rudi_make_oink
[2021.01.15 07:11:39] Type:	posts
[2021.01.15 07:11:39] Mode:	1
[2021.01.15 07:11:39] Change:	False
[2021.01.15 07:11:39] Notify:	False
[2021.01.15 07:11:39] Error:	True

waiting 3 seconds
Execution 117
[2021.01.15 07:11:46] 		{{{BASIC TEST}}}
[2021.01.15 07:11:46] 


[2021.01.15 07:11:46] 	************STORING PHASE************

[2021.01.15 07:12:14] store the html code of : (https://www.instagram.com/polizei.hannover/) in polizei.hannover/posts/old.html
[2021.01.15 07:12:14] OR in polizei.hannover/posts/new.html
[2021.01.15 07:12:14] --------------------------------------------

[2021.01.15 07:12:28] Error while downloading the html files.
Exception message: IndexError: list index out of range
[2021.01.15 07:12:28] Error while downloading the html files.
Exception message: IndexError: list index out of range
[2021.01.15 07:12:28] Error while processing. URL: https://www.instagram.com/polizei.hannover/
[2021.01.15 07:12:28] Error while processing. URL: https://www.instagram.com/polizei.hannover/
[2021.01.15 07:12:28] store the html code of : (https://www.instagram.com/polizei.hannover/channel/) in polizei.hannover/igtv/old.html
[2021.01.15 07:12:28] OR in polizei.hannover/igtv/new.html
[2021.01.15 07:12:28] --------------------------------------------

[2021.01.15 07:12:46] Error while downloading the html files.
Exception message: IndexError: list index out of range
[2021.01.15 07:12:46] Error while downloading the html files.
Exception message: IndexError: list index out of range
[2021.01.15 07:12:46] Error while processing. URL: https://www.instagram.com/polizei.hannover/channel/
[2021.01.15 07:12:46] Error while processing. URL: https://www.instagram.com/polizei.hannover/channel/
[2021.01.15 07:12:46] store the html code of : (https://www.instagram.com/polizei.hannover/tagged/) in polizei.hannover/tagged/old.html
[2021.01.15 07:12:46] OR in polizei.hannover/tagged/new.html
[2021.01.15 07:12:46] --------------------------------------------

[2021.01.15 07:13:02] Error while downloading the html files.
Exception message: IndexError: list index out of range
[2021.01.15 07:13:02] Error while downloading the html files.
Exception message: IndexError: list index out of range
[2021.01.15 07:13:02] Error while processing. URL: https://www.instagram.com/polizei.hannover/tagged/
[2021.01.15 07:13:02] Error while processing. URL: https://www.instagram.com/polizei.hannover/tagged/
[2021.01.15 07:13:02] store the html code of : (https://www.instagram.com/frieda_rudi_make_oink/) in frieda_rudi_make_oink/posts/old.html
[2021.01.15 07:13:02] OR in frieda_rudi_make_oink/posts/new.html
[2021.01.15 07:13:02] --------------------------------------------

[2021.01.15 07:13:17] Error while downloading the html files.
Exception message: IndexError: list index out of range
[2021.01.15 07:13:17] Error while downloading the html files.
Exception message: IndexError: list index out of range
[2021.01.15 07:13:17] Error while processing. URL: https://www.instagram.com/frieda_rudi_make_oink/
[2021.01.15 07:13:17] Error while processing. URL: https://www.instagram.com/frieda_rudi_make_oink/
[2021.01.15 07:13:18] 


[2021.01.15 07:13:18] 	********MONITORING PHASE********
[2021.01.15 07:13:18] Skip modifying the html files of href: https://www.instagram.com/polizei.hannover/. [Download Error]
[2021.01.15 07:13:18] Skip modifying the html files of href: https://www.instagram.com/polizei.hannover/. [Download Error]
[2021.01.15 07:13:18] Skip modifying the html files of href: https://www.instagram.com/polizei.hannover/channel/. [Download Error]
[2021.01.15 07:13:18] Skip modifying the html files of href: https://www.instagram.com/polizei.hannover/channel/. [Download Error]
[2021.01.15 07:13:18] Skip modifying the html files of href: https://www.instagram.com/polizei.hannover/tagged/. [Download Error]
[2021.01.15 07:13:18] Skip modifying the html files of href: https://www.instagram.com/polizei.hannover/tagged/. [Download Error]
[2021.01.15 07:13:18] Skip modifying the html files of href: https://www.instagram.com/frieda_rudi_make_oink/. [Download Error]
[2021.01.15 07:13:18] Skip modifying the html files of href: https://www.instagram.com/frieda_rudi_make_oink/. [Download Error]
[2021.01.15 07:13:18] 		{{{RESULT}}}
[2021.01.15 07:13:18] ID:	polizei.hannover
[2021.01.15 07:13:18] Type:	posts
[2021.01.15 07:13:18] Mode:	2
[2021.01.15 07:13:18] Change:	False
[2021.01.15 07:13:18] Notify:	False
[2021.01.15 07:13:18] Error:	True

[2021.01.15 07:13:18] ID:	polizei.hannover
[2021.01.15 07:13:18] Type:	igtv
[2021.01.15 07:13:18] Mode:	1
[2021.01.15 07:13:18] Change:	False
[2021.01.15 07:13:18] Notify:	False
[2021.01.15 07:13:18] Error:	True

[2021.01.15 07:13:18] ID:	polizei.hannover
[2021.01.15 07:13:18] Type:	tagged
[2021.01.15 07:13:18] Mode:	1
[2021.01.15 07:13:18] Change:	False
[2021.01.15 07:13:18] Notify:	False
[2021.01.15 07:13:18] Error:	True

[2021.01.15 07:13:18] ID:	frieda_rudi_make_oink
[2021.01.15 07:13:18] Type:	posts
[2021.01.15 07:13:18] Mode:	1
[2021.01.15 07:13:18] Change:	False
[2021.01.15 07:13:18] Notify:	False
[2021.01.15 07:13:18] Error:	True

waiting 3 seconds
Execution 118
[2021.01.15 07:13:25] 		{{{BASIC TEST}}}
[2021.01.15 07:13:25] 


[2021.01.15 07:13:25] 	************STORING PHASE************

[2021.01.15 07:13:48] store the html code of : (https://www.instagram.com/polizei.hannover/) in polizei.hannover/posts/old.html
[2021.01.15 07:13:48] OR in polizei.hannover/posts/new.html
[2021.01.15 07:13:48] --------------------------------------------

[2021.01.15 07:14:02] Error while downloading the html files.
Exception message: IndexError: list index out of range
[2021.01.15 07:14:02] Error while downloading the html files.
Exception message: IndexError: list index out of range
[2021.01.15 07:14:02] Error while processing. URL: https://www.instagram.com/polizei.hannover/
[2021.01.15 07:14:02] Error while processing. URL: https://www.instagram.com/polizei.hannover/
[2021.01.15 07:14:02] store the html code of : (https://www.instagram.com/polizei.hannover/channel/) in polizei.hannover/igtv/old.html
[2021.01.15 07:14:02] OR in polizei.hannover/igtv/new.html
[2021.01.15 07:14:02] --------------------------------------------

[2021.01.15 07:14:18] Error while downloading the html files.
Exception message: IndexError: list index out of range
[2021.01.15 07:14:18] Error while downloading the html files.
Exception message: IndexError: list index out of range
[2021.01.15 07:14:18] Error while processing. URL: https://www.instagram.com/polizei.hannover/channel/
[2021.01.15 07:14:18] Error while processing. URL: https://www.instagram.com/polizei.hannover/channel/
[2021.01.15 07:14:18] store the html code of : (https://www.instagram.com/polizei.hannover/tagged/) in polizei.hannover/tagged/old.html
[2021.01.15 07:14:18] OR in polizei.hannover/tagged/new.html
[2021.01.15 07:14:18] --------------------------------------------

[2021.01.15 07:14:29] Error while downloading the html files.
Exception message: IndexError: list index out of range
[2021.01.15 07:14:29] Error while downloading the html files.
Exception message: IndexError: list index out of range
[2021.01.15 07:14:29] Error while processing. URL: https://www.instagram.com/polizei.hannover/tagged/
[2021.01.15 07:14:29] Error while processing. URL: https://www.instagram.com/polizei.hannover/tagged/
[2021.01.15 07:14:29] store the html code of : (https://www.instagram.com/frieda_rudi_make_oink/) in frieda_rudi_make_oink/posts/old.html
[2021.01.15 07:14:29] OR in frieda_rudi_make_oink/posts/new.html
[2021.01.15 07:14:29] --------------------------------------------

[2021.01.15 07:14:43] Error while downloading the html files.
Exception message: IndexError: list index out of range
[2021.01.15 07:14:43] Error while downloading the html files.
Exception message: IndexError: list index out of range
[2021.01.15 07:14:43] Error while processing. URL: https://www.instagram.com/frieda_rudi_make_oink/
[2021.01.15 07:14:43] Error while processing. URL: https://www.instagram.com/frieda_rudi_make_oink/
[2021.01.15 07:14:44] 


[2021.01.15 07:14:44] 	********MONITORING PHASE********
[2021.01.15 07:14:44] Skip modifying the html files of href: https://www.instagram.com/polizei.hannover/. [Download Error]
[2021.01.15 07:14:44] Skip modifying the html files of href: https://www.instagram.com/polizei.hannover/. [Download Error]
[2021.01.15 07:14:44] Skip modifying the html files of href: https://www.instagram.com/polizei.hannover/channel/. [Download Error]
[2021.01.15 07:14:44] Skip modifying the html files of href: https://www.instagram.com/polizei.hannover/channel/. [Download Error]
[2021.01.15 07:14:44] Skip modifying the html files of href: https://www.instagram.com/polizei.hannover/tagged/. [Download Error]
[2021.01.15 07:14:44] Skip modifying the html files of href: https://www.instagram.com/polizei.hannover/tagged/. [Download Error]
[2021.01.15 07:14:44] Skip modifying the html files of href: https://www.instagram.com/frieda_rudi_make_oink/. [Download Error]
[2021.01.15 07:14:44] Skip modifying the html files of href: https://www.instagram.com/frieda_rudi_make_oink/. [Download Error]
[2021.01.15 07:14:44] 		{{{RESULT}}}
[2021.01.15 07:14:44] ID:	polizei.hannover
[2021.01.15 07:14:44] Type:	posts
[2021.01.15 07:14:44] Mode:	2
[2021.01.15 07:14:44] Change:	False
[2021.01.15 07:14:44] Notify:	False
[2021.01.15 07:14:44] Error:	True

[2021.01.15 07:14:44] ID:	polizei.hannover
[2021.01.15 07:14:44] Type:	igtv
[2021.01.15 07:14:44] Mode:	1
[2021.01.15 07:14:44] Change:	False
[2021.01.15 07:14:44] Notify:	False
[2021.01.15 07:14:44] Error:	True

[2021.01.15 07:14:44] ID:	polizei.hannover
[2021.01.15 07:14:44] Type:	tagged
[2021.01.15 07:14:44] Mode:	1
[2021.01.15 07:14:44] Change:	False
[2021.01.15 07:14:44] Notify:	False
[2021.01.15 07:14:44] Error:	True

[2021.01.15 07:14:44] ID:	frieda_rudi_make_oink
[2021.01.15 07:14:44] Type:	posts
[2021.01.15 07:14:44] Mode:	1
[2021.01.15 07:14:44] Change:	False
[2021.01.15 07:14:44] Notify:	False
[2021.01.15 07:14:44] Error:	True

waiting 3 seconds
Execution 119
[2021.01.15 07:14:51] 		{{{BASIC TEST}}}
[2021.01.15 07:14:51] 


[2021.01.15 07:14:51] 	************STORING PHASE************

[2021.01.15 07:15:14] store the html code of : (https://www.instagram.com/polizei.hannover/) in polizei.hannover/posts/old.html
[2021.01.15 07:15:14] OR in polizei.hannover/posts/new.html
[2021.01.15 07:15:14] --------------------------------------------

[2021.01.15 07:15:31] Error while downloading the html files.
Exception message: IndexError: list index out of range
[2021.01.15 07:15:31] Error while downloading the html files.
Exception message: IndexError: list index out of range
[2021.01.15 07:15:31] Error while processing. URL: https://www.instagram.com/polizei.hannover/
[2021.01.15 07:15:31] Error while processing. URL: https://www.instagram.com/polizei.hannover/
[2021.01.15 07:15:31] store the html code of : (https://www.instagram.com/polizei.hannover/channel/) in polizei.hannover/igtv/old.html
[2021.01.15 07:15:31] OR in polizei.hannover/igtv/new.html
[2021.01.15 07:15:31] --------------------------------------------

[2021.01.15 07:15:43] Error while downloading the html files.
Exception message: IndexError: list index out of range
[2021.01.15 07:15:43] Error while downloading the html files.
Exception message: IndexError: list index out of range
[2021.01.15 07:15:43] Error while processing. URL: https://www.instagram.com/polizei.hannover/channel/
[2021.01.15 07:15:43] Error while processing. URL: https://www.instagram.com/polizei.hannover/channel/
[2021.01.15 07:15:43] store the html code of : (https://www.instagram.com/polizei.hannover/tagged/) in polizei.hannover/tagged/old.html
[2021.01.15 07:15:43] OR in polizei.hannover/tagged/new.html
[2021.01.15 07:15:43] --------------------------------------------

[2021.01.15 07:15:54] Error while downloading the html files.
Exception message: IndexError: list index out of range
[2021.01.15 07:15:54] Error while downloading the html files.
Exception message: IndexError: list index out of range
[2021.01.15 07:15:54] Error while processing. URL: https://www.instagram.com/polizei.hannover/tagged/
[2021.01.15 07:15:54] Error while processing. URL: https://www.instagram.com/polizei.hannover/tagged/
[2021.01.15 07:15:54] store the html code of : (https://www.instagram.com/frieda_rudi_make_oink/) in frieda_rudi_make_oink/posts/old.html
[2021.01.15 07:15:54] OR in frieda_rudi_make_oink/posts/new.html
[2021.01.15 07:15:54] --------------------------------------------

[2021.01.15 07:16:07] Error while downloading the html files.
Exception message: IndexError: list index out of range
[2021.01.15 07:16:07] Error while downloading the html files.
Exception message: IndexError: list index out of range
[2021.01.15 07:16:07] Error while processing. URL: https://www.instagram.com/frieda_rudi_make_oink/
[2021.01.15 07:16:07] Error while processing. URL: https://www.instagram.com/frieda_rudi_make_oink/
[2021.01.15 07:16:08] 


[2021.01.15 07:16:08] 	********MONITORING PHASE********
[2021.01.15 07:16:08] Skip modifying the html files of href: https://www.instagram.com/polizei.hannover/. [Download Error]
[2021.01.15 07:16:08] Skip modifying the html files of href: https://www.instagram.com/polizei.hannover/. [Download Error]
[2021.01.15 07:16:08] Skip modifying the html files of href: https://www.instagram.com/polizei.hannover/channel/. [Download Error]
[2021.01.15 07:16:08] Skip modifying the html files of href: https://www.instagram.com/polizei.hannover/channel/. [Download Error]
[2021.01.15 07:16:08] Skip modifying the html files of href: https://www.instagram.com/polizei.hannover/tagged/. [Download Error]
[2021.01.15 07:16:08] Skip modifying the html files of href: https://www.instagram.com/polizei.hannover/tagged/. [Download Error]
[2021.01.15 07:16:08] Skip modifying the html files of href: https://www.instagram.com/frieda_rudi_make_oink/. [Download Error]
[2021.01.15 07:16:08] Skip modifying the html files of href: https://www.instagram.com/frieda_rudi_make_oink/. [Download Error]
[2021.01.15 07:16:08] 		{{{RESULT}}}
[2021.01.15 07:16:08] ID:	polizei.hannover
[2021.01.15 07:16:08] Type:	posts
[2021.01.15 07:16:08] Mode:	2
[2021.01.15 07:16:08] Change:	False
[2021.01.15 07:16:08] Notify:	False
[2021.01.15 07:16:08] Error:	True

[2021.01.15 07:16:08] ID:	polizei.hannover
[2021.01.15 07:16:08] Type:	igtv
[2021.01.15 07:16:08] Mode:	1
[2021.01.15 07:16:08] Change:	False
[2021.01.15 07:16:08] Notify:	False
[2021.01.15 07:16:08] Error:	True

[2021.01.15 07:16:08] ID:	polizei.hannover
[2021.01.15 07:16:08] Type:	tagged
[2021.01.15 07:16:08] Mode:	1
[2021.01.15 07:16:08] Change:	False
[2021.01.15 07:16:08] Notify:	False
[2021.01.15 07:16:08] Error:	True

[2021.01.15 07:16:08] ID:	frieda_rudi_make_oink
[2021.01.15 07:16:08] Type:	posts
[2021.01.15 07:16:08] Mode:	1
[2021.01.15 07:16:08] Change:	False
[2021.01.15 07:16:08] Notify:	False
[2021.01.15 07:16:08] Error:	True

waiting 3 seconds
Execution 120
[2021.01.15 07:16:15] 		{{{BASIC TEST}}}
[2021.01.15 07:16:15] 


[2021.01.15 07:16:15] 	************STORING PHASE************

[2021.01.15 07:16:43] store the html code of : (https://www.instagram.com/polizei.hannover/) in polizei.hannover/posts/old.html
[2021.01.15 07:16:43] OR in polizei.hannover/posts/new.html
[2021.01.15 07:16:43] --------------------------------------------

[2021.01.15 07:16:58] Error while downloading the html files.
Exception message: IndexError: list index out of range
[2021.01.15 07:16:58] Error while downloading the html files.
Exception message: IndexError: list index out of range
[2021.01.15 07:16:58] Error while processing. URL: https://www.instagram.com/polizei.hannover/
[2021.01.15 07:16:58] Error while processing. URL: https://www.instagram.com/polizei.hannover/
[2021.01.15 07:16:58] store the html code of : (https://www.instagram.com/polizei.hannover/channel/) in polizei.hannover/igtv/old.html
[2021.01.15 07:16:58] OR in polizei.hannover/igtv/new.html
[2021.01.15 07:16:58] --------------------------------------------

[2021.01.15 07:17:18] Error while downloading the html files.
Exception message: IndexError: list index out of range
[2021.01.15 07:17:18] Error while downloading the html files.
Exception message: IndexError: list index out of range
[2021.01.15 07:17:18] Error while processing. URL: https://www.instagram.com/polizei.hannover/channel/
[2021.01.15 07:17:18] Error while processing. URL: https://www.instagram.com/polizei.hannover/channel/
[2021.01.15 07:17:18] store the html code of : (https://www.instagram.com/polizei.hannover/tagged/) in polizei.hannover/tagged/old.html
[2021.01.15 07:17:18] OR in polizei.hannover/tagged/new.html
[2021.01.15 07:17:18] --------------------------------------------

[2021.01.15 07:17:33] Error while downloading the html files.
Exception message: IndexError: list index out of range
[2021.01.15 07:17:33] Error while downloading the html files.
Exception message: IndexError: list index out of range
[2021.01.15 07:17:33] Error while processing. URL: https://www.instagram.com/polizei.hannover/tagged/
[2021.01.15 07:17:33] Error while processing. URL: https://www.instagram.com/polizei.hannover/tagged/
[2021.01.15 07:17:33] store the html code of : (https://www.instagram.com/frieda_rudi_make_oink/) in frieda_rudi_make_oink/posts/old.html
[2021.01.15 07:17:33] OR in frieda_rudi_make_oink/posts/new.html
[2021.01.15 07:17:33] --------------------------------------------

[2021.01.15 07:17:45] Error while downloading the html files.
Exception message: IndexError: list index out of range
[2021.01.15 07:17:45] Error while downloading the html files.
Exception message: IndexError: list index out of range
[2021.01.15 07:17:45] Error while processing. URL: https://www.instagram.com/frieda_rudi_make_oink/
[2021.01.15 07:17:45] Error while processing. URL: https://www.instagram.com/frieda_rudi_make_oink/
[2021.01.15 07:17:46] 


[2021.01.15 07:17:46] 	********MONITORING PHASE********
[2021.01.15 07:17:46] Skip modifying the html files of href: https://www.instagram.com/polizei.hannover/. [Download Error]
[2021.01.15 07:17:46] Skip modifying the html files of href: https://www.instagram.com/polizei.hannover/. [Download Error]
[2021.01.15 07:17:46] Skip modifying the html files of href: https://www.instagram.com/polizei.hannover/channel/. [Download Error]
[2021.01.15 07:17:46] Skip modifying the html files of href: https://www.instagram.com/polizei.hannover/channel/. [Download Error]
[2021.01.15 07:17:46] Skip modifying the html files of href: https://www.instagram.com/polizei.hannover/tagged/. [Download Error]
[2021.01.15 07:17:46] Skip modifying the html files of href: https://www.instagram.com/polizei.hannover/tagged/. [Download Error]
[2021.01.15 07:17:46] Skip modifying the html files of href: https://www.instagram.com/frieda_rudi_make_oink/. [Download Error]
[2021.01.15 07:17:46] Skip modifying the html files of href: https://www.instagram.com/frieda_rudi_make_oink/. [Download Error]
[2021.01.15 07:17:46] 		{{{RESULT}}}
[2021.01.15 07:17:46] ID:	polizei.hannover
[2021.01.15 07:17:46] Type:	posts
[2021.01.15 07:17:46] Mode:	2
[2021.01.15 07:17:46] Change:	False
[2021.01.15 07:17:46] Notify:	False
[2021.01.15 07:17:46] Error:	True

[2021.01.15 07:17:46] ID:	polizei.hannover
[2021.01.15 07:17:46] Type:	igtv
[2021.01.15 07:17:46] Mode:	1
[2021.01.15 07:17:46] Change:	False
[2021.01.15 07:17:46] Notify:	False
[2021.01.15 07:17:46] Error:	True

[2021.01.15 07:17:46] ID:	polizei.hannover
[2021.01.15 07:17:46] Type:	tagged
[2021.01.15 07:17:46] Mode:	1
[2021.01.15 07:17:46] Change:	False
[2021.01.15 07:17:46] Notify:	False
[2021.01.15 07:17:46] Error:	True

[2021.01.15 07:17:46] ID:	frieda_rudi_make_oink
[2021.01.15 07:17:46] Type:	posts
[2021.01.15 07:17:46] Mode:	1
[2021.01.15 07:17:46] Change:	False
[2021.01.15 07:17:46] Notify:	False
[2021.01.15 07:17:46] Error:	True

waiting 3 seconds
Execution 121
[2021.01.15 07:17:53] 		{{{BASIC TEST}}}
[2021.01.15 07:17:53] 


[2021.01.15 07:17:53] 	************STORING PHASE************

[2021.01.15 07:18:15] store the html code of : (https://www.instagram.com/polizei.hannover/) in polizei.hannover/posts/old.html
[2021.01.15 07:18:15] OR in polizei.hannover/posts/new.html
[2021.01.15 07:18:15] --------------------------------------------

[2021.01.15 07:18:30] Error while downloading the html files.
Exception message: IndexError: list index out of range
[2021.01.15 07:18:30] Error while downloading the html files.
Exception message: IndexError: list index out of range
[2021.01.15 07:18:30] Error while processing. URL: https://www.instagram.com/polizei.hannover/
[2021.01.15 07:18:30] Error while processing. URL: https://www.instagram.com/polizei.hannover/
[2021.01.15 07:18:30] store the html code of : (https://www.instagram.com/polizei.hannover/channel/) in polizei.hannover/igtv/old.html
[2021.01.15 07:18:30] OR in polizei.hannover/igtv/new.html
[2021.01.15 07:18:30] --------------------------------------------

[2021.01.15 07:18:44] Error while downloading the html files.
Exception message: IndexError: list index out of range
[2021.01.15 07:18:44] Error while downloading the html files.
Exception message: IndexError: list index out of range
[2021.01.15 07:18:44] Error while processing. URL: https://www.instagram.com/polizei.hannover/channel/
[2021.01.15 07:18:44] Error while processing. URL: https://www.instagram.com/polizei.hannover/channel/
[2021.01.15 07:18:44] store the html code of : (https://www.instagram.com/polizei.hannover/tagged/) in polizei.hannover/tagged/old.html
[2021.01.15 07:18:44] OR in polizei.hannover/tagged/new.html
[2021.01.15 07:18:44] --------------------------------------------

[2021.01.15 07:18:57] Error while downloading the html files.
Exception message: IndexError: list index out of range
[2021.01.15 07:18:57] Error while downloading the html files.
Exception message: IndexError: list index out of range
[2021.01.15 07:18:57] Error while processing. URL: https://www.instagram.com/polizei.hannover/tagged/
[2021.01.15 07:18:57] Error while processing. URL: https://www.instagram.com/polizei.hannover/tagged/
[2021.01.15 07:18:57] store the html code of : (https://www.instagram.com/frieda_rudi_make_oink/) in frieda_rudi_make_oink/posts/old.html
[2021.01.15 07:18:57] OR in frieda_rudi_make_oink/posts/new.html
[2021.01.15 07:18:57] --------------------------------------------

[2021.01.15 07:19:12] Error while downloading the html files.
Exception message: IndexError: list index out of range
[2021.01.15 07:19:12] Error while downloading the html files.
Exception message: IndexError: list index out of range
[2021.01.15 07:19:12] Error while processing. URL: https://www.instagram.com/frieda_rudi_make_oink/
[2021.01.15 07:19:12] Error while processing. URL: https://www.instagram.com/frieda_rudi_make_oink/
[2021.01.15 07:19:13] 


[2021.01.15 07:19:13] 	********MONITORING PHASE********
[2021.01.15 07:19:13] Skip modifying the html files of href: https://www.instagram.com/polizei.hannover/. [Download Error]
[2021.01.15 07:19:13] Skip modifying the html files of href: https://www.instagram.com/polizei.hannover/. [Download Error]
[2021.01.15 07:19:13] Skip modifying the html files of href: https://www.instagram.com/polizei.hannover/channel/. [Download Error]
[2021.01.15 07:19:13] Skip modifying the html files of href: https://www.instagram.com/polizei.hannover/channel/. [Download Error]
[2021.01.15 07:19:13] Skip modifying the html files of href: https://www.instagram.com/polizei.hannover/tagged/. [Download Error]
[2021.01.15 07:19:13] Skip modifying the html files of href: https://www.instagram.com/polizei.hannover/tagged/. [Download Error]
[2021.01.15 07:19:13] Skip modifying the html files of href: https://www.instagram.com/frieda_rudi_make_oink/. [Download Error]
[2021.01.15 07:19:13] Skip modifying the html files of href: https://www.instagram.com/frieda_rudi_make_oink/. [Download Error]
[2021.01.15 07:19:13] 		{{{RESULT}}}
[2021.01.15 07:19:13] ID:	polizei.hannover
[2021.01.15 07:19:13] Type:	posts
[2021.01.15 07:19:13] Mode:	2
[2021.01.15 07:19:13] Change:	False
[2021.01.15 07:19:13] Notify:	False
[2021.01.15 07:19:13] Error:	True

[2021.01.15 07:19:13] ID:	polizei.hannover
[2021.01.15 07:19:13] Type:	igtv
[2021.01.15 07:19:13] Mode:	1
[2021.01.15 07:19:13] Change:	False
[2021.01.15 07:19:13] Notify:	False
[2021.01.15 07:19:13] Error:	True

[2021.01.15 07:19:13] ID:	polizei.hannover
[2021.01.15 07:19:13] Type:	tagged
[2021.01.15 07:19:13] Mode:	1
[2021.01.15 07:19:13] Change:	False
[2021.01.15 07:19:13] Notify:	False
[2021.01.15 07:19:13] Error:	True

[2021.01.15 07:19:13] ID:	frieda_rudi_make_oink
[2021.01.15 07:19:13] Type:	posts
[2021.01.15 07:19:13] Mode:	1
[2021.01.15 07:19:13] Change:	False
[2021.01.15 07:19:13] Notify:	False
[2021.01.15 07:19:13] Error:	True

waiting 3 seconds
Execution 122
[2021.01.15 07:19:20] 		{{{BASIC TEST}}}
[2021.01.15 07:19:20] 


[2021.01.15 07:19:20] 	************STORING PHASE************

[2021.01.15 07:19:42] store the html code of : (https://www.instagram.com/polizei.hannover/) in polizei.hannover/posts/old.html
[2021.01.15 07:19:42] OR in polizei.hannover/posts/new.html
[2021.01.15 07:19:42] --------------------------------------------

[2021.01.15 07:19:57] Error while downloading the html files.
Exception message: IndexError: list index out of range
[2021.01.15 07:19:57] Error while downloading the html files.
Exception message: IndexError: list index out of range
[2021.01.15 07:19:57] Error while processing. URL: https://www.instagram.com/polizei.hannover/
[2021.01.15 07:19:57] Error while processing. URL: https://www.instagram.com/polizei.hannover/
[2021.01.15 07:19:57] store the html code of : (https://www.instagram.com/polizei.hannover/channel/) in polizei.hannover/igtv/old.html
[2021.01.15 07:19:57] OR in polizei.hannover/igtv/new.html
[2021.01.15 07:19:57] --------------------------------------------

[2021.01.15 07:20:11] Error while downloading the html files.
Exception message: IndexError: list index out of range
[2021.01.15 07:20:11] Error while downloading the html files.
Exception message: IndexError: list index out of range
[2021.01.15 07:20:11] Error while processing. URL: https://www.instagram.com/polizei.hannover/channel/
[2021.01.15 07:20:11] Error while processing. URL: https://www.instagram.com/polizei.hannover/channel/
[2021.01.15 07:20:11] store the html code of : (https://www.instagram.com/polizei.hannover/tagged/) in polizei.hannover/tagged/old.html
[2021.01.15 07:20:11] OR in polizei.hannover/tagged/new.html
[2021.01.15 07:20:11] --------------------------------------------

[2021.01.15 07:20:24] Error while downloading the html files.
Exception message: IndexError: list index out of range
[2021.01.15 07:20:24] Error while downloading the html files.
Exception message: IndexError: list index out of range
[2021.01.15 07:20:24] Error while processing. URL: https://www.instagram.com/polizei.hannover/tagged/
[2021.01.15 07:20:24] Error while processing. URL: https://www.instagram.com/polizei.hannover/tagged/
[2021.01.15 07:20:24] store the html code of : (https://www.instagram.com/frieda_rudi_make_oink/) in frieda_rudi_make_oink/posts/old.html
[2021.01.15 07:20:24] OR in frieda_rudi_make_oink/posts/new.html
[2021.01.15 07:20:24] --------------------------------------------

[2021.01.15 07:20:40] Error while downloading the html files.
Exception message: IndexError: list index out of range
[2021.01.15 07:20:40] Error while downloading the html files.
Exception message: IndexError: list index out of range
[2021.01.15 07:20:40] Error while processing. URL: https://www.instagram.com/frieda_rudi_make_oink/
[2021.01.15 07:20:40] Error while processing. URL: https://www.instagram.com/frieda_rudi_make_oink/
[2021.01.15 07:20:41] 


[2021.01.15 07:20:41] 	********MONITORING PHASE********
[2021.01.15 07:20:41] Skip modifying the html files of href: https://www.instagram.com/polizei.hannover/. [Download Error]
[2021.01.15 07:20:41] Skip modifying the html files of href: https://www.instagram.com/polizei.hannover/. [Download Error]
[2021.01.15 07:20:41] Skip modifying the html files of href: https://www.instagram.com/polizei.hannover/channel/. [Download Error]
[2021.01.15 07:20:41] Skip modifying the html files of href: https://www.instagram.com/polizei.hannover/channel/. [Download Error]
[2021.01.15 07:20:41] Skip modifying the html files of href: https://www.instagram.com/polizei.hannover/tagged/. [Download Error]
[2021.01.15 07:20:41] Skip modifying the html files of href: https://www.instagram.com/polizei.hannover/tagged/. [Download Error]
[2021.01.15 07:20:41] Skip modifying the html files of href: https://www.instagram.com/frieda_rudi_make_oink/. [Download Error]
[2021.01.15 07:20:41] Skip modifying the html files of href: https://www.instagram.com/frieda_rudi_make_oink/. [Download Error]
[2021.01.15 07:20:41] 		{{{RESULT}}}
[2021.01.15 07:20:41] ID:	polizei.hannover
[2021.01.15 07:20:41] Type:	posts
[2021.01.15 07:20:41] Mode:	2
[2021.01.15 07:20:41] Change:	False
[2021.01.15 07:20:41] Notify:	False
[2021.01.15 07:20:41] Error:	True

[2021.01.15 07:20:41] ID:	polizei.hannover
[2021.01.15 07:20:41] Type:	igtv
[2021.01.15 07:20:41] Mode:	1
[2021.01.15 07:20:41] Change:	False
[2021.01.15 07:20:41] Notify:	False
[2021.01.15 07:20:41] Error:	True

[2021.01.15 07:20:41] ID:	polizei.hannover
[2021.01.15 07:20:41] Type:	tagged
[2021.01.15 07:20:41] Mode:	1
[2021.01.15 07:20:41] Change:	False
[2021.01.15 07:20:41] Notify:	False
[2021.01.15 07:20:41] Error:	True

[2021.01.15 07:20:41] ID:	frieda_rudi_make_oink
[2021.01.15 07:20:41] Type:	posts
[2021.01.15 07:20:41] Mode:	1
[2021.01.15 07:20:41] Change:	False
[2021.01.15 07:20:41] Notify:	False
[2021.01.15 07:20:41] Error:	True

waiting 3 seconds
Execution 123
[2021.01.15 07:20:48] 		{{{BASIC TEST}}}
[2021.01.15 07:20:48] 


[2021.01.15 07:20:48] 	************STORING PHASE************

[2021.01.15 07:21:05] store the html code of : (https://www.instagram.com/polizei.hannover/) in polizei.hannover/posts/old.html
[2021.01.15 07:21:05] OR in polizei.hannover/posts/new.html
[2021.01.15 07:21:05] --------------------------------------------

[2021.01.15 07:21:19] Error while downloading the html files.
Exception message: IndexError: list index out of range
[2021.01.15 07:21:19] Error while downloading the html files.
Exception message: IndexError: list index out of range
[2021.01.15 07:21:19] Error while processing. URL: https://www.instagram.com/polizei.hannover/
[2021.01.15 07:21:19] Error while processing. URL: https://www.instagram.com/polizei.hannover/
[2021.01.15 07:21:19] store the html code of : (https://www.instagram.com/polizei.hannover/channel/) in polizei.hannover/igtv/old.html
[2021.01.15 07:21:19] OR in polizei.hannover/igtv/new.html
[2021.01.15 07:21:19] --------------------------------------------

[2021.01.15 07:21:33] Error while downloading the html files.
Exception message: IndexError: list index out of range
[2021.01.15 07:21:33] Error while downloading the html files.
Exception message: IndexError: list index out of range
[2021.01.15 07:21:33] Error while processing. URL: https://www.instagram.com/polizei.hannover/channel/
[2021.01.15 07:21:33] Error while processing. URL: https://www.instagram.com/polizei.hannover/channel/
[2021.01.15 07:21:33] store the html code of : (https://www.instagram.com/polizei.hannover/tagged/) in polizei.hannover/tagged/old.html
[2021.01.15 07:21:33] OR in polizei.hannover/tagged/new.html
[2021.01.15 07:21:33] --------------------------------------------

[2021.01.15 07:21:49] Error while downloading the html files.
Exception message: IndexError: list index out of range
[2021.01.15 07:21:49] Error while downloading the html files.
Exception message: IndexError: list index out of range
[2021.01.15 07:21:49] Error while processing. URL: https://www.instagram.com/polizei.hannover/tagged/
[2021.01.15 07:21:49] Error while processing. URL: https://www.instagram.com/polizei.hannover/tagged/
[2021.01.15 07:21:49] store the html code of : (https://www.instagram.com/frieda_rudi_make_oink/) in frieda_rudi_make_oink/posts/old.html
[2021.01.15 07:21:49] OR in frieda_rudi_make_oink/posts/new.html
[2021.01.15 07:21:49] --------------------------------------------

[2021.01.15 07:22:04] Error while downloading the html files.
Exception message: IndexError: list index out of range
[2021.01.15 07:22:04] Error while downloading the html files.
Exception message: IndexError: list index out of range
[2021.01.15 07:22:04] Error while processing. URL: https://www.instagram.com/frieda_rudi_make_oink/
[2021.01.15 07:22:04] Error while processing. URL: https://www.instagram.com/frieda_rudi_make_oink/
[2021.01.15 07:22:05] 


[2021.01.15 07:22:05] 	********MONITORING PHASE********
[2021.01.15 07:22:05] Skip modifying the html files of href: https://www.instagram.com/polizei.hannover/. [Download Error]
[2021.01.15 07:22:05] Skip modifying the html files of href: https://www.instagram.com/polizei.hannover/. [Download Error]
[2021.01.15 07:22:05] Skip modifying the html files of href: https://www.instagram.com/polizei.hannover/channel/. [Download Error]
[2021.01.15 07:22:05] Skip modifying the html files of href: https://www.instagram.com/polizei.hannover/channel/. [Download Error]
[2021.01.15 07:22:05] Skip modifying the html files of href: https://www.instagram.com/polizei.hannover/tagged/. [Download Error]
[2021.01.15 07:22:05] Skip modifying the html files of href: https://www.instagram.com/polizei.hannover/tagged/. [Download Error]
[2021.01.15 07:22:05] Skip modifying the html files of href: https://www.instagram.com/frieda_rudi_make_oink/. [Download Error]
[2021.01.15 07:22:05] Skip modifying the html files of href: https://www.instagram.com/frieda_rudi_make_oink/. [Download Error]
[2021.01.15 07:22:05] 		{{{RESULT}}}
[2021.01.15 07:22:05] ID:	polizei.hannover
[2021.01.15 07:22:05] Type:	posts
[2021.01.15 07:22:05] Mode:	2
[2021.01.15 07:22:05] Change:	False
[2021.01.15 07:22:05] Notify:	False
[2021.01.15 07:22:05] Error:	True

[2021.01.15 07:22:05] ID:	polizei.hannover
[2021.01.15 07:22:05] Type:	igtv
[2021.01.15 07:22:05] Mode:	1
[2021.01.15 07:22:05] Change:	False
[2021.01.15 07:22:05] Notify:	False
[2021.01.15 07:22:05] Error:	True

[2021.01.15 07:22:05] ID:	polizei.hannover
[2021.01.15 07:22:05] Type:	tagged
[2021.01.15 07:22:05] Mode:	1
[2021.01.15 07:22:05] Change:	False
[2021.01.15 07:22:05] Notify:	False
[2021.01.15 07:22:05] Error:	True

[2021.01.15 07:22:05] ID:	frieda_rudi_make_oink
[2021.01.15 07:22:05] Type:	posts
[2021.01.15 07:22:05] Mode:	1
[2021.01.15 07:22:05] Change:	False
[2021.01.15 07:22:05] Notify:	False
[2021.01.15 07:22:05] Error:	True

waiting 3 seconds
Execution 124
[2021.01.15 07:22:12] 		{{{BASIC TEST}}}
[2021.01.15 07:22:12] 


[2021.01.15 07:22:12] 	************STORING PHASE************

[2021.01.15 07:22:31] store the html code of : (https://www.instagram.com/polizei.hannover/) in polizei.hannover/posts/old.html
[2021.01.15 07:22:31] OR in polizei.hannover/posts/new.html
[2021.01.15 07:22:31] --------------------------------------------

[2021.01.15 07:22:46] Error while downloading the html files.
Exception message: IndexError: list index out of range
[2021.01.15 07:22:46] Error while downloading the html files.
Exception message: IndexError: list index out of range
[2021.01.15 07:22:46] Error while processing. URL: https://www.instagram.com/polizei.hannover/
[2021.01.15 07:22:46] Error while processing. URL: https://www.instagram.com/polizei.hannover/
[2021.01.15 07:22:46] store the html code of : (https://www.instagram.com/polizei.hannover/channel/) in polizei.hannover/igtv/old.html
[2021.01.15 07:22:46] OR in polizei.hannover/igtv/new.html
[2021.01.15 07:22:46] --------------------------------------------

[2021.01.15 07:23:00] Error while downloading the html files.
Exception message: IndexError: list index out of range
[2021.01.15 07:23:00] Error while downloading the html files.
Exception message: IndexError: list index out of range
[2021.01.15 07:23:00] Error while processing. URL: https://www.instagram.com/polizei.hannover/channel/
[2021.01.15 07:23:00] Error while processing. URL: https://www.instagram.com/polizei.hannover/channel/
[2021.01.15 07:23:00] store the html code of : (https://www.instagram.com/polizei.hannover/tagged/) in polizei.hannover/tagged/old.html
[2021.01.15 07:23:00] OR in polizei.hannover/tagged/new.html
[2021.01.15 07:23:00] --------------------------------------------

[2021.01.15 07:23:16] Error while downloading the html files.
Exception message: IndexError: list index out of range
[2021.01.15 07:23:16] Error while downloading the html files.
Exception message: IndexError: list index out of range
[2021.01.15 07:23:16] Error while processing. URL: https://www.instagram.com/polizei.hannover/tagged/
[2021.01.15 07:23:16] Error while processing. URL: https://www.instagram.com/polizei.hannover/tagged/
[2021.01.15 07:23:16] store the html code of : (https://www.instagram.com/frieda_rudi_make_oink/) in frieda_rudi_make_oink/posts/old.html
[2021.01.15 07:23:16] OR in frieda_rudi_make_oink/posts/new.html
[2021.01.15 07:23:16] --------------------------------------------

[2021.01.15 07:23:28] Error while downloading the html files.
Exception message: IndexError: list index out of range
[2021.01.15 07:23:28] Error while downloading the html files.
Exception message: IndexError: list index out of range
[2021.01.15 07:23:28] Error while processing. URL: https://www.instagram.com/frieda_rudi_make_oink/
[2021.01.15 07:23:28] Error while processing. URL: https://www.instagram.com/frieda_rudi_make_oink/
[2021.01.15 07:23:29] 


[2021.01.15 07:23:29] 	********MONITORING PHASE********
[2021.01.15 07:23:29] Skip modifying the html files of href: https://www.instagram.com/polizei.hannover/. [Download Error]
[2021.01.15 07:23:29] Skip modifying the html files of href: https://www.instagram.com/polizei.hannover/. [Download Error]
[2021.01.15 07:23:29] Skip modifying the html files of href: https://www.instagram.com/polizei.hannover/channel/. [Download Error]
[2021.01.15 07:23:29] Skip modifying the html files of href: https://www.instagram.com/polizei.hannover/channel/. [Download Error]
[2021.01.15 07:23:29] Skip modifying the html files of href: https://www.instagram.com/polizei.hannover/tagged/. [Download Error]
[2021.01.15 07:23:29] Skip modifying the html files of href: https://www.instagram.com/polizei.hannover/tagged/. [Download Error]
[2021.01.15 07:23:29] Skip modifying the html files of href: https://www.instagram.com/frieda_rudi_make_oink/. [Download Error]
[2021.01.15 07:23:29] Skip modifying the html files of href: https://www.instagram.com/frieda_rudi_make_oink/. [Download Error]
[2021.01.15 07:23:29] 		{{{RESULT}}}
[2021.01.15 07:23:29] ID:	polizei.hannover
[2021.01.15 07:23:29] Type:	posts
[2021.01.15 07:23:29] Mode:	2
[2021.01.15 07:23:29] Change:	False
[2021.01.15 07:23:29] Notify:	False
[2021.01.15 07:23:29] Error:	True

[2021.01.15 07:23:29] ID:	polizei.hannover
[2021.01.15 07:23:29] Type:	igtv
[2021.01.15 07:23:29] Mode:	1
[2021.01.15 07:23:29] Change:	False
[2021.01.15 07:23:29] Notify:	False
[2021.01.15 07:23:29] Error:	True

[2021.01.15 07:23:29] ID:	polizei.hannover
[2021.01.15 07:23:29] Type:	tagged
[2021.01.15 07:23:29] Mode:	1
[2021.01.15 07:23:29] Change:	False
[2021.01.15 07:23:29] Notify:	False
[2021.01.15 07:23:29] Error:	True

[2021.01.15 07:23:29] ID:	frieda_rudi_make_oink
[2021.01.15 07:23:29] Type:	posts
[2021.01.15 07:23:29] Mode:	1
[2021.01.15 07:23:29] Change:	False
[2021.01.15 07:23:29] Notify:	False
[2021.01.15 07:23:29] Error:	True

waiting 3 seconds
Execution 125
[2021.01.15 07:23:36] 		{{{BASIC TEST}}}
[2021.01.15 07:23:36] 


[2021.01.15 07:23:36] 	************STORING PHASE************

[2021.01.15 07:23:53] store the html code of : (https://www.instagram.com/polizei.hannover/) in polizei.hannover/posts/old.html
[2021.01.15 07:23:53] OR in polizei.hannover/posts/new.html
[2021.01.15 07:23:53] --------------------------------------------

[2021.01.15 07:24:06] Error while downloading the html files.
Exception message: IndexError: list index out of range
[2021.01.15 07:24:06] Error while downloading the html files.
Exception message: IndexError: list index out of range
[2021.01.15 07:24:06] Error while processing. URL: https://www.instagram.com/polizei.hannover/
[2021.01.15 07:24:06] Error while processing. URL: https://www.instagram.com/polizei.hannover/
[2021.01.15 07:24:06] store the html code of : (https://www.instagram.com/polizei.hannover/channel/) in polizei.hannover/igtv/old.html
[2021.01.15 07:24:06] OR in polizei.hannover/igtv/new.html
[2021.01.15 07:24:06] --------------------------------------------

[2021.01.15 07:24:19] Error while downloading the html files.
Exception message: IndexError: list index out of range
[2021.01.15 07:24:19] Error while downloading the html files.
Exception message: IndexError: list index out of range
[2021.01.15 07:24:19] Error while processing. URL: https://www.instagram.com/polizei.hannover/channel/
[2021.01.15 07:24:19] Error while processing. URL: https://www.instagram.com/polizei.hannover/channel/
[2021.01.15 07:24:19] store the html code of : (https://www.instagram.com/polizei.hannover/tagged/) in polizei.hannover/tagged/old.html
[2021.01.15 07:24:19] OR in polizei.hannover/tagged/new.html
[2021.01.15 07:24:19] --------------------------------------------

[2021.01.15 07:24:35] Error while downloading the html files.
Exception message: IndexError: list index out of range
[2021.01.15 07:24:35] Error while downloading the html files.
Exception message: IndexError: list index out of range
[2021.01.15 07:24:35] Error while processing. URL: https://www.instagram.com/polizei.hannover/tagged/
[2021.01.15 07:24:35] Error while processing. URL: https://www.instagram.com/polizei.hannover/tagged/
[2021.01.15 07:24:35] store the html code of : (https://www.instagram.com/frieda_rudi_make_oink/) in frieda_rudi_make_oink/posts/old.html
[2021.01.15 07:24:35] OR in frieda_rudi_make_oink/posts/new.html
[2021.01.15 07:24:35] --------------------------------------------

[2021.01.15 07:24:50] Error while downloading the html files.
Exception message: IndexError: list index out of range
[2021.01.15 07:24:50] Error while downloading the html files.
Exception message: IndexError: list index out of range
[2021.01.15 07:24:50] Error while processing. URL: https://www.instagram.com/frieda_rudi_make_oink/
[2021.01.15 07:24:50] Error while processing. URL: https://www.instagram.com/frieda_rudi_make_oink/
[2021.01.15 07:24:51] 


[2021.01.15 07:24:51] 	********MONITORING PHASE********
[2021.01.15 07:24:51] Skip modifying the html files of href: https://www.instagram.com/polizei.hannover/. [Download Error]
[2021.01.15 07:24:51] Skip modifying the html files of href: https://www.instagram.com/polizei.hannover/. [Download Error]
[2021.01.15 07:24:51] Skip modifying the html files of href: https://www.instagram.com/polizei.hannover/channel/. [Download Error]
[2021.01.15 07:24:51] Skip modifying the html files of href: https://www.instagram.com/polizei.hannover/channel/. [Download Error]
[2021.01.15 07:24:51] Skip modifying the html files of href: https://www.instagram.com/polizei.hannover/tagged/. [Download Error]
[2021.01.15 07:24:51] Skip modifying the html files of href: https://www.instagram.com/polizei.hannover/tagged/. [Download Error]
[2021.01.15 07:24:51] Skip modifying the html files of href: https://www.instagram.com/frieda_rudi_make_oink/. [Download Error]
[2021.01.15 07:24:51] Skip modifying the html files of href: https://www.instagram.com/frieda_rudi_make_oink/. [Download Error]
[2021.01.15 07:24:51] 		{{{RESULT}}}
[2021.01.15 07:24:51] ID:	polizei.hannover
[2021.01.15 07:24:51] Type:	posts
[2021.01.15 07:24:51] Mode:	2
[2021.01.15 07:24:51] Change:	False
[2021.01.15 07:24:51] Notify:	False
[2021.01.15 07:24:51] Error:	True

[2021.01.15 07:24:51] ID:	polizei.hannover
[2021.01.15 07:24:51] Type:	igtv
[2021.01.15 07:24:51] Mode:	1
[2021.01.15 07:24:51] Change:	False
[2021.01.15 07:24:51] Notify:	False
[2021.01.15 07:24:51] Error:	True

[2021.01.15 07:24:51] ID:	polizei.hannover
[2021.01.15 07:24:51] Type:	tagged
[2021.01.15 07:24:51] Mode:	1
[2021.01.15 07:24:51] Change:	False
[2021.01.15 07:24:51] Notify:	False
[2021.01.15 07:24:51] Error:	True

[2021.01.15 07:24:51] ID:	frieda_rudi_make_oink
[2021.01.15 07:24:51] Type:	posts
[2021.01.15 07:24:51] Mode:	1
[2021.01.15 07:24:51] Change:	False
[2021.01.15 07:24:51] Notify:	False
[2021.01.15 07:24:51] Error:	True

waiting 3 seconds
Execution 126
[2021.01.15 07:24:58] 		{{{BASIC TEST}}}
[2021.01.15 07:24:58] 


[2021.01.15 07:24:58] 	************STORING PHASE************

[2021.01.15 07:25:19] store the html code of : (https://www.instagram.com/polizei.hannover/) in polizei.hannover/posts/old.html
[2021.01.15 07:25:19] OR in polizei.hannover/posts/new.html
[2021.01.15 07:25:19] --------------------------------------------

[2021.01.15 07:25:35] Error while downloading the html files.
Exception message: IndexError: list index out of range
[2021.01.15 07:25:35] Error while downloading the html files.
Exception message: IndexError: list index out of range
[2021.01.15 07:25:35] Error while processing. URL: https://www.instagram.com/polizei.hannover/
[2021.01.15 07:25:35] Error while processing. URL: https://www.instagram.com/polizei.hannover/
[2021.01.15 07:25:35] store the html code of : (https://www.instagram.com/polizei.hannover/channel/) in polizei.hannover/igtv/old.html
[2021.01.15 07:25:35] OR in polizei.hannover/igtv/new.html
[2021.01.15 07:25:35] --------------------------------------------

[2021.01.15 07:25:47] Error while downloading the html files.
Exception message: IndexError: list index out of range
[2021.01.15 07:25:47] Error while downloading the html files.
Exception message: IndexError: list index out of range
[2021.01.15 07:25:47] Error while processing. URL: https://www.instagram.com/polizei.hannover/channel/
[2021.01.15 07:25:47] Error while processing. URL: https://www.instagram.com/polizei.hannover/channel/
[2021.01.15 07:25:47] store the html code of : (https://www.instagram.com/polizei.hannover/tagged/) in polizei.hannover/tagged/old.html
[2021.01.15 07:25:47] OR in polizei.hannover/tagged/new.html
[2021.01.15 07:25:47] --------------------------------------------

[2021.01.15 07:26:02] Error while downloading the html files.
Exception message: IndexError: list index out of range
[2021.01.15 07:26:02] Error while downloading the html files.
Exception message: IndexError: list index out of range
[2021.01.15 07:26:02] Error while processing. URL: https://www.instagram.com/polizei.hannover/tagged/
[2021.01.15 07:26:02] Error while processing. URL: https://www.instagram.com/polizei.hannover/tagged/
[2021.01.15 07:26:02] store the html code of : (https://www.instagram.com/frieda_rudi_make_oink/) in frieda_rudi_make_oink/posts/old.html
[2021.01.15 07:26:02] OR in frieda_rudi_make_oink/posts/new.html
[2021.01.15 07:26:02] --------------------------------------------

[2021.01.15 07:26:16] Error while downloading the html files.
Exception message: IndexError: list index out of range
[2021.01.15 07:26:16] Error while downloading the html files.
Exception message: IndexError: list index out of range
[2021.01.15 07:26:16] Error while processing. URL: https://www.instagram.com/frieda_rudi_make_oink/
[2021.01.15 07:26:16] Error while processing. URL: https://www.instagram.com/frieda_rudi_make_oink/
[2021.01.15 07:26:17] 


[2021.01.15 07:26:17] 	********MONITORING PHASE********
[2021.01.15 07:26:17] Skip modifying the html files of href: https://www.instagram.com/polizei.hannover/. [Download Error]
[2021.01.15 07:26:17] Skip modifying the html files of href: https://www.instagram.com/polizei.hannover/. [Download Error]
[2021.01.15 07:26:17] Skip modifying the html files of href: https://www.instagram.com/polizei.hannover/channel/. [Download Error]
[2021.01.15 07:26:17] Skip modifying the html files of href: https://www.instagram.com/polizei.hannover/channel/. [Download Error]
[2021.01.15 07:26:17] Skip modifying the html files of href: https://www.instagram.com/polizei.hannover/tagged/. [Download Error]
[2021.01.15 07:26:17] Skip modifying the html files of href: https://www.instagram.com/polizei.hannover/tagged/. [Download Error]
[2021.01.15 07:26:17] Skip modifying the html files of href: https://www.instagram.com/frieda_rudi_make_oink/. [Download Error]
[2021.01.15 07:26:17] Skip modifying the html files of href: https://www.instagram.com/frieda_rudi_make_oink/. [Download Error]
[2021.01.15 07:26:17] 		{{{RESULT}}}
[2021.01.15 07:26:17] ID:	polizei.hannover
[2021.01.15 07:26:17] Type:	posts
[2021.01.15 07:26:17] Mode:	2
[2021.01.15 07:26:17] Change:	False
[2021.01.15 07:26:17] Notify:	False
[2021.01.15 07:26:17] Error:	True

[2021.01.15 07:26:17] ID:	polizei.hannover
[2021.01.15 07:26:17] Type:	igtv
[2021.01.15 07:26:17] Mode:	1
[2021.01.15 07:26:17] Change:	False
[2021.01.15 07:26:17] Notify:	False
[2021.01.15 07:26:17] Error:	True

[2021.01.15 07:26:17] ID:	polizei.hannover
[2021.01.15 07:26:17] Type:	tagged
[2021.01.15 07:26:17] Mode:	1
[2021.01.15 07:26:17] Change:	False
[2021.01.15 07:26:17] Notify:	False
[2021.01.15 07:26:17] Error:	True

[2021.01.15 07:26:17] ID:	frieda_rudi_make_oink
[2021.01.15 07:26:17] Type:	posts
[2021.01.15 07:26:17] Mode:	1
[2021.01.15 07:26:17] Change:	False
[2021.01.15 07:26:17] Notify:	False
[2021.01.15 07:26:17] Error:	True

waiting 3 seconds
Execution 127
[2021.01.15 07:26:24] 		{{{BASIC TEST}}}
[2021.01.15 07:26:24] 


[2021.01.15 07:26:24] 	************STORING PHASE************

[2021.01.15 07:26:47] store the html code of : (https://www.instagram.com/polizei.hannover/) in polizei.hannover/posts/old.html
[2021.01.15 07:26:47] OR in polizei.hannover/posts/new.html
[2021.01.15 07:26:47] --------------------------------------------

[2021.01.15 07:27:00] Error while downloading the html files.
Exception message: IndexError: list index out of range
[2021.01.15 07:27:00] Error while downloading the html files.
Exception message: IndexError: list index out of range
[2021.01.15 07:27:00] Error while processing. URL: https://www.instagram.com/polizei.hannover/
[2021.01.15 07:27:00] Error while processing. URL: https://www.instagram.com/polizei.hannover/
[2021.01.15 07:27:00] store the html code of : (https://www.instagram.com/polizei.hannover/channel/) in polizei.hannover/igtv/old.html
[2021.01.15 07:27:00] OR in polizei.hannover/igtv/new.html
[2021.01.15 07:27:00] --------------------------------------------

[2021.01.15 07:27:16] Error while downloading the html files.
Exception message: IndexError: list index out of range
[2021.01.15 07:27:16] Error while downloading the html files.
Exception message: IndexError: list index out of range
[2021.01.15 07:27:16] Error while processing. URL: https://www.instagram.com/polizei.hannover/channel/
[2021.01.15 07:27:16] Error while processing. URL: https://www.instagram.com/polizei.hannover/channel/
[2021.01.15 07:27:16] store the html code of : (https://www.instagram.com/polizei.hannover/tagged/) in polizei.hannover/tagged/old.html
[2021.01.15 07:27:16] OR in polizei.hannover/tagged/new.html
[2021.01.15 07:27:16] --------------------------------------------

[2021.01.15 07:27:32] Error while downloading the html files.
Exception message: IndexError: list index out of range
[2021.01.15 07:27:32] Error while downloading the html files.
Exception message: IndexError: list index out of range
[2021.01.15 07:27:32] Error while processing. URL: https://www.instagram.com/polizei.hannover/tagged/
[2021.01.15 07:27:32] Error while processing. URL: https://www.instagram.com/polizei.hannover/tagged/
[2021.01.15 07:27:32] store the html code of : (https://www.instagram.com/frieda_rudi_make_oink/) in frieda_rudi_make_oink/posts/old.html
[2021.01.15 07:27:32] OR in frieda_rudi_make_oink/posts/new.html
[2021.01.15 07:27:32] --------------------------------------------

[2021.01.15 07:27:43] Error while downloading the html files.
Exception message: IndexError: list index out of range
[2021.01.15 07:27:43] Error while downloading the html files.
Exception message: IndexError: list index out of range
[2021.01.15 07:27:43] Error while processing. URL: https://www.instagram.com/frieda_rudi_make_oink/
[2021.01.15 07:27:43] Error while processing. URL: https://www.instagram.com/frieda_rudi_make_oink/
[2021.01.15 07:27:44] 


[2021.01.15 07:27:44] 	********MONITORING PHASE********
[2021.01.15 07:27:44] Skip modifying the html files of href: https://www.instagram.com/polizei.hannover/. [Download Error]
[2021.01.15 07:27:44] Skip modifying the html files of href: https://www.instagram.com/polizei.hannover/. [Download Error]
[2021.01.15 07:27:44] Skip modifying the html files of href: https://www.instagram.com/polizei.hannover/channel/. [Download Error]
[2021.01.15 07:27:44] Skip modifying the html files of href: https://www.instagram.com/polizei.hannover/channel/. [Download Error]
[2021.01.15 07:27:44] Skip modifying the html files of href: https://www.instagram.com/polizei.hannover/tagged/. [Download Error]
[2021.01.15 07:27:44] Skip modifying the html files of href: https://www.instagram.com/polizei.hannover/tagged/. [Download Error]
[2021.01.15 07:27:44] Skip modifying the html files of href: https://www.instagram.com/frieda_rudi_make_oink/. [Download Error]
[2021.01.15 07:27:44] Skip modifying the html files of href: https://www.instagram.com/frieda_rudi_make_oink/. [Download Error]
[2021.01.15 07:27:44] 		{{{RESULT}}}
[2021.01.15 07:27:44] ID:	polizei.hannover
[2021.01.15 07:27:44] Type:	posts
[2021.01.15 07:27:44] Mode:	2
[2021.01.15 07:27:44] Change:	False
[2021.01.15 07:27:44] Notify:	False
[2021.01.15 07:27:44] Error:	True

[2021.01.15 07:27:44] ID:	polizei.hannover
[2021.01.15 07:27:44] Type:	igtv
[2021.01.15 07:27:44] Mode:	1
[2021.01.15 07:27:44] Change:	False
[2021.01.15 07:27:44] Notify:	False
[2021.01.15 07:27:44] Error:	True

[2021.01.15 07:27:44] ID:	polizei.hannover
[2021.01.15 07:27:44] Type:	tagged
[2021.01.15 07:27:44] Mode:	1
[2021.01.15 07:27:44] Change:	False
[2021.01.15 07:27:44] Notify:	False
[2021.01.15 07:27:44] Error:	True

[2021.01.15 07:27:44] ID:	frieda_rudi_make_oink
[2021.01.15 07:27:44] Type:	posts
[2021.01.15 07:27:44] Mode:	1
[2021.01.15 07:27:44] Change:	False
[2021.01.15 07:27:44] Notify:	False
[2021.01.15 07:27:44] Error:	True

waiting 3 seconds
Execution 128
[2021.01.15 07:27:51] 		{{{BASIC TEST}}}
[2021.01.15 07:27:51] 


[2021.01.15 07:27:51] 	************STORING PHASE************

[2021.01.15 07:28:16] store the html code of : (https://www.instagram.com/polizei.hannover/) in polizei.hannover/posts/old.html
[2021.01.15 07:28:16] OR in polizei.hannover/posts/new.html
[2021.01.15 07:28:16] --------------------------------------------

[2021.01.15 07:28:31] Error while downloading the html files.
Exception message: IndexError: list index out of range
[2021.01.15 07:28:31] Error while downloading the html files.
Exception message: IndexError: list index out of range
[2021.01.15 07:28:31] Error while processing. URL: https://www.instagram.com/polizei.hannover/
[2021.01.15 07:28:31] Error while processing. URL: https://www.instagram.com/polizei.hannover/
[2021.01.15 07:28:31] store the html code of : (https://www.instagram.com/polizei.hannover/channel/) in polizei.hannover/igtv/old.html
[2021.01.15 07:28:31] OR in polizei.hannover/igtv/new.html
[2021.01.15 07:28:31] --------------------------------------------

[2021.01.15 07:28:45] Error while downloading the html files.
Exception message: IndexError: list index out of range
[2021.01.15 07:28:45] Error while downloading the html files.
Exception message: IndexError: list index out of range
[2021.01.15 07:28:45] Error while processing. URL: https://www.instagram.com/polizei.hannover/channel/
[2021.01.15 07:28:45] Error while processing. URL: https://www.instagram.com/polizei.hannover/channel/
[2021.01.15 07:28:45] store the html code of : (https://www.instagram.com/polizei.hannover/tagged/) in polizei.hannover/tagged/old.html
[2021.01.15 07:28:45] OR in polizei.hannover/tagged/new.html
[2021.01.15 07:28:45] --------------------------------------------

[2021.01.15 07:29:01] Error while downloading the html files.
Exception message: IndexError: list index out of range
[2021.01.15 07:29:01] Error while downloading the html files.
Exception message: IndexError: list index out of range
[2021.01.15 07:29:01] Error while processing. URL: https://www.instagram.com/polizei.hannover/tagged/
[2021.01.15 07:29:01] Error while processing. URL: https://www.instagram.com/polizei.hannover/tagged/
[2021.01.15 07:29:01] store the html code of : (https://www.instagram.com/frieda_rudi_make_oink/) in frieda_rudi_make_oink/posts/old.html
[2021.01.15 07:29:01] OR in frieda_rudi_make_oink/posts/new.html
[2021.01.15 07:29:01] --------------------------------------------

[2021.01.15 07:29:17] Error while downloading the html files.
Exception message: IndexError: list index out of range
[2021.01.15 07:29:17] Error while downloading the html files.
Exception message: IndexError: list index out of range
[2021.01.15 07:29:17] Error while processing. URL: https://www.instagram.com/frieda_rudi_make_oink/
[2021.01.15 07:29:17] Error while processing. URL: https://www.instagram.com/frieda_rudi_make_oink/
[2021.01.15 07:29:18] 


[2021.01.15 07:29:18] 	********MONITORING PHASE********
[2021.01.15 07:29:18] Skip modifying the html files of href: https://www.instagram.com/polizei.hannover/. [Download Error]
[2021.01.15 07:29:18] Skip modifying the html files of href: https://www.instagram.com/polizei.hannover/. [Download Error]
[2021.01.15 07:29:18] Skip modifying the html files of href: https://www.instagram.com/polizei.hannover/channel/. [Download Error]
[2021.01.15 07:29:18] Skip modifying the html files of href: https://www.instagram.com/polizei.hannover/channel/. [Download Error]
[2021.01.15 07:29:18] Skip modifying the html files of href: https://www.instagram.com/polizei.hannover/tagged/. [Download Error]
[2021.01.15 07:29:18] Skip modifying the html files of href: https://www.instagram.com/polizei.hannover/tagged/. [Download Error]
[2021.01.15 07:29:18] Skip modifying the html files of href: https://www.instagram.com/frieda_rudi_make_oink/. [Download Error]
[2021.01.15 07:29:18] Skip modifying the html files of href: https://www.instagram.com/frieda_rudi_make_oink/. [Download Error]
[2021.01.15 07:29:18] 		{{{RESULT}}}
[2021.01.15 07:29:18] ID:	polizei.hannover
[2021.01.15 07:29:18] Type:	posts
[2021.01.15 07:29:18] Mode:	2
[2021.01.15 07:29:18] Change:	False
[2021.01.15 07:29:18] Notify:	False
[2021.01.15 07:29:18] Error:	True

[2021.01.15 07:29:18] ID:	polizei.hannover
[2021.01.15 07:29:18] Type:	igtv
[2021.01.15 07:29:18] Mode:	1
[2021.01.15 07:29:18] Change:	False
[2021.01.15 07:29:18] Notify:	False
[2021.01.15 07:29:18] Error:	True

[2021.01.15 07:29:18] ID:	polizei.hannover
[2021.01.15 07:29:18] Type:	tagged
[2021.01.15 07:29:18] Mode:	1
[2021.01.15 07:29:18] Change:	False
[2021.01.15 07:29:18] Notify:	False
[2021.01.15 07:29:18] Error:	True

[2021.01.15 07:29:18] ID:	frieda_rudi_make_oink
[2021.01.15 07:29:18] Type:	posts
[2021.01.15 07:29:18] Mode:	1
[2021.01.15 07:29:18] Change:	False
[2021.01.15 07:29:18] Notify:	False
[2021.01.15 07:29:18] Error:	True

waiting 3 seconds
Execution 129
[2021.01.15 07:29:25] 		{{{BASIC TEST}}}
[2021.01.15 07:29:25] 


[2021.01.15 07:29:25] 	************STORING PHASE************

[2021.01.15 07:29:49] store the html code of : (https://www.instagram.com/polizei.hannover/) in polizei.hannover/posts/old.html
[2021.01.15 07:29:49] OR in polizei.hannover/posts/new.html
[2021.01.15 07:29:49] --------------------------------------------

[2021.01.15 07:30:03] Error while downloading the html files.
Exception message: IndexError: list index out of range
[2021.01.15 07:30:03] Error while downloading the html files.
Exception message: IndexError: list index out of range
[2021.01.15 07:30:03] Error while processing. URL: https://www.instagram.com/polizei.hannover/
[2021.01.15 07:30:03] Error while processing. URL: https://www.instagram.com/polizei.hannover/
[2021.01.15 07:30:03] store the html code of : (https://www.instagram.com/polizei.hannover/channel/) in polizei.hannover/igtv/old.html
[2021.01.15 07:30:03] OR in polizei.hannover/igtv/new.html
[2021.01.15 07:30:03] --------------------------------------------

[2021.01.15 07:30:17] Error while downloading the html files.
Exception message: IndexError: list index out of range
[2021.01.15 07:30:17] Error while downloading the html files.
Exception message: IndexError: list index out of range
[2021.01.15 07:30:17] Error while processing. URL: https://www.instagram.com/polizei.hannover/channel/
[2021.01.15 07:30:17] Error while processing. URL: https://www.instagram.com/polizei.hannover/channel/
[2021.01.15 07:30:17] store the html code of : (https://www.instagram.com/polizei.hannover/tagged/) in polizei.hannover/tagged/old.html
[2021.01.15 07:30:17] OR in polizei.hannover/tagged/new.html
[2021.01.15 07:30:17] --------------------------------------------

[2021.01.15 07:30:31] Error while downloading the html files.
Exception message: IndexError: list index out of range
[2021.01.15 07:30:31] Error while downloading the html files.
Exception message: IndexError: list index out of range
[2021.01.15 07:30:31] Error while processing. URL: https://www.instagram.com/polizei.hannover/tagged/
[2021.01.15 07:30:31] Error while processing. URL: https://www.instagram.com/polizei.hannover/tagged/
[2021.01.15 07:30:31] store the html code of : (https://www.instagram.com/frieda_rudi_make_oink/) in frieda_rudi_make_oink/posts/old.html
[2021.01.15 07:30:31] OR in frieda_rudi_make_oink/posts/new.html
[2021.01.15 07:30:31] --------------------------------------------

[2021.01.15 07:30:42] Error while downloading the html files.
Exception message: IndexError: list index out of range
[2021.01.15 07:30:42] Error while downloading the html files.
Exception message: IndexError: list index out of range
[2021.01.15 07:30:43] Error while processing. URL: https://www.instagram.com/frieda_rudi_make_oink/
[2021.01.15 07:30:43] Error while processing. URL: https://www.instagram.com/frieda_rudi_make_oink/
[2021.01.15 07:30:43] 


[2021.01.15 07:30:43] 	********MONITORING PHASE********
[2021.01.15 07:30:43] Skip modifying the html files of href: https://www.instagram.com/polizei.hannover/. [Download Error]
[2021.01.15 07:30:43] Skip modifying the html files of href: https://www.instagram.com/polizei.hannover/. [Download Error]
[2021.01.15 07:30:43] Skip modifying the html files of href: https://www.instagram.com/polizei.hannover/channel/. [Download Error]
[2021.01.15 07:30:43] Skip modifying the html files of href: https://www.instagram.com/polizei.hannover/channel/. [Download Error]
[2021.01.15 07:30:43] Skip modifying the html files of href: https://www.instagram.com/polizei.hannover/tagged/. [Download Error]
[2021.01.15 07:30:43] Skip modifying the html files of href: https://www.instagram.com/polizei.hannover/tagged/. [Download Error]
[2021.01.15 07:30:43] Skip modifying the html files of href: https://www.instagram.com/frieda_rudi_make_oink/. [Download Error]
[2021.01.15 07:30:43] Skip modifying the html files of href: https://www.instagram.com/frieda_rudi_make_oink/. [Download Error]
[2021.01.15 07:30:43] 		{{{RESULT}}}
[2021.01.15 07:30:43] ID:	polizei.hannover
[2021.01.15 07:30:43] Type:	posts
[2021.01.15 07:30:43] Mode:	2
[2021.01.15 07:30:43] Change:	False
[2021.01.15 07:30:43] Notify:	False
[2021.01.15 07:30:43] Error:	True

[2021.01.15 07:30:43] ID:	polizei.hannover
[2021.01.15 07:30:43] Type:	igtv
[2021.01.15 07:30:43] Mode:	1
[2021.01.15 07:30:43] Change:	False
[2021.01.15 07:30:43] Notify:	False
[2021.01.15 07:30:43] Error:	True

[2021.01.15 07:30:43] ID:	polizei.hannover
[2021.01.15 07:30:43] Type:	tagged
[2021.01.15 07:30:43] Mode:	1
[2021.01.15 07:30:43] Change:	False
[2021.01.15 07:30:43] Notify:	False
[2021.01.15 07:30:43] Error:	True

[2021.01.15 07:30:43] ID:	frieda_rudi_make_oink
[2021.01.15 07:30:43] Type:	posts
[2021.01.15 07:30:43] Mode:	1
[2021.01.15 07:30:43] Change:	False
[2021.01.15 07:30:43] Notify:	False
[2021.01.15 07:30:43] Error:	True

waiting 3 seconds
Execution 130
[2021.01.15 07:30:50] 		{{{BASIC TEST}}}
[2021.01.15 07:30:50] 


[2021.01.15 07:30:50] 	************STORING PHASE************

[2021.01.15 07:31:14] store the html code of : (https://www.instagram.com/polizei.hannover/) in polizei.hannover/posts/old.html
[2021.01.15 07:31:14] OR in polizei.hannover/posts/new.html
[2021.01.15 07:31:14] --------------------------------------------

[2021.01.15 07:31:25] Error while downloading the html files.
Exception message: IndexError: list index out of range
[2021.01.15 07:31:25] Error while downloading the html files.
Exception message: IndexError: list index out of range
[2021.01.15 07:31:25] Error while processing. URL: https://www.instagram.com/polizei.hannover/
[2021.01.15 07:31:25] Error while processing. URL: https://www.instagram.com/polizei.hannover/
[2021.01.15 07:31:25] store the html code of : (https://www.instagram.com/polizei.hannover/channel/) in polizei.hannover/igtv/old.html
[2021.01.15 07:31:25] OR in polizei.hannover/igtv/new.html
[2021.01.15 07:31:25] --------------------------------------------

[2021.01.15 07:31:40] Error while downloading the html files.
Exception message: IndexError: list index out of range
[2021.01.15 07:31:40] Error while downloading the html files.
Exception message: IndexError: list index out of range
[2021.01.15 07:31:40] Error while processing. URL: https://www.instagram.com/polizei.hannover/channel/
[2021.01.15 07:31:40] Error while processing. URL: https://www.instagram.com/polizei.hannover/channel/
[2021.01.15 07:31:40] store the html code of : (https://www.instagram.com/polizei.hannover/tagged/) in polizei.hannover/tagged/old.html
[2021.01.15 07:31:40] OR in polizei.hannover/tagged/new.html
[2021.01.15 07:31:40] --------------------------------------------

[2021.01.15 07:31:57] Error while downloading the html files.
Exception message: IndexError: list index out of range
[2021.01.15 07:31:57] Error while downloading the html files.
Exception message: IndexError: list index out of range
[2021.01.15 07:31:57] Error while processing. URL: https://www.instagram.com/polizei.hannover/tagged/
[2021.01.15 07:31:57] Error while processing. URL: https://www.instagram.com/polizei.hannover/tagged/
[2021.01.15 07:31:57] store the html code of : (https://www.instagram.com/frieda_rudi_make_oink/) in frieda_rudi_make_oink/posts/old.html
[2021.01.15 07:31:57] OR in frieda_rudi_make_oink/posts/new.html
[2021.01.15 07:31:57] --------------------------------------------

[2021.01.15 07:32:14] Error while downloading the html files.
Exception message: IndexError: list index out of range
[2021.01.15 07:32:14] Error while downloading the html files.
Exception message: IndexError: list index out of range
[2021.01.15 07:32:14] Error while processing. URL: https://www.instagram.com/frieda_rudi_make_oink/
[2021.01.15 07:32:14] Error while processing. URL: https://www.instagram.com/frieda_rudi_make_oink/
[2021.01.15 07:32:15] 


[2021.01.15 07:32:15] 	********MONITORING PHASE********
[2021.01.15 07:32:15] Skip modifying the html files of href: https://www.instagram.com/polizei.hannover/. [Download Error]
[2021.01.15 07:32:15] Skip modifying the html files of href: https://www.instagram.com/polizei.hannover/. [Download Error]
[2021.01.15 07:32:15] Skip modifying the html files of href: https://www.instagram.com/polizei.hannover/channel/. [Download Error]
[2021.01.15 07:32:15] Skip modifying the html files of href: https://www.instagram.com/polizei.hannover/channel/. [Download Error]
[2021.01.15 07:32:15] Skip modifying the html files of href: https://www.instagram.com/polizei.hannover/tagged/. [Download Error]
[2021.01.15 07:32:15] Skip modifying the html files of href: https://www.instagram.com/polizei.hannover/tagged/. [Download Error]
[2021.01.15 07:32:15] Skip modifying the html files of href: https://www.instagram.com/frieda_rudi_make_oink/. [Download Error]
[2021.01.15 07:32:15] Skip modifying the html files of href: https://www.instagram.com/frieda_rudi_make_oink/. [Download Error]
[2021.01.15 07:32:15] 		{{{RESULT}}}
[2021.01.15 07:32:15] ID:	polizei.hannover
[2021.01.15 07:32:15] Type:	posts
[2021.01.15 07:32:15] Mode:	2
[2021.01.15 07:32:15] Change:	False
[2021.01.15 07:32:15] Notify:	False
[2021.01.15 07:32:15] Error:	True

[2021.01.15 07:32:15] ID:	polizei.hannover
[2021.01.15 07:32:15] Type:	igtv
[2021.01.15 07:32:15] Mode:	1
[2021.01.15 07:32:15] Change:	False
[2021.01.15 07:32:15] Notify:	False
[2021.01.15 07:32:15] Error:	True

[2021.01.15 07:32:15] ID:	polizei.hannover
[2021.01.15 07:32:15] Type:	tagged
[2021.01.15 07:32:15] Mode:	1
[2021.01.15 07:32:15] Change:	False
[2021.01.15 07:32:15] Notify:	False
[2021.01.15 07:32:15] Error:	True

[2021.01.15 07:32:15] ID:	frieda_rudi_make_oink
[2021.01.15 07:32:15] Type:	posts
[2021.01.15 07:32:15] Mode:	1
[2021.01.15 07:32:15] Change:	False
[2021.01.15 07:32:15] Notify:	False
[2021.01.15 07:32:15] Error:	True

waiting 3 seconds
Execution 131
[2021.01.15 07:32:21] 		{{{BASIC TEST}}}
[2021.01.15 07:32:21] 


[2021.01.15 07:32:21] 	************STORING PHASE************

[2021.01.15 07:32:41] store the html code of : (https://www.instagram.com/polizei.hannover/) in polizei.hannover/posts/old.html
[2021.01.15 07:32:41] OR in polizei.hannover/posts/new.html
[2021.01.15 07:32:41] --------------------------------------------

[2021.01.15 07:32:57] Error while downloading the html files.
Exception message: IndexError: list index out of range
[2021.01.15 07:32:57] Error while downloading the html files.
Exception message: IndexError: list index out of range
[2021.01.15 07:32:57] Error while processing. URL: https://www.instagram.com/polizei.hannover/
[2021.01.15 07:32:57] Error while processing. URL: https://www.instagram.com/polizei.hannover/
[2021.01.15 07:32:58] store the html code of : (https://www.instagram.com/polizei.hannover/channel/) in polizei.hannover/igtv/old.html
[2021.01.15 07:32:58] OR in polizei.hannover/igtv/new.html
[2021.01.15 07:32:58] --------------------------------------------

[2021.01.15 07:33:16] Error while downloading the html files.
Exception message: IndexError: list index out of range
[2021.01.15 07:33:16] Error while downloading the html files.
Exception message: IndexError: list index out of range
[2021.01.15 07:33:16] Error while processing. URL: https://www.instagram.com/polizei.hannover/channel/
[2021.01.15 07:33:16] Error while processing. URL: https://www.instagram.com/polizei.hannover/channel/
[2021.01.15 07:33:16] store the html code of : (https://www.instagram.com/polizei.hannover/tagged/) in polizei.hannover/tagged/old.html
[2021.01.15 07:33:16] OR in polizei.hannover/tagged/new.html
[2021.01.15 07:33:16] --------------------------------------------

[2021.01.15 07:33:29] Error while downloading the html files.
Exception message: IndexError: list index out of range
[2021.01.15 07:33:29] Error while downloading the html files.
Exception message: IndexError: list index out of range
[2021.01.15 07:33:30] Error while processing. URL: https://www.instagram.com/polizei.hannover/tagged/
[2021.01.15 07:33:30] Error while processing. URL: https://www.instagram.com/polizei.hannover/tagged/
[2021.01.15 07:33:30] store the html code of : (https://www.instagram.com/frieda_rudi_make_oink/) in frieda_rudi_make_oink/posts/old.html
[2021.01.15 07:33:30] OR in frieda_rudi_make_oink/posts/new.html
[2021.01.15 07:33:30] --------------------------------------------

[2021.01.15 07:33:41] Error while downloading the html files.
Exception message: IndexError: list index out of range
[2021.01.15 07:33:41] Error while downloading the html files.
Exception message: IndexError: list index out of range
[2021.01.15 07:33:41] Error while processing. URL: https://www.instagram.com/frieda_rudi_make_oink/
[2021.01.15 07:33:41] Error while processing. URL: https://www.instagram.com/frieda_rudi_make_oink/
[2021.01.15 07:33:42] 


[2021.01.15 07:33:42] 	********MONITORING PHASE********
[2021.01.15 07:33:42] Skip modifying the html files of href: https://www.instagram.com/polizei.hannover/. [Download Error]
[2021.01.15 07:33:42] Skip modifying the html files of href: https://www.instagram.com/polizei.hannover/. [Download Error]
[2021.01.15 07:33:42] Skip modifying the html files of href: https://www.instagram.com/polizei.hannover/channel/. [Download Error]
[2021.01.15 07:33:42] Skip modifying the html files of href: https://www.instagram.com/polizei.hannover/channel/. [Download Error]
[2021.01.15 07:33:42] Skip modifying the html files of href: https://www.instagram.com/polizei.hannover/tagged/. [Download Error]
[2021.01.15 07:33:42] Skip modifying the html files of href: https://www.instagram.com/polizei.hannover/tagged/. [Download Error]
[2021.01.15 07:33:42] Skip modifying the html files of href: https://www.instagram.com/frieda_rudi_make_oink/. [Download Error]
[2021.01.15 07:33:42] Skip modifying the html files of href: https://www.instagram.com/frieda_rudi_make_oink/. [Download Error]
[2021.01.15 07:33:42] 		{{{RESULT}}}
[2021.01.15 07:33:42] ID:	polizei.hannover
[2021.01.15 07:33:42] Type:	posts
[2021.01.15 07:33:42] Mode:	2
[2021.01.15 07:33:42] Change:	False
[2021.01.15 07:33:42] Notify:	False
[2021.01.15 07:33:42] Error:	True

[2021.01.15 07:33:42] ID:	polizei.hannover
[2021.01.15 07:33:42] Type:	igtv
[2021.01.15 07:33:42] Mode:	1
[2021.01.15 07:33:42] Change:	False
[2021.01.15 07:33:42] Notify:	False
[2021.01.15 07:33:42] Error:	True

[2021.01.15 07:33:42] ID:	polizei.hannover
[2021.01.15 07:33:42] Type:	tagged
[2021.01.15 07:33:42] Mode:	1
[2021.01.15 07:33:42] Change:	False
[2021.01.15 07:33:42] Notify:	False
[2021.01.15 07:33:42] Error:	True

[2021.01.15 07:33:42] ID:	frieda_rudi_make_oink
[2021.01.15 07:33:42] Type:	posts
[2021.01.15 07:33:42] Mode:	1
[2021.01.15 07:33:42] Change:	False
[2021.01.15 07:33:42] Notify:	False
[2021.01.15 07:33:42] Error:	True

waiting 3 seconds
Execution 132
[2021.01.15 07:33:49] 		{{{BASIC TEST}}}
[2021.01.15 07:33:49] 


[2021.01.15 07:33:49] 	************STORING PHASE************

[2021.01.15 07:34:14] store the html code of : (https://www.instagram.com/polizei.hannover/) in polizei.hannover/posts/old.html
[2021.01.15 07:34:14] OR in polizei.hannover/posts/new.html
[2021.01.15 07:34:14] --------------------------------------------

[2021.01.15 07:34:29] Error while downloading the html files.
Exception message: IndexError: list index out of range
[2021.01.15 07:34:29] Error while downloading the html files.
Exception message: IndexError: list index out of range
[2021.01.15 07:34:29] Error while processing. URL: https://www.instagram.com/polizei.hannover/
[2021.01.15 07:34:29] Error while processing. URL: https://www.instagram.com/polizei.hannover/
[2021.01.15 07:34:29] store the html code of : (https://www.instagram.com/polizei.hannover/channel/) in polizei.hannover/igtv/old.html
[2021.01.15 07:34:29] OR in polizei.hannover/igtv/new.html
[2021.01.15 07:34:29] --------------------------------------------

[2021.01.15 07:34:44] Error while downloading the html files.
Exception message: IndexError: list index out of range
[2021.01.15 07:34:44] Error while downloading the html files.
Exception message: IndexError: list index out of range
[2021.01.15 07:34:44] Error while processing. URL: https://www.instagram.com/polizei.hannover/channel/
[2021.01.15 07:34:44] Error while processing. URL: https://www.instagram.com/polizei.hannover/channel/
[2021.01.15 07:34:44] store the html code of : (https://www.instagram.com/polizei.hannover/tagged/) in polizei.hannover/tagged/old.html
[2021.01.15 07:34:44] OR in polizei.hannover/tagged/new.html
[2021.01.15 07:34:44] --------------------------------------------

[2021.01.15 07:34:58] Error while downloading the html files.
Exception message: IndexError: list index out of range
[2021.01.15 07:34:58] Error while downloading the html files.
Exception message: IndexError: list index out of range
[2021.01.15 07:34:58] Error while processing. URL: https://www.instagram.com/polizei.hannover/tagged/
[2021.01.15 07:34:58] Error while processing. URL: https://www.instagram.com/polizei.hannover/tagged/
[2021.01.15 07:34:58] store the html code of : (https://www.instagram.com/frieda_rudi_make_oink/) in frieda_rudi_make_oink/posts/old.html
[2021.01.15 07:34:58] OR in frieda_rudi_make_oink/posts/new.html
[2021.01.15 07:34:58] --------------------------------------------

[2021.01.15 07:35:11] Error while downloading the html files.
Exception message: IndexError: list index out of range
[2021.01.15 07:35:11] Error while downloading the html files.
Exception message: IndexError: list index out of range
[2021.01.15 07:35:11] Error while processing. URL: https://www.instagram.com/frieda_rudi_make_oink/
[2021.01.15 07:35:11] Error while processing. URL: https://www.instagram.com/frieda_rudi_make_oink/
[2021.01.15 07:35:12] 


[2021.01.15 07:35:12] 	********MONITORING PHASE********
[2021.01.15 07:35:12] Skip modifying the html files of href: https://www.instagram.com/polizei.hannover/. [Download Error]
[2021.01.15 07:35:12] Skip modifying the html files of href: https://www.instagram.com/polizei.hannover/. [Download Error]
[2021.01.15 07:35:12] Skip modifying the html files of href: https://www.instagram.com/polizei.hannover/channel/. [Download Error]
[2021.01.15 07:35:12] Skip modifying the html files of href: https://www.instagram.com/polizei.hannover/channel/. [Download Error]
[2021.01.15 07:35:12] Skip modifying the html files of href: https://www.instagram.com/polizei.hannover/tagged/. [Download Error]
[2021.01.15 07:35:12] Skip modifying the html files of href: https://www.instagram.com/polizei.hannover/tagged/. [Download Error]
[2021.01.15 07:35:12] Skip modifying the html files of href: https://www.instagram.com/frieda_rudi_make_oink/. [Download Error]
[2021.01.15 07:35:12] Skip modifying the html files of href: https://www.instagram.com/frieda_rudi_make_oink/. [Download Error]
[2021.01.15 07:35:12] 		{{{RESULT}}}
[2021.01.15 07:35:12] ID:	polizei.hannover
[2021.01.15 07:35:12] Type:	posts
[2021.01.15 07:35:12] Mode:	2
[2021.01.15 07:35:12] Change:	False
[2021.01.15 07:35:12] Notify:	False
[2021.01.15 07:35:12] Error:	True

[2021.01.15 07:35:12] ID:	polizei.hannover
[2021.01.15 07:35:12] Type:	igtv
[2021.01.15 07:35:12] Mode:	1
[2021.01.15 07:35:12] Change:	False
[2021.01.15 07:35:12] Notify:	False
[2021.01.15 07:35:12] Error:	True

[2021.01.15 07:35:12] ID:	polizei.hannover
[2021.01.15 07:35:12] Type:	tagged
[2021.01.15 07:35:12] Mode:	1
[2021.01.15 07:35:12] Change:	False
[2021.01.15 07:35:12] Notify:	False
[2021.01.15 07:35:12] Error:	True

[2021.01.15 07:35:12] ID:	frieda_rudi_make_oink
[2021.01.15 07:35:12] Type:	posts
[2021.01.15 07:35:12] Mode:	1
[2021.01.15 07:35:12] Change:	False
[2021.01.15 07:35:12] Notify:	False
[2021.01.15 07:35:12] Error:	True

waiting 3 seconds
Execution 133
[2021.01.15 07:35:19] 		{{{BASIC TEST}}}
[2021.01.15 07:35:19] 


[2021.01.15 07:35:19] 	************STORING PHASE************

[2021.01.15 07:35:42] store the html code of : (https://www.instagram.com/polizei.hannover/) in polizei.hannover/posts/old.html
[2021.01.15 07:35:42] OR in polizei.hannover/posts/new.html
[2021.01.15 07:35:42] --------------------------------------------

[2021.01.15 07:35:54] Error while downloading the html files.
Exception message: IndexError: list index out of range
[2021.01.15 07:35:54] Error while downloading the html files.
Exception message: IndexError: list index out of range
[2021.01.15 07:35:54] Error while processing. URL: https://www.instagram.com/polizei.hannover/
[2021.01.15 07:35:54] Error while processing. URL: https://www.instagram.com/polizei.hannover/
[2021.01.15 07:35:54] store the html code of : (https://www.instagram.com/polizei.hannover/channel/) in polizei.hannover/igtv/old.html
[2021.01.15 07:35:54] OR in polizei.hannover/igtv/new.html
[2021.01.15 07:35:54] --------------------------------------------

[2021.01.15 07:36:06] Error while downloading the html files.
Exception message: IndexError: list index out of range
[2021.01.15 07:36:06] Error while downloading the html files.
Exception message: IndexError: list index out of range
[2021.01.15 07:36:06] Error while processing. URL: https://www.instagram.com/polizei.hannover/channel/
[2021.01.15 07:36:06] Error while processing. URL: https://www.instagram.com/polizei.hannover/channel/
[2021.01.15 07:36:06] store the html code of : (https://www.instagram.com/polizei.hannover/tagged/) in polizei.hannover/tagged/old.html
[2021.01.15 07:36:06] OR in polizei.hannover/tagged/new.html
[2021.01.15 07:36:06] --------------------------------------------

[2021.01.15 07:36:20] Error while downloading the html files.
Exception message: IndexError: list index out of range
[2021.01.15 07:36:20] Error while downloading the html files.
Exception message: IndexError: list index out of range
[2021.01.15 07:36:20] Error while processing. URL: https://www.instagram.com/polizei.hannover/tagged/
[2021.01.15 07:36:20] Error while processing. URL: https://www.instagram.com/polizei.hannover/tagged/
[2021.01.15 07:36:20] store the html code of : (https://www.instagram.com/frieda_rudi_make_oink/) in frieda_rudi_make_oink/posts/old.html
[2021.01.15 07:36:20] OR in frieda_rudi_make_oink/posts/new.html
[2021.01.15 07:36:20] --------------------------------------------

[2021.01.15 07:36:31] Error while downloading the html files.
Exception message: IndexError: list index out of range
[2021.01.15 07:36:31] Error while downloading the html files.
Exception message: IndexError: list index out of range
[2021.01.15 07:36:31] Error while processing. URL: https://www.instagram.com/frieda_rudi_make_oink/
[2021.01.15 07:36:31] Error while processing. URL: https://www.instagram.com/frieda_rudi_make_oink/
[2021.01.15 07:36:32] 


[2021.01.15 07:36:32] 	********MONITORING PHASE********
[2021.01.15 07:36:32] Skip modifying the html files of href: https://www.instagram.com/polizei.hannover/. [Download Error]
[2021.01.15 07:36:32] Skip modifying the html files of href: https://www.instagram.com/polizei.hannover/. [Download Error]
[2021.01.15 07:36:32] Skip modifying the html files of href: https://www.instagram.com/polizei.hannover/channel/. [Download Error]
[2021.01.15 07:36:32] Skip modifying the html files of href: https://www.instagram.com/polizei.hannover/channel/. [Download Error]
[2021.01.15 07:36:32] Skip modifying the html files of href: https://www.instagram.com/polizei.hannover/tagged/. [Download Error]
[2021.01.15 07:36:32] Skip modifying the html files of href: https://www.instagram.com/polizei.hannover/tagged/. [Download Error]
[2021.01.15 07:36:32] Skip modifying the html files of href: https://www.instagram.com/frieda_rudi_make_oink/. [Download Error]
[2021.01.15 07:36:32] Skip modifying the html files of href: https://www.instagram.com/frieda_rudi_make_oink/. [Download Error]
[2021.01.15 07:36:32] 		{{{RESULT}}}
[2021.01.15 07:36:32] ID:	polizei.hannover
[2021.01.15 07:36:32] Type:	posts
[2021.01.15 07:36:32] Mode:	2
[2021.01.15 07:36:32] Change:	False
[2021.01.15 07:36:32] Notify:	False
[2021.01.15 07:36:32] Error:	True

[2021.01.15 07:36:32] ID:	polizei.hannover
[2021.01.15 07:36:32] Type:	igtv
[2021.01.15 07:36:32] Mode:	1
[2021.01.15 07:36:32] Change:	False
[2021.01.15 07:36:32] Notify:	False
[2021.01.15 07:36:32] Error:	True

[2021.01.15 07:36:32] ID:	polizei.hannover
[2021.01.15 07:36:32] Type:	tagged
[2021.01.15 07:36:32] Mode:	1
[2021.01.15 07:36:32] Change:	False
[2021.01.15 07:36:32] Notify:	False
[2021.01.15 07:36:32] Error:	True

[2021.01.15 07:36:32] ID:	frieda_rudi_make_oink
[2021.01.15 07:36:32] Type:	posts
[2021.01.15 07:36:32] Mode:	1
[2021.01.15 07:36:32] Change:	False
[2021.01.15 07:36:32] Notify:	False
[2021.01.15 07:36:32] Error:	True

waiting 3 seconds
Execution 134
[2021.01.15 07:36:39] 		{{{BASIC TEST}}}
[2021.01.15 07:36:39] 


[2021.01.15 07:36:39] 	************STORING PHASE************

[2021.01.15 07:37:00] store the html code of : (https://www.instagram.com/polizei.hannover/) in polizei.hannover/posts/old.html
[2021.01.15 07:37:00] OR in polizei.hannover/posts/new.html
[2021.01.15 07:37:00] --------------------------------------------

[2021.01.15 07:37:16] Error while downloading the html files.
Exception message: IndexError: list index out of range
[2021.01.15 07:37:16] Error while downloading the html files.
Exception message: IndexError: list index out of range
[2021.01.15 07:37:16] Error while processing. URL: https://www.instagram.com/polizei.hannover/
[2021.01.15 07:37:16] Error while processing. URL: https://www.instagram.com/polizei.hannover/
[2021.01.15 07:37:16] store the html code of : (https://www.instagram.com/polizei.hannover/channel/) in polizei.hannover/igtv/old.html
[2021.01.15 07:37:16] OR in polizei.hannover/igtv/new.html
[2021.01.15 07:37:16] --------------------------------------------

[2021.01.15 07:37:31] Error while downloading the html files.
Exception message: IndexError: list index out of range
[2021.01.15 07:37:31] Error while downloading the html files.
Exception message: IndexError: list index out of range
[2021.01.15 07:37:31] Error while processing. URL: https://www.instagram.com/polizei.hannover/channel/
[2021.01.15 07:37:31] Error while processing. URL: https://www.instagram.com/polizei.hannover/channel/
[2021.01.15 07:37:31] store the html code of : (https://www.instagram.com/polizei.hannover/tagged/) in polizei.hannover/tagged/old.html
[2021.01.15 07:37:31] OR in polizei.hannover/tagged/new.html
[2021.01.15 07:37:31] --------------------------------------------

[2021.01.15 07:37:45] Error while downloading the html files.
Exception message: IndexError: list index out of range
[2021.01.15 07:37:45] Error while downloading the html files.
Exception message: IndexError: list index out of range
[2021.01.15 07:37:45] Error while processing. URL: https://www.instagram.com/polizei.hannover/tagged/
[2021.01.15 07:37:45] Error while processing. URL: https://www.instagram.com/polizei.hannover/tagged/
[2021.01.15 07:37:45] store the html code of : (https://www.instagram.com/frieda_rudi_make_oink/) in frieda_rudi_make_oink/posts/old.html
[2021.01.15 07:37:45] OR in frieda_rudi_make_oink/posts/new.html
[2021.01.15 07:37:45] --------------------------------------------

[2021.01.15 07:37:57] Error while downloading the html files.
Exception message: IndexError: list index out of range
[2021.01.15 07:37:57] Error while downloading the html files.
Exception message: IndexError: list index out of range
[2021.01.15 07:37:57] Error while processing. URL: https://www.instagram.com/frieda_rudi_make_oink/
[2021.01.15 07:37:57] Error while processing. URL: https://www.instagram.com/frieda_rudi_make_oink/
[2021.01.15 07:37:58] 


[2021.01.15 07:37:58] 	********MONITORING PHASE********
[2021.01.15 07:37:58] Skip modifying the html files of href: https://www.instagram.com/polizei.hannover/. [Download Error]
[2021.01.15 07:37:58] Skip modifying the html files of href: https://www.instagram.com/polizei.hannover/. [Download Error]
[2021.01.15 07:37:58] Skip modifying the html files of href: https://www.instagram.com/polizei.hannover/channel/. [Download Error]
[2021.01.15 07:37:58] Skip modifying the html files of href: https://www.instagram.com/polizei.hannover/channel/. [Download Error]
[2021.01.15 07:37:58] Skip modifying the html files of href: https://www.instagram.com/polizei.hannover/tagged/. [Download Error]
[2021.01.15 07:37:58] Skip modifying the html files of href: https://www.instagram.com/polizei.hannover/tagged/. [Download Error]
[2021.01.15 07:37:58] Skip modifying the html files of href: https://www.instagram.com/frieda_rudi_make_oink/. [Download Error]
[2021.01.15 07:37:58] Skip modifying the html files of href: https://www.instagram.com/frieda_rudi_make_oink/. [Download Error]
[2021.01.15 07:37:58] 		{{{RESULT}}}
[2021.01.15 07:37:58] ID:	polizei.hannover
[2021.01.15 07:37:58] Type:	posts
[2021.01.15 07:37:58] Mode:	2
[2021.01.15 07:37:58] Change:	False
[2021.01.15 07:37:58] Notify:	False
[2021.01.15 07:37:58] Error:	True

[2021.01.15 07:37:58] ID:	polizei.hannover
[2021.01.15 07:37:58] Type:	igtv
[2021.01.15 07:37:58] Mode:	1
[2021.01.15 07:37:58] Change:	False
[2021.01.15 07:37:58] Notify:	False
[2021.01.15 07:37:58] Error:	True

[2021.01.15 07:37:58] ID:	polizei.hannover
[2021.01.15 07:37:58] Type:	tagged
[2021.01.15 07:37:58] Mode:	1
[2021.01.15 07:37:58] Change:	False
[2021.01.15 07:37:58] Notify:	False
[2021.01.15 07:37:58] Error:	True

[2021.01.15 07:37:58] ID:	frieda_rudi_make_oink
[2021.01.15 07:37:58] Type:	posts
[2021.01.15 07:37:58] Mode:	1
[2021.01.15 07:37:58] Change:	False
[2021.01.15 07:37:58] Notify:	False
[2021.01.15 07:37:58] Error:	True

waiting 3 seconds
Execution 135
[2021.01.15 07:38:04] 		{{{BASIC TEST}}}
[2021.01.15 07:38:04] 


[2021.01.15 07:38:04] 	************STORING PHASE************

[2021.01.15 07:38:32] store the html code of : (https://www.instagram.com/polizei.hannover/) in polizei.hannover/posts/old.html
[2021.01.15 07:38:32] OR in polizei.hannover/posts/new.html
[2021.01.15 07:38:32] --------------------------------------------

[2021.01.15 07:38:48] Error while downloading the html files.
Exception message: IndexError: list index out of range
[2021.01.15 07:38:48] Error while downloading the html files.
Exception message: IndexError: list index out of range
[2021.01.15 07:38:48] Error while processing. URL: https://www.instagram.com/polizei.hannover/
[2021.01.15 07:38:48] Error while processing. URL: https://www.instagram.com/polizei.hannover/
[2021.01.15 07:38:48] store the html code of : (https://www.instagram.com/polizei.hannover/channel/) in polizei.hannover/igtv/old.html
[2021.01.15 07:38:48] OR in polizei.hannover/igtv/new.html
[2021.01.15 07:38:48] --------------------------------------------

[2021.01.15 07:39:02] Error while downloading the html files.
Exception message: IndexError: list index out of range
[2021.01.15 07:39:02] Error while downloading the html files.
Exception message: IndexError: list index out of range
[2021.01.15 07:39:02] Error while processing. URL: https://www.instagram.com/polizei.hannover/channel/
[2021.01.15 07:39:02] Error while processing. URL: https://www.instagram.com/polizei.hannover/channel/
[2021.01.15 07:39:02] store the html code of : (https://www.instagram.com/polizei.hannover/tagged/) in polizei.hannover/tagged/old.html
[2021.01.15 07:39:02] OR in polizei.hannover/tagged/new.html
[2021.01.15 07:39:02] --------------------------------------------

[2021.01.15 07:39:15] Error while downloading the html files.
Exception message: IndexError: list index out of range
[2021.01.15 07:39:15] Error while downloading the html files.
Exception message: IndexError: list index out of range
[2021.01.15 07:39:15] Error while processing. URL: https://www.instagram.com/polizei.hannover/tagged/
[2021.01.15 07:39:15] Error while processing. URL: https://www.instagram.com/polizei.hannover/tagged/
[2021.01.15 07:39:15] store the html code of : (https://www.instagram.com/frieda_rudi_make_oink/) in frieda_rudi_make_oink/posts/old.html
[2021.01.15 07:39:15] OR in frieda_rudi_make_oink/posts/new.html
[2021.01.15 07:39:15] --------------------------------------------

[2021.01.15 07:39:29] Error while downloading the html files.
Exception message: IndexError: list index out of range
[2021.01.15 07:39:29] Error while downloading the html files.
Exception message: IndexError: list index out of range
[2021.01.15 07:39:29] Error while processing. URL: https://www.instagram.com/frieda_rudi_make_oink/
[2021.01.15 07:39:29] Error while processing. URL: https://www.instagram.com/frieda_rudi_make_oink/
[2021.01.15 07:39:30] 


[2021.01.15 07:39:30] 	********MONITORING PHASE********
[2021.01.15 07:39:30] Skip modifying the html files of href: https://www.instagram.com/polizei.hannover/. [Download Error]
[2021.01.15 07:39:30] Skip modifying the html files of href: https://www.instagram.com/polizei.hannover/. [Download Error]
[2021.01.15 07:39:30] Skip modifying the html files of href: https://www.instagram.com/polizei.hannover/channel/. [Download Error]
[2021.01.15 07:39:30] Skip modifying the html files of href: https://www.instagram.com/polizei.hannover/channel/. [Download Error]
[2021.01.15 07:39:30] Skip modifying the html files of href: https://www.instagram.com/polizei.hannover/tagged/. [Download Error]
[2021.01.15 07:39:30] Skip modifying the html files of href: https://www.instagram.com/polizei.hannover/tagged/. [Download Error]
[2021.01.15 07:39:30] Skip modifying the html files of href: https://www.instagram.com/frieda_rudi_make_oink/. [Download Error]
[2021.01.15 07:39:30] Skip modifying the html files of href: https://www.instagram.com/frieda_rudi_make_oink/. [Download Error]
[2021.01.15 07:39:30] 		{{{RESULT}}}
[2021.01.15 07:39:30] ID:	polizei.hannover
[2021.01.15 07:39:30] Type:	posts
[2021.01.15 07:39:30] Mode:	2
[2021.01.15 07:39:30] Change:	False
[2021.01.15 07:39:30] Notify:	False
[2021.01.15 07:39:30] Error:	True

[2021.01.15 07:39:30] ID:	polizei.hannover
[2021.01.15 07:39:30] Type:	igtv
[2021.01.15 07:39:30] Mode:	1
[2021.01.15 07:39:30] Change:	False
[2021.01.15 07:39:30] Notify:	False
[2021.01.15 07:39:30] Error:	True

[2021.01.15 07:39:30] ID:	polizei.hannover
[2021.01.15 07:39:30] Type:	tagged
[2021.01.15 07:39:30] Mode:	1
[2021.01.15 07:39:30] Change:	False
[2021.01.15 07:39:30] Notify:	False
[2021.01.15 07:39:30] Error:	True

[2021.01.15 07:39:30] ID:	frieda_rudi_make_oink
[2021.01.15 07:39:30] Type:	posts
[2021.01.15 07:39:30] Mode:	1
[2021.01.15 07:39:30] Change:	False
[2021.01.15 07:39:30] Notify:	False
[2021.01.15 07:39:30] Error:	True

waiting 3 seconds
Execution 136
[2021.01.15 07:39:36] 		{{{BASIC TEST}}}
[2021.01.15 07:39:36] 


[2021.01.15 07:39:36] 	************STORING PHASE************

[2021.01.15 07:40:03] store the html code of : (https://www.instagram.com/polizei.hannover/) in polizei.hannover/posts/old.html
[2021.01.15 07:40:03] OR in polizei.hannover/posts/new.html
[2021.01.15 07:40:03] --------------------------------------------

[2021.01.15 07:40:16] Error while downloading the html files.
Exception message: IndexError: list index out of range
[2021.01.15 07:40:16] Error while downloading the html files.
Exception message: IndexError: list index out of range
[2021.01.15 07:40:16] Error while processing. URL: https://www.instagram.com/polizei.hannover/
[2021.01.15 07:40:16] Error while processing. URL: https://www.instagram.com/polizei.hannover/
[2021.01.15 07:40:16] store the html code of : (https://www.instagram.com/polizei.hannover/channel/) in polizei.hannover/igtv/old.html
[2021.01.15 07:40:16] OR in polizei.hannover/igtv/new.html
[2021.01.15 07:40:16] --------------------------------------------

[2021.01.15 07:40:29] Error while downloading the html files.
Exception message: IndexError: list index out of range
[2021.01.15 07:40:29] Error while downloading the html files.
Exception message: IndexError: list index out of range
[2021.01.15 07:40:29] Error while processing. URL: https://www.instagram.com/polizei.hannover/channel/
[2021.01.15 07:40:29] Error while processing. URL: https://www.instagram.com/polizei.hannover/channel/
[2021.01.15 07:40:29] store the html code of : (https://www.instagram.com/polizei.hannover/tagged/) in polizei.hannover/tagged/old.html
[2021.01.15 07:40:29] OR in polizei.hannover/tagged/new.html
[2021.01.15 07:40:29] --------------------------------------------

[2021.01.15 07:40:45] Error while downloading the html files.
Exception message: IndexError: list index out of range
[2021.01.15 07:40:45] Error while downloading the html files.
Exception message: IndexError: list index out of range
[2021.01.15 07:40:45] Error while processing. URL: https://www.instagram.com/polizei.hannover/tagged/
[2021.01.15 07:40:45] Error while processing. URL: https://www.instagram.com/polizei.hannover/tagged/
[2021.01.15 07:40:45] store the html code of : (https://www.instagram.com/frieda_rudi_make_oink/) in frieda_rudi_make_oink/posts/old.html
[2021.01.15 07:40:45] OR in frieda_rudi_make_oink/posts/new.html
[2021.01.15 07:40:45] --------------------------------------------

[2021.01.15 07:40:57] Error while downloading the html files.
Exception message: IndexError: list index out of range
[2021.01.15 07:40:57] Error while downloading the html files.
Exception message: IndexError: list index out of range
[2021.01.15 07:40:57] Error while processing. URL: https://www.instagram.com/frieda_rudi_make_oink/
[2021.01.15 07:40:57] Error while processing. URL: https://www.instagram.com/frieda_rudi_make_oink/
[2021.01.15 07:40:58] 


[2021.01.15 07:40:58] 	********MONITORING PHASE********
[2021.01.15 07:40:58] Skip modifying the html files of href: https://www.instagram.com/polizei.hannover/. [Download Error]
[2021.01.15 07:40:58] Skip modifying the html files of href: https://www.instagram.com/polizei.hannover/. [Download Error]
[2021.01.15 07:40:58] Skip modifying the html files of href: https://www.instagram.com/polizei.hannover/channel/. [Download Error]
[2021.01.15 07:40:58] Skip modifying the html files of href: https://www.instagram.com/polizei.hannover/channel/. [Download Error]
[2021.01.15 07:40:58] Skip modifying the html files of href: https://www.instagram.com/polizei.hannover/tagged/. [Download Error]
[2021.01.15 07:40:58] Skip modifying the html files of href: https://www.instagram.com/polizei.hannover/tagged/. [Download Error]
[2021.01.15 07:40:58] Skip modifying the html files of href: https://www.instagram.com/frieda_rudi_make_oink/. [Download Error]
[2021.01.15 07:40:58] Skip modifying the html files of href: https://www.instagram.com/frieda_rudi_make_oink/. [Download Error]
[2021.01.15 07:40:58] 		{{{RESULT}}}
[2021.01.15 07:40:58] ID:	polizei.hannover
[2021.01.15 07:40:58] Type:	posts
[2021.01.15 07:40:58] Mode:	2
[2021.01.15 07:40:58] Change:	False
[2021.01.15 07:40:58] Notify:	False
[2021.01.15 07:40:58] Error:	True

[2021.01.15 07:40:58] ID:	polizei.hannover
[2021.01.15 07:40:58] Type:	igtv
[2021.01.15 07:40:58] Mode:	1
[2021.01.15 07:40:58] Change:	False
[2021.01.15 07:40:58] Notify:	False
[2021.01.15 07:40:58] Error:	True

[2021.01.15 07:40:58] ID:	polizei.hannover
[2021.01.15 07:40:58] Type:	tagged
[2021.01.15 07:40:58] Mode:	1
[2021.01.15 07:40:58] Change:	False
[2021.01.15 07:40:58] Notify:	False
[2021.01.15 07:40:58] Error:	True

[2021.01.15 07:40:58] ID:	frieda_rudi_make_oink
[2021.01.15 07:40:58] Type:	posts
[2021.01.15 07:40:58] Mode:	1
[2021.01.15 07:40:58] Change:	False
[2021.01.15 07:40:58] Notify:	False
[2021.01.15 07:40:58] Error:	True

waiting 3 seconds
Execution 137
[2021.01.15 07:41:05] 		{{{BASIC TEST}}}
[2021.01.15 07:41:05] 


[2021.01.15 07:41:05] 	************STORING PHASE************

[2021.01.15 07:41:25] store the html code of : (https://www.instagram.com/polizei.hannover/) in polizei.hannover/posts/old.html
[2021.01.15 07:41:25] OR in polizei.hannover/posts/new.html
[2021.01.15 07:41:25] --------------------------------------------

[2021.01.15 07:41:41] Error while downloading the html files.
Exception message: IndexError: list index out of range
[2021.01.15 07:41:41] Error while downloading the html files.
Exception message: IndexError: list index out of range
[2021.01.15 07:41:41] Error while processing. URL: https://www.instagram.com/polizei.hannover/
[2021.01.15 07:41:41] Error while processing. URL: https://www.instagram.com/polizei.hannover/
[2021.01.15 07:41:41] store the html code of : (https://www.instagram.com/polizei.hannover/channel/) in polizei.hannover/igtv/old.html
[2021.01.15 07:41:41] OR in polizei.hannover/igtv/new.html
[2021.01.15 07:41:41] --------------------------------------------

[2021.01.15 07:41:59] Error while downloading the html files.
Exception message: IndexError: list index out of range
[2021.01.15 07:41:59] Error while downloading the html files.
Exception message: IndexError: list index out of range
[2021.01.15 07:41:59] Error while processing. URL: https://www.instagram.com/polizei.hannover/channel/
[2021.01.15 07:41:59] Error while processing. URL: https://www.instagram.com/polizei.hannover/channel/
[2021.01.15 07:41:59] store the html code of : (https://www.instagram.com/polizei.hannover/tagged/) in polizei.hannover/tagged/old.html
[2021.01.15 07:41:59] OR in polizei.hannover/tagged/new.html
[2021.01.15 07:41:59] --------------------------------------------

[2021.01.15 07:42:12] Error while downloading the html files.
Exception message: IndexError: list index out of range
[2021.01.15 07:42:12] Error while downloading the html files.
Exception message: IndexError: list index out of range
[2021.01.15 07:42:12] Error while processing. URL: https://www.instagram.com/polizei.hannover/tagged/
[2021.01.15 07:42:12] Error while processing. URL: https://www.instagram.com/polizei.hannover/tagged/
[2021.01.15 07:42:12] store the html code of : (https://www.instagram.com/frieda_rudi_make_oink/) in frieda_rudi_make_oink/posts/old.html
[2021.01.15 07:42:12] OR in frieda_rudi_make_oink/posts/new.html
[2021.01.15 07:42:12] --------------------------------------------

[2021.01.15 07:42:25] Error while downloading the html files.
Exception message: IndexError: list index out of range
[2021.01.15 07:42:25] Error while downloading the html files.
Exception message: IndexError: list index out of range
[2021.01.15 07:42:25] Error while processing. URL: https://www.instagram.com/frieda_rudi_make_oink/
[2021.01.15 07:42:25] Error while processing. URL: https://www.instagram.com/frieda_rudi_make_oink/
[2021.01.15 07:42:25] 


[2021.01.15 07:42:25] 	********MONITORING PHASE********
[2021.01.15 07:42:25] Skip modifying the html files of href: https://www.instagram.com/polizei.hannover/. [Download Error]
[2021.01.15 07:42:25] Skip modifying the html files of href: https://www.instagram.com/polizei.hannover/. [Download Error]
[2021.01.15 07:42:25] Skip modifying the html files of href: https://www.instagram.com/polizei.hannover/channel/. [Download Error]
[2021.01.15 07:42:25] Skip modifying the html files of href: https://www.instagram.com/polizei.hannover/channel/. [Download Error]
[2021.01.15 07:42:25] Skip modifying the html files of href: https://www.instagram.com/polizei.hannover/tagged/. [Download Error]
[2021.01.15 07:42:25] Skip modifying the html files of href: https://www.instagram.com/polizei.hannover/tagged/. [Download Error]
[2021.01.15 07:42:25] Skip modifying the html files of href: https://www.instagram.com/frieda_rudi_make_oink/. [Download Error]
[2021.01.15 07:42:25] Skip modifying the html files of href: https://www.instagram.com/frieda_rudi_make_oink/. [Download Error]
[2021.01.15 07:42:25] 		{{{RESULT}}}
[2021.01.15 07:42:25] ID:	polizei.hannover
[2021.01.15 07:42:25] Type:	posts
[2021.01.15 07:42:25] Mode:	2
[2021.01.15 07:42:25] Change:	False
[2021.01.15 07:42:25] Notify:	False
[2021.01.15 07:42:25] Error:	True

[2021.01.15 07:42:25] ID:	polizei.hannover
[2021.01.15 07:42:25] Type:	igtv
[2021.01.15 07:42:25] Mode:	1
[2021.01.15 07:42:25] Change:	False
[2021.01.15 07:42:25] Notify:	False
[2021.01.15 07:42:25] Error:	True

[2021.01.15 07:42:25] ID:	polizei.hannover
[2021.01.15 07:42:25] Type:	tagged
[2021.01.15 07:42:25] Mode:	1
[2021.01.15 07:42:25] Change:	False
[2021.01.15 07:42:25] Notify:	False
[2021.01.15 07:42:25] Error:	True

[2021.01.15 07:42:25] ID:	frieda_rudi_make_oink
[2021.01.15 07:42:25] Type:	posts
[2021.01.15 07:42:25] Mode:	1
[2021.01.15 07:42:25] Change:	False
[2021.01.15 07:42:25] Notify:	False
[2021.01.15 07:42:25] Error:	True

waiting 3 seconds
Execution 138
[2021.01.15 07:42:32] 		{{{BASIC TEST}}}
[2021.01.15 07:42:32] 


[2021.01.15 07:42:32] 	************STORING PHASE************

[2021.01.15 07:42:55] store the html code of : (https://www.instagram.com/polizei.hannover/) in polizei.hannover/posts/old.html
[2021.01.15 07:42:55] OR in polizei.hannover/posts/new.html
[2021.01.15 07:42:55] --------------------------------------------

[2021.01.15 07:43:07] Error while downloading the html files.
Exception message: IndexError: list index out of range
[2021.01.15 07:43:07] Error while downloading the html files.
Exception message: IndexError: list index out of range
[2021.01.15 07:43:07] Error while processing. URL: https://www.instagram.com/polizei.hannover/
[2021.01.15 07:43:07] Error while processing. URL: https://www.instagram.com/polizei.hannover/
[2021.01.15 07:43:07] store the html code of : (https://www.instagram.com/polizei.hannover/channel/) in polizei.hannover/igtv/old.html
[2021.01.15 07:43:07] OR in polizei.hannover/igtv/new.html
[2021.01.15 07:43:07] --------------------------------------------

[2021.01.15 07:43:20] Error while downloading the html files.
Exception message: IndexError: list index out of range
[2021.01.15 07:43:20] Error while downloading the html files.
Exception message: IndexError: list index out of range
[2021.01.15 07:43:21] Error while processing. URL: https://www.instagram.com/polizei.hannover/channel/
[2021.01.15 07:43:21] Error while processing. URL: https://www.instagram.com/polizei.hannover/channel/
[2021.01.15 07:43:21] store the html code of : (https://www.instagram.com/polizei.hannover/tagged/) in polizei.hannover/tagged/old.html
[2021.01.15 07:43:21] OR in polizei.hannover/tagged/new.html
[2021.01.15 07:43:21] --------------------------------------------

[2021.01.15 07:43:35] Error while downloading the html files.
Exception message: IndexError: list index out of range
[2021.01.15 07:43:35] Error while downloading the html files.
Exception message: IndexError: list index out of range
[2021.01.15 07:43:35] Error while processing. URL: https://www.instagram.com/polizei.hannover/tagged/
[2021.01.15 07:43:35] Error while processing. URL: https://www.instagram.com/polizei.hannover/tagged/
[2021.01.15 07:43:35] store the html code of : (https://www.instagram.com/frieda_rudi_make_oink/) in frieda_rudi_make_oink/posts/old.html
[2021.01.15 07:43:35] OR in frieda_rudi_make_oink/posts/new.html
[2021.01.15 07:43:35] --------------------------------------------

[2021.01.15 07:43:49] Error while downloading the html files.
Exception message: IndexError: list index out of range
[2021.01.15 07:43:49] Error while downloading the html files.
Exception message: IndexError: list index out of range
[2021.01.15 07:43:49] Error while processing. URL: https://www.instagram.com/frieda_rudi_make_oink/
[2021.01.15 07:43:49] Error while processing. URL: https://www.instagram.com/frieda_rudi_make_oink/
[2021.01.15 07:43:50] 


[2021.01.15 07:43:50] 	********MONITORING PHASE********
[2021.01.15 07:43:50] Skip modifying the html files of href: https://www.instagram.com/polizei.hannover/. [Download Error]
[2021.01.15 07:43:50] Skip modifying the html files of href: https://www.instagram.com/polizei.hannover/. [Download Error]
[2021.01.15 07:43:50] Skip modifying the html files of href: https://www.instagram.com/polizei.hannover/channel/. [Download Error]
[2021.01.15 07:43:50] Skip modifying the html files of href: https://www.instagram.com/polizei.hannover/channel/. [Download Error]
[2021.01.15 07:43:50] Skip modifying the html files of href: https://www.instagram.com/polizei.hannover/tagged/. [Download Error]
[2021.01.15 07:43:50] Skip modifying the html files of href: https://www.instagram.com/polizei.hannover/tagged/. [Download Error]
[2021.01.15 07:43:50] Skip modifying the html files of href: https://www.instagram.com/frieda_rudi_make_oink/. [Download Error]
[2021.01.15 07:43:50] Skip modifying the html files of href: https://www.instagram.com/frieda_rudi_make_oink/. [Download Error]
[2021.01.15 07:43:50] 		{{{RESULT}}}
[2021.01.15 07:43:50] ID:	polizei.hannover
[2021.01.15 07:43:50] Type:	posts
[2021.01.15 07:43:50] Mode:	2
[2021.01.15 07:43:50] Change:	False
[2021.01.15 07:43:50] Notify:	False
[2021.01.15 07:43:50] Error:	True

[2021.01.15 07:43:50] ID:	polizei.hannover
[2021.01.15 07:43:50] Type:	igtv
[2021.01.15 07:43:50] Mode:	1
[2021.01.15 07:43:50] Change:	False
[2021.01.15 07:43:50] Notify:	False
[2021.01.15 07:43:50] Error:	True

[2021.01.15 07:43:50] ID:	polizei.hannover
[2021.01.15 07:43:50] Type:	tagged
[2021.01.15 07:43:50] Mode:	1
[2021.01.15 07:43:50] Change:	False
[2021.01.15 07:43:50] Notify:	False
[2021.01.15 07:43:50] Error:	True

[2021.01.15 07:43:50] ID:	frieda_rudi_make_oink
[2021.01.15 07:43:50] Type:	posts
[2021.01.15 07:43:50] Mode:	1
[2021.01.15 07:43:50] Change:	False
[2021.01.15 07:43:50] Notify:	False
[2021.01.15 07:43:50] Error:	True

waiting 3 seconds
Execution 139
[2021.01.15 07:43:57] 		{{{BASIC TEST}}}
[2021.01.15 07:43:57] 


[2021.01.15 07:43:57] 	************STORING PHASE************

[2021.01.15 07:44:21] store the html code of : (https://www.instagram.com/polizei.hannover/) in polizei.hannover/posts/old.html
[2021.01.15 07:44:21] OR in polizei.hannover/posts/new.html
[2021.01.15 07:44:21] --------------------------------------------

[2021.01.15 07:44:33] Error while downloading the html files.
Exception message: IndexError: list index out of range
[2021.01.15 07:44:33] Error while downloading the html files.
Exception message: IndexError: list index out of range
[2021.01.15 07:44:33] Error while processing. URL: https://www.instagram.com/polizei.hannover/
[2021.01.15 07:44:33] Error while processing. URL: https://www.instagram.com/polizei.hannover/
[2021.01.15 07:44:33] store the html code of : (https://www.instagram.com/polizei.hannover/channel/) in polizei.hannover/igtv/old.html
[2021.01.15 07:44:33] OR in polizei.hannover/igtv/new.html
[2021.01.15 07:44:33] --------------------------------------------

[2021.01.15 07:44:48] Error while downloading the html files.
Exception message: IndexError: list index out of range
[2021.01.15 07:44:48] Error while downloading the html files.
Exception message: IndexError: list index out of range
[2021.01.15 07:44:48] Error while processing. URL: https://www.instagram.com/polizei.hannover/channel/
[2021.01.15 07:44:48] Error while processing. URL: https://www.instagram.com/polizei.hannover/channel/
[2021.01.15 07:44:48] store the html code of : (https://www.instagram.com/polizei.hannover/tagged/) in polizei.hannover/tagged/old.html
[2021.01.15 07:44:48] OR in polizei.hannover/tagged/new.html
[2021.01.15 07:44:48] --------------------------------------------

[2021.01.15 07:45:03] Error while downloading the html files.
Exception message: IndexError: list index out of range
[2021.01.15 07:45:03] Error while downloading the html files.
Exception message: IndexError: list index out of range
[2021.01.15 07:45:03] Error while processing. URL: https://www.instagram.com/polizei.hannover/tagged/
[2021.01.15 07:45:03] Error while processing. URL: https://www.instagram.com/polizei.hannover/tagged/
[2021.01.15 07:45:03] store the html code of : (https://www.instagram.com/frieda_rudi_make_oink/) in frieda_rudi_make_oink/posts/old.html
[2021.01.15 07:45:03] OR in frieda_rudi_make_oink/posts/new.html
[2021.01.15 07:45:03] --------------------------------------------

[2021.01.15 07:45:19] Error while downloading the html files.
Exception message: IndexError: list index out of range
[2021.01.15 07:45:19] Error while downloading the html files.
Exception message: IndexError: list index out of range
[2021.01.15 07:45:20] Error while processing. URL: https://www.instagram.com/frieda_rudi_make_oink/
[2021.01.15 07:45:20] Error while processing. URL: https://www.instagram.com/frieda_rudi_make_oink/
[2021.01.15 07:45:20] 


[2021.01.15 07:45:20] 	********MONITORING PHASE********
[2021.01.15 07:45:20] Skip modifying the html files of href: https://www.instagram.com/polizei.hannover/. [Download Error]
[2021.01.15 07:45:20] Skip modifying the html files of href: https://www.instagram.com/polizei.hannover/. [Download Error]
[2021.01.15 07:45:20] Skip modifying the html files of href: https://www.instagram.com/polizei.hannover/channel/. [Download Error]
[2021.01.15 07:45:20] Skip modifying the html files of href: https://www.instagram.com/polizei.hannover/channel/. [Download Error]
[2021.01.15 07:45:20] Skip modifying the html files of href: https://www.instagram.com/polizei.hannover/tagged/. [Download Error]
[2021.01.15 07:45:20] Skip modifying the html files of href: https://www.instagram.com/polizei.hannover/tagged/. [Download Error]
[2021.01.15 07:45:20] Skip modifying the html files of href: https://www.instagram.com/frieda_rudi_make_oink/. [Download Error]
[2021.01.15 07:45:20] Skip modifying the html files of href: https://www.instagram.com/frieda_rudi_make_oink/. [Download Error]
[2021.01.15 07:45:20] 		{{{RESULT}}}
[2021.01.15 07:45:20] ID:	polizei.hannover
[2021.01.15 07:45:20] Type:	posts
[2021.01.15 07:45:20] Mode:	2
[2021.01.15 07:45:20] Change:	False
[2021.01.15 07:45:20] Notify:	False
[2021.01.15 07:45:20] Error:	True

[2021.01.15 07:45:20] ID:	polizei.hannover
[2021.01.15 07:45:20] Type:	igtv
[2021.01.15 07:45:20] Mode:	1
[2021.01.15 07:45:20] Change:	False
[2021.01.15 07:45:20] Notify:	False
[2021.01.15 07:45:20] Error:	True

[2021.01.15 07:45:20] ID:	polizei.hannover
[2021.01.15 07:45:20] Type:	tagged
[2021.01.15 07:45:20] Mode:	1
[2021.01.15 07:45:20] Change:	False
[2021.01.15 07:45:20] Notify:	False
[2021.01.15 07:45:20] Error:	True

[2021.01.15 07:45:20] ID:	frieda_rudi_make_oink
[2021.01.15 07:45:20] Type:	posts
[2021.01.15 07:45:20] Mode:	1
[2021.01.15 07:45:20] Change:	False
[2021.01.15 07:45:20] Notify:	False
[2021.01.15 07:45:20] Error:	True

waiting 3 seconds
Execution 140
[2021.01.15 07:45:27] 		{{{BASIC TEST}}}
[2021.01.15 07:45:27] 


[2021.01.15 07:45:27] 	************STORING PHASE************

[2021.01.15 07:45:53] store the html code of : (https://www.instagram.com/polizei.hannover/) in polizei.hannover/posts/old.html
[2021.01.15 07:45:53] OR in polizei.hannover/posts/new.html
[2021.01.15 07:45:53] --------------------------------------------

[2021.01.15 07:46:09] Error while downloading the html files.
Exception message: IndexError: list index out of range
[2021.01.15 07:46:09] Error while downloading the html files.
Exception message: IndexError: list index out of range
[2021.01.15 07:46:09] Error while processing. URL: https://www.instagram.com/polizei.hannover/
[2021.01.15 07:46:09] Error while processing. URL: https://www.instagram.com/polizei.hannover/
[2021.01.15 07:46:09] store the html code of : (https://www.instagram.com/polizei.hannover/channel/) in polizei.hannover/igtv/old.html
[2021.01.15 07:46:09] OR in polizei.hannover/igtv/new.html
[2021.01.15 07:46:09] --------------------------------------------

[2021.01.15 07:46:25] Error while downloading the html files.
Exception message: IndexError: list index out of range
[2021.01.15 07:46:25] Error while downloading the html files.
Exception message: IndexError: list index out of range
[2021.01.15 07:46:25] Error while processing. URL: https://www.instagram.com/polizei.hannover/channel/
[2021.01.15 07:46:25] Error while processing. URL: https://www.instagram.com/polizei.hannover/channel/
[2021.01.15 07:46:25] store the html code of : (https://www.instagram.com/polizei.hannover/tagged/) in polizei.hannover/tagged/old.html
[2021.01.15 07:46:25] OR in polizei.hannover/tagged/new.html
[2021.01.15 07:46:25] --------------------------------------------

[2021.01.15 07:46:41] Error while downloading the html files.
Exception message: IndexError: list index out of range
[2021.01.15 07:46:41] Error while downloading the html files.
Exception message: IndexError: list index out of range
[2021.01.15 07:46:41] Error while processing. URL: https://www.instagram.com/polizei.hannover/tagged/
[2021.01.15 07:46:41] Error while processing. URL: https://www.instagram.com/polizei.hannover/tagged/
[2021.01.15 07:46:41] store the html code of : (https://www.instagram.com/frieda_rudi_make_oink/) in frieda_rudi_make_oink/posts/old.html
[2021.01.15 07:46:41] OR in frieda_rudi_make_oink/posts/new.html
[2021.01.15 07:46:41] --------------------------------------------

[2021.01.15 07:46:57] Error while downloading the html files.
Exception message: IndexError: list index out of range
[2021.01.15 07:46:57] Error while downloading the html files.
Exception message: IndexError: list index out of range
[2021.01.15 07:46:57] Error while processing. URL: https://www.instagram.com/frieda_rudi_make_oink/
[2021.01.15 07:46:57] Error while processing. URL: https://www.instagram.com/frieda_rudi_make_oink/
[2021.01.15 07:46:58] 


[2021.01.15 07:46:58] 	********MONITORING PHASE********
[2021.01.15 07:46:58] Skip modifying the html files of href: https://www.instagram.com/polizei.hannover/. [Download Error]
[2021.01.15 07:46:58] Skip modifying the html files of href: https://www.instagram.com/polizei.hannover/. [Download Error]
[2021.01.15 07:46:58] Skip modifying the html files of href: https://www.instagram.com/polizei.hannover/channel/. [Download Error]
[2021.01.15 07:46:58] Skip modifying the html files of href: https://www.instagram.com/polizei.hannover/channel/. [Download Error]
[2021.01.15 07:46:58] Skip modifying the html files of href: https://www.instagram.com/polizei.hannover/tagged/. [Download Error]
[2021.01.15 07:46:58] Skip modifying the html files of href: https://www.instagram.com/polizei.hannover/tagged/. [Download Error]
[2021.01.15 07:46:58] Skip modifying the html files of href: https://www.instagram.com/frieda_rudi_make_oink/. [Download Error]
[2021.01.15 07:46:58] Skip modifying the html files of href: https://www.instagram.com/frieda_rudi_make_oink/. [Download Error]
[2021.01.15 07:46:58] 		{{{RESULT}}}
[2021.01.15 07:46:58] ID:	polizei.hannover
[2021.01.15 07:46:58] Type:	posts
[2021.01.15 07:46:58] Mode:	2
[2021.01.15 07:46:58] Change:	False
[2021.01.15 07:46:58] Notify:	False
[2021.01.15 07:46:58] Error:	True

[2021.01.15 07:46:58] ID:	polizei.hannover
[2021.01.15 07:46:58] Type:	igtv
[2021.01.15 07:46:58] Mode:	1
[2021.01.15 07:46:58] Change:	False
[2021.01.15 07:46:58] Notify:	False
[2021.01.15 07:46:58] Error:	True

[2021.01.15 07:46:58] ID:	polizei.hannover
[2021.01.15 07:46:58] Type:	tagged
[2021.01.15 07:46:58] Mode:	1
[2021.01.15 07:46:58] Change:	False
[2021.01.15 07:46:58] Notify:	False
[2021.01.15 07:46:58] Error:	True

[2021.01.15 07:46:58] ID:	frieda_rudi_make_oink
[2021.01.15 07:46:58] Type:	posts
[2021.01.15 07:46:58] Mode:	1
[2021.01.15 07:46:58] Change:	False
[2021.01.15 07:46:58] Notify:	False
[2021.01.15 07:46:58] Error:	True

waiting 3 seconds
Execution 141
[2021.01.15 07:47:05] 		{{{BASIC TEST}}}
[2021.01.15 07:47:05] 


[2021.01.15 07:47:05] 	************STORING PHASE************

[2021.01.15 07:47:24] store the html code of : (https://www.instagram.com/polizei.hannover/) in polizei.hannover/posts/old.html
[2021.01.15 07:47:24] OR in polizei.hannover/posts/new.html
[2021.01.15 07:47:24] --------------------------------------------

[2021.01.15 07:47:39] Error while downloading the html files.
Exception message: IndexError: list index out of range
[2021.01.15 07:47:39] Error while downloading the html files.
Exception message: IndexError: list index out of range
[2021.01.15 07:47:39] Error while processing. URL: https://www.instagram.com/polizei.hannover/
[2021.01.15 07:47:39] Error while processing. URL: https://www.instagram.com/polizei.hannover/
[2021.01.15 07:47:39] store the html code of : (https://www.instagram.com/polizei.hannover/channel/) in polizei.hannover/igtv/old.html
[2021.01.15 07:47:39] OR in polizei.hannover/igtv/new.html
[2021.01.15 07:47:39] --------------------------------------------

[2021.01.15 07:47:51] Error while downloading the html files.
Exception message: IndexError: list index out of range
[2021.01.15 07:47:51] Error while downloading the html files.
Exception message: IndexError: list index out of range
[2021.01.15 07:47:52] Error while processing. URL: https://www.instagram.com/polizei.hannover/channel/
[2021.01.15 07:47:52] Error while processing. URL: https://www.instagram.com/polizei.hannover/channel/
[2021.01.15 07:47:52] store the html code of : (https://www.instagram.com/polizei.hannover/tagged/) in polizei.hannover/tagged/old.html
[2021.01.15 07:47:52] OR in polizei.hannover/tagged/new.html
[2021.01.15 07:47:52] --------------------------------------------

[2021.01.15 07:48:08] Error while downloading the html files.
Exception message: IndexError: list index out of range
[2021.01.15 07:48:08] Error while downloading the html files.
Exception message: IndexError: list index out of range
[2021.01.15 07:48:08] Error while processing. URL: https://www.instagram.com/polizei.hannover/tagged/
[2021.01.15 07:48:08] Error while processing. URL: https://www.instagram.com/polizei.hannover/tagged/
[2021.01.15 07:48:08] store the html code of : (https://www.instagram.com/frieda_rudi_make_oink/) in frieda_rudi_make_oink/posts/old.html
[2021.01.15 07:48:08] OR in frieda_rudi_make_oink/posts/new.html
[2021.01.15 07:48:08] --------------------------------------------

[2021.01.15 07:48:24] Error while downloading the html files.
Exception message: IndexError: list index out of range
[2021.01.15 07:48:24] Error while downloading the html files.
Exception message: IndexError: list index out of range
[2021.01.15 07:48:24] Error while processing. URL: https://www.instagram.com/frieda_rudi_make_oink/
[2021.01.15 07:48:24] Error while processing. URL: https://www.instagram.com/frieda_rudi_make_oink/
[2021.01.15 07:48:25] 


[2021.01.15 07:48:25] 	********MONITORING PHASE********
[2021.01.15 07:48:25] Skip modifying the html files of href: https://www.instagram.com/polizei.hannover/. [Download Error]
[2021.01.15 07:48:25] Skip modifying the html files of href: https://www.instagram.com/polizei.hannover/. [Download Error]
[2021.01.15 07:48:25] Skip modifying the html files of href: https://www.instagram.com/polizei.hannover/channel/. [Download Error]
[2021.01.15 07:48:25] Skip modifying the html files of href: https://www.instagram.com/polizei.hannover/channel/. [Download Error]
[2021.01.15 07:48:25] Skip modifying the html files of href: https://www.instagram.com/polizei.hannover/tagged/. [Download Error]
[2021.01.15 07:48:25] Skip modifying the html files of href: https://www.instagram.com/polizei.hannover/tagged/. [Download Error]
[2021.01.15 07:48:25] Skip modifying the html files of href: https://www.instagram.com/frieda_rudi_make_oink/. [Download Error]
[2021.01.15 07:48:25] Skip modifying the html files of href: https://www.instagram.com/frieda_rudi_make_oink/. [Download Error]
[2021.01.15 07:48:25] 		{{{RESULT}}}
[2021.01.15 07:48:25] ID:	polizei.hannover
[2021.01.15 07:48:25] Type:	posts
[2021.01.15 07:48:25] Mode:	2
[2021.01.15 07:48:25] Change:	False
[2021.01.15 07:48:25] Notify:	False
[2021.01.15 07:48:25] Error:	True

[2021.01.15 07:48:25] ID:	polizei.hannover
[2021.01.15 07:48:25] Type:	igtv
[2021.01.15 07:48:25] Mode:	1
[2021.01.15 07:48:25] Change:	False
[2021.01.15 07:48:25] Notify:	False
[2021.01.15 07:48:25] Error:	True

[2021.01.15 07:48:25] ID:	polizei.hannover
[2021.01.15 07:48:25] Type:	tagged
[2021.01.15 07:48:25] Mode:	1
[2021.01.15 07:48:25] Change:	False
[2021.01.15 07:48:25] Notify:	False
[2021.01.15 07:48:25] Error:	True

[2021.01.15 07:48:25] ID:	frieda_rudi_make_oink
[2021.01.15 07:48:25] Type:	posts
[2021.01.15 07:48:25] Mode:	1
[2021.01.15 07:48:25] Change:	False
[2021.01.15 07:48:25] Notify:	False
[2021.01.15 07:48:25] Error:	True

waiting 3 seconds
Execution 142
[2021.01.15 07:48:32] 		{{{BASIC TEST}}}
[2021.01.15 07:48:32] 


[2021.01.15 07:48:32] 	************STORING PHASE************

[2021.01.15 07:48:57] store the html code of : (https://www.instagram.com/polizei.hannover/) in polizei.hannover/posts/old.html
[2021.01.15 07:48:57] OR in polizei.hannover/posts/new.html
[2021.01.15 07:48:57] --------------------------------------------

[2021.01.15 07:49:13] Error while downloading the html files.
Exception message: IndexError: list index out of range
[2021.01.15 07:49:13] Error while downloading the html files.
Exception message: IndexError: list index out of range
[2021.01.15 07:49:13] Error while processing. URL: https://www.instagram.com/polizei.hannover/
[2021.01.15 07:49:13] Error while processing. URL: https://www.instagram.com/polizei.hannover/
[2021.01.15 07:49:13] store the html code of : (https://www.instagram.com/polizei.hannover/channel/) in polizei.hannover/igtv/old.html
[2021.01.15 07:49:13] OR in polizei.hannover/igtv/new.html
[2021.01.15 07:49:13] --------------------------------------------

[2021.01.15 07:49:31] Error while downloading the html files.
Exception message: IndexError: list index out of range
[2021.01.15 07:49:31] Error while downloading the html files.
Exception message: IndexError: list index out of range
[2021.01.15 07:49:31] Error while processing. URL: https://www.instagram.com/polizei.hannover/channel/
[2021.01.15 07:49:31] Error while processing. URL: https://www.instagram.com/polizei.hannover/channel/
[2021.01.15 07:49:31] store the html code of : (https://www.instagram.com/polizei.hannover/tagged/) in polizei.hannover/tagged/old.html
[2021.01.15 07:49:31] OR in polizei.hannover/tagged/new.html
[2021.01.15 07:49:31] --------------------------------------------

[2021.01.15 07:49:46] Error while downloading the html files.
Exception message: IndexError: list index out of range
[2021.01.15 07:49:46] Error while downloading the html files.
Exception message: IndexError: list index out of range
[2021.01.15 07:49:46] Error while processing. URL: https://www.instagram.com/polizei.hannover/tagged/
[2021.01.15 07:49:46] Error while processing. URL: https://www.instagram.com/polizei.hannover/tagged/
[2021.01.15 07:49:46] store the html code of : (https://www.instagram.com/frieda_rudi_make_oink/) in frieda_rudi_make_oink/posts/old.html
[2021.01.15 07:49:46] OR in frieda_rudi_make_oink/posts/new.html
[2021.01.15 07:49:46] --------------------------------------------

[2021.01.15 07:50:01] Error while downloading the html files.
Exception message: IndexError: list index out of range
[2021.01.15 07:50:01] Error while downloading the html files.
Exception message: IndexError: list index out of range
[2021.01.15 07:50:01] Error while processing. URL: https://www.instagram.com/frieda_rudi_make_oink/
[2021.01.15 07:50:01] Error while processing. URL: https://www.instagram.com/frieda_rudi_make_oink/
[2021.01.15 07:50:02] 


[2021.01.15 07:50:02] 	********MONITORING PHASE********
[2021.01.15 07:50:02] Skip modifying the html files of href: https://www.instagram.com/polizei.hannover/. [Download Error]
[2021.01.15 07:50:02] Skip modifying the html files of href: https://www.instagram.com/polizei.hannover/. [Download Error]
[2021.01.15 07:50:02] Skip modifying the html files of href: https://www.instagram.com/polizei.hannover/channel/. [Download Error]
[2021.01.15 07:50:02] Skip modifying the html files of href: https://www.instagram.com/polizei.hannover/channel/. [Download Error]
[2021.01.15 07:50:02] Skip modifying the html files of href: https://www.instagram.com/polizei.hannover/tagged/. [Download Error]
[2021.01.15 07:50:02] Skip modifying the html files of href: https://www.instagram.com/polizei.hannover/tagged/. [Download Error]
[2021.01.15 07:50:02] Skip modifying the html files of href: https://www.instagram.com/frieda_rudi_make_oink/. [Download Error]
[2021.01.15 07:50:02] Skip modifying the html files of href: https://www.instagram.com/frieda_rudi_make_oink/. [Download Error]
[2021.01.15 07:50:02] 		{{{RESULT}}}
[2021.01.15 07:50:02] ID:	polizei.hannover
[2021.01.15 07:50:02] Type:	posts
[2021.01.15 07:50:02] Mode:	2
[2021.01.15 07:50:02] Change:	False
[2021.01.15 07:50:02] Notify:	False
[2021.01.15 07:50:02] Error:	True

[2021.01.15 07:50:02] ID:	polizei.hannover
[2021.01.15 07:50:02] Type:	igtv
[2021.01.15 07:50:02] Mode:	1
[2021.01.15 07:50:02] Change:	False
[2021.01.15 07:50:02] Notify:	False
[2021.01.15 07:50:02] Error:	True

[2021.01.15 07:50:02] ID:	polizei.hannover
[2021.01.15 07:50:02] Type:	tagged
[2021.01.15 07:50:02] Mode:	1
[2021.01.15 07:50:02] Change:	False
[2021.01.15 07:50:02] Notify:	False
[2021.01.15 07:50:02] Error:	True

[2021.01.15 07:50:02] ID:	frieda_rudi_make_oink
[2021.01.15 07:50:02] Type:	posts
[2021.01.15 07:50:02] Mode:	1
[2021.01.15 07:50:02] Change:	False
[2021.01.15 07:50:02] Notify:	False
[2021.01.15 07:50:02] Error:	True

waiting 3 seconds
Execution 143
[2021.01.15 07:50:09] 		{{{BASIC TEST}}}
[2021.01.15 07:50:09] 


[2021.01.15 07:50:09] 	************STORING PHASE************

[2021.01.15 07:50:32] store the html code of : (https://www.instagram.com/polizei.hannover/) in polizei.hannover/posts/old.html
[2021.01.15 07:50:32] OR in polizei.hannover/posts/new.html
[2021.01.15 07:50:32] --------------------------------------------

[2021.01.15 07:50:45] Error while downloading the html files.
Exception message: IndexError: list index out of range
[2021.01.15 07:50:45] Error while downloading the html files.
Exception message: IndexError: list index out of range
[2021.01.15 07:50:45] Error while processing. URL: https://www.instagram.com/polizei.hannover/
[2021.01.15 07:50:45] Error while processing. URL: https://www.instagram.com/polizei.hannover/
[2021.01.15 07:50:45] store the html code of : (https://www.instagram.com/polizei.hannover/channel/) in polizei.hannover/igtv/old.html
[2021.01.15 07:50:45] OR in polizei.hannover/igtv/new.html
[2021.01.15 07:50:45] --------------------------------------------

[2021.01.15 07:51:03] Error while downloading the html files.
Exception message: IndexError: list index out of range
[2021.01.15 07:51:03] Error while downloading the html files.
Exception message: IndexError: list index out of range
[2021.01.15 07:51:03] Error while processing. URL: https://www.instagram.com/polizei.hannover/channel/
[2021.01.15 07:51:03] Error while processing. URL: https://www.instagram.com/polizei.hannover/channel/
[2021.01.15 07:51:03] store the html code of : (https://www.instagram.com/polizei.hannover/tagged/) in polizei.hannover/tagged/old.html
[2021.01.15 07:51:03] OR in polizei.hannover/tagged/new.html
[2021.01.15 07:51:03] --------------------------------------------

[2021.01.15 07:51:16] Error while downloading the html files.
Exception message: IndexError: list index out of range
[2021.01.15 07:51:16] Error while downloading the html files.
Exception message: IndexError: list index out of range
[2021.01.15 07:51:16] Error while processing. URL: https://www.instagram.com/polizei.hannover/tagged/
[2021.01.15 07:51:16] Error while processing. URL: https://www.instagram.com/polizei.hannover/tagged/
[2021.01.15 07:51:16] store the html code of : (https://www.instagram.com/frieda_rudi_make_oink/) in frieda_rudi_make_oink/posts/old.html
[2021.01.15 07:51:16] OR in frieda_rudi_make_oink/posts/new.html
[2021.01.15 07:51:16] --------------------------------------------

[2021.01.15 07:51:32] Error while downloading the html files.
Exception message: IndexError: list index out of range
[2021.01.15 07:51:32] Error while downloading the html files.
Exception message: IndexError: list index out of range
[2021.01.15 07:51:32] Error while processing. URL: https://www.instagram.com/frieda_rudi_make_oink/
[2021.01.15 07:51:32] Error while processing. URL: https://www.instagram.com/frieda_rudi_make_oink/
[2021.01.15 07:51:33] 


[2021.01.15 07:51:33] 	********MONITORING PHASE********
[2021.01.15 07:51:33] Skip modifying the html files of href: https://www.instagram.com/polizei.hannover/. [Download Error]
[2021.01.15 07:51:33] Skip modifying the html files of href: https://www.instagram.com/polizei.hannover/. [Download Error]
[2021.01.15 07:51:33] Skip modifying the html files of href: https://www.instagram.com/polizei.hannover/channel/. [Download Error]
[2021.01.15 07:51:33] Skip modifying the html files of href: https://www.instagram.com/polizei.hannover/channel/. [Download Error]
[2021.01.15 07:51:33] Skip modifying the html files of href: https://www.instagram.com/polizei.hannover/tagged/. [Download Error]
[2021.01.15 07:51:33] Skip modifying the html files of href: https://www.instagram.com/polizei.hannover/tagged/. [Download Error]
[2021.01.15 07:51:33] Skip modifying the html files of href: https://www.instagram.com/frieda_rudi_make_oink/. [Download Error]
[2021.01.15 07:51:33] Skip modifying the html files of href: https://www.instagram.com/frieda_rudi_make_oink/. [Download Error]
[2021.01.15 07:51:33] 		{{{RESULT}}}
[2021.01.15 07:51:33] ID:	polizei.hannover
[2021.01.15 07:51:33] Type:	posts
[2021.01.15 07:51:33] Mode:	2
[2021.01.15 07:51:33] Change:	False
[2021.01.15 07:51:33] Notify:	False
[2021.01.15 07:51:33] Error:	True

[2021.01.15 07:51:33] ID:	polizei.hannover
[2021.01.15 07:51:33] Type:	igtv
[2021.01.15 07:51:33] Mode:	1
[2021.01.15 07:51:33] Change:	False
[2021.01.15 07:51:33] Notify:	False
[2021.01.15 07:51:33] Error:	True

[2021.01.15 07:51:33] ID:	polizei.hannover
[2021.01.15 07:51:33] Type:	tagged
[2021.01.15 07:51:33] Mode:	1
[2021.01.15 07:51:33] Change:	False
[2021.01.15 07:51:33] Notify:	False
[2021.01.15 07:51:33] Error:	True

[2021.01.15 07:51:33] ID:	frieda_rudi_make_oink
[2021.01.15 07:51:33] Type:	posts
[2021.01.15 07:51:33] Mode:	1
[2021.01.15 07:51:33] Change:	False
[2021.01.15 07:51:33] Notify:	False
[2021.01.15 07:51:33] Error:	True

waiting 3 seconds
Execution 144
[2021.01.15 07:51:40] 		{{{BASIC TEST}}}
[2021.01.15 07:51:40] 


[2021.01.15 07:51:40] 	************STORING PHASE************

[2021.01.15 07:52:00] store the html code of : (https://www.instagram.com/polizei.hannover/) in polizei.hannover/posts/old.html
[2021.01.15 07:52:00] OR in polizei.hannover/posts/new.html
[2021.01.15 07:52:00] --------------------------------------------

[2021.01.15 07:52:16] Error while downloading the html files.
Exception message: IndexError: list index out of range
[2021.01.15 07:52:16] Error while downloading the html files.
Exception message: IndexError: list index out of range
[2021.01.15 07:52:16] Error while processing. URL: https://www.instagram.com/polizei.hannover/
[2021.01.15 07:52:16] Error while processing. URL: https://www.instagram.com/polizei.hannover/
[2021.01.15 07:52:16] store the html code of : (https://www.instagram.com/polizei.hannover/channel/) in polizei.hannover/igtv/old.html
[2021.01.15 07:52:16] OR in polizei.hannover/igtv/new.html
[2021.01.15 07:52:16] --------------------------------------------

[2021.01.15 07:52:33] Error while downloading the html files.
Exception message: IndexError: list index out of range
[2021.01.15 07:52:33] Error while downloading the html files.
Exception message: IndexError: list index out of range
[2021.01.15 07:52:33] Error while processing. URL: https://www.instagram.com/polizei.hannover/channel/
[2021.01.15 07:52:33] Error while processing. URL: https://www.instagram.com/polizei.hannover/channel/
[2021.01.15 07:52:33] store the html code of : (https://www.instagram.com/polizei.hannover/tagged/) in polizei.hannover/tagged/old.html
[2021.01.15 07:52:33] OR in polizei.hannover/tagged/new.html
[2021.01.15 07:52:33] --------------------------------------------

[2021.01.15 07:52:47] Error while downloading the html files.
Exception message: IndexError: list index out of range
[2021.01.15 07:52:47] Error while downloading the html files.
Exception message: IndexError: list index out of range
[2021.01.15 07:52:47] Error while processing. URL: https://www.instagram.com/polizei.hannover/tagged/
[2021.01.15 07:52:47] Error while processing. URL: https://www.instagram.com/polizei.hannover/tagged/
[2021.01.15 07:52:47] store the html code of : (https://www.instagram.com/frieda_rudi_make_oink/) in frieda_rudi_make_oink/posts/old.html
[2021.01.15 07:52:47] OR in frieda_rudi_make_oink/posts/new.html
[2021.01.15 07:52:47] --------------------------------------------

[2021.01.15 07:53:00] Error while downloading the html files.
Exception message: IndexError: list index out of range
[2021.01.15 07:53:00] Error while downloading the html files.
Exception message: IndexError: list index out of range
[2021.01.15 07:53:00] Error while processing. URL: https://www.instagram.com/frieda_rudi_make_oink/
[2021.01.15 07:53:00] Error while processing. URL: https://www.instagram.com/frieda_rudi_make_oink/
[2021.01.15 07:53:01] 


[2021.01.15 07:53:01] 	********MONITORING PHASE********
[2021.01.15 07:53:01] Skip modifying the html files of href: https://www.instagram.com/polizei.hannover/. [Download Error]
[2021.01.15 07:53:01] Skip modifying the html files of href: https://www.instagram.com/polizei.hannover/. [Download Error]
[2021.01.15 07:53:01] Skip modifying the html files of href: https://www.instagram.com/polizei.hannover/channel/. [Download Error]
[2021.01.15 07:53:01] Skip modifying the html files of href: https://www.instagram.com/polizei.hannover/channel/. [Download Error]
[2021.01.15 07:53:01] Skip modifying the html files of href: https://www.instagram.com/polizei.hannover/tagged/. [Download Error]
[2021.01.15 07:53:01] Skip modifying the html files of href: https://www.instagram.com/polizei.hannover/tagged/. [Download Error]
[2021.01.15 07:53:01] Skip modifying the html files of href: https://www.instagram.com/frieda_rudi_make_oink/. [Download Error]
[2021.01.15 07:53:01] Skip modifying the html files of href: https://www.instagram.com/frieda_rudi_make_oink/. [Download Error]
[2021.01.15 07:53:01] 		{{{RESULT}}}
[2021.01.15 07:53:01] ID:	polizei.hannover
[2021.01.15 07:53:01] Type:	posts
[2021.01.15 07:53:01] Mode:	2
[2021.01.15 07:53:01] Change:	False
[2021.01.15 07:53:01] Notify:	False
[2021.01.15 07:53:01] Error:	True

[2021.01.15 07:53:01] ID:	polizei.hannover
[2021.01.15 07:53:01] Type:	igtv
[2021.01.15 07:53:01] Mode:	1
[2021.01.15 07:53:01] Change:	False
[2021.01.15 07:53:01] Notify:	False
[2021.01.15 07:53:01] Error:	True

[2021.01.15 07:53:01] ID:	polizei.hannover
[2021.01.15 07:53:01] Type:	tagged
[2021.01.15 07:53:01] Mode:	1
[2021.01.15 07:53:01] Change:	False
[2021.01.15 07:53:01] Notify:	False
[2021.01.15 07:53:01] Error:	True

[2021.01.15 07:53:01] ID:	frieda_rudi_make_oink
[2021.01.15 07:53:01] Type:	posts
[2021.01.15 07:53:01] Mode:	1
[2021.01.15 07:53:01] Change:	False
[2021.01.15 07:53:01] Notify:	False
[2021.01.15 07:53:01] Error:	True

waiting 3 seconds
Execution 145
[2021.01.15 07:53:08] 		{{{BASIC TEST}}}
[2021.01.15 07:53:08] 


[2021.01.15 07:53:08] 	************STORING PHASE************

[2021.01.15 07:53:31] store the html code of : (https://www.instagram.com/polizei.hannover/) in polizei.hannover/posts/old.html
[2021.01.15 07:53:31] OR in polizei.hannover/posts/new.html
[2021.01.15 07:53:31] --------------------------------------------

[2021.01.15 07:53:48] Error while downloading the html files.
Exception message: IndexError: list index out of range
[2021.01.15 07:53:48] Error while downloading the html files.
Exception message: IndexError: list index out of range
[2021.01.15 07:53:48] Error while processing. URL: https://www.instagram.com/polizei.hannover/
[2021.01.15 07:53:48] Error while processing. URL: https://www.instagram.com/polizei.hannover/
[2021.01.15 07:53:48] store the html code of : (https://www.instagram.com/polizei.hannover/channel/) in polizei.hannover/igtv/old.html
[2021.01.15 07:53:48] OR in polizei.hannover/igtv/new.html
[2021.01.15 07:53:48] --------------------------------------------

[2021.01.15 07:54:05] Error while downloading the html files.
Exception message: IndexError: list index out of range
[2021.01.15 07:54:05] Error while downloading the html files.
Exception message: IndexError: list index out of range
[2021.01.15 07:54:05] Error while processing. URL: https://www.instagram.com/polizei.hannover/channel/
[2021.01.15 07:54:05] Error while processing. URL: https://www.instagram.com/polizei.hannover/channel/
[2021.01.15 07:54:05] store the html code of : (https://www.instagram.com/polizei.hannover/tagged/) in polizei.hannover/tagged/old.html
[2021.01.15 07:54:05] OR in polizei.hannover/tagged/new.html
[2021.01.15 07:54:05] --------------------------------------------

[2021.01.15 07:54:18] Error while downloading the html files.
Exception message: IndexError: list index out of range
[2021.01.15 07:54:18] Error while downloading the html files.
Exception message: IndexError: list index out of range
[2021.01.15 07:54:18] Error while processing. URL: https://www.instagram.com/polizei.hannover/tagged/
[2021.01.15 07:54:18] Error while processing. URL: https://www.instagram.com/polizei.hannover/tagged/
[2021.01.15 07:54:18] store the html code of : (https://www.instagram.com/frieda_rudi_make_oink/) in frieda_rudi_make_oink/posts/old.html
[2021.01.15 07:54:18] OR in frieda_rudi_make_oink/posts/new.html
[2021.01.15 07:54:18] --------------------------------------------

[2021.01.15 07:54:32] Error while downloading the html files.
Exception message: IndexError: list index out of range
[2021.01.15 07:54:32] Error while downloading the html files.
Exception message: IndexError: list index out of range
[2021.01.15 07:54:32] Error while processing. URL: https://www.instagram.com/frieda_rudi_make_oink/
[2021.01.15 07:54:32] Error while processing. URL: https://www.instagram.com/frieda_rudi_make_oink/
[2021.01.15 07:54:33] 


[2021.01.15 07:54:33] 	********MONITORING PHASE********
[2021.01.15 07:54:33] Skip modifying the html files of href: https://www.instagram.com/polizei.hannover/. [Download Error]
[2021.01.15 07:54:33] Skip modifying the html files of href: https://www.instagram.com/polizei.hannover/. [Download Error]
[2021.01.15 07:54:33] Skip modifying the html files of href: https://www.instagram.com/polizei.hannover/channel/. [Download Error]
[2021.01.15 07:54:33] Skip modifying the html files of href: https://www.instagram.com/polizei.hannover/channel/. [Download Error]
[2021.01.15 07:54:33] Skip modifying the html files of href: https://www.instagram.com/polizei.hannover/tagged/. [Download Error]
[2021.01.15 07:54:33] Skip modifying the html files of href: https://www.instagram.com/polizei.hannover/tagged/. [Download Error]
[2021.01.15 07:54:33] Skip modifying the html files of href: https://www.instagram.com/frieda_rudi_make_oink/. [Download Error]
[2021.01.15 07:54:33] Skip modifying the html files of href: https://www.instagram.com/frieda_rudi_make_oink/. [Download Error]
[2021.01.15 07:54:33] 		{{{RESULT}}}
[2021.01.15 07:54:33] ID:	polizei.hannover
[2021.01.15 07:54:33] Type:	posts
[2021.01.15 07:54:33] Mode:	2
[2021.01.15 07:54:33] Change:	False
[2021.01.15 07:54:33] Notify:	False
[2021.01.15 07:54:33] Error:	True

[2021.01.15 07:54:33] ID:	polizei.hannover
[2021.01.15 07:54:33] Type:	igtv
[2021.01.15 07:54:33] Mode:	1
[2021.01.15 07:54:33] Change:	False
[2021.01.15 07:54:33] Notify:	False
[2021.01.15 07:54:33] Error:	True

[2021.01.15 07:54:33] ID:	polizei.hannover
[2021.01.15 07:54:33] Type:	tagged
[2021.01.15 07:54:33] Mode:	1
[2021.01.15 07:54:33] Change:	False
[2021.01.15 07:54:33] Notify:	False
[2021.01.15 07:54:33] Error:	True

[2021.01.15 07:54:33] ID:	frieda_rudi_make_oink
[2021.01.15 07:54:33] Type:	posts
[2021.01.15 07:54:33] Mode:	1
[2021.01.15 07:54:33] Change:	False
[2021.01.15 07:54:33] Notify:	False
[2021.01.15 07:54:33] Error:	True

waiting 3 seconds
Execution 146
[2021.01.15 07:54:40] 		{{{BASIC TEST}}}
[2021.01.15 07:54:40] 


[2021.01.15 07:54:40] 	************STORING PHASE************

[2021.01.15 07:55:01] store the html code of : (https://www.instagram.com/polizei.hannover/) in polizei.hannover/posts/old.html
[2021.01.15 07:55:01] OR in polizei.hannover/posts/new.html
[2021.01.15 07:55:01] --------------------------------------------

[2021.01.15 07:55:16] Error while downloading the html files.
Exception message: IndexError: list index out of range
[2021.01.15 07:55:16] Error while downloading the html files.
Exception message: IndexError: list index out of range
[2021.01.15 07:55:16] Error while processing. URL: https://www.instagram.com/polizei.hannover/
[2021.01.15 07:55:16] Error while processing. URL: https://www.instagram.com/polizei.hannover/
[2021.01.15 07:55:16] store the html code of : (https://www.instagram.com/polizei.hannover/channel/) in polizei.hannover/igtv/old.html
[2021.01.15 07:55:16] OR in polizei.hannover/igtv/new.html
[2021.01.15 07:55:16] --------------------------------------------

[2021.01.15 07:55:32] Error while downloading the html files.
Exception message: IndexError: list index out of range
[2021.01.15 07:55:32] Error while downloading the html files.
Exception message: IndexError: list index out of range
[2021.01.15 07:55:32] Error while processing. URL: https://www.instagram.com/polizei.hannover/channel/
[2021.01.15 07:55:32] Error while processing. URL: https://www.instagram.com/polizei.hannover/channel/
[2021.01.15 07:55:32] store the html code of : (https://www.instagram.com/polizei.hannover/tagged/) in polizei.hannover/tagged/old.html
[2021.01.15 07:55:32] OR in polizei.hannover/tagged/new.html
[2021.01.15 07:55:32] --------------------------------------------

[2021.01.15 07:55:43] Error while downloading the html files.
Exception message: IndexError: list index out of range
[2021.01.15 07:55:43] Error while downloading the html files.
Exception message: IndexError: list index out of range
[2021.01.15 07:55:43] Error while processing. URL: https://www.instagram.com/polizei.hannover/tagged/
[2021.01.15 07:55:43] Error while processing. URL: https://www.instagram.com/polizei.hannover/tagged/
[2021.01.15 07:55:43] store the html code of : (https://www.instagram.com/frieda_rudi_make_oink/) in frieda_rudi_make_oink/posts/old.html
[2021.01.15 07:55:43] OR in frieda_rudi_make_oink/posts/new.html
[2021.01.15 07:55:43] --------------------------------------------

[2021.01.15 07:55:55] Error while downloading the html files.
Exception message: IndexError: list index out of range
[2021.01.15 07:55:55] Error while downloading the html files.
Exception message: IndexError: list index out of range
[2021.01.15 07:55:55] Error while processing. URL: https://www.instagram.com/frieda_rudi_make_oink/
[2021.01.15 07:55:55] Error while processing. URL: https://www.instagram.com/frieda_rudi_make_oink/
[2021.01.15 07:55:56] 


[2021.01.15 07:55:56] 	********MONITORING PHASE********
[2021.01.15 07:55:56] Skip modifying the html files of href: https://www.instagram.com/polizei.hannover/. [Download Error]
[2021.01.15 07:55:56] Skip modifying the html files of href: https://www.instagram.com/polizei.hannover/. [Download Error]
[2021.01.15 07:55:56] Skip modifying the html files of href: https://www.instagram.com/polizei.hannover/channel/. [Download Error]
[2021.01.15 07:55:56] Skip modifying the html files of href: https://www.instagram.com/polizei.hannover/channel/. [Download Error]
[2021.01.15 07:55:56] Skip modifying the html files of href: https://www.instagram.com/polizei.hannover/tagged/. [Download Error]
[2021.01.15 07:55:56] Skip modifying the html files of href: https://www.instagram.com/polizei.hannover/tagged/. [Download Error]
[2021.01.15 07:55:56] Skip modifying the html files of href: https://www.instagram.com/frieda_rudi_make_oink/. [Download Error]
[2021.01.15 07:55:56] Skip modifying the html files of href: https://www.instagram.com/frieda_rudi_make_oink/. [Download Error]
[2021.01.15 07:55:56] 		{{{RESULT}}}
[2021.01.15 07:55:56] ID:	polizei.hannover
[2021.01.15 07:55:56] Type:	posts
[2021.01.15 07:55:56] Mode:	2
[2021.01.15 07:55:56] Change:	False
[2021.01.15 07:55:56] Notify:	False
[2021.01.15 07:55:56] Error:	True

[2021.01.15 07:55:56] ID:	polizei.hannover
[2021.01.15 07:55:56] Type:	igtv
[2021.01.15 07:55:56] Mode:	1
[2021.01.15 07:55:56] Change:	False
[2021.01.15 07:55:56] Notify:	False
[2021.01.15 07:55:56] Error:	True

[2021.01.15 07:55:56] ID:	polizei.hannover
[2021.01.15 07:55:56] Type:	tagged
[2021.01.15 07:55:56] Mode:	1
[2021.01.15 07:55:56] Change:	False
[2021.01.15 07:55:56] Notify:	False
[2021.01.15 07:55:56] Error:	True

[2021.01.15 07:55:56] ID:	frieda_rudi_make_oink
[2021.01.15 07:55:56] Type:	posts
[2021.01.15 07:55:56] Mode:	1
[2021.01.15 07:55:56] Change:	False
[2021.01.15 07:55:56] Notify:	False
[2021.01.15 07:55:56] Error:	True

waiting 3 seconds
Execution 147
[2021.01.15 07:56:02] 		{{{BASIC TEST}}}
[2021.01.15 07:56:02] 


[2021.01.15 07:56:02] 	************STORING PHASE************

[2021.01.15 07:56:25] store the html code of : (https://www.instagram.com/polizei.hannover/) in polizei.hannover/posts/old.html
[2021.01.15 07:56:25] OR in polizei.hannover/posts/new.html
[2021.01.15 07:56:25] --------------------------------------------

[2021.01.15 07:56:40] Error while downloading the html files.
Exception message: IndexError: list index out of range
[2021.01.15 07:56:40] Error while downloading the html files.
Exception message: IndexError: list index out of range
[2021.01.15 07:56:40] Error while processing. URL: https://www.instagram.com/polizei.hannover/
[2021.01.15 07:56:40] Error while processing. URL: https://www.instagram.com/polizei.hannover/
[2021.01.15 07:56:40] store the html code of : (https://www.instagram.com/polizei.hannover/channel/) in polizei.hannover/igtv/old.html
[2021.01.15 07:56:40] OR in polizei.hannover/igtv/new.html
[2021.01.15 07:56:40] --------------------------------------------

[2021.01.15 07:56:58] Error while downloading the html files.
Exception message: IndexError: list index out of range
[2021.01.15 07:56:58] Error while downloading the html files.
Exception message: IndexError: list index out of range
[2021.01.15 07:56:58] Error while processing. URL: https://www.instagram.com/polizei.hannover/channel/
[2021.01.15 07:56:58] Error while processing. URL: https://www.instagram.com/polizei.hannover/channel/
[2021.01.15 07:56:58] store the html code of : (https://www.instagram.com/polizei.hannover/tagged/) in polizei.hannover/tagged/old.html
[2021.01.15 07:56:58] OR in polizei.hannover/tagged/new.html
[2021.01.15 07:56:58] --------------------------------------------

[2021.01.15 07:57:10] Error while downloading the html files.
Exception message: IndexError: list index out of range
[2021.01.15 07:57:10] Error while downloading the html files.
Exception message: IndexError: list index out of range
[2021.01.15 07:57:10] Error while processing. URL: https://www.instagram.com/polizei.hannover/tagged/
[2021.01.15 07:57:10] Error while processing. URL: https://www.instagram.com/polizei.hannover/tagged/
[2021.01.15 07:57:10] store the html code of : (https://www.instagram.com/frieda_rudi_make_oink/) in frieda_rudi_make_oink/posts/old.html
[2021.01.15 07:57:10] OR in frieda_rudi_make_oink/posts/new.html
[2021.01.15 07:57:10] --------------------------------------------

[2021.01.15 07:57:26] Error while downloading the html files.
Exception message: IndexError: list index out of range
[2021.01.15 07:57:26] Error while downloading the html files.
Exception message: IndexError: list index out of range
[2021.01.15 07:57:26] Error while processing. URL: https://www.instagram.com/frieda_rudi_make_oink/
[2021.01.15 07:57:26] Error while processing. URL: https://www.instagram.com/frieda_rudi_make_oink/
[2021.01.15 07:57:27] 


[2021.01.15 07:57:27] 	********MONITORING PHASE********
[2021.01.15 07:57:27] Skip modifying the html files of href: https://www.instagram.com/polizei.hannover/. [Download Error]
[2021.01.15 07:57:27] Skip modifying the html files of href: https://www.instagram.com/polizei.hannover/. [Download Error]
[2021.01.15 07:57:27] Skip modifying the html files of href: https://www.instagram.com/polizei.hannover/channel/. [Download Error]
[2021.01.15 07:57:27] Skip modifying the html files of href: https://www.instagram.com/polizei.hannover/channel/. [Download Error]
[2021.01.15 07:57:27] Skip modifying the html files of href: https://www.instagram.com/polizei.hannover/tagged/. [Download Error]
[2021.01.15 07:57:27] Skip modifying the html files of href: https://www.instagram.com/polizei.hannover/tagged/. [Download Error]
[2021.01.15 07:57:27] Skip modifying the html files of href: https://www.instagram.com/frieda_rudi_make_oink/. [Download Error]
[2021.01.15 07:57:27] Skip modifying the html files of href: https://www.instagram.com/frieda_rudi_make_oink/. [Download Error]
[2021.01.15 07:57:27] 		{{{RESULT}}}
[2021.01.15 07:57:27] ID:	polizei.hannover
[2021.01.15 07:57:27] Type:	posts
[2021.01.15 07:57:27] Mode:	2
[2021.01.15 07:57:27] Change:	False
[2021.01.15 07:57:27] Notify:	False
[2021.01.15 07:57:27] Error:	True

[2021.01.15 07:57:27] ID:	polizei.hannover
[2021.01.15 07:57:27] Type:	igtv
[2021.01.15 07:57:27] Mode:	1
[2021.01.15 07:57:27] Change:	False
[2021.01.15 07:57:27] Notify:	False
[2021.01.15 07:57:27] Error:	True

[2021.01.15 07:57:27] ID:	polizei.hannover
[2021.01.15 07:57:27] Type:	tagged
[2021.01.15 07:57:27] Mode:	1
[2021.01.15 07:57:27] Change:	False
[2021.01.15 07:57:27] Notify:	False
[2021.01.15 07:57:27] Error:	True

[2021.01.15 07:57:27] ID:	frieda_rudi_make_oink
[2021.01.15 07:57:27] Type:	posts
[2021.01.15 07:57:27] Mode:	1
[2021.01.15 07:57:27] Change:	False
[2021.01.15 07:57:27] Notify:	False
[2021.01.15 07:57:27] Error:	True

waiting 3 seconds
Execution 148
[2021.01.15 07:57:34] 		{{{BASIC TEST}}}
[2021.01.15 07:57:34] 


[2021.01.15 07:57:34] 	************STORING PHASE************

[2021.01.15 07:57:53] store the html code of : (https://www.instagram.com/polizei.hannover/) in polizei.hannover/posts/old.html
[2021.01.15 07:57:53] OR in polizei.hannover/posts/new.html
[2021.01.15 07:57:53] --------------------------------------------

[2021.01.15 07:58:06] Error while downloading the html files.
Exception message: IndexError: list index out of range
[2021.01.15 07:58:06] Error while downloading the html files.
Exception message: IndexError: list index out of range
[2021.01.15 07:58:06] Error while processing. URL: https://www.instagram.com/polizei.hannover/
[2021.01.15 07:58:06] Error while processing. URL: https://www.instagram.com/polizei.hannover/
[2021.01.15 07:58:06] store the html code of : (https://www.instagram.com/polizei.hannover/channel/) in polizei.hannover/igtv/old.html
[2021.01.15 07:58:06] OR in polizei.hannover/igtv/new.html
[2021.01.15 07:58:06] --------------------------------------------

[2021.01.15 07:58:20] Error while downloading the html files.
Exception message: IndexError: list index out of range
[2021.01.15 07:58:20] Error while downloading the html files.
Exception message: IndexError: list index out of range
[2021.01.15 07:58:20] Error while processing. URL: https://www.instagram.com/polizei.hannover/channel/
[2021.01.15 07:58:20] Error while processing. URL: https://www.instagram.com/polizei.hannover/channel/
[2021.01.15 07:58:20] store the html code of : (https://www.instagram.com/polizei.hannover/tagged/) in polizei.hannover/tagged/old.html
[2021.01.15 07:58:20] OR in polizei.hannover/tagged/new.html
[2021.01.15 07:58:20] --------------------------------------------

[2021.01.15 07:58:33] Error while downloading the html files.
Exception message: IndexError: list index out of range
[2021.01.15 07:58:33] Error while downloading the html files.
Exception message: IndexError: list index out of range
[2021.01.15 07:58:33] Error while processing. URL: https://www.instagram.com/polizei.hannover/tagged/
[2021.01.15 07:58:33] Error while processing. URL: https://www.instagram.com/polizei.hannover/tagged/
[2021.01.15 07:58:33] store the html code of : (https://www.instagram.com/frieda_rudi_make_oink/) in frieda_rudi_make_oink/posts/old.html
[2021.01.15 07:58:33] OR in frieda_rudi_make_oink/posts/new.html
[2021.01.15 07:58:33] --------------------------------------------

[2021.01.15 07:58:46] Error while downloading the html files.
Exception message: IndexError: list index out of range
[2021.01.15 07:58:46] Error while downloading the html files.
Exception message: IndexError: list index out of range
[2021.01.15 07:58:46] Error while processing. URL: https://www.instagram.com/frieda_rudi_make_oink/
[2021.01.15 07:58:46] Error while processing. URL: https://www.instagram.com/frieda_rudi_make_oink/
[2021.01.15 07:58:47] 


[2021.01.15 07:58:47] 	********MONITORING PHASE********
[2021.01.15 07:58:47] Skip modifying the html files of href: https://www.instagram.com/polizei.hannover/. [Download Error]
[2021.01.15 07:58:47] Skip modifying the html files of href: https://www.instagram.com/polizei.hannover/. [Download Error]
[2021.01.15 07:58:47] Skip modifying the html files of href: https://www.instagram.com/polizei.hannover/channel/. [Download Error]
[2021.01.15 07:58:47] Skip modifying the html files of href: https://www.instagram.com/polizei.hannover/channel/. [Download Error]
[2021.01.15 07:58:47] Skip modifying the html files of href: https://www.instagram.com/polizei.hannover/tagged/. [Download Error]
[2021.01.15 07:58:47] Skip modifying the html files of href: https://www.instagram.com/polizei.hannover/tagged/. [Download Error]
[2021.01.15 07:58:47] Skip modifying the html files of href: https://www.instagram.com/frieda_rudi_make_oink/. [Download Error]
[2021.01.15 07:58:47] Skip modifying the html files of href: https://www.instagram.com/frieda_rudi_make_oink/. [Download Error]
[2021.01.15 07:58:47] 		{{{RESULT}}}
[2021.01.15 07:58:47] ID:	polizei.hannover
[2021.01.15 07:58:47] Type:	posts
[2021.01.15 07:58:47] Mode:	2
[2021.01.15 07:58:47] Change:	False
[2021.01.15 07:58:47] Notify:	False
[2021.01.15 07:58:47] Error:	True

[2021.01.15 07:58:47] ID:	polizei.hannover
[2021.01.15 07:58:47] Type:	igtv
[2021.01.15 07:58:47] Mode:	1
[2021.01.15 07:58:47] Change:	False
[2021.01.15 07:58:47] Notify:	False
[2021.01.15 07:58:47] Error:	True

[2021.01.15 07:58:47] ID:	polizei.hannover
[2021.01.15 07:58:47] Type:	tagged
[2021.01.15 07:58:47] Mode:	1
[2021.01.15 07:58:47] Change:	False
[2021.01.15 07:58:47] Notify:	False
[2021.01.15 07:58:47] Error:	True

[2021.01.15 07:58:47] ID:	frieda_rudi_make_oink
[2021.01.15 07:58:47] Type:	posts
[2021.01.15 07:58:47] Mode:	1
[2021.01.15 07:58:47] Change:	False
[2021.01.15 07:58:47] Notify:	False
[2021.01.15 07:58:47] Error:	True

waiting 3 seconds
Execution 149
[2021.01.15 07:58:53] 		{{{BASIC TEST}}}
[2021.01.15 07:58:53] 


[2021.01.15 07:58:53] 	************STORING PHASE************

[2021.01.15 07:59:14] store the html code of : (https://www.instagram.com/polizei.hannover/) in polizei.hannover/posts/old.html
[2021.01.15 07:59:14] OR in polizei.hannover/posts/new.html
[2021.01.15 07:59:14] --------------------------------------------

[2021.01.15 07:59:27] Error while downloading the html files.
Exception message: IndexError: list index out of range
[2021.01.15 07:59:27] Error while downloading the html files.
Exception message: IndexError: list index out of range
[2021.01.15 07:59:27] Error while processing. URL: https://www.instagram.com/polizei.hannover/
[2021.01.15 07:59:27] Error while processing. URL: https://www.instagram.com/polizei.hannover/
[2021.01.15 07:59:27] store the html code of : (https://www.instagram.com/polizei.hannover/channel/) in polizei.hannover/igtv/old.html
[2021.01.15 07:59:27] OR in polizei.hannover/igtv/new.html
[2021.01.15 07:59:27] --------------------------------------------

[2021.01.15 07:59:44] Error while downloading the html files.
Exception message: IndexError: list index out of range
[2021.01.15 07:59:44] Error while downloading the html files.
Exception message: IndexError: list index out of range
[2021.01.15 07:59:44] Error while processing. URL: https://www.instagram.com/polizei.hannover/channel/
[2021.01.15 07:59:44] Error while processing. URL: https://www.instagram.com/polizei.hannover/channel/
[2021.01.15 07:59:44] store the html code of : (https://www.instagram.com/polizei.hannover/tagged/) in polizei.hannover/tagged/old.html
[2021.01.15 07:59:44] OR in polizei.hannover/tagged/new.html
[2021.01.15 07:59:44] --------------------------------------------

[2021.01.15 07:59:59] Error while downloading the html files.
Exception message: IndexError: list index out of range
[2021.01.15 07:59:59] Error while downloading the html files.
Exception message: IndexError: list index out of range
[2021.01.15 07:59:59] Error while processing. URL: https://www.instagram.com/polizei.hannover/tagged/
[2021.01.15 07:59:59] Error while processing. URL: https://www.instagram.com/polizei.hannover/tagged/
[2021.01.15 07:59:59] store the html code of : (https://www.instagram.com/frieda_rudi_make_oink/) in frieda_rudi_make_oink/posts/old.html
[2021.01.15 07:59:59] OR in frieda_rudi_make_oink/posts/new.html
[2021.01.15 07:59:59] --------------------------------------------

[2021.01.15 08:00:15] Error while downloading the html files.
Exception message: IndexError: list index out of range
[2021.01.15 08:00:15] Error while downloading the html files.
Exception message: IndexError: list index out of range
[2021.01.15 08:00:15] Error while processing. URL: https://www.instagram.com/frieda_rudi_make_oink/
[2021.01.15 08:00:15] Error while processing. URL: https://www.instagram.com/frieda_rudi_make_oink/
[2021.01.15 08:00:16] 


[2021.01.15 08:00:16] 	********MONITORING PHASE********
[2021.01.15 08:00:16] Skip modifying the html files of href: https://www.instagram.com/polizei.hannover/. [Download Error]
[2021.01.15 08:00:16] Skip modifying the html files of href: https://www.instagram.com/polizei.hannover/. [Download Error]
[2021.01.15 08:00:16] Skip modifying the html files of href: https://www.instagram.com/polizei.hannover/channel/. [Download Error]
[2021.01.15 08:00:16] Skip modifying the html files of href: https://www.instagram.com/polizei.hannover/channel/. [Download Error]
[2021.01.15 08:00:16] Skip modifying the html files of href: https://www.instagram.com/polizei.hannover/tagged/. [Download Error]
[2021.01.15 08:00:16] Skip modifying the html files of href: https://www.instagram.com/polizei.hannover/tagged/. [Download Error]
[2021.01.15 08:00:16] Skip modifying the html files of href: https://www.instagram.com/frieda_rudi_make_oink/. [Download Error]
[2021.01.15 08:00:16] Skip modifying the html files of href: https://www.instagram.com/frieda_rudi_make_oink/. [Download Error]
[2021.01.15 08:00:16] 		{{{RESULT}}}
[2021.01.15 08:00:16] ID:	polizei.hannover
[2021.01.15 08:00:16] Type:	posts
[2021.01.15 08:00:16] Mode:	2
[2021.01.15 08:00:16] Change:	False
[2021.01.15 08:00:16] Notify:	False
[2021.01.15 08:00:16] Error:	True

[2021.01.15 08:00:16] ID:	polizei.hannover
[2021.01.15 08:00:16] Type:	igtv
[2021.01.15 08:00:16] Mode:	1
[2021.01.15 08:00:16] Change:	False
[2021.01.15 08:00:16] Notify:	False
[2021.01.15 08:00:16] Error:	True

[2021.01.15 08:00:16] ID:	polizei.hannover
[2021.01.15 08:00:16] Type:	tagged
[2021.01.15 08:00:16] Mode:	1
[2021.01.15 08:00:16] Change:	False
[2021.01.15 08:00:16] Notify:	False
[2021.01.15 08:00:16] Error:	True

[2021.01.15 08:00:16] ID:	frieda_rudi_make_oink
[2021.01.15 08:00:16] Type:	posts
[2021.01.15 08:00:16] Mode:	1
[2021.01.15 08:00:16] Change:	False
[2021.01.15 08:00:16] Notify:	False
[2021.01.15 08:00:16] Error:	True

waiting 3 seconds
Execution 150
[2021.01.15 08:00:23] 		{{{BASIC TEST}}}
[2021.01.15 08:00:23] 


[2021.01.15 08:00:23] 	************STORING PHASE************

[2021.01.15 08:00:47] store the html code of : (https://www.instagram.com/polizei.hannover/) in polizei.hannover/posts/old.html
[2021.01.15 08:00:47] OR in polizei.hannover/posts/new.html
[2021.01.15 08:00:47] --------------------------------------------

[2021.01.15 08:00:59] Error while downloading the html files.
Exception message: IndexError: list index out of range
[2021.01.15 08:00:59] Error while downloading the html files.
Exception message: IndexError: list index out of range
[2021.01.15 08:00:59] Error while processing. URL: https://www.instagram.com/polizei.hannover/
[2021.01.15 08:00:59] Error while processing. URL: https://www.instagram.com/polizei.hannover/
[2021.01.15 08:00:59] store the html code of : (https://www.instagram.com/polizei.hannover/channel/) in polizei.hannover/igtv/old.html
[2021.01.15 08:00:59] OR in polizei.hannover/igtv/new.html
[2021.01.15 08:00:59] --------------------------------------------

[2021.01.15 08:01:15] Error while downloading the html files.
Exception message: IndexError: list index out of range
[2021.01.15 08:01:15] Error while downloading the html files.
Exception message: IndexError: list index out of range
[2021.01.15 08:01:15] Error while processing. URL: https://www.instagram.com/polizei.hannover/channel/
[2021.01.15 08:01:15] Error while processing. URL: https://www.instagram.com/polizei.hannover/channel/
[2021.01.15 08:01:15] store the html code of : (https://www.instagram.com/polizei.hannover/tagged/) in polizei.hannover/tagged/old.html
[2021.01.15 08:01:15] OR in polizei.hannover/tagged/new.html
[2021.01.15 08:01:15] --------------------------------------------

[2021.01.15 08:01:29] Error while downloading the html files.
Exception message: IndexError: list index out of range
[2021.01.15 08:01:29] Error while downloading the html files.
Exception message: IndexError: list index out of range
[2021.01.15 08:01:29] Error while processing. URL: https://www.instagram.com/polizei.hannover/tagged/
[2021.01.15 08:01:29] Error while processing. URL: https://www.instagram.com/polizei.hannover/tagged/
[2021.01.15 08:01:29] store the html code of : (https://www.instagram.com/frieda_rudi_make_oink/) in frieda_rudi_make_oink/posts/old.html
[2021.01.15 08:01:29] OR in frieda_rudi_make_oink/posts/new.html
[2021.01.15 08:01:29] --------------------------------------------

[2021.01.15 08:01:42] Error while downloading the html files.
Exception message: IndexError: list index out of range
[2021.01.15 08:01:42] Error while downloading the html files.
Exception message: IndexError: list index out of range
[2021.01.15 08:01:42] Error while processing. URL: https://www.instagram.com/frieda_rudi_make_oink/
[2021.01.15 08:01:42] Error while processing. URL: https://www.instagram.com/frieda_rudi_make_oink/
[2021.01.15 08:01:43] 


[2021.01.15 08:01:43] 	********MONITORING PHASE********
[2021.01.15 08:01:43] Skip modifying the html files of href: https://www.instagram.com/polizei.hannover/. [Download Error]
[2021.01.15 08:01:43] Skip modifying the html files of href: https://www.instagram.com/polizei.hannover/. [Download Error]
[2021.01.15 08:01:43] Skip modifying the html files of href: https://www.instagram.com/polizei.hannover/channel/. [Download Error]
[2021.01.15 08:01:43] Skip modifying the html files of href: https://www.instagram.com/polizei.hannover/channel/. [Download Error]
[2021.01.15 08:01:43] Skip modifying the html files of href: https://www.instagram.com/polizei.hannover/tagged/. [Download Error]
[2021.01.15 08:01:43] Skip modifying the html files of href: https://www.instagram.com/polizei.hannover/tagged/. [Download Error]
[2021.01.15 08:01:43] Skip modifying the html files of href: https://www.instagram.com/frieda_rudi_make_oink/. [Download Error]
[2021.01.15 08:01:43] Skip modifying the html files of href: https://www.instagram.com/frieda_rudi_make_oink/. [Download Error]
[2021.01.15 08:01:43] 		{{{RESULT}}}
[2021.01.15 08:01:43] ID:	polizei.hannover
[2021.01.15 08:01:43] Type:	posts
[2021.01.15 08:01:43] Mode:	2
[2021.01.15 08:01:43] Change:	False
[2021.01.15 08:01:43] Notify:	False
[2021.01.15 08:01:43] Error:	True

[2021.01.15 08:01:43] ID:	polizei.hannover
[2021.01.15 08:01:43] Type:	igtv
[2021.01.15 08:01:43] Mode:	1
[2021.01.15 08:01:43] Change:	False
[2021.01.15 08:01:43] Notify:	False
[2021.01.15 08:01:43] Error:	True

[2021.01.15 08:01:43] ID:	polizei.hannover
[2021.01.15 08:01:43] Type:	tagged
[2021.01.15 08:01:43] Mode:	1
[2021.01.15 08:01:43] Change:	False
[2021.01.15 08:01:43] Notify:	False
[2021.01.15 08:01:43] Error:	True

[2021.01.15 08:01:43] ID:	frieda_rudi_make_oink
[2021.01.15 08:01:43] Type:	posts
[2021.01.15 08:01:43] Mode:	1
[2021.01.15 08:01:43] Change:	False
[2021.01.15 08:01:43] Notify:	False
[2021.01.15 08:01:43] Error:	True

waiting 3 seconds
Execution 151
[2021.01.15 08:01:50] 		{{{BASIC TEST}}}
[2021.01.15 08:01:50] 


[2021.01.15 08:01:50] 	************STORING PHASE************

[2021.01.15 08:02:14] store the html code of : (https://www.instagram.com/polizei.hannover/) in polizei.hannover/posts/old.html
[2021.01.15 08:02:14] OR in polizei.hannover/posts/new.html
[2021.01.15 08:02:14] --------------------------------------------

[2021.01.15 08:02:28] Error while downloading the html files.
Exception message: IndexError: list index out of range
[2021.01.15 08:02:28] Error while downloading the html files.
Exception message: IndexError: list index out of range
[2021.01.15 08:02:28] Error while processing. URL: https://www.instagram.com/polizei.hannover/
[2021.01.15 08:02:28] Error while processing. URL: https://www.instagram.com/polizei.hannover/
[2021.01.15 08:02:28] store the html code of : (https://www.instagram.com/polizei.hannover/channel/) in polizei.hannover/igtv/old.html
[2021.01.15 08:02:28] OR in polizei.hannover/igtv/new.html
[2021.01.15 08:02:28] --------------------------------------------

[2021.01.15 08:02:45] Error while downloading the html files.
Exception message: IndexError: list index out of range
[2021.01.15 08:02:45] Error while downloading the html files.
Exception message: IndexError: list index out of range
[2021.01.15 08:02:45] Error while processing. URL: https://www.instagram.com/polizei.hannover/channel/
[2021.01.15 08:02:45] Error while processing. URL: https://www.instagram.com/polizei.hannover/channel/
[2021.01.15 08:02:45] store the html code of : (https://www.instagram.com/polizei.hannover/tagged/) in polizei.hannover/tagged/old.html
[2021.01.15 08:02:45] OR in polizei.hannover/tagged/new.html
[2021.01.15 08:02:45] --------------------------------------------

[2021.01.15 08:03:01] Error while downloading the html files.
Exception message: IndexError: list index out of range
[2021.01.15 08:03:01] Error while downloading the html files.
Exception message: IndexError: list index out of range
[2021.01.15 08:03:01] Error while processing. URL: https://www.instagram.com/polizei.hannover/tagged/
[2021.01.15 08:03:01] Error while processing. URL: https://www.instagram.com/polizei.hannover/tagged/
[2021.01.15 08:03:01] store the html code of : (https://www.instagram.com/frieda_rudi_make_oink/) in frieda_rudi_make_oink/posts/old.html
[2021.01.15 08:03:01] OR in frieda_rudi_make_oink/posts/new.html
[2021.01.15 08:03:01] --------------------------------------------

[2021.01.15 08:03:14] Error while downloading the html files.
Exception message: IndexError: list index out of range
[2021.01.15 08:03:14] Error while downloading the html files.
Exception message: IndexError: list index out of range
[2021.01.15 08:03:14] Error while processing. URL: https://www.instagram.com/frieda_rudi_make_oink/
[2021.01.15 08:03:14] Error while processing. URL: https://www.instagram.com/frieda_rudi_make_oink/
[2021.01.15 08:03:15] 


[2021.01.15 08:03:15] 	********MONITORING PHASE********
[2021.01.15 08:03:15] Skip modifying the html files of href: https://www.instagram.com/polizei.hannover/. [Download Error]
[2021.01.15 08:03:15] Skip modifying the html files of href: https://www.instagram.com/polizei.hannover/. [Download Error]
[2021.01.15 08:03:15] Skip modifying the html files of href: https://www.instagram.com/polizei.hannover/channel/. [Download Error]
[2021.01.15 08:03:15] Skip modifying the html files of href: https://www.instagram.com/polizei.hannover/channel/. [Download Error]
[2021.01.15 08:03:15] Skip modifying the html files of href: https://www.instagram.com/polizei.hannover/tagged/. [Download Error]
[2021.01.15 08:03:15] Skip modifying the html files of href: https://www.instagram.com/polizei.hannover/tagged/. [Download Error]
[2021.01.15 08:03:15] Skip modifying the html files of href: https://www.instagram.com/frieda_rudi_make_oink/. [Download Error]
[2021.01.15 08:03:15] Skip modifying the html files of href: https://www.instagram.com/frieda_rudi_make_oink/. [Download Error]
[2021.01.15 08:03:15] 		{{{RESULT}}}
[2021.01.15 08:03:15] ID:	polizei.hannover
[2021.01.15 08:03:15] Type:	posts
[2021.01.15 08:03:15] Mode:	2
[2021.01.15 08:03:15] Change:	False
[2021.01.15 08:03:15] Notify:	False
[2021.01.15 08:03:15] Error:	True

[2021.01.15 08:03:15] ID:	polizei.hannover
[2021.01.15 08:03:15] Type:	igtv
[2021.01.15 08:03:15] Mode:	1
[2021.01.15 08:03:15] Change:	False
[2021.01.15 08:03:15] Notify:	False
[2021.01.15 08:03:15] Error:	True

[2021.01.15 08:03:15] ID:	polizei.hannover
[2021.01.15 08:03:15] Type:	tagged
[2021.01.15 08:03:15] Mode:	1
[2021.01.15 08:03:15] Change:	False
[2021.01.15 08:03:15] Notify:	False
[2021.01.15 08:03:15] Error:	True

[2021.01.15 08:03:15] ID:	frieda_rudi_make_oink
[2021.01.15 08:03:15] Type:	posts
[2021.01.15 08:03:15] Mode:	1
[2021.01.15 08:03:15] Change:	False
[2021.01.15 08:03:15] Notify:	False
[2021.01.15 08:03:15] Error:	True

waiting 3 seconds
Execution 152
[2021.01.15 08:03:22] 		{{{BASIC TEST}}}
[2021.01.15 08:03:22] 


[2021.01.15 08:03:22] 	************STORING PHASE************

[2021.01.15 08:03:47] store the html code of : (https://www.instagram.com/polizei.hannover/) in polizei.hannover/posts/old.html
[2021.01.15 08:03:47] OR in polizei.hannover/posts/new.html
[2021.01.15 08:03:47] --------------------------------------------

[2021.01.15 08:04:00] Error while downloading the html files.
Exception message: IndexError: list index out of range
[2021.01.15 08:04:00] Error while downloading the html files.
Exception message: IndexError: list index out of range
[2021.01.15 08:04:00] Error while processing. URL: https://www.instagram.com/polizei.hannover/
[2021.01.15 08:04:00] Error while processing. URL: https://www.instagram.com/polizei.hannover/
[2021.01.15 08:04:00] store the html code of : (https://www.instagram.com/polizei.hannover/channel/) in polizei.hannover/igtv/old.html
[2021.01.15 08:04:00] OR in polizei.hannover/igtv/new.html
[2021.01.15 08:04:00] --------------------------------------------

[2021.01.15 08:04:13] Error while downloading the html files.
Exception message: IndexError: list index out of range
[2021.01.15 08:04:13] Error while downloading the html files.
Exception message: IndexError: list index out of range
[2021.01.15 08:04:13] Error while processing. URL: https://www.instagram.com/polizei.hannover/channel/
[2021.01.15 08:04:13] Error while processing. URL: https://www.instagram.com/polizei.hannover/channel/
[2021.01.15 08:04:13] store the html code of : (https://www.instagram.com/polizei.hannover/tagged/) in polizei.hannover/tagged/old.html
[2021.01.15 08:04:13] OR in polizei.hannover/tagged/new.html
[2021.01.15 08:04:13] --------------------------------------------

[2021.01.15 08:04:27] Error while downloading the html files.
Exception message: IndexError: list index out of range
[2021.01.15 08:04:27] Error while downloading the html files.
Exception message: IndexError: list index out of range
[2021.01.15 08:04:27] Error while processing. URL: https://www.instagram.com/polizei.hannover/tagged/
[2021.01.15 08:04:27] Error while processing. URL: https://www.instagram.com/polizei.hannover/tagged/
[2021.01.15 08:04:27] store the html code of : (https://www.instagram.com/frieda_rudi_make_oink/) in frieda_rudi_make_oink/posts/old.html
[2021.01.15 08:04:27] OR in frieda_rudi_make_oink/posts/new.html
[2021.01.15 08:04:27] --------------------------------------------

[2021.01.15 08:04:39] Error while downloading the html files.
Exception message: IndexError: list index out of range
[2021.01.15 08:04:39] Error while downloading the html files.
Exception message: IndexError: list index out of range
[2021.01.15 08:04:39] Error while processing. URL: https://www.instagram.com/frieda_rudi_make_oink/
[2021.01.15 08:04:39] Error while processing. URL: https://www.instagram.com/frieda_rudi_make_oink/
[2021.01.15 08:04:40] 


[2021.01.15 08:04:40] 	********MONITORING PHASE********
[2021.01.15 08:04:40] Skip modifying the html files of href: https://www.instagram.com/polizei.hannover/. [Download Error]
[2021.01.15 08:04:40] Skip modifying the html files of href: https://www.instagram.com/polizei.hannover/. [Download Error]
[2021.01.15 08:04:40] Skip modifying the html files of href: https://www.instagram.com/polizei.hannover/channel/. [Download Error]
[2021.01.15 08:04:40] Skip modifying the html files of href: https://www.instagram.com/polizei.hannover/channel/. [Download Error]
[2021.01.15 08:04:40] Skip modifying the html files of href: https://www.instagram.com/polizei.hannover/tagged/. [Download Error]
[2021.01.15 08:04:40] Skip modifying the html files of href: https://www.instagram.com/polizei.hannover/tagged/. [Download Error]
[2021.01.15 08:04:40] Skip modifying the html files of href: https://www.instagram.com/frieda_rudi_make_oink/. [Download Error]
[2021.01.15 08:04:40] Skip modifying the html files of href: https://www.instagram.com/frieda_rudi_make_oink/. [Download Error]
[2021.01.15 08:04:40] 		{{{RESULT}}}
[2021.01.15 08:04:40] ID:	polizei.hannover
[2021.01.15 08:04:40] Type:	posts
[2021.01.15 08:04:40] Mode:	2
[2021.01.15 08:04:40] Change:	False
[2021.01.15 08:04:40] Notify:	False
[2021.01.15 08:04:40] Error:	True

[2021.01.15 08:04:40] ID:	polizei.hannover
[2021.01.15 08:04:40] Type:	igtv
[2021.01.15 08:04:40] Mode:	1
[2021.01.15 08:04:40] Change:	False
[2021.01.15 08:04:40] Notify:	False
[2021.01.15 08:04:40] Error:	True

[2021.01.15 08:04:40] ID:	polizei.hannover
[2021.01.15 08:04:40] Type:	tagged
[2021.01.15 08:04:40] Mode:	1
[2021.01.15 08:04:40] Change:	False
[2021.01.15 08:04:40] Notify:	False
[2021.01.15 08:04:40] Error:	True

[2021.01.15 08:04:40] ID:	frieda_rudi_make_oink
[2021.01.15 08:04:40] Type:	posts
[2021.01.15 08:04:40] Mode:	1
[2021.01.15 08:04:40] Change:	False
[2021.01.15 08:04:40] Notify:	False
[2021.01.15 08:04:40] Error:	True

waiting 3 seconds
Execution 153
[2021.01.15 08:04:47] 		{{{BASIC TEST}}}
[2021.01.15 08:04:47] 


[2021.01.15 08:04:47] 	************STORING PHASE************

[2021.01.15 08:05:12] store the html code of : (https://www.instagram.com/polizei.hannover/) in polizei.hannover/posts/old.html
[2021.01.15 08:05:12] OR in polizei.hannover/posts/new.html
[2021.01.15 08:05:12] --------------------------------------------

[2021.01.15 08:05:24] Error while downloading the html files.
Exception message: IndexError: list index out of range
[2021.01.15 08:05:24] Error while downloading the html files.
Exception message: IndexError: list index out of range
[2021.01.15 08:05:24] Error while processing. URL: https://www.instagram.com/polizei.hannover/
[2021.01.15 08:05:24] Error while processing. URL: https://www.instagram.com/polizei.hannover/
[2021.01.15 08:05:24] store the html code of : (https://www.instagram.com/polizei.hannover/channel/) in polizei.hannover/igtv/old.html
[2021.01.15 08:05:24] OR in polizei.hannover/igtv/new.html
[2021.01.15 08:05:24] --------------------------------------------

[2021.01.15 08:05:37] Error while downloading the html files.
Exception message: IndexError: list index out of range
[2021.01.15 08:05:37] Error while downloading the html files.
Exception message: IndexError: list index out of range
[2021.01.15 08:05:37] Error while processing. URL: https://www.instagram.com/polizei.hannover/channel/
[2021.01.15 08:05:37] Error while processing. URL: https://www.instagram.com/polizei.hannover/channel/
[2021.01.15 08:05:37] store the html code of : (https://www.instagram.com/polizei.hannover/tagged/) in polizei.hannover/tagged/old.html
[2021.01.15 08:05:37] OR in polizei.hannover/tagged/new.html
[2021.01.15 08:05:37] --------------------------------------------

[2021.01.15 08:05:54] Error while downloading the html files.
Exception message: IndexError: list index out of range
[2021.01.15 08:05:54] Error while downloading the html files.
Exception message: IndexError: list index out of range
[2021.01.15 08:05:54] Error while processing. URL: https://www.instagram.com/polizei.hannover/tagged/
[2021.01.15 08:05:54] Error while processing. URL: https://www.instagram.com/polizei.hannover/tagged/
[2021.01.15 08:05:54] store the html code of : (https://www.instagram.com/frieda_rudi_make_oink/) in frieda_rudi_make_oink/posts/old.html
[2021.01.15 08:05:54] OR in frieda_rudi_make_oink/posts/new.html
[2021.01.15 08:05:54] --------------------------------------------

[2021.01.15 08:06:04] Error while downloading the html files.
Exception message: IndexError: list index out of range
[2021.01.15 08:06:04] Error while downloading the html files.
Exception message: IndexError: list index out of range
[2021.01.15 08:06:04] Error while processing. URL: https://www.instagram.com/frieda_rudi_make_oink/
[2021.01.15 08:06:04] Error while processing. URL: https://www.instagram.com/frieda_rudi_make_oink/
[2021.01.15 08:06:05] 


[2021.01.15 08:06:05] 	********MONITORING PHASE********
[2021.01.15 08:06:05] Skip modifying the html files of href: https://www.instagram.com/polizei.hannover/. [Download Error]
[2021.01.15 08:06:05] Skip modifying the html files of href: https://www.instagram.com/polizei.hannover/. [Download Error]
[2021.01.15 08:06:05] Skip modifying the html files of href: https://www.instagram.com/polizei.hannover/channel/. [Download Error]
[2021.01.15 08:06:05] Skip modifying the html files of href: https://www.instagram.com/polizei.hannover/channel/. [Download Error]
[2021.01.15 08:06:05] Skip modifying the html files of href: https://www.instagram.com/polizei.hannover/tagged/. [Download Error]
[2021.01.15 08:06:05] Skip modifying the html files of href: https://www.instagram.com/polizei.hannover/tagged/. [Download Error]
[2021.01.15 08:06:05] Skip modifying the html files of href: https://www.instagram.com/frieda_rudi_make_oink/. [Download Error]
[2021.01.15 08:06:05] Skip modifying the html files of href: https://www.instagram.com/frieda_rudi_make_oink/. [Download Error]
[2021.01.15 08:06:05] 		{{{RESULT}}}
[2021.01.15 08:06:05] ID:	polizei.hannover
[2021.01.15 08:06:05] Type:	posts
[2021.01.15 08:06:05] Mode:	2
[2021.01.15 08:06:05] Change:	False
[2021.01.15 08:06:05] Notify:	False
[2021.01.15 08:06:05] Error:	True

[2021.01.15 08:06:05] ID:	polizei.hannover
[2021.01.15 08:06:05] Type:	igtv
[2021.01.15 08:06:05] Mode:	1
[2021.01.15 08:06:05] Change:	False
[2021.01.15 08:06:05] Notify:	False
[2021.01.15 08:06:05] Error:	True

[2021.01.15 08:06:05] ID:	polizei.hannover
[2021.01.15 08:06:05] Type:	tagged
[2021.01.15 08:06:05] Mode:	1
[2021.01.15 08:06:05] Change:	False
[2021.01.15 08:06:05] Notify:	False
[2021.01.15 08:06:05] Error:	True

[2021.01.15 08:06:05] ID:	frieda_rudi_make_oink
[2021.01.15 08:06:05] Type:	posts
[2021.01.15 08:06:05] Mode:	1
[2021.01.15 08:06:05] Change:	False
[2021.01.15 08:06:05] Notify:	False
[2021.01.15 08:06:05] Error:	True

waiting 3 seconds
Execution 154
[2021.01.15 08:06:12] 		{{{BASIC TEST}}}
[2021.01.15 08:06:12] 


[2021.01.15 08:06:12] 	************STORING PHASE************

[2021.01.15 08:06:32] store the html code of : (https://www.instagram.com/polizei.hannover/) in polizei.hannover/posts/old.html
[2021.01.15 08:06:32] OR in polizei.hannover/posts/new.html
[2021.01.15 08:06:32] --------------------------------------------

[2021.01.15 08:06:47] Error while downloading the html files.
Exception message: IndexError: list index out of range
[2021.01.15 08:06:47] Error while downloading the html files.
Exception message: IndexError: list index out of range
[2021.01.15 08:06:47] Error while processing. URL: https://www.instagram.com/polizei.hannover/
[2021.01.15 08:06:47] Error while processing. URL: https://www.instagram.com/polizei.hannover/
[2021.01.15 08:06:47] store the html code of : (https://www.instagram.com/polizei.hannover/channel/) in polizei.hannover/igtv/old.html
[2021.01.15 08:06:47] OR in polizei.hannover/igtv/new.html
[2021.01.15 08:06:47] --------------------------------------------

[2021.01.15 08:06:59] Error while downloading the html files.
Exception message: IndexError: list index out of range
[2021.01.15 08:06:59] Error while downloading the html files.
Exception message: IndexError: list index out of range
[2021.01.15 08:06:59] Error while processing. URL: https://www.instagram.com/polizei.hannover/channel/
[2021.01.15 08:06:59] Error while processing. URL: https://www.instagram.com/polizei.hannover/channel/
[2021.01.15 08:06:59] store the html code of : (https://www.instagram.com/polizei.hannover/tagged/) in polizei.hannover/tagged/old.html
[2021.01.15 08:06:59] OR in polizei.hannover/tagged/new.html
[2021.01.15 08:06:59] --------------------------------------------

[2021.01.15 08:07:14] Error while downloading the html files.
Exception message: IndexError: list index out of range
[2021.01.15 08:07:14] Error while downloading the html files.
Exception message: IndexError: list index out of range
[2021.01.15 08:07:14] Error while processing. URL: https://www.instagram.com/polizei.hannover/tagged/
[2021.01.15 08:07:14] Error while processing. URL: https://www.instagram.com/polizei.hannover/tagged/
[2021.01.15 08:07:14] store the html code of : (https://www.instagram.com/frieda_rudi_make_oink/) in frieda_rudi_make_oink/posts/old.html
[2021.01.15 08:07:14] OR in frieda_rudi_make_oink/posts/new.html
[2021.01.15 08:07:14] --------------------------------------------

[2021.01.15 08:07:28] Error while downloading the html files.
Exception message: IndexError: list index out of range
[2021.01.15 08:07:28] Error while downloading the html files.
Exception message: IndexError: list index out of range
[2021.01.15 08:07:28] Error while processing. URL: https://www.instagram.com/frieda_rudi_make_oink/
[2021.01.15 08:07:28] Error while processing. URL: https://www.instagram.com/frieda_rudi_make_oink/
[2021.01.15 08:07:29] 


[2021.01.15 08:07:29] 	********MONITORING PHASE********
[2021.01.15 08:07:29] Skip modifying the html files of href: https://www.instagram.com/polizei.hannover/. [Download Error]
[2021.01.15 08:07:29] Skip modifying the html files of href: https://www.instagram.com/polizei.hannover/. [Download Error]
[2021.01.15 08:07:29] Skip modifying the html files of href: https://www.instagram.com/polizei.hannover/channel/. [Download Error]
[2021.01.15 08:07:29] Skip modifying the html files of href: https://www.instagram.com/polizei.hannover/channel/. [Download Error]
[2021.01.15 08:07:29] Skip modifying the html files of href: https://www.instagram.com/polizei.hannover/tagged/. [Download Error]
[2021.01.15 08:07:29] Skip modifying the html files of href: https://www.instagram.com/polizei.hannover/tagged/. [Download Error]
[2021.01.15 08:07:29] Skip modifying the html files of href: https://www.instagram.com/frieda_rudi_make_oink/. [Download Error]
[2021.01.15 08:07:29] Skip modifying the html files of href: https://www.instagram.com/frieda_rudi_make_oink/. [Download Error]
[2021.01.15 08:07:29] 		{{{RESULT}}}
[2021.01.15 08:07:29] ID:	polizei.hannover
[2021.01.15 08:07:29] Type:	posts
[2021.01.15 08:07:29] Mode:	2
[2021.01.15 08:07:29] Change:	False
[2021.01.15 08:07:29] Notify:	False
[2021.01.15 08:07:29] Error:	True

[2021.01.15 08:07:29] ID:	polizei.hannover
[2021.01.15 08:07:29] Type:	igtv
[2021.01.15 08:07:29] Mode:	1
[2021.01.15 08:07:29] Change:	False
[2021.01.15 08:07:29] Notify:	False
[2021.01.15 08:07:29] Error:	True

[2021.01.15 08:07:29] ID:	polizei.hannover
[2021.01.15 08:07:29] Type:	tagged
[2021.01.15 08:07:29] Mode:	1
[2021.01.15 08:07:29] Change:	False
[2021.01.15 08:07:29] Notify:	False
[2021.01.15 08:07:29] Error:	True

[2021.01.15 08:07:29] ID:	frieda_rudi_make_oink
[2021.01.15 08:07:29] Type:	posts
[2021.01.15 08:07:29] Mode:	1
[2021.01.15 08:07:29] Change:	False
[2021.01.15 08:07:29] Notify:	False
[2021.01.15 08:07:29] Error:	True

waiting 3 seconds
Execution 155
[2021.01.15 08:07:36] 		{{{BASIC TEST}}}
[2021.01.15 08:07:36] 


[2021.01.15 08:07:36] 	************STORING PHASE************

[2021.01.15 08:08:03] store the html code of : (https://www.instagram.com/polizei.hannover/) in polizei.hannover/posts/old.html
[2021.01.15 08:08:03] OR in polizei.hannover/posts/new.html
[2021.01.15 08:08:03] --------------------------------------------

[2021.01.15 08:08:19] Error while downloading the html files.
Exception message: IndexError: list index out of range
[2021.01.15 08:08:19] Error while downloading the html files.
Exception message: IndexError: list index out of range
[2021.01.15 08:08:19] Error while processing. URL: https://www.instagram.com/polizei.hannover/
[2021.01.15 08:08:19] Error while processing. URL: https://www.instagram.com/polizei.hannover/
[2021.01.15 08:08:19] store the html code of : (https://www.instagram.com/polizei.hannover/channel/) in polizei.hannover/igtv/old.html
[2021.01.15 08:08:19] OR in polizei.hannover/igtv/new.html
[2021.01.15 08:08:19] --------------------------------------------

[2021.01.15 08:08:36] Error while downloading the html files.
Exception message: IndexError: list index out of range
[2021.01.15 08:08:36] Error while downloading the html files.
Exception message: IndexError: list index out of range
[2021.01.15 08:08:36] Error while processing. URL: https://www.instagram.com/polizei.hannover/channel/
[2021.01.15 08:08:36] Error while processing. URL: https://www.instagram.com/polizei.hannover/channel/
[2021.01.15 08:08:36] store the html code of : (https://www.instagram.com/polizei.hannover/tagged/) in polizei.hannover/tagged/old.html
[2021.01.15 08:08:36] OR in polizei.hannover/tagged/new.html
[2021.01.15 08:08:36] --------------------------------------------

[2021.01.15 08:08:52] Error while downloading the html files.
Exception message: IndexError: list index out of range
[2021.01.15 08:08:52] Error while downloading the html files.
Exception message: IndexError: list index out of range
[2021.01.15 08:08:52] Error while processing. URL: https://www.instagram.com/polizei.hannover/tagged/
[2021.01.15 08:08:52] Error while processing. URL: https://www.instagram.com/polizei.hannover/tagged/
[2021.01.15 08:08:52] store the html code of : (https://www.instagram.com/frieda_rudi_make_oink/) in frieda_rudi_make_oink/posts/old.html
[2021.01.15 08:08:52] OR in frieda_rudi_make_oink/posts/new.html
[2021.01.15 08:08:52] --------------------------------------------

[2021.01.15 08:09:07] Error while downloading the html files.
Exception message: IndexError: list index out of range
[2021.01.15 08:09:07] Error while downloading the html files.
Exception message: IndexError: list index out of range
[2021.01.15 08:09:07] Error while processing. URL: https://www.instagram.com/frieda_rudi_make_oink/
[2021.01.15 08:09:07] Error while processing. URL: https://www.instagram.com/frieda_rudi_make_oink/
[2021.01.15 08:09:08] 


[2021.01.15 08:09:08] 	********MONITORING PHASE********
[2021.01.15 08:09:08] Skip modifying the html files of href: https://www.instagram.com/polizei.hannover/. [Download Error]
[2021.01.15 08:09:08] Skip modifying the html files of href: https://www.instagram.com/polizei.hannover/. [Download Error]
[2021.01.15 08:09:08] Skip modifying the html files of href: https://www.instagram.com/polizei.hannover/channel/. [Download Error]
[2021.01.15 08:09:08] Skip modifying the html files of href: https://www.instagram.com/polizei.hannover/channel/. [Download Error]
[2021.01.15 08:09:08] Skip modifying the html files of href: https://www.instagram.com/polizei.hannover/tagged/. [Download Error]
[2021.01.15 08:09:08] Skip modifying the html files of href: https://www.instagram.com/polizei.hannover/tagged/. [Download Error]
[2021.01.15 08:09:08] Skip modifying the html files of href: https://www.instagram.com/frieda_rudi_make_oink/. [Download Error]
[2021.01.15 08:09:08] Skip modifying the html files of href: https://www.instagram.com/frieda_rudi_make_oink/. [Download Error]
[2021.01.15 08:09:08] 		{{{RESULT}}}
[2021.01.15 08:09:08] ID:	polizei.hannover
[2021.01.15 08:09:08] Type:	posts
[2021.01.15 08:09:08] Mode:	2
[2021.01.15 08:09:08] Change:	False
[2021.01.15 08:09:08] Notify:	False
[2021.01.15 08:09:08] Error:	True

[2021.01.15 08:09:08] ID:	polizei.hannover
[2021.01.15 08:09:08] Type:	igtv
[2021.01.15 08:09:08] Mode:	1
[2021.01.15 08:09:08] Change:	False
[2021.01.15 08:09:08] Notify:	False
[2021.01.15 08:09:08] Error:	True

[2021.01.15 08:09:08] ID:	polizei.hannover
[2021.01.15 08:09:08] Type:	tagged
[2021.01.15 08:09:08] Mode:	1
[2021.01.15 08:09:08] Change:	False
[2021.01.15 08:09:08] Notify:	False
[2021.01.15 08:09:08] Error:	True

[2021.01.15 08:09:08] ID:	frieda_rudi_make_oink
[2021.01.15 08:09:08] Type:	posts
[2021.01.15 08:09:08] Mode:	1
[2021.01.15 08:09:08] Change:	False
[2021.01.15 08:09:08] Notify:	False
[2021.01.15 08:09:08] Error:	True

waiting 3 seconds
Execution 156
[2021.01.15 08:09:15] 		{{{BASIC TEST}}}
[2021.01.15 08:09:15] 


[2021.01.15 08:09:15] 	************STORING PHASE************

[2021.01.15 08:09:37] store the html code of : (https://www.instagram.com/polizei.hannover/) in polizei.hannover/posts/old.html
[2021.01.15 08:09:37] OR in polizei.hannover/posts/new.html
[2021.01.15 08:09:37] --------------------------------------------

[2021.01.15 08:09:51] Error while downloading the html files.
Exception message: IndexError: list index out of range
[2021.01.15 08:09:51] Error while downloading the html files.
Exception message: IndexError: list index out of range
[2021.01.15 08:09:51] Error while processing. URL: https://www.instagram.com/polizei.hannover/
[2021.01.15 08:09:51] Error while processing. URL: https://www.instagram.com/polizei.hannover/
[2021.01.15 08:09:51] store the html code of : (https://www.instagram.com/polizei.hannover/channel/) in polizei.hannover/igtv/old.html
[2021.01.15 08:09:51] OR in polizei.hannover/igtv/new.html
[2021.01.15 08:09:51] --------------------------------------------

[2021.01.15 08:10:08] Error while downloading the html files.
Exception message: IndexError: list index out of range
[2021.01.15 08:10:08] Error while downloading the html files.
Exception message: IndexError: list index out of range
[2021.01.15 08:10:08] Error while processing. URL: https://www.instagram.com/polizei.hannover/channel/
[2021.01.15 08:10:08] Error while processing. URL: https://www.instagram.com/polizei.hannover/channel/
[2021.01.15 08:10:08] store the html code of : (https://www.instagram.com/polizei.hannover/tagged/) in polizei.hannover/tagged/old.html
[2021.01.15 08:10:08] OR in polizei.hannover/tagged/new.html
[2021.01.15 08:10:08] --------------------------------------------

[2021.01.15 08:10:20] Error while downloading the html files.
Exception message: IndexError: list index out of range
[2021.01.15 08:10:20] Error while downloading the html files.
Exception message: IndexError: list index out of range
[2021.01.15 08:10:20] Error while processing. URL: https://www.instagram.com/polizei.hannover/tagged/
[2021.01.15 08:10:20] Error while processing. URL: https://www.instagram.com/polizei.hannover/tagged/
[2021.01.15 08:10:20] store the html code of : (https://www.instagram.com/frieda_rudi_make_oink/) in frieda_rudi_make_oink/posts/old.html
[2021.01.15 08:10:20] OR in frieda_rudi_make_oink/posts/new.html
[2021.01.15 08:10:20] --------------------------------------------

[2021.01.15 08:10:34] Error while downloading the html files.
Exception message: IndexError: list index out of range
[2021.01.15 08:10:34] Error while downloading the html files.
Exception message: IndexError: list index out of range
[2021.01.15 08:10:34] Error while processing. URL: https://www.instagram.com/frieda_rudi_make_oink/
[2021.01.15 08:10:34] Error while processing. URL: https://www.instagram.com/frieda_rudi_make_oink/
[2021.01.15 08:10:35] 


[2021.01.15 08:10:35] 	********MONITORING PHASE********
[2021.01.15 08:10:35] Skip modifying the html files of href: https://www.instagram.com/polizei.hannover/. [Download Error]
[2021.01.15 08:10:35] Skip modifying the html files of href: https://www.instagram.com/polizei.hannover/. [Download Error]
[2021.01.15 08:10:35] Skip modifying the html files of href: https://www.instagram.com/polizei.hannover/channel/. [Download Error]
[2021.01.15 08:10:35] Skip modifying the html files of href: https://www.instagram.com/polizei.hannover/channel/. [Download Error]
[2021.01.15 08:10:35] Skip modifying the html files of href: https://www.instagram.com/polizei.hannover/tagged/. [Download Error]
[2021.01.15 08:10:35] Skip modifying the html files of href: https://www.instagram.com/polizei.hannover/tagged/. [Download Error]
[2021.01.15 08:10:35] Skip modifying the html files of href: https://www.instagram.com/frieda_rudi_make_oink/. [Download Error]
[2021.01.15 08:10:35] Skip modifying the html files of href: https://www.instagram.com/frieda_rudi_make_oink/. [Download Error]
[2021.01.15 08:10:35] 		{{{RESULT}}}
[2021.01.15 08:10:35] ID:	polizei.hannover
[2021.01.15 08:10:35] Type:	posts
[2021.01.15 08:10:35] Mode:	2
[2021.01.15 08:10:35] Change:	False
[2021.01.15 08:10:35] Notify:	False
[2021.01.15 08:10:35] Error:	True

[2021.01.15 08:10:35] ID:	polizei.hannover
[2021.01.15 08:10:35] Type:	igtv
[2021.01.15 08:10:35] Mode:	1
[2021.01.15 08:10:35] Change:	False
[2021.01.15 08:10:35] Notify:	False
[2021.01.15 08:10:35] Error:	True

[2021.01.15 08:10:35] ID:	polizei.hannover
[2021.01.15 08:10:35] Type:	tagged
[2021.01.15 08:10:35] Mode:	1
[2021.01.15 08:10:35] Change:	False
[2021.01.15 08:10:35] Notify:	False
[2021.01.15 08:10:35] Error:	True

[2021.01.15 08:10:35] ID:	frieda_rudi_make_oink
[2021.01.15 08:10:35] Type:	posts
[2021.01.15 08:10:35] Mode:	1
[2021.01.15 08:10:35] Change:	False
[2021.01.15 08:10:35] Notify:	False
[2021.01.15 08:10:35] Error:	True

waiting 3 seconds
Execution 157
[2021.01.15 08:10:42] 		{{{BASIC TEST}}}
[2021.01.15 08:10:42] 


[2021.01.15 08:10:42] 	************STORING PHASE************

[2021.01.15 08:11:02] store the html code of : (https://www.instagram.com/polizei.hannover/) in polizei.hannover/posts/old.html
[2021.01.15 08:11:02] OR in polizei.hannover/posts/new.html
[2021.01.15 08:11:02] --------------------------------------------

[2021.01.15 08:11:16] Error while downloading the html files.
Exception message: IndexError: list index out of range
[2021.01.15 08:11:16] Error while downloading the html files.
Exception message: IndexError: list index out of range
[2021.01.15 08:11:16] Error while processing. URL: https://www.instagram.com/polizei.hannover/
[2021.01.15 08:11:16] Error while processing. URL: https://www.instagram.com/polizei.hannover/
[2021.01.15 08:11:16] store the html code of : (https://www.instagram.com/polizei.hannover/channel/) in polizei.hannover/igtv/old.html
[2021.01.15 08:11:16] OR in polizei.hannover/igtv/new.html
[2021.01.15 08:11:16] --------------------------------------------

[2021.01.15 08:11:33] Error while downloading the html files.
Exception message: IndexError: list index out of range
[2021.01.15 08:11:33] Error while downloading the html files.
Exception message: IndexError: list index out of range
[2021.01.15 08:11:33] Error while processing. URL: https://www.instagram.com/polizei.hannover/channel/
[2021.01.15 08:11:33] Error while processing. URL: https://www.instagram.com/polizei.hannover/channel/
[2021.01.15 08:11:33] store the html code of : (https://www.instagram.com/polizei.hannover/tagged/) in polizei.hannover/tagged/old.html
[2021.01.15 08:11:33] OR in polizei.hannover/tagged/new.html
[2021.01.15 08:11:33] --------------------------------------------

[2021.01.15 08:11:48] Error while downloading the html files.
Exception message: IndexError: list index out of range
[2021.01.15 08:11:48] Error while downloading the html files.
Exception message: IndexError: list index out of range
[2021.01.15 08:11:48] Error while processing. URL: https://www.instagram.com/polizei.hannover/tagged/
[2021.01.15 08:11:48] Error while processing. URL: https://www.instagram.com/polizei.hannover/tagged/
[2021.01.15 08:11:48] store the html code of : (https://www.instagram.com/frieda_rudi_make_oink/) in frieda_rudi_make_oink/posts/old.html
[2021.01.15 08:11:48] OR in frieda_rudi_make_oink/posts/new.html
[2021.01.15 08:11:48] --------------------------------------------

[2021.01.15 08:12:02] Error while downloading the html files.
Exception message: IndexError: list index out of range
[2021.01.15 08:12:02] Error while downloading the html files.
Exception message: IndexError: list index out of range
[2021.01.15 08:12:02] Error while processing. URL: https://www.instagram.com/frieda_rudi_make_oink/
[2021.01.15 08:12:02] Error while processing. URL: https://www.instagram.com/frieda_rudi_make_oink/
[2021.01.15 08:12:03] 


[2021.01.15 08:12:03] 	********MONITORING PHASE********
[2021.01.15 08:12:03] Skip modifying the html files of href: https://www.instagram.com/polizei.hannover/. [Download Error]
[2021.01.15 08:12:03] Skip modifying the html files of href: https://www.instagram.com/polizei.hannover/. [Download Error]
[2021.01.15 08:12:03] Skip modifying the html files of href: https://www.instagram.com/polizei.hannover/channel/. [Download Error]
[2021.01.15 08:12:03] Skip modifying the html files of href: https://www.instagram.com/polizei.hannover/channel/. [Download Error]
[2021.01.15 08:12:03] Skip modifying the html files of href: https://www.instagram.com/polizei.hannover/tagged/. [Download Error]
[2021.01.15 08:12:03] Skip modifying the html files of href: https://www.instagram.com/polizei.hannover/tagged/. [Download Error]
[2021.01.15 08:12:03] Skip modifying the html files of href: https://www.instagram.com/frieda_rudi_make_oink/. [Download Error]
[2021.01.15 08:12:03] Skip modifying the html files of href: https://www.instagram.com/frieda_rudi_make_oink/. [Download Error]
[2021.01.15 08:12:03] 		{{{RESULT}}}
[2021.01.15 08:12:03] ID:	polizei.hannover
[2021.01.15 08:12:03] Type:	posts
[2021.01.15 08:12:03] Mode:	2
[2021.01.15 08:12:03] Change:	False
[2021.01.15 08:12:03] Notify:	False
[2021.01.15 08:12:03] Error:	True

[2021.01.15 08:12:03] ID:	polizei.hannover
[2021.01.15 08:12:03] Type:	igtv
[2021.01.15 08:12:03] Mode:	1
[2021.01.15 08:12:03] Change:	False
[2021.01.15 08:12:03] Notify:	False
[2021.01.15 08:12:03] Error:	True

[2021.01.15 08:12:03] ID:	polizei.hannover
[2021.01.15 08:12:03] Type:	tagged
[2021.01.15 08:12:03] Mode:	1
[2021.01.15 08:12:03] Change:	False
[2021.01.15 08:12:03] Notify:	False
[2021.01.15 08:12:03] Error:	True

[2021.01.15 08:12:03] ID:	frieda_rudi_make_oink
[2021.01.15 08:12:03] Type:	posts
[2021.01.15 08:12:03] Mode:	1
[2021.01.15 08:12:03] Change:	False
[2021.01.15 08:12:03] Notify:	False
[2021.01.15 08:12:03] Error:	True

waiting 3 seconds
Execution 158
[2021.01.15 08:12:10] 		{{{BASIC TEST}}}
[2021.01.15 08:12:10] 


[2021.01.15 08:12:10] 	************STORING PHASE************

[2021.01.15 08:12:35] store the html code of : (https://www.instagram.com/polizei.hannover/) in polizei.hannover/posts/old.html
[2021.01.15 08:12:35] OR in polizei.hannover/posts/new.html
[2021.01.15 08:12:35] --------------------------------------------

[2021.01.15 08:12:46] Error while downloading the html files.
Exception message: IndexError: list index out of range
[2021.01.15 08:12:46] Error while downloading the html files.
Exception message: IndexError: list index out of range
[2021.01.15 08:12:46] Error while processing. URL: https://www.instagram.com/polizei.hannover/
[2021.01.15 08:12:46] Error while processing. URL: https://www.instagram.com/polizei.hannover/
[2021.01.15 08:12:46] store the html code of : (https://www.instagram.com/polizei.hannover/channel/) in polizei.hannover/igtv/old.html
[2021.01.15 08:12:46] OR in polizei.hannover/igtv/new.html
[2021.01.15 08:12:46] --------------------------------------------

[2021.01.15 08:12:59] Error while downloading the html files.
Exception message: IndexError: list index out of range
[2021.01.15 08:12:59] Error while downloading the html files.
Exception message: IndexError: list index out of range
[2021.01.15 08:12:59] Error while processing. URL: https://www.instagram.com/polizei.hannover/channel/
[2021.01.15 08:12:59] Error while processing. URL: https://www.instagram.com/polizei.hannover/channel/
[2021.01.15 08:12:59] store the html code of : (https://www.instagram.com/polizei.hannover/tagged/) in polizei.hannover/tagged/old.html
[2021.01.15 08:12:59] OR in polizei.hannover/tagged/new.html
[2021.01.15 08:12:59] --------------------------------------------

[2021.01.15 08:13:11] Error while downloading the html files.
Exception message: IndexError: list index out of range
[2021.01.15 08:13:11] Error while downloading the html files.
Exception message: IndexError: list index out of range
[2021.01.15 08:13:11] Error while processing. URL: https://www.instagram.com/polizei.hannover/tagged/
[2021.01.15 08:13:11] Error while processing. URL: https://www.instagram.com/polizei.hannover/tagged/
[2021.01.15 08:13:11] store the html code of : (https://www.instagram.com/frieda_rudi_make_oink/) in frieda_rudi_make_oink/posts/old.html
[2021.01.15 08:13:11] OR in frieda_rudi_make_oink/posts/new.html
[2021.01.15 08:13:11] --------------------------------------------

[2021.01.15 08:13:24] Error while downloading the html files.
Exception message: IndexError: list index out of range
[2021.01.15 08:13:24] Error while downloading the html files.
Exception message: IndexError: list index out of range
[2021.01.15 08:13:24] Error while processing. URL: https://www.instagram.com/frieda_rudi_make_oink/
[2021.01.15 08:13:24] Error while processing. URL: https://www.instagram.com/frieda_rudi_make_oink/
[2021.01.15 08:13:25] 


[2021.01.15 08:13:25] 	********MONITORING PHASE********
[2021.01.15 08:13:25] Skip modifying the html files of href: https://www.instagram.com/polizei.hannover/. [Download Error]
[2021.01.15 08:13:25] Skip modifying the html files of href: https://www.instagram.com/polizei.hannover/. [Download Error]
[2021.01.15 08:13:25] Skip modifying the html files of href: https://www.instagram.com/polizei.hannover/channel/. [Download Error]
[2021.01.15 08:13:25] Skip modifying the html files of href: https://www.instagram.com/polizei.hannover/channel/. [Download Error]
[2021.01.15 08:13:25] Skip modifying the html files of href: https://www.instagram.com/polizei.hannover/tagged/. [Download Error]
[2021.01.15 08:13:25] Skip modifying the html files of href: https://www.instagram.com/polizei.hannover/tagged/. [Download Error]
[2021.01.15 08:13:25] Skip modifying the html files of href: https://www.instagram.com/frieda_rudi_make_oink/. [Download Error]
[2021.01.15 08:13:25] Skip modifying the html files of href: https://www.instagram.com/frieda_rudi_make_oink/. [Download Error]
[2021.01.15 08:13:25] 		{{{RESULT}}}
[2021.01.15 08:13:25] ID:	polizei.hannover
[2021.01.15 08:13:25] Type:	posts
[2021.01.15 08:13:25] Mode:	2
[2021.01.15 08:13:25] Change:	False
[2021.01.15 08:13:25] Notify:	False
[2021.01.15 08:13:25] Error:	True

[2021.01.15 08:13:25] ID:	polizei.hannover
[2021.01.15 08:13:25] Type:	igtv
[2021.01.15 08:13:25] Mode:	1
[2021.01.15 08:13:25] Change:	False
[2021.01.15 08:13:25] Notify:	False
[2021.01.15 08:13:25] Error:	True

[2021.01.15 08:13:25] ID:	polizei.hannover
[2021.01.15 08:13:25] Type:	tagged
[2021.01.15 08:13:25] Mode:	1
[2021.01.15 08:13:25] Change:	False
[2021.01.15 08:13:25] Notify:	False
[2021.01.15 08:13:25] Error:	True

[2021.01.15 08:13:25] ID:	frieda_rudi_make_oink
[2021.01.15 08:13:25] Type:	posts
[2021.01.15 08:13:25] Mode:	1
[2021.01.15 08:13:25] Change:	False
[2021.01.15 08:13:25] Notify:	False
[2021.01.15 08:13:25] Error:	True

waiting 3 seconds
Execution 159
[2021.01.15 08:13:32] 		{{{BASIC TEST}}}
[2021.01.15 08:13:32] 


[2021.01.15 08:13:32] 	************STORING PHASE************

[2021.01.15 08:13:56] store the html code of : (https://www.instagram.com/polizei.hannover/) in polizei.hannover/posts/old.html
[2021.01.15 08:13:56] OR in polizei.hannover/posts/new.html
[2021.01.15 08:13:56] --------------------------------------------

[2021.01.15 08:14:11] Error while downloading the html files.
Exception message: IndexError: list index out of range
[2021.01.15 08:14:11] Error while downloading the html files.
Exception message: IndexError: list index out of range
[2021.01.15 08:14:11] Error while processing. URL: https://www.instagram.com/polizei.hannover/
[2021.01.15 08:14:11] Error while processing. URL: https://www.instagram.com/polizei.hannover/
[2021.01.15 08:14:11] store the html code of : (https://www.instagram.com/polizei.hannover/channel/) in polizei.hannover/igtv/old.html
[2021.01.15 08:14:11] OR in polizei.hannover/igtv/new.html
[2021.01.15 08:14:11] --------------------------------------------

[2021.01.15 08:14:26] Error while downloading the html files.
Exception message: IndexError: list index out of range
[2021.01.15 08:14:26] Error while downloading the html files.
Exception message: IndexError: list index out of range
[2021.01.15 08:14:26] Error while processing. URL: https://www.instagram.com/polizei.hannover/channel/
[2021.01.15 08:14:26] Error while processing. URL: https://www.instagram.com/polizei.hannover/channel/
[2021.01.15 08:14:26] store the html code of : (https://www.instagram.com/polizei.hannover/tagged/) in polizei.hannover/tagged/old.html
[2021.01.15 08:14:26] OR in polizei.hannover/tagged/new.html
[2021.01.15 08:14:26] --------------------------------------------

[2021.01.15 08:14:40] Error while downloading the html files.
Exception message: IndexError: list index out of range
[2021.01.15 08:14:40] Error while downloading the html files.
Exception message: IndexError: list index out of range
[2021.01.15 08:14:40] Error while processing. URL: https://www.instagram.com/polizei.hannover/tagged/
[2021.01.15 08:14:40] Error while processing. URL: https://www.instagram.com/polizei.hannover/tagged/
[2021.01.15 08:14:40] store the html code of : (https://www.instagram.com/frieda_rudi_make_oink/) in frieda_rudi_make_oink/posts/old.html
[2021.01.15 08:14:40] OR in frieda_rudi_make_oink/posts/new.html
[2021.01.15 08:14:40] --------------------------------------------

[2021.01.15 08:14:56] Error while downloading the html files.
Exception message: IndexError: list index out of range
[2021.01.15 08:14:56] Error while downloading the html files.
Exception message: IndexError: list index out of range
[2021.01.15 08:14:56] Error while processing. URL: https://www.instagram.com/frieda_rudi_make_oink/
[2021.01.15 08:14:56] Error while processing. URL: https://www.instagram.com/frieda_rudi_make_oink/
[2021.01.15 08:14:57] 


[2021.01.15 08:14:57] 	********MONITORING PHASE********
[2021.01.15 08:14:57] Skip modifying the html files of href: https://www.instagram.com/polizei.hannover/. [Download Error]
[2021.01.15 08:14:57] Skip modifying the html files of href: https://www.instagram.com/polizei.hannover/. [Download Error]
[2021.01.15 08:14:57] Skip modifying the html files of href: https://www.instagram.com/polizei.hannover/channel/. [Download Error]
[2021.01.15 08:14:57] Skip modifying the html files of href: https://www.instagram.com/polizei.hannover/channel/. [Download Error]
[2021.01.15 08:14:57] Skip modifying the html files of href: https://www.instagram.com/polizei.hannover/tagged/. [Download Error]
[2021.01.15 08:14:57] Skip modifying the html files of href: https://www.instagram.com/polizei.hannover/tagged/. [Download Error]
[2021.01.15 08:14:57] Skip modifying the html files of href: https://www.instagram.com/frieda_rudi_make_oink/. [Download Error]
[2021.01.15 08:14:57] Skip modifying the html files of href: https://www.instagram.com/frieda_rudi_make_oink/. [Download Error]
[2021.01.15 08:14:57] 		{{{RESULT}}}
[2021.01.15 08:14:57] ID:	polizei.hannover
[2021.01.15 08:14:57] Type:	posts
[2021.01.15 08:14:57] Mode:	2
[2021.01.15 08:14:57] Change:	False
[2021.01.15 08:14:57] Notify:	False
[2021.01.15 08:14:57] Error:	True

[2021.01.15 08:14:57] ID:	polizei.hannover
[2021.01.15 08:14:57] Type:	igtv
[2021.01.15 08:14:57] Mode:	1
[2021.01.15 08:14:57] Change:	False
[2021.01.15 08:14:57] Notify:	False
[2021.01.15 08:14:57] Error:	True

[2021.01.15 08:14:57] ID:	polizei.hannover
[2021.01.15 08:14:57] Type:	tagged
[2021.01.15 08:14:57] Mode:	1
[2021.01.15 08:14:57] Change:	False
[2021.01.15 08:14:57] Notify:	False
[2021.01.15 08:14:57] Error:	True

[2021.01.15 08:14:57] ID:	frieda_rudi_make_oink
[2021.01.15 08:14:57] Type:	posts
[2021.01.15 08:14:57] Mode:	1
[2021.01.15 08:14:57] Change:	False
[2021.01.15 08:14:57] Notify:	False
[2021.01.15 08:14:57] Error:	True

waiting 3 seconds
Execution 160
[2021.01.15 08:15:03] 		{{{BASIC TEST}}}
[2021.01.15 08:15:03] 


[2021.01.15 08:15:03] 	************STORING PHASE************

[2021.01.15 08:15:28] store the html code of : (https://www.instagram.com/polizei.hannover/) in polizei.hannover/posts/old.html
[2021.01.15 08:15:28] OR in polizei.hannover/posts/new.html
[2021.01.15 08:15:28] --------------------------------------------

[2021.01.15 08:15:41] Error while downloading the html files.
Exception message: IndexError: list index out of range
[2021.01.15 08:15:41] Error while downloading the html files.
Exception message: IndexError: list index out of range
[2021.01.15 08:15:41] Error while processing. URL: https://www.instagram.com/polizei.hannover/
[2021.01.15 08:15:41] Error while processing. URL: https://www.instagram.com/polizei.hannover/
[2021.01.15 08:15:41] store the html code of : (https://www.instagram.com/polizei.hannover/channel/) in polizei.hannover/igtv/old.html
[2021.01.15 08:15:41] OR in polizei.hannover/igtv/new.html
[2021.01.15 08:15:41] --------------------------------------------

[2021.01.15 08:15:54] Error while downloading the html files.
Exception message: IndexError: list index out of range
[2021.01.15 08:15:54] Error while downloading the html files.
Exception message: IndexError: list index out of range
[2021.01.15 08:15:54] Error while processing. URL: https://www.instagram.com/polizei.hannover/channel/
[2021.01.15 08:15:54] Error while processing. URL: https://www.instagram.com/polizei.hannover/channel/
[2021.01.15 08:15:54] store the html code of : (https://www.instagram.com/polizei.hannover/tagged/) in polizei.hannover/tagged/old.html
[2021.01.15 08:15:54] OR in polizei.hannover/tagged/new.html
[2021.01.15 08:15:54] --------------------------------------------

[2021.01.15 08:16:08] Error while downloading the html files.
Exception message: IndexError: list index out of range
[2021.01.15 08:16:08] Error while downloading the html files.
Exception message: IndexError: list index out of range
[2021.01.15 08:16:08] Error while processing. URL: https://www.instagram.com/polizei.hannover/tagged/
[2021.01.15 08:16:08] Error while processing. URL: https://www.instagram.com/polizei.hannover/tagged/
[2021.01.15 08:16:08] store the html code of : (https://www.instagram.com/frieda_rudi_make_oink/) in frieda_rudi_make_oink/posts/old.html
[2021.01.15 08:16:08] OR in frieda_rudi_make_oink/posts/new.html
[2021.01.15 08:16:08] --------------------------------------------

[2021.01.15 08:16:23] Error while downloading the html files.
Exception message: IndexError: list index out of range
[2021.01.15 08:16:23] Error while downloading the html files.
Exception message: IndexError: list index out of range
[2021.01.15 08:16:23] Error while processing. URL: https://www.instagram.com/frieda_rudi_make_oink/
[2021.01.15 08:16:23] Error while processing. URL: https://www.instagram.com/frieda_rudi_make_oink/
[2021.01.15 08:16:24] 


[2021.01.15 08:16:24] 	********MONITORING PHASE********
[2021.01.15 08:16:24] Skip modifying the html files of href: https://www.instagram.com/polizei.hannover/. [Download Error]
[2021.01.15 08:16:24] Skip modifying the html files of href: https://www.instagram.com/polizei.hannover/. [Download Error]
[2021.01.15 08:16:24] Skip modifying the html files of href: https://www.instagram.com/polizei.hannover/channel/. [Download Error]
[2021.01.15 08:16:24] Skip modifying the html files of href: https://www.instagram.com/polizei.hannover/channel/. [Download Error]
[2021.01.15 08:16:24] Skip modifying the html files of href: https://www.instagram.com/polizei.hannover/tagged/. [Download Error]
[2021.01.15 08:16:24] Skip modifying the html files of href: https://www.instagram.com/polizei.hannover/tagged/. [Download Error]
[2021.01.15 08:16:24] Skip modifying the html files of href: https://www.instagram.com/frieda_rudi_make_oink/. [Download Error]
[2021.01.15 08:16:24] Skip modifying the html files of href: https://www.instagram.com/frieda_rudi_make_oink/. [Download Error]
[2021.01.15 08:16:24] 		{{{RESULT}}}
[2021.01.15 08:16:24] ID:	polizei.hannover
[2021.01.15 08:16:24] Type:	posts
[2021.01.15 08:16:24] Mode:	2
[2021.01.15 08:16:24] Change:	False
[2021.01.15 08:16:24] Notify:	False
[2021.01.15 08:16:24] Error:	True

[2021.01.15 08:16:24] ID:	polizei.hannover
[2021.01.15 08:16:24] Type:	igtv
[2021.01.15 08:16:24] Mode:	1
[2021.01.15 08:16:24] Change:	False
[2021.01.15 08:16:24] Notify:	False
[2021.01.15 08:16:24] Error:	True

[2021.01.15 08:16:24] ID:	polizei.hannover
[2021.01.15 08:16:24] Type:	tagged
[2021.01.15 08:16:24] Mode:	1
[2021.01.15 08:16:24] Change:	False
[2021.01.15 08:16:24] Notify:	False
[2021.01.15 08:16:24] Error:	True

[2021.01.15 08:16:24] ID:	frieda_rudi_make_oink
[2021.01.15 08:16:24] Type:	posts
[2021.01.15 08:16:24] Mode:	1
[2021.01.15 08:16:24] Change:	False
[2021.01.15 08:16:24] Notify:	False
[2021.01.15 08:16:24] Error:	True

waiting 3 seconds
Execution 161
[2021.01.15 08:16:30] 		{{{BASIC TEST}}}
[2021.01.15 08:16:30] 


[2021.01.15 08:16:30] 	************STORING PHASE************

[2021.01.15 08:16:55] store the html code of : (https://www.instagram.com/polizei.hannover/) in polizei.hannover/posts/old.html
[2021.01.15 08:16:55] OR in polizei.hannover/posts/new.html
[2021.01.15 08:16:55] --------------------------------------------

[2021.01.15 08:17:10] Error while downloading the html files.
Exception message: IndexError: list index out of range
[2021.01.15 08:17:10] Error while downloading the html files.
Exception message: IndexError: list index out of range
[2021.01.15 08:17:10] Error while processing. URL: https://www.instagram.com/polizei.hannover/
[2021.01.15 08:17:10] Error while processing. URL: https://www.instagram.com/polizei.hannover/
[2021.01.15 08:17:10] store the html code of : (https://www.instagram.com/polizei.hannover/channel/) in polizei.hannover/igtv/old.html
[2021.01.15 08:17:10] OR in polizei.hannover/igtv/new.html
[2021.01.15 08:17:10] --------------------------------------------

[2021.01.15 08:17:22] Error while downloading the html files.
Exception message: IndexError: list index out of range
[2021.01.15 08:17:22] Error while downloading the html files.
Exception message: IndexError: list index out of range
[2021.01.15 08:17:22] Error while processing. URL: https://www.instagram.com/polizei.hannover/channel/
[2021.01.15 08:17:22] Error while processing. URL: https://www.instagram.com/polizei.hannover/channel/
[2021.01.15 08:17:22] store the html code of : (https://www.instagram.com/polizei.hannover/tagged/) in polizei.hannover/tagged/old.html
[2021.01.15 08:17:22] OR in polizei.hannover/tagged/new.html
[2021.01.15 08:17:22] --------------------------------------------

[2021.01.15 08:17:35] Error while downloading the html files.
Exception message: IndexError: list index out of range
[2021.01.15 08:17:35] Error while downloading the html files.
Exception message: IndexError: list index out of range
[2021.01.15 08:17:35] Error while processing. URL: https://www.instagram.com/polizei.hannover/tagged/
[2021.01.15 08:17:35] Error while processing. URL: https://www.instagram.com/polizei.hannover/tagged/
[2021.01.15 08:17:35] store the html code of : (https://www.instagram.com/frieda_rudi_make_oink/) in frieda_rudi_make_oink/posts/old.html
[2021.01.15 08:17:35] OR in frieda_rudi_make_oink/posts/new.html
[2021.01.15 08:17:35] --------------------------------------------

[2021.01.15 08:17:50] Error while downloading the html files.
Exception message: IndexError: list index out of range
[2021.01.15 08:17:50] Error while downloading the html files.
Exception message: IndexError: list index out of range
[2021.01.15 08:17:50] Error while processing. URL: https://www.instagram.com/frieda_rudi_make_oink/
[2021.01.15 08:17:50] Error while processing. URL: https://www.instagram.com/frieda_rudi_make_oink/
[2021.01.15 08:17:51] 


[2021.01.15 08:17:51] 	********MONITORING PHASE********
[2021.01.15 08:17:51] Skip modifying the html files of href: https://www.instagram.com/polizei.hannover/. [Download Error]
[2021.01.15 08:17:51] Skip modifying the html files of href: https://www.instagram.com/polizei.hannover/. [Download Error]
[2021.01.15 08:17:51] Skip modifying the html files of href: https://www.instagram.com/polizei.hannover/channel/. [Download Error]
[2021.01.15 08:17:51] Skip modifying the html files of href: https://www.instagram.com/polizei.hannover/channel/. [Download Error]
[2021.01.15 08:17:51] Skip modifying the html files of href: https://www.instagram.com/polizei.hannover/tagged/. [Download Error]
[2021.01.15 08:17:51] Skip modifying the html files of href: https://www.instagram.com/polizei.hannover/tagged/. [Download Error]
[2021.01.15 08:17:51] Skip modifying the html files of href: https://www.instagram.com/frieda_rudi_make_oink/. [Download Error]
[2021.01.15 08:17:51] Skip modifying the html files of href: https://www.instagram.com/frieda_rudi_make_oink/. [Download Error]
[2021.01.15 08:17:51] 		{{{RESULT}}}
[2021.01.15 08:17:51] ID:	polizei.hannover
[2021.01.15 08:17:51] Type:	posts
[2021.01.15 08:17:51] Mode:	2
[2021.01.15 08:17:51] Change:	False
[2021.01.15 08:17:51] Notify:	False
[2021.01.15 08:17:51] Error:	True

[2021.01.15 08:17:51] ID:	polizei.hannover
[2021.01.15 08:17:51] Type:	igtv
[2021.01.15 08:17:51] Mode:	1
[2021.01.15 08:17:51] Change:	False
[2021.01.15 08:17:51] Notify:	False
[2021.01.15 08:17:51] Error:	True

[2021.01.15 08:17:51] ID:	polizei.hannover
[2021.01.15 08:17:51] Type:	tagged
[2021.01.15 08:17:51] Mode:	1
[2021.01.15 08:17:51] Change:	False
[2021.01.15 08:17:51] Notify:	False
[2021.01.15 08:17:51] Error:	True

[2021.01.15 08:17:51] ID:	frieda_rudi_make_oink
[2021.01.15 08:17:51] Type:	posts
[2021.01.15 08:17:51] Mode:	1
[2021.01.15 08:17:51] Change:	False
[2021.01.15 08:17:51] Notify:	False
[2021.01.15 08:17:51] Error:	True

waiting 3 seconds
Execution 162
[2021.01.15 08:17:58] 		{{{BASIC TEST}}}
[2021.01.15 08:17:58] 


[2021.01.15 08:17:58] 	************STORING PHASE************

[2021.01.15 08:18:22] store the html code of : (https://www.instagram.com/polizei.hannover/) in polizei.hannover/posts/old.html
[2021.01.15 08:18:22] OR in polizei.hannover/posts/new.html
[2021.01.15 08:18:22] --------------------------------------------

[2021.01.15 08:18:36] Error while downloading the html files.
Exception message: IndexError: list index out of range
[2021.01.15 08:18:36] Error while downloading the html files.
Exception message: IndexError: list index out of range
[2021.01.15 08:18:36] Error while processing. URL: https://www.instagram.com/polizei.hannover/
[2021.01.15 08:18:36] Error while processing. URL: https://www.instagram.com/polizei.hannover/
[2021.01.15 08:18:36] store the html code of : (https://www.instagram.com/polizei.hannover/channel/) in polizei.hannover/igtv/old.html
[2021.01.15 08:18:36] OR in polizei.hannover/igtv/new.html
[2021.01.15 08:18:36] --------------------------------------------

[2021.01.15 08:18:54] Error while downloading the html files.
Exception message: IndexError: list index out of range
[2021.01.15 08:18:54] Error while downloading the html files.
Exception message: IndexError: list index out of range
[2021.01.15 08:18:54] Error while processing. URL: https://www.instagram.com/polizei.hannover/channel/
[2021.01.15 08:18:54] Error while processing. URL: https://www.instagram.com/polizei.hannover/channel/
[2021.01.15 08:18:54] store the html code of : (https://www.instagram.com/polizei.hannover/tagged/) in polizei.hannover/tagged/old.html
[2021.01.15 08:18:54] OR in polizei.hannover/tagged/new.html
[2021.01.15 08:18:54] --------------------------------------------

[2021.01.15 08:19:09] Error while downloading the html files.
Exception message: IndexError: list index out of range
[2021.01.15 08:19:09] Error while downloading the html files.
Exception message: IndexError: list index out of range
[2021.01.15 08:19:09] Error while processing. URL: https://www.instagram.com/polizei.hannover/tagged/
[2021.01.15 08:19:09] Error while processing. URL: https://www.instagram.com/polizei.hannover/tagged/
[2021.01.15 08:19:09] store the html code of : (https://www.instagram.com/frieda_rudi_make_oink/) in frieda_rudi_make_oink/posts/old.html
[2021.01.15 08:19:09] OR in frieda_rudi_make_oink/posts/new.html
[2021.01.15 08:19:09] --------------------------------------------

[2021.01.15 08:19:22] Error while downloading the html files.
Exception message: IndexError: list index out of range
[2021.01.15 08:19:22] Error while downloading the html files.
Exception message: IndexError: list index out of range
[2021.01.15 08:19:22] Error while processing. URL: https://www.instagram.com/frieda_rudi_make_oink/
[2021.01.15 08:19:22] Error while processing. URL: https://www.instagram.com/frieda_rudi_make_oink/
[2021.01.15 08:19:23] 


[2021.01.15 08:19:23] 	********MONITORING PHASE********
[2021.01.15 08:19:23] Skip modifying the html files of href: https://www.instagram.com/polizei.hannover/. [Download Error]
[2021.01.15 08:19:23] Skip modifying the html files of href: https://www.instagram.com/polizei.hannover/. [Download Error]
[2021.01.15 08:19:23] Skip modifying the html files of href: https://www.instagram.com/polizei.hannover/channel/. [Download Error]
[2021.01.15 08:19:23] Skip modifying the html files of href: https://www.instagram.com/polizei.hannover/channel/. [Download Error]
[2021.01.15 08:19:23] Skip modifying the html files of href: https://www.instagram.com/polizei.hannover/tagged/. [Download Error]
[2021.01.15 08:19:23] Skip modifying the html files of href: https://www.instagram.com/polizei.hannover/tagged/. [Download Error]
[2021.01.15 08:19:23] Skip modifying the html files of href: https://www.instagram.com/frieda_rudi_make_oink/. [Download Error]
[2021.01.15 08:19:23] Skip modifying the html files of href: https://www.instagram.com/frieda_rudi_make_oink/. [Download Error]
[2021.01.15 08:19:23] 		{{{RESULT}}}
[2021.01.15 08:19:23] ID:	polizei.hannover
[2021.01.15 08:19:23] Type:	posts
[2021.01.15 08:19:23] Mode:	2
[2021.01.15 08:19:23] Change:	False
[2021.01.15 08:19:23] Notify:	False
[2021.01.15 08:19:23] Error:	True

[2021.01.15 08:19:23] ID:	polizei.hannover
[2021.01.15 08:19:23] Type:	igtv
[2021.01.15 08:19:23] Mode:	1
[2021.01.15 08:19:23] Change:	False
[2021.01.15 08:19:23] Notify:	False
[2021.01.15 08:19:23] Error:	True

[2021.01.15 08:19:23] ID:	polizei.hannover
[2021.01.15 08:19:23] Type:	tagged
[2021.01.15 08:19:23] Mode:	1
[2021.01.15 08:19:23] Change:	False
[2021.01.15 08:19:23] Notify:	False
[2021.01.15 08:19:23] Error:	True

[2021.01.15 08:19:23] ID:	frieda_rudi_make_oink
[2021.01.15 08:19:23] Type:	posts
[2021.01.15 08:19:23] Mode:	1
[2021.01.15 08:19:23] Change:	False
[2021.01.15 08:19:23] Notify:	False
[2021.01.15 08:19:23] Error:	True

waiting 3 seconds
Execution 163
[2021.01.15 08:19:30] 		{{{BASIC TEST}}}
[2021.01.15 08:19:30] 


[2021.01.15 08:19:30] 	************STORING PHASE************

[2021.01.15 08:19:56] store the html code of : (https://www.instagram.com/polizei.hannover/) in polizei.hannover/posts/old.html
[2021.01.15 08:19:56] OR in polizei.hannover/posts/new.html
[2021.01.15 08:19:56] --------------------------------------------

[2021.01.15 08:20:08] Error while downloading the html files.
Exception message: IndexError: list index out of range
[2021.01.15 08:20:08] Error while downloading the html files.
Exception message: IndexError: list index out of range
[2021.01.15 08:20:08] Error while processing. URL: https://www.instagram.com/polizei.hannover/
[2021.01.15 08:20:08] Error while processing. URL: https://www.instagram.com/polizei.hannover/
[2021.01.15 08:20:08] store the html code of : (https://www.instagram.com/polizei.hannover/channel/) in polizei.hannover/igtv/old.html
[2021.01.15 08:20:08] OR in polizei.hannover/igtv/new.html
[2021.01.15 08:20:08] --------------------------------------------

[2021.01.15 08:20:24] Error while downloading the html files.
Exception message: IndexError: list index out of range
[2021.01.15 08:20:24] Error while downloading the html files.
Exception message: IndexError: list index out of range
[2021.01.15 08:20:24] Error while processing. URL: https://www.instagram.com/polizei.hannover/channel/
[2021.01.15 08:20:24] Error while processing. URL: https://www.instagram.com/polizei.hannover/channel/
[2021.01.15 08:20:24] store the html code of : (https://www.instagram.com/polizei.hannover/tagged/) in polizei.hannover/tagged/old.html
[2021.01.15 08:20:24] OR in polizei.hannover/tagged/new.html
[2021.01.15 08:20:24] --------------------------------------------

[2021.01.15 08:20:38] Error while downloading the html files.
Exception message: IndexError: list index out of range
[2021.01.15 08:20:38] Error while downloading the html files.
Exception message: IndexError: list index out of range
[2021.01.15 08:20:38] Error while processing. URL: https://www.instagram.com/polizei.hannover/tagged/
[2021.01.15 08:20:38] Error while processing. URL: https://www.instagram.com/polizei.hannover/tagged/
[2021.01.15 08:20:38] store the html code of : (https://www.instagram.com/frieda_rudi_make_oink/) in frieda_rudi_make_oink/posts/old.html
[2021.01.15 08:20:38] OR in frieda_rudi_make_oink/posts/new.html
[2021.01.15 08:20:38] --------------------------------------------

[2021.01.15 08:20:49] Error while downloading the html files.
Exception message: IndexError: list index out of range
[2021.01.15 08:20:49] Error while downloading the html files.
Exception message: IndexError: list index out of range
[2021.01.15 08:20:49] Error while processing. URL: https://www.instagram.com/frieda_rudi_make_oink/
[2021.01.15 08:20:49] Error while processing. URL: https://www.instagram.com/frieda_rudi_make_oink/
[2021.01.15 08:20:50] 


[2021.01.15 08:20:50] 	********MONITORING PHASE********
[2021.01.15 08:20:50] Skip modifying the html files of href: https://www.instagram.com/polizei.hannover/. [Download Error]
[2021.01.15 08:20:50] Skip modifying the html files of href: https://www.instagram.com/polizei.hannover/. [Download Error]
[2021.01.15 08:20:50] Skip modifying the html files of href: https://www.instagram.com/polizei.hannover/channel/. [Download Error]
[2021.01.15 08:20:50] Skip modifying the html files of href: https://www.instagram.com/polizei.hannover/channel/. [Download Error]
[2021.01.15 08:20:50] Skip modifying the html files of href: https://www.instagram.com/polizei.hannover/tagged/. [Download Error]
[2021.01.15 08:20:50] Skip modifying the html files of href: https://www.instagram.com/polizei.hannover/tagged/. [Download Error]
[2021.01.15 08:20:50] Skip modifying the html files of href: https://www.instagram.com/frieda_rudi_make_oink/. [Download Error]
[2021.01.15 08:20:50] Skip modifying the html files of href: https://www.instagram.com/frieda_rudi_make_oink/. [Download Error]
[2021.01.15 08:20:50] 		{{{RESULT}}}
[2021.01.15 08:20:50] ID:	polizei.hannover
[2021.01.15 08:20:50] Type:	posts
[2021.01.15 08:20:50] Mode:	2
[2021.01.15 08:20:50] Change:	False
[2021.01.15 08:20:50] Notify:	False
[2021.01.15 08:20:50] Error:	True

[2021.01.15 08:20:50] ID:	polizei.hannover
[2021.01.15 08:20:50] Type:	igtv
[2021.01.15 08:20:50] Mode:	1
[2021.01.15 08:20:50] Change:	False
[2021.01.15 08:20:50] Notify:	False
[2021.01.15 08:20:50] Error:	True

[2021.01.15 08:20:50] ID:	polizei.hannover
[2021.01.15 08:20:50] Type:	tagged
[2021.01.15 08:20:50] Mode:	1
[2021.01.15 08:20:50] Change:	False
[2021.01.15 08:20:50] Notify:	False
[2021.01.15 08:20:50] Error:	True

[2021.01.15 08:20:50] ID:	frieda_rudi_make_oink
[2021.01.15 08:20:50] Type:	posts
[2021.01.15 08:20:50] Mode:	1
[2021.01.15 08:20:50] Change:	False
[2021.01.15 08:20:50] Notify:	False
[2021.01.15 08:20:50] Error:	True

waiting 3 seconds
Execution 164
[2021.01.15 08:20:57] 		{{{BASIC TEST}}}
[2021.01.15 08:20:57] 


[2021.01.15 08:20:57] 	************STORING PHASE************

[2021.01.15 08:21:20] store the html code of : (https://www.instagram.com/polizei.hannover/) in polizei.hannover/posts/old.html
[2021.01.15 08:21:20] OR in polizei.hannover/posts/new.html
[2021.01.15 08:21:20] --------------------------------------------

[2021.01.15 08:21:37] Error while downloading the html files.
Exception message: IndexError: list index out of range
[2021.01.15 08:21:37] Error while downloading the html files.
Exception message: IndexError: list index out of range
[2021.01.15 08:21:37] Error while processing. URL: https://www.instagram.com/polizei.hannover/
[2021.01.15 08:21:37] Error while processing. URL: https://www.instagram.com/polizei.hannover/
[2021.01.15 08:21:37] store the html code of : (https://www.instagram.com/polizei.hannover/channel/) in polizei.hannover/igtv/old.html
[2021.01.15 08:21:37] OR in polizei.hannover/igtv/new.html
[2021.01.15 08:21:37] --------------------------------------------

[2021.01.15 08:21:51] Error while downloading the html files.
Exception message: IndexError: list index out of range
[2021.01.15 08:21:51] Error while downloading the html files.
Exception message: IndexError: list index out of range
[2021.01.15 08:21:51] Error while processing. URL: https://www.instagram.com/polizei.hannover/channel/
[2021.01.15 08:21:51] Error while processing. URL: https://www.instagram.com/polizei.hannover/channel/
[2021.01.15 08:21:51] store the html code of : (https://www.instagram.com/polizei.hannover/tagged/) in polizei.hannover/tagged/old.html
[2021.01.15 08:21:51] OR in polizei.hannover/tagged/new.html
[2021.01.15 08:21:51] --------------------------------------------

[2021.01.15 08:22:06] Error while downloading the html files.
Exception message: IndexError: list index out of range
[2021.01.15 08:22:06] Error while downloading the html files.
Exception message: IndexError: list index out of range
[2021.01.15 08:22:06] Error while processing. URL: https://www.instagram.com/polizei.hannover/tagged/
[2021.01.15 08:22:06] Error while processing. URL: https://www.instagram.com/polizei.hannover/tagged/
[2021.01.15 08:22:06] store the html code of : (https://www.instagram.com/frieda_rudi_make_oink/) in frieda_rudi_make_oink/posts/old.html
[2021.01.15 08:22:06] OR in frieda_rudi_make_oink/posts/new.html
[2021.01.15 08:22:06] --------------------------------------------

[2021.01.15 08:22:17] Error while downloading the html files.
Exception message: IndexError: list index out of range
[2021.01.15 08:22:17] Error while downloading the html files.
Exception message: IndexError: list index out of range
[2021.01.15 08:22:18] Error while processing. URL: https://www.instagram.com/frieda_rudi_make_oink/
[2021.01.15 08:22:18] Error while processing. URL: https://www.instagram.com/frieda_rudi_make_oink/
[2021.01.15 08:22:18] 


[2021.01.15 08:22:18] 	********MONITORING PHASE********
[2021.01.15 08:22:18] Skip modifying the html files of href: https://www.instagram.com/polizei.hannover/. [Download Error]
[2021.01.15 08:22:18] Skip modifying the html files of href: https://www.instagram.com/polizei.hannover/. [Download Error]
[2021.01.15 08:22:18] Skip modifying the html files of href: https://www.instagram.com/polizei.hannover/channel/. [Download Error]
[2021.01.15 08:22:18] Skip modifying the html files of href: https://www.instagram.com/polizei.hannover/channel/. [Download Error]
[2021.01.15 08:22:18] Skip modifying the html files of href: https://www.instagram.com/polizei.hannover/tagged/. [Download Error]
[2021.01.15 08:22:18] Skip modifying the html files of href: https://www.instagram.com/polizei.hannover/tagged/. [Download Error]
[2021.01.15 08:22:18] Skip modifying the html files of href: https://www.instagram.com/frieda_rudi_make_oink/. [Download Error]
[2021.01.15 08:22:18] Skip modifying the html files of href: https://www.instagram.com/frieda_rudi_make_oink/. [Download Error]
[2021.01.15 08:22:18] 		{{{RESULT}}}
[2021.01.15 08:22:18] ID:	polizei.hannover
[2021.01.15 08:22:18] Type:	posts
[2021.01.15 08:22:18] Mode:	2
[2021.01.15 08:22:18] Change:	False
[2021.01.15 08:22:18] Notify:	False
[2021.01.15 08:22:18] Error:	True

[2021.01.15 08:22:18] ID:	polizei.hannover
[2021.01.15 08:22:18] Type:	igtv
[2021.01.15 08:22:18] Mode:	1
[2021.01.15 08:22:18] Change:	False
[2021.01.15 08:22:18] Notify:	False
[2021.01.15 08:22:18] Error:	True

[2021.01.15 08:22:18] ID:	polizei.hannover
[2021.01.15 08:22:18] Type:	tagged
[2021.01.15 08:22:18] Mode:	1
[2021.01.15 08:22:18] Change:	False
[2021.01.15 08:22:18] Notify:	False
[2021.01.15 08:22:18] Error:	True

[2021.01.15 08:22:18] ID:	frieda_rudi_make_oink
[2021.01.15 08:22:18] Type:	posts
[2021.01.15 08:22:18] Mode:	1
[2021.01.15 08:22:18] Change:	False
[2021.01.15 08:22:18] Notify:	False
[2021.01.15 08:22:18] Error:	True

waiting 3 seconds
Execution 165
[2021.01.15 08:22:25] 		{{{BASIC TEST}}}
[2021.01.15 08:22:25] 


[2021.01.15 08:22:25] 	************STORING PHASE************

[2021.01.15 08:22:49] store the html code of : (https://www.instagram.com/polizei.hannover/) in polizei.hannover/posts/old.html
[2021.01.15 08:22:49] OR in polizei.hannover/posts/new.html
[2021.01.15 08:22:49] --------------------------------------------

[2021.01.15 08:23:01] Error while downloading the html files.
Exception message: IndexError: list index out of range
[2021.01.15 08:23:01] Error while downloading the html files.
Exception message: IndexError: list index out of range
[2021.01.15 08:23:01] Error while processing. URL: https://www.instagram.com/polizei.hannover/
[2021.01.15 08:23:01] Error while processing. URL: https://www.instagram.com/polizei.hannover/
[2021.01.15 08:23:01] store the html code of : (https://www.instagram.com/polizei.hannover/channel/) in polizei.hannover/igtv/old.html
[2021.01.15 08:23:01] OR in polizei.hannover/igtv/new.html
[2021.01.15 08:23:01] --------------------------------------------

[2021.01.15 08:23:17] Error while downloading the html files.
Exception message: IndexError: list index out of range
[2021.01.15 08:23:17] Error while downloading the html files.
Exception message: IndexError: list index out of range
[2021.01.15 08:23:17] Error while processing. URL: https://www.instagram.com/polizei.hannover/channel/
[2021.01.15 08:23:17] Error while processing. URL: https://www.instagram.com/polizei.hannover/channel/
[2021.01.15 08:23:17] store the html code of : (https://www.instagram.com/polizei.hannover/tagged/) in polizei.hannover/tagged/old.html
[2021.01.15 08:23:17] OR in polizei.hannover/tagged/new.html
[2021.01.15 08:23:17] --------------------------------------------

[2021.01.15 08:23:29] Error while downloading the html files.
Exception message: IndexError: list index out of range
[2021.01.15 08:23:29] Error while downloading the html files.
Exception message: IndexError: list index out of range
[2021.01.15 08:23:29] Error while processing. URL: https://www.instagram.com/polizei.hannover/tagged/
[2021.01.15 08:23:29] Error while processing. URL: https://www.instagram.com/polizei.hannover/tagged/
[2021.01.15 08:23:29] store the html code of : (https://www.instagram.com/frieda_rudi_make_oink/) in frieda_rudi_make_oink/posts/old.html
[2021.01.15 08:23:29] OR in frieda_rudi_make_oink/posts/new.html
[2021.01.15 08:23:29] --------------------------------------------

[2021.01.15 08:23:44] Error while downloading the html files.
Exception message: IndexError: list index out of range
[2021.01.15 08:23:44] Error while downloading the html files.
Exception message: IndexError: list index out of range
[2021.01.15 08:23:44] Error while processing. URL: https://www.instagram.com/frieda_rudi_make_oink/
[2021.01.15 08:23:44] Error while processing. URL: https://www.instagram.com/frieda_rudi_make_oink/
[2021.01.15 08:23:45] 


[2021.01.15 08:23:45] 	********MONITORING PHASE********
[2021.01.15 08:23:45] Skip modifying the html files of href: https://www.instagram.com/polizei.hannover/. [Download Error]
[2021.01.15 08:23:45] Skip modifying the html files of href: https://www.instagram.com/polizei.hannover/. [Download Error]
[2021.01.15 08:23:45] Skip modifying the html files of href: https://www.instagram.com/polizei.hannover/channel/. [Download Error]
[2021.01.15 08:23:45] Skip modifying the html files of href: https://www.instagram.com/polizei.hannover/channel/. [Download Error]
[2021.01.15 08:23:45] Skip modifying the html files of href: https://www.instagram.com/polizei.hannover/tagged/. [Download Error]
[2021.01.15 08:23:45] Skip modifying the html files of href: https://www.instagram.com/polizei.hannover/tagged/. [Download Error]
[2021.01.15 08:23:45] Skip modifying the html files of href: https://www.instagram.com/frieda_rudi_make_oink/. [Download Error]
[2021.01.15 08:23:45] Skip modifying the html files of href: https://www.instagram.com/frieda_rudi_make_oink/. [Download Error]
[2021.01.15 08:23:45] 		{{{RESULT}}}
[2021.01.15 08:23:45] ID:	polizei.hannover
[2021.01.15 08:23:45] Type:	posts
[2021.01.15 08:23:45] Mode:	2
[2021.01.15 08:23:45] Change:	False
[2021.01.15 08:23:45] Notify:	False
[2021.01.15 08:23:45] Error:	True

[2021.01.15 08:23:45] ID:	polizei.hannover
[2021.01.15 08:23:45] Type:	igtv
[2021.01.15 08:23:45] Mode:	1
[2021.01.15 08:23:45] Change:	False
[2021.01.15 08:23:45] Notify:	False
[2021.01.15 08:23:45] Error:	True

[2021.01.15 08:23:45] ID:	polizei.hannover
[2021.01.15 08:23:45] Type:	tagged
[2021.01.15 08:23:45] Mode:	1
[2021.01.15 08:23:45] Change:	False
[2021.01.15 08:23:45] Notify:	False
[2021.01.15 08:23:45] Error:	True

[2021.01.15 08:23:45] ID:	frieda_rudi_make_oink
[2021.01.15 08:23:45] Type:	posts
[2021.01.15 08:23:45] Mode:	1
[2021.01.15 08:23:45] Change:	False
[2021.01.15 08:23:45] Notify:	False
[2021.01.15 08:23:45] Error:	True

waiting 3 seconds
Execution 166
[2021.01.15 08:23:52] 		{{{BASIC TEST}}}
[2021.01.15 08:23:52] 


[2021.01.15 08:23:52] 	************STORING PHASE************

[2021.01.15 08:24:15] store the html code of : (https://www.instagram.com/polizei.hannover/) in polizei.hannover/posts/old.html
[2021.01.15 08:24:15] OR in polizei.hannover/posts/new.html
[2021.01.15 08:24:15] --------------------------------------------

[2021.01.15 08:24:31] Error while downloading the html files.
Exception message: IndexError: list index out of range
[2021.01.15 08:24:31] Error while downloading the html files.
Exception message: IndexError: list index out of range
[2021.01.15 08:24:31] Error while processing. URL: https://www.instagram.com/polizei.hannover/
[2021.01.15 08:24:31] Error while processing. URL: https://www.instagram.com/polizei.hannover/
[2021.01.15 08:24:31] store the html code of : (https://www.instagram.com/polizei.hannover/channel/) in polizei.hannover/igtv/old.html
[2021.01.15 08:24:31] OR in polizei.hannover/igtv/new.html
[2021.01.15 08:24:31] --------------------------------------------

[2021.01.15 08:24:49] Error while downloading the html files.
Exception message: IndexError: list index out of range
[2021.01.15 08:24:49] Error while downloading the html files.
Exception message: IndexError: list index out of range
[2021.01.15 08:24:49] Error while processing. URL: https://www.instagram.com/polizei.hannover/channel/
[2021.01.15 08:24:49] Error while processing. URL: https://www.instagram.com/polizei.hannover/channel/
[2021.01.15 08:24:49] store the html code of : (https://www.instagram.com/polizei.hannover/tagged/) in polizei.hannover/tagged/old.html
[2021.01.15 08:24:49] OR in polizei.hannover/tagged/new.html
[2021.01.15 08:24:49] --------------------------------------------

[2021.01.15 08:25:03] Error while downloading the html files.
Exception message: IndexError: list index out of range
[2021.01.15 08:25:03] Error while downloading the html files.
Exception message: IndexError: list index out of range
[2021.01.15 08:25:03] Error while processing. URL: https://www.instagram.com/polizei.hannover/tagged/
[2021.01.15 08:25:03] Error while processing. URL: https://www.instagram.com/polizei.hannover/tagged/
[2021.01.15 08:25:03] store the html code of : (https://www.instagram.com/frieda_rudi_make_oink/) in frieda_rudi_make_oink/posts/old.html
[2021.01.15 08:25:03] OR in frieda_rudi_make_oink/posts/new.html
[2021.01.15 08:25:03] --------------------------------------------

[2021.01.15 08:25:16] Error while downloading the html files.
Exception message: IndexError: list index out of range
[2021.01.15 08:25:16] Error while downloading the html files.
Exception message: IndexError: list index out of range
[2021.01.15 08:25:16] Error while processing. URL: https://www.instagram.com/frieda_rudi_make_oink/
[2021.01.15 08:25:16] Error while processing. URL: https://www.instagram.com/frieda_rudi_make_oink/
[2021.01.15 08:25:17] 


[2021.01.15 08:25:17] 	********MONITORING PHASE********
[2021.01.15 08:25:17] Skip modifying the html files of href: https://www.instagram.com/polizei.hannover/. [Download Error]
[2021.01.15 08:25:17] Skip modifying the html files of href: https://www.instagram.com/polizei.hannover/. [Download Error]
[2021.01.15 08:25:17] Skip modifying the html files of href: https://www.instagram.com/polizei.hannover/channel/. [Download Error]
[2021.01.15 08:25:17] Skip modifying the html files of href: https://www.instagram.com/polizei.hannover/channel/. [Download Error]
[2021.01.15 08:25:17] Skip modifying the html files of href: https://www.instagram.com/polizei.hannover/tagged/. [Download Error]
[2021.01.15 08:25:17] Skip modifying the html files of href: https://www.instagram.com/polizei.hannover/tagged/. [Download Error]
[2021.01.15 08:25:17] Skip modifying the html files of href: https://www.instagram.com/frieda_rudi_make_oink/. [Download Error]
[2021.01.15 08:25:17] Skip modifying the html files of href: https://www.instagram.com/frieda_rudi_make_oink/. [Download Error]
[2021.01.15 08:25:17] 		{{{RESULT}}}
[2021.01.15 08:25:17] ID:	polizei.hannover
[2021.01.15 08:25:17] Type:	posts
[2021.01.15 08:25:17] Mode:	2
[2021.01.15 08:25:17] Change:	False
[2021.01.15 08:25:17] Notify:	False
[2021.01.15 08:25:17] Error:	True

[2021.01.15 08:25:17] ID:	polizei.hannover
[2021.01.15 08:25:17] Type:	igtv
[2021.01.15 08:25:17] Mode:	1
[2021.01.15 08:25:17] Change:	False
[2021.01.15 08:25:17] Notify:	False
[2021.01.15 08:25:17] Error:	True

[2021.01.15 08:25:17] ID:	polizei.hannover
[2021.01.15 08:25:17] Type:	tagged
[2021.01.15 08:25:17] Mode:	1
[2021.01.15 08:25:17] Change:	False
[2021.01.15 08:25:17] Notify:	False
[2021.01.15 08:25:17] Error:	True

[2021.01.15 08:25:17] ID:	frieda_rudi_make_oink
[2021.01.15 08:25:17] Type:	posts
[2021.01.15 08:25:17] Mode:	1
[2021.01.15 08:25:17] Change:	False
[2021.01.15 08:25:17] Notify:	False
[2021.01.15 08:25:17] Error:	True

waiting 3 seconds
Execution 167
[2021.01.15 08:25:24] 		{{{BASIC TEST}}}
[2021.01.15 08:25:24] 


[2021.01.15 08:25:24] 	************STORING PHASE************

[2021.01.15 08:25:49] store the html code of : (https://www.instagram.com/polizei.hannover/) in polizei.hannover/posts/old.html
[2021.01.15 08:25:49] OR in polizei.hannover/posts/new.html
[2021.01.15 08:25:49] --------------------------------------------

[2021.01.15 08:26:04] Error while downloading the html files.
Exception message: IndexError: list index out of range
[2021.01.15 08:26:04] Error while downloading the html files.
Exception message: IndexError: list index out of range
[2021.01.15 08:26:04] Error while processing. URL: https://www.instagram.com/polizei.hannover/
[2021.01.15 08:26:04] Error while processing. URL: https://www.instagram.com/polizei.hannover/
[2021.01.15 08:26:04] store the html code of : (https://www.instagram.com/polizei.hannover/channel/) in polizei.hannover/igtv/old.html
[2021.01.15 08:26:04] OR in polizei.hannover/igtv/new.html
[2021.01.15 08:26:04] --------------------------------------------

[2021.01.15 08:26:22] Error while downloading the html files.
Exception message: IndexError: list index out of range
[2021.01.15 08:26:22] Error while downloading the html files.
Exception message: IndexError: list index out of range
[2021.01.15 08:26:22] Error while processing. URL: https://www.instagram.com/polizei.hannover/channel/
[2021.01.15 08:26:22] Error while processing. URL: https://www.instagram.com/polizei.hannover/channel/
[2021.01.15 08:26:22] store the html code of : (https://www.instagram.com/polizei.hannover/tagged/) in polizei.hannover/tagged/old.html
[2021.01.15 08:26:22] OR in polizei.hannover/tagged/new.html
[2021.01.15 08:26:22] --------------------------------------------

[2021.01.15 08:26:38] Error while downloading the html files.
Exception message: IndexError: list index out of range
[2021.01.15 08:26:38] Error while downloading the html files.
Exception message: IndexError: list index out of range
[2021.01.15 08:26:38] Error while processing. URL: https://www.instagram.com/polizei.hannover/tagged/
[2021.01.15 08:26:38] Error while processing. URL: https://www.instagram.com/polizei.hannover/tagged/
[2021.01.15 08:26:38] store the html code of : (https://www.instagram.com/frieda_rudi_make_oink/) in frieda_rudi_make_oink/posts/old.html
[2021.01.15 08:26:38] OR in frieda_rudi_make_oink/posts/new.html
[2021.01.15 08:26:38] --------------------------------------------

[2021.01.15 08:26:54] Error while downloading the html files.
Exception message: IndexError: list index out of range
[2021.01.15 08:26:54] Error while downloading the html files.
Exception message: IndexError: list index out of range
[2021.01.15 08:26:54] Error while processing. URL: https://www.instagram.com/frieda_rudi_make_oink/
[2021.01.15 08:26:54] Error while processing. URL: https://www.instagram.com/frieda_rudi_make_oink/
[2021.01.15 08:26:55] 


[2021.01.15 08:26:55] 	********MONITORING PHASE********
[2021.01.15 08:26:55] Skip modifying the html files of href: https://www.instagram.com/polizei.hannover/. [Download Error]
[2021.01.15 08:26:55] Skip modifying the html files of href: https://www.instagram.com/polizei.hannover/. [Download Error]
[2021.01.15 08:26:55] Skip modifying the html files of href: https://www.instagram.com/polizei.hannover/channel/. [Download Error]
[2021.01.15 08:26:55] Skip modifying the html files of href: https://www.instagram.com/polizei.hannover/channel/. [Download Error]
[2021.01.15 08:26:55] Skip modifying the html files of href: https://www.instagram.com/polizei.hannover/tagged/. [Download Error]
[2021.01.15 08:26:55] Skip modifying the html files of href: https://www.instagram.com/polizei.hannover/tagged/. [Download Error]
[2021.01.15 08:26:55] Skip modifying the html files of href: https://www.instagram.com/frieda_rudi_make_oink/. [Download Error]
[2021.01.15 08:26:55] Skip modifying the html files of href: https://www.instagram.com/frieda_rudi_make_oink/. [Download Error]
[2021.01.15 08:26:55] 		{{{RESULT}}}
[2021.01.15 08:26:55] ID:	polizei.hannover
[2021.01.15 08:26:55] Type:	posts
[2021.01.15 08:26:55] Mode:	2
[2021.01.15 08:26:55] Change:	False
[2021.01.15 08:26:55] Notify:	False
[2021.01.15 08:26:55] Error:	True

[2021.01.15 08:26:55] ID:	polizei.hannover
[2021.01.15 08:26:55] Type:	igtv
[2021.01.15 08:26:55] Mode:	1
[2021.01.15 08:26:55] Change:	False
[2021.01.15 08:26:55] Notify:	False
[2021.01.15 08:26:55] Error:	True

[2021.01.15 08:26:55] ID:	polizei.hannover
[2021.01.15 08:26:55] Type:	tagged
[2021.01.15 08:26:55] Mode:	1
[2021.01.15 08:26:55] Change:	False
[2021.01.15 08:26:55] Notify:	False
[2021.01.15 08:26:55] Error:	True

[2021.01.15 08:26:55] ID:	frieda_rudi_make_oink
[2021.01.15 08:26:55] Type:	posts
[2021.01.15 08:26:55] Mode:	1
[2021.01.15 08:26:55] Change:	False
[2021.01.15 08:26:55] Notify:	False
[2021.01.15 08:26:55] Error:	True

waiting 3 seconds
Execution 168
[2021.01.15 08:27:02] 		{{{BASIC TEST}}}
[2021.01.15 08:27:02] 


[2021.01.15 08:27:02] 	************STORING PHASE************

[2021.01.15 08:27:29] store the html code of : (https://www.instagram.com/polizei.hannover/) in polizei.hannover/posts/old.html
[2021.01.15 08:27:29] OR in polizei.hannover/posts/new.html
[2021.01.15 08:27:29] --------------------------------------------

[2021.01.15 08:27:40] Error while downloading the html files.
Exception message: IndexError: list index out of range
[2021.01.15 08:27:40] Error while downloading the html files.
Exception message: IndexError: list index out of range
[2021.01.15 08:27:40] Error while processing. URL: https://www.instagram.com/polizei.hannover/
[2021.01.15 08:27:40] Error while processing. URL: https://www.instagram.com/polizei.hannover/
[2021.01.15 08:27:40] store the html code of : (https://www.instagram.com/polizei.hannover/channel/) in polizei.hannover/igtv/old.html
[2021.01.15 08:27:40] OR in polizei.hannover/igtv/new.html
[2021.01.15 08:27:40] --------------------------------------------

[2021.01.15 08:27:57] Error while downloading the html files.
Exception message: IndexError: list index out of range
[2021.01.15 08:27:57] Error while downloading the html files.
Exception message: IndexError: list index out of range
[2021.01.15 08:27:57] Error while processing. URL: https://www.instagram.com/polizei.hannover/channel/
[2021.01.15 08:27:57] Error while processing. URL: https://www.instagram.com/polizei.hannover/channel/
[2021.01.15 08:27:57] store the html code of : (https://www.instagram.com/polizei.hannover/tagged/) in polizei.hannover/tagged/old.html
[2021.01.15 08:27:57] OR in polizei.hannover/tagged/new.html
[2021.01.15 08:27:57] --------------------------------------------

[2021.01.15 08:28:13] Error while downloading the html files.
Exception message: IndexError: list index out of range
[2021.01.15 08:28:13] Error while downloading the html files.
Exception message: IndexError: list index out of range
[2021.01.15 08:28:14] Error while processing. URL: https://www.instagram.com/polizei.hannover/tagged/
[2021.01.15 08:28:14] Error while processing. URL: https://www.instagram.com/polizei.hannover/tagged/
[2021.01.15 08:28:14] store the html code of : (https://www.instagram.com/frieda_rudi_make_oink/) in frieda_rudi_make_oink/posts/old.html
[2021.01.15 08:28:14] OR in frieda_rudi_make_oink/posts/new.html
[2021.01.15 08:28:14] --------------------------------------------

[2021.01.15 08:28:27] Error while downloading the html files.
Exception message: IndexError: list index out of range
[2021.01.15 08:28:27] Error while downloading the html files.
Exception message: IndexError: list index out of range
[2021.01.15 08:28:27] Error while processing. URL: https://www.instagram.com/frieda_rudi_make_oink/
[2021.01.15 08:28:27] Error while processing. URL: https://www.instagram.com/frieda_rudi_make_oink/
[2021.01.15 08:28:28] 


[2021.01.15 08:28:28] 	********MONITORING PHASE********
[2021.01.15 08:28:28] Skip modifying the html files of href: https://www.instagram.com/polizei.hannover/. [Download Error]
[2021.01.15 08:28:28] Skip modifying the html files of href: https://www.instagram.com/polizei.hannover/. [Download Error]
[2021.01.15 08:28:28] Skip modifying the html files of href: https://www.instagram.com/polizei.hannover/channel/. [Download Error]
[2021.01.15 08:28:28] Skip modifying the html files of href: https://www.instagram.com/polizei.hannover/channel/. [Download Error]
[2021.01.15 08:28:28] Skip modifying the html files of href: https://www.instagram.com/polizei.hannover/tagged/. [Download Error]
[2021.01.15 08:28:28] Skip modifying the html files of href: https://www.instagram.com/polizei.hannover/tagged/. [Download Error]
[2021.01.15 08:28:28] Skip modifying the html files of href: https://www.instagram.com/frieda_rudi_make_oink/. [Download Error]
[2021.01.15 08:28:28] Skip modifying the html files of href: https://www.instagram.com/frieda_rudi_make_oink/. [Download Error]
[2021.01.15 08:28:28] 		{{{RESULT}}}
[2021.01.15 08:28:28] ID:	polizei.hannover
[2021.01.15 08:28:28] Type:	posts
[2021.01.15 08:28:28] Mode:	2
[2021.01.15 08:28:28] Change:	False
[2021.01.15 08:28:28] Notify:	False
[2021.01.15 08:28:28] Error:	True

[2021.01.15 08:28:28] ID:	polizei.hannover
[2021.01.15 08:28:28] Type:	igtv
[2021.01.15 08:28:28] Mode:	1
[2021.01.15 08:28:28] Change:	False
[2021.01.15 08:28:28] Notify:	False
[2021.01.15 08:28:28] Error:	True

[2021.01.15 08:28:28] ID:	polizei.hannover
[2021.01.15 08:28:28] Type:	tagged
[2021.01.15 08:28:28] Mode:	1
[2021.01.15 08:28:28] Change:	False
[2021.01.15 08:28:28] Notify:	False
[2021.01.15 08:28:28] Error:	True

[2021.01.15 08:28:28] ID:	frieda_rudi_make_oink
[2021.01.15 08:28:28] Type:	posts
[2021.01.15 08:28:28] Mode:	1
[2021.01.15 08:28:28] Change:	False
[2021.01.15 08:28:28] Notify:	False
[2021.01.15 08:28:28] Error:	True

waiting 3 seconds
Execution 169
[2021.01.15 08:28:35] 		{{{BASIC TEST}}}
[2021.01.15 08:28:35] 


[2021.01.15 08:28:35] 	************STORING PHASE************

[2021.01.15 08:29:00] store the html code of : (https://www.instagram.com/polizei.hannover/) in polizei.hannover/posts/old.html
[2021.01.15 08:29:00] OR in polizei.hannover/posts/new.html
[2021.01.15 08:29:00] --------------------------------------------

[2021.01.15 08:29:15] Error while downloading the html files.
Exception message: IndexError: list index out of range
[2021.01.15 08:29:15] Error while downloading the html files.
Exception message: IndexError: list index out of range
[2021.01.15 08:29:15] Error while processing. URL: https://www.instagram.com/polizei.hannover/
[2021.01.15 08:29:15] Error while processing. URL: https://www.instagram.com/polizei.hannover/
[2021.01.15 08:29:15] store the html code of : (https://www.instagram.com/polizei.hannover/channel/) in polizei.hannover/igtv/old.html
[2021.01.15 08:29:15] OR in polizei.hannover/igtv/new.html
[2021.01.15 08:29:15] --------------------------------------------

[2021.01.15 08:29:27] Error while downloading the html files.
Exception message: IndexError: list index out of range
[2021.01.15 08:29:27] Error while downloading the html files.
Exception message: IndexError: list index out of range
[2021.01.15 08:29:28] Error while processing. URL: https://www.instagram.com/polizei.hannover/channel/
[2021.01.15 08:29:28] Error while processing. URL: https://www.instagram.com/polizei.hannover/channel/
[2021.01.15 08:29:28] store the html code of : (https://www.instagram.com/polizei.hannover/tagged/) in polizei.hannover/tagged/old.html
[2021.01.15 08:29:28] OR in polizei.hannover/tagged/new.html
[2021.01.15 08:29:28] --------------------------------------------

[2021.01.15 08:29:41] Error while downloading the html files.
Exception message: IndexError: list index out of range
[2021.01.15 08:29:41] Error while downloading the html files.
Exception message: IndexError: list index out of range
[2021.01.15 08:29:41] Error while processing. URL: https://www.instagram.com/polizei.hannover/tagged/
[2021.01.15 08:29:41] Error while processing. URL: https://www.instagram.com/polizei.hannover/tagged/
[2021.01.15 08:29:41] store the html code of : (https://www.instagram.com/frieda_rudi_make_oink/) in frieda_rudi_make_oink/posts/old.html
[2021.01.15 08:29:41] OR in frieda_rudi_make_oink/posts/new.html
[2021.01.15 08:29:41] --------------------------------------------

[2021.01.15 08:29:56] Error while downloading the html files.
Exception message: IndexError: list index out of range
[2021.01.15 08:29:56] Error while downloading the html files.
Exception message: IndexError: list index out of range
[2021.01.15 08:29:56] Error while processing. URL: https://www.instagram.com/frieda_rudi_make_oink/
[2021.01.15 08:29:56] Error while processing. URL: https://www.instagram.com/frieda_rudi_make_oink/
[2021.01.15 08:29:57] 


[2021.01.15 08:29:57] 	********MONITORING PHASE********
[2021.01.15 08:29:57] Skip modifying the html files of href: https://www.instagram.com/polizei.hannover/. [Download Error]
[2021.01.15 08:29:57] Skip modifying the html files of href: https://www.instagram.com/polizei.hannover/. [Download Error]
[2021.01.15 08:29:57] Skip modifying the html files of href: https://www.instagram.com/polizei.hannover/channel/. [Download Error]
[2021.01.15 08:29:57] Skip modifying the html files of href: https://www.instagram.com/polizei.hannover/channel/. [Download Error]
[2021.01.15 08:29:57] Skip modifying the html files of href: https://www.instagram.com/polizei.hannover/tagged/. [Download Error]
[2021.01.15 08:29:57] Skip modifying the html files of href: https://www.instagram.com/polizei.hannover/tagged/. [Download Error]
[2021.01.15 08:29:57] Skip modifying the html files of href: https://www.instagram.com/frieda_rudi_make_oink/. [Download Error]
[2021.01.15 08:29:57] Skip modifying the html files of href: https://www.instagram.com/frieda_rudi_make_oink/. [Download Error]
[2021.01.15 08:29:57] 		{{{RESULT}}}
[2021.01.15 08:29:57] ID:	polizei.hannover
[2021.01.15 08:29:57] Type:	posts
[2021.01.15 08:29:57] Mode:	2
[2021.01.15 08:29:57] Change:	False
[2021.01.15 08:29:57] Notify:	False
[2021.01.15 08:29:57] Error:	True

[2021.01.15 08:29:57] ID:	polizei.hannover
[2021.01.15 08:29:57] Type:	igtv
[2021.01.15 08:29:57] Mode:	1
[2021.01.15 08:29:57] Change:	False
[2021.01.15 08:29:57] Notify:	False
[2021.01.15 08:29:57] Error:	True

[2021.01.15 08:29:57] ID:	polizei.hannover
[2021.01.15 08:29:57] Type:	tagged
[2021.01.15 08:29:57] Mode:	1
[2021.01.15 08:29:57] Change:	False
[2021.01.15 08:29:57] Notify:	False
[2021.01.15 08:29:57] Error:	True

[2021.01.15 08:29:57] ID:	frieda_rudi_make_oink
[2021.01.15 08:29:57] Type:	posts
[2021.01.15 08:29:57] Mode:	1
[2021.01.15 08:29:57] Change:	False
[2021.01.15 08:29:57] Notify:	False
[2021.01.15 08:29:57] Error:	True

waiting 3 seconds
Execution 170
[2021.01.15 08:30:04] 		{{{BASIC TEST}}}
[2021.01.15 08:30:04] 


[2021.01.15 08:30:04] 	************STORING PHASE************

[2021.01.15 08:30:27] store the html code of : (https://www.instagram.com/polizei.hannover/) in polizei.hannover/posts/old.html
[2021.01.15 08:30:27] OR in polizei.hannover/posts/new.html
[2021.01.15 08:30:27] --------------------------------------------

[2021.01.15 08:30:42] Error while downloading the html files.
Exception message: IndexError: list index out of range
[2021.01.15 08:30:42] Error while downloading the html files.
Exception message: IndexError: list index out of range
[2021.01.15 08:30:42] Error while processing. URL: https://www.instagram.com/polizei.hannover/
[2021.01.15 08:30:42] Error while processing. URL: https://www.instagram.com/polizei.hannover/
[2021.01.15 08:30:42] store the html code of : (https://www.instagram.com/polizei.hannover/channel/) in polizei.hannover/igtv/old.html
[2021.01.15 08:30:42] OR in polizei.hannover/igtv/new.html
[2021.01.15 08:30:42] --------------------------------------------

[2021.01.15 08:30:59] Error while downloading the html files.
Exception message: IndexError: list index out of range
[2021.01.15 08:30:59] Error while downloading the html files.
Exception message: IndexError: list index out of range
[2021.01.15 08:30:59] Error while processing. URL: https://www.instagram.com/polizei.hannover/channel/
[2021.01.15 08:30:59] Error while processing. URL: https://www.instagram.com/polizei.hannover/channel/
[2021.01.15 08:30:59] store the html code of : (https://www.instagram.com/polizei.hannover/tagged/) in polizei.hannover/tagged/old.html
[2021.01.15 08:30:59] OR in polizei.hannover/tagged/new.html
[2021.01.15 08:30:59] --------------------------------------------

[2021.01.15 08:31:16] Error while downloading the html files.
Exception message: IndexError: list index out of range
[2021.01.15 08:31:16] Error while downloading the html files.
Exception message: IndexError: list index out of range
[2021.01.15 08:31:16] Error while processing. URL: https://www.instagram.com/polizei.hannover/tagged/
[2021.01.15 08:31:16] Error while processing. URL: https://www.instagram.com/polizei.hannover/tagged/
[2021.01.15 08:31:16] store the html code of : (https://www.instagram.com/frieda_rudi_make_oink/) in frieda_rudi_make_oink/posts/old.html
[2021.01.15 08:31:16] OR in frieda_rudi_make_oink/posts/new.html
[2021.01.15 08:31:16] --------------------------------------------

[2021.01.15 08:31:27] Error while downloading the html files.
Exception message: IndexError: list index out of range
[2021.01.15 08:31:27] Error while downloading the html files.
Exception message: IndexError: list index out of range
[2021.01.15 08:31:27] Error while processing. URL: https://www.instagram.com/frieda_rudi_make_oink/
[2021.01.15 08:31:27] Error while processing. URL: https://www.instagram.com/frieda_rudi_make_oink/
[2021.01.15 08:31:28] 


[2021.01.15 08:31:28] 	********MONITORING PHASE********
[2021.01.15 08:31:28] Skip modifying the html files of href: https://www.instagram.com/polizei.hannover/. [Download Error]
[2021.01.15 08:31:28] Skip modifying the html files of href: https://www.instagram.com/polizei.hannover/. [Download Error]
[2021.01.15 08:31:28] Skip modifying the html files of href: https://www.instagram.com/polizei.hannover/channel/. [Download Error]
[2021.01.15 08:31:28] Skip modifying the html files of href: https://www.instagram.com/polizei.hannover/channel/. [Download Error]
[2021.01.15 08:31:28] Skip modifying the html files of href: https://www.instagram.com/polizei.hannover/tagged/. [Download Error]
[2021.01.15 08:31:28] Skip modifying the html files of href: https://www.instagram.com/polizei.hannover/tagged/. [Download Error]
[2021.01.15 08:31:28] Skip modifying the html files of href: https://www.instagram.com/frieda_rudi_make_oink/. [Download Error]
[2021.01.15 08:31:28] Skip modifying the html files of href: https://www.instagram.com/frieda_rudi_make_oink/. [Download Error]
[2021.01.15 08:31:28] 		{{{RESULT}}}
[2021.01.15 08:31:28] ID:	polizei.hannover
[2021.01.15 08:31:28] Type:	posts
[2021.01.15 08:31:28] Mode:	2
[2021.01.15 08:31:28] Change:	False
[2021.01.15 08:31:28] Notify:	False
[2021.01.15 08:31:28] Error:	True

[2021.01.15 08:31:28] ID:	polizei.hannover
[2021.01.15 08:31:28] Type:	igtv
[2021.01.15 08:31:28] Mode:	1
[2021.01.15 08:31:28] Change:	False
[2021.01.15 08:31:28] Notify:	False
[2021.01.15 08:31:28] Error:	True

[2021.01.15 08:31:28] ID:	polizei.hannover
[2021.01.15 08:31:28] Type:	tagged
[2021.01.15 08:31:28] Mode:	1
[2021.01.15 08:31:28] Change:	False
[2021.01.15 08:31:28] Notify:	False
[2021.01.15 08:31:28] Error:	True

[2021.01.15 08:31:28] ID:	frieda_rudi_make_oink
[2021.01.15 08:31:28] Type:	posts
[2021.01.15 08:31:28] Mode:	1
[2021.01.15 08:31:28] Change:	False
[2021.01.15 08:31:28] Notify:	False
[2021.01.15 08:31:28] Error:	True

waiting 3 seconds
Execution 171
[2021.01.15 08:31:35] 		{{{BASIC TEST}}}
[2021.01.15 08:31:35] 


[2021.01.15 08:31:35] 	************STORING PHASE************

[2021.01.15 08:31:58] store the html code of : (https://www.instagram.com/polizei.hannover/) in polizei.hannover/posts/old.html
[2021.01.15 08:31:58] OR in polizei.hannover/posts/new.html
[2021.01.15 08:31:58] --------------------------------------------

[2021.01.15 08:32:12] Error while downloading the html files.
Exception message: IndexError: list index out of range
[2021.01.15 08:32:12] Error while downloading the html files.
Exception message: IndexError: list index out of range
[2021.01.15 08:32:12] Error while processing. URL: https://www.instagram.com/polizei.hannover/
[2021.01.15 08:32:12] Error while processing. URL: https://www.instagram.com/polizei.hannover/
[2021.01.15 08:32:12] store the html code of : (https://www.instagram.com/polizei.hannover/channel/) in polizei.hannover/igtv/old.html
[2021.01.15 08:32:12] OR in polizei.hannover/igtv/new.html
[2021.01.15 08:32:12] --------------------------------------------

[2021.01.15 08:32:26] Error while downloading the html files.
Exception message: IndexError: list index out of range
[2021.01.15 08:32:26] Error while downloading the html files.
Exception message: IndexError: list index out of range
[2021.01.15 08:32:26] Error while processing. URL: https://www.instagram.com/polizei.hannover/channel/
[2021.01.15 08:32:26] Error while processing. URL: https://www.instagram.com/polizei.hannover/channel/
[2021.01.15 08:32:26] store the html code of : (https://www.instagram.com/polizei.hannover/tagged/) in polizei.hannover/tagged/old.html
[2021.01.15 08:32:26] OR in polizei.hannover/tagged/new.html
[2021.01.15 08:32:26] --------------------------------------------

[2021.01.15 08:32:43] Error while downloading the html files.
Exception message: IndexError: list index out of range
[2021.01.15 08:32:43] Error while downloading the html files.
Exception message: IndexError: list index out of range
[2021.01.15 08:32:43] Error while processing. URL: https://www.instagram.com/polizei.hannover/tagged/
[2021.01.15 08:32:43] Error while processing. URL: https://www.instagram.com/polizei.hannover/tagged/
[2021.01.15 08:32:43] store the html code of : (https://www.instagram.com/frieda_rudi_make_oink/) in frieda_rudi_make_oink/posts/old.html
[2021.01.15 08:32:43] OR in frieda_rudi_make_oink/posts/new.html
[2021.01.15 08:32:43] --------------------------------------------

[2021.01.15 08:32:56] Error while downloading the html files.
Exception message: IndexError: list index out of range
[2021.01.15 08:32:56] Error while downloading the html files.
Exception message: IndexError: list index out of range
[2021.01.15 08:32:56] Error while processing. URL: https://www.instagram.com/frieda_rudi_make_oink/
[2021.01.15 08:32:56] Error while processing. URL: https://www.instagram.com/frieda_rudi_make_oink/
[2021.01.15 08:32:57] 


[2021.01.15 08:32:57] 	********MONITORING PHASE********
[2021.01.15 08:32:57] Skip modifying the html files of href: https://www.instagram.com/polizei.hannover/. [Download Error]
[2021.01.15 08:32:57] Skip modifying the html files of href: https://www.instagram.com/polizei.hannover/. [Download Error]
[2021.01.15 08:32:57] Skip modifying the html files of href: https://www.instagram.com/polizei.hannover/channel/. [Download Error]
[2021.01.15 08:32:57] Skip modifying the html files of href: https://www.instagram.com/polizei.hannover/channel/. [Download Error]
[2021.01.15 08:32:57] Skip modifying the html files of href: https://www.instagram.com/polizei.hannover/tagged/. [Download Error]
[2021.01.15 08:32:57] Skip modifying the html files of href: https://www.instagram.com/polizei.hannover/tagged/. [Download Error]
[2021.01.15 08:32:57] Skip modifying the html files of href: https://www.instagram.com/frieda_rudi_make_oink/. [Download Error]
[2021.01.15 08:32:57] Skip modifying the html files of href: https://www.instagram.com/frieda_rudi_make_oink/. [Download Error]
[2021.01.15 08:32:57] 		{{{RESULT}}}
[2021.01.15 08:32:57] ID:	polizei.hannover
[2021.01.15 08:32:57] Type:	posts
[2021.01.15 08:32:57] Mode:	2
[2021.01.15 08:32:57] Change:	False
[2021.01.15 08:32:57] Notify:	False
[2021.01.15 08:32:57] Error:	True

[2021.01.15 08:32:57] ID:	polizei.hannover
[2021.01.15 08:32:57] Type:	igtv
[2021.01.15 08:32:57] Mode:	1
[2021.01.15 08:32:57] Change:	False
[2021.01.15 08:32:57] Notify:	False
[2021.01.15 08:32:57] Error:	True

[2021.01.15 08:32:57] ID:	polizei.hannover
[2021.01.15 08:32:57] Type:	tagged
[2021.01.15 08:32:57] Mode:	1
[2021.01.15 08:32:57] Change:	False
[2021.01.15 08:32:57] Notify:	False
[2021.01.15 08:32:57] Error:	True

[2021.01.15 08:32:57] ID:	frieda_rudi_make_oink
[2021.01.15 08:32:57] Type:	posts
[2021.01.15 08:32:57] Mode:	1
[2021.01.15 08:32:57] Change:	False
[2021.01.15 08:32:57] Notify:	False
[2021.01.15 08:32:57] Error:	True

waiting 3 seconds
Execution 172
[2021.01.15 08:33:04] 		{{{BASIC TEST}}}
[2021.01.15 08:33:04] 


[2021.01.15 08:33:04] 	************STORING PHASE************

[2021.01.15 08:33:27] store the html code of : (https://www.instagram.com/polizei.hannover/) in polizei.hannover/posts/old.html
[2021.01.15 08:33:27] OR in polizei.hannover/posts/new.html
[2021.01.15 08:33:27] --------------------------------------------

[2021.01.15 08:33:43] Error while downloading the html files.
Exception message: IndexError: list index out of range
[2021.01.15 08:33:43] Error while downloading the html files.
Exception message: IndexError: list index out of range
[2021.01.15 08:33:43] Error while processing. URL: https://www.instagram.com/polizei.hannover/
[2021.01.15 08:33:43] Error while processing. URL: https://www.instagram.com/polizei.hannover/
[2021.01.15 08:33:43] store the html code of : (https://www.instagram.com/polizei.hannover/channel/) in polizei.hannover/igtv/old.html
[2021.01.15 08:33:43] OR in polizei.hannover/igtv/new.html
[2021.01.15 08:33:43] --------------------------------------------

[2021.01.15 08:33:55] Error while downloading the html files.
Exception message: IndexError: list index out of range
[2021.01.15 08:33:55] Error while downloading the html files.
Exception message: IndexError: list index out of range
[2021.01.15 08:33:55] Error while processing. URL: https://www.instagram.com/polizei.hannover/channel/
[2021.01.15 08:33:55] Error while processing. URL: https://www.instagram.com/polizei.hannover/channel/
[2021.01.15 08:33:55] store the html code of : (https://www.instagram.com/polizei.hannover/tagged/) in polizei.hannover/tagged/old.html
[2021.01.15 08:33:55] OR in polizei.hannover/tagged/new.html
[2021.01.15 08:33:55] --------------------------------------------

[2021.01.15 08:34:07] Error while downloading the html files.
Exception message: IndexError: list index out of range
[2021.01.15 08:34:07] Error while downloading the html files.
Exception message: IndexError: list index out of range
[2021.01.15 08:34:07] Error while processing. URL: https://www.instagram.com/polizei.hannover/tagged/
[2021.01.15 08:34:07] Error while processing. URL: https://www.instagram.com/polizei.hannover/tagged/
[2021.01.15 08:34:07] store the html code of : (https://www.instagram.com/frieda_rudi_make_oink/) in frieda_rudi_make_oink/posts/old.html
[2021.01.15 08:34:07] OR in frieda_rudi_make_oink/posts/new.html
[2021.01.15 08:34:07] --------------------------------------------

[2021.01.15 08:34:20] Error while downloading the html files.
Exception message: IndexError: list index out of range
[2021.01.15 08:34:20] Error while downloading the html files.
Exception message: IndexError: list index out of range
[2021.01.15 08:34:20] Error while processing. URL: https://www.instagram.com/frieda_rudi_make_oink/
[2021.01.15 08:34:20] Error while processing. URL: https://www.instagram.com/frieda_rudi_make_oink/
[2021.01.15 08:34:21] 


[2021.01.15 08:34:21] 	********MONITORING PHASE********
[2021.01.15 08:34:21] Skip modifying the html files of href: https://www.instagram.com/polizei.hannover/. [Download Error]
[2021.01.15 08:34:21] Skip modifying the html files of href: https://www.instagram.com/polizei.hannover/. [Download Error]
[2021.01.15 08:34:21] Skip modifying the html files of href: https://www.instagram.com/polizei.hannover/channel/. [Download Error]
[2021.01.15 08:34:21] Skip modifying the html files of href: https://www.instagram.com/polizei.hannover/channel/. [Download Error]
[2021.01.15 08:34:21] Skip modifying the html files of href: https://www.instagram.com/polizei.hannover/tagged/. [Download Error]
[2021.01.15 08:34:21] Skip modifying the html files of href: https://www.instagram.com/polizei.hannover/tagged/. [Download Error]
[2021.01.15 08:34:21] Skip modifying the html files of href: https://www.instagram.com/frieda_rudi_make_oink/. [Download Error]
[2021.01.15 08:34:21] Skip modifying the html files of href: https://www.instagram.com/frieda_rudi_make_oink/. [Download Error]
[2021.01.15 08:34:21] 		{{{RESULT}}}
[2021.01.15 08:34:21] ID:	polizei.hannover
[2021.01.15 08:34:21] Type:	posts
[2021.01.15 08:34:21] Mode:	2
[2021.01.15 08:34:21] Change:	False
[2021.01.15 08:34:21] Notify:	False
[2021.01.15 08:34:21] Error:	True

[2021.01.15 08:34:21] ID:	polizei.hannover
[2021.01.15 08:34:21] Type:	igtv
[2021.01.15 08:34:21] Mode:	1
[2021.01.15 08:34:21] Change:	False
[2021.01.15 08:34:21] Notify:	False
[2021.01.15 08:34:21] Error:	True

[2021.01.15 08:34:21] ID:	polizei.hannover
[2021.01.15 08:34:21] Type:	tagged
[2021.01.15 08:34:21] Mode:	1
[2021.01.15 08:34:21] Change:	False
[2021.01.15 08:34:21] Notify:	False
[2021.01.15 08:34:21] Error:	True

[2021.01.15 08:34:21] ID:	frieda_rudi_make_oink
[2021.01.15 08:34:21] Type:	posts
[2021.01.15 08:34:21] Mode:	1
[2021.01.15 08:34:21] Change:	False
[2021.01.15 08:34:21] Notify:	False
[2021.01.15 08:34:21] Error:	True

waiting 3 seconds
Execution 173
[2021.01.15 08:34:28] 		{{{BASIC TEST}}}
[2021.01.15 08:34:28] 


[2021.01.15 08:34:28] 	************STORING PHASE************

[2021.01.15 08:34:54] store the html code of : (https://www.instagram.com/polizei.hannover/) in polizei.hannover/posts/old.html
[2021.01.15 08:34:54] OR in polizei.hannover/posts/new.html
[2021.01.15 08:34:54] --------------------------------------------

[2021.01.15 08:35:07] Error while downloading the html files.
Exception message: IndexError: list index out of range
[2021.01.15 08:35:07] Error while downloading the html files.
Exception message: IndexError: list index out of range
[2021.01.15 08:35:07] Error while processing. URL: https://www.instagram.com/polizei.hannover/
[2021.01.15 08:35:07] Error while processing. URL: https://www.instagram.com/polizei.hannover/
[2021.01.15 08:35:07] store the html code of : (https://www.instagram.com/polizei.hannover/channel/) in polizei.hannover/igtv/old.html
[2021.01.15 08:35:07] OR in polizei.hannover/igtv/new.html
[2021.01.15 08:35:07] --------------------------------------------

[2021.01.15 08:35:24] Error while downloading the html files.
Exception message: IndexError: list index out of range
[2021.01.15 08:35:24] Error while downloading the html files.
Exception message: IndexError: list index out of range
[2021.01.15 08:35:24] Error while processing. URL: https://www.instagram.com/polizei.hannover/channel/
[2021.01.15 08:35:24] Error while processing. URL: https://www.instagram.com/polizei.hannover/channel/
[2021.01.15 08:35:24] store the html code of : (https://www.instagram.com/polizei.hannover/tagged/) in polizei.hannover/tagged/old.html
[2021.01.15 08:35:24] OR in polizei.hannover/tagged/new.html
[2021.01.15 08:35:24] --------------------------------------------

[2021.01.15 08:35:37] Error while downloading the html files.
Exception message: IndexError: list index out of range
[2021.01.15 08:35:37] Error while downloading the html files.
Exception message: IndexError: list index out of range
[2021.01.15 08:35:37] Error while processing. URL: https://www.instagram.com/polizei.hannover/tagged/
[2021.01.15 08:35:37] Error while processing. URL: https://www.instagram.com/polizei.hannover/tagged/
[2021.01.15 08:35:37] store the html code of : (https://www.instagram.com/frieda_rudi_make_oink/) in frieda_rudi_make_oink/posts/old.html
[2021.01.15 08:35:37] OR in frieda_rudi_make_oink/posts/new.html
[2021.01.15 08:35:37] --------------------------------------------

[2021.01.15 08:35:53] Error while downloading the html files.
Exception message: IndexError: list index out of range
[2021.01.15 08:35:53] Error while downloading the html files.
Exception message: IndexError: list index out of range
[2021.01.15 08:35:53] Error while processing. URL: https://www.instagram.com/frieda_rudi_make_oink/
[2021.01.15 08:35:53] Error while processing. URL: https://www.instagram.com/frieda_rudi_make_oink/
[2021.01.15 08:35:54] 


[2021.01.15 08:35:54] 	********MONITORING PHASE********
[2021.01.15 08:35:54] Skip modifying the html files of href: https://www.instagram.com/polizei.hannover/. [Download Error]
[2021.01.15 08:35:54] Skip modifying the html files of href: https://www.instagram.com/polizei.hannover/. [Download Error]
[2021.01.15 08:35:54] Skip modifying the html files of href: https://www.instagram.com/polizei.hannover/channel/. [Download Error]
[2021.01.15 08:35:54] Skip modifying the html files of href: https://www.instagram.com/polizei.hannover/channel/. [Download Error]
[2021.01.15 08:35:54] Skip modifying the html files of href: https://www.instagram.com/polizei.hannover/tagged/. [Download Error]
[2021.01.15 08:35:54] Skip modifying the html files of href: https://www.instagram.com/polizei.hannover/tagged/. [Download Error]
[2021.01.15 08:35:54] Skip modifying the html files of href: https://www.instagram.com/frieda_rudi_make_oink/. [Download Error]
[2021.01.15 08:35:54] Skip modifying the html files of href: https://www.instagram.com/frieda_rudi_make_oink/. [Download Error]
[2021.01.15 08:35:54] 		{{{RESULT}}}
[2021.01.15 08:35:54] ID:	polizei.hannover
[2021.01.15 08:35:54] Type:	posts
[2021.01.15 08:35:54] Mode:	2
[2021.01.15 08:35:54] Change:	False
[2021.01.15 08:35:54] Notify:	False
[2021.01.15 08:35:54] Error:	True

[2021.01.15 08:35:54] ID:	polizei.hannover
[2021.01.15 08:35:54] Type:	igtv
[2021.01.15 08:35:54] Mode:	1
[2021.01.15 08:35:54] Change:	False
[2021.01.15 08:35:54] Notify:	False
[2021.01.15 08:35:54] Error:	True

[2021.01.15 08:35:54] ID:	polizei.hannover
[2021.01.15 08:35:54] Type:	tagged
[2021.01.15 08:35:54] Mode:	1
[2021.01.15 08:35:54] Change:	False
[2021.01.15 08:35:54] Notify:	False
[2021.01.15 08:35:54] Error:	True

[2021.01.15 08:35:54] ID:	frieda_rudi_make_oink
[2021.01.15 08:35:54] Type:	posts
[2021.01.15 08:35:54] Mode:	1
[2021.01.15 08:35:54] Change:	False
[2021.01.15 08:35:54] Notify:	False
[2021.01.15 08:35:54] Error:	True

waiting 3 seconds
Execution 174
[2021.01.15 08:36:01] 		{{{BASIC TEST}}}
[2021.01.15 08:36:01] 


[2021.01.15 08:36:01] 	************STORING PHASE************

[2021.01.15 08:36:26] store the html code of : (https://www.instagram.com/polizei.hannover/) in polizei.hannover/posts/old.html
[2021.01.15 08:36:26] OR in polizei.hannover/posts/new.html
[2021.01.15 08:36:26] --------------------------------------------

[2021.01.15 08:36:38] Error while downloading the html files.
Exception message: IndexError: list index out of range
[2021.01.15 08:36:38] Error while downloading the html files.
Exception message: IndexError: list index out of range
[2021.01.15 08:36:38] Error while processing. URL: https://www.instagram.com/polizei.hannover/
[2021.01.15 08:36:38] Error while processing. URL: https://www.instagram.com/polizei.hannover/
[2021.01.15 08:36:38] store the html code of : (https://www.instagram.com/polizei.hannover/channel/) in polizei.hannover/igtv/old.html
[2021.01.15 08:36:38] OR in polizei.hannover/igtv/new.html
[2021.01.15 08:36:38] --------------------------------------------

[2021.01.15 08:36:53] Error while downloading the html files.
Exception message: IndexError: list index out of range
[2021.01.15 08:36:53] Error while downloading the html files.
Exception message: IndexError: list index out of range
[2021.01.15 08:36:53] Error while processing. URL: https://www.instagram.com/polizei.hannover/channel/
[2021.01.15 08:36:53] Error while processing. URL: https://www.instagram.com/polizei.hannover/channel/
[2021.01.15 08:36:53] store the html code of : (https://www.instagram.com/polizei.hannover/tagged/) in polizei.hannover/tagged/old.html
[2021.01.15 08:36:53] OR in polizei.hannover/tagged/new.html
[2021.01.15 08:36:53] --------------------------------------------

[2021.01.15 08:37:07] Error while downloading the html files.
Exception message: IndexError: list index out of range
[2021.01.15 08:37:07] Error while downloading the html files.
Exception message: IndexError: list index out of range
[2021.01.15 08:37:07] Error while processing. URL: https://www.instagram.com/polizei.hannover/tagged/
[2021.01.15 08:37:07] Error while processing. URL: https://www.instagram.com/polizei.hannover/tagged/
[2021.01.15 08:37:07] store the html code of : (https://www.instagram.com/frieda_rudi_make_oink/) in frieda_rudi_make_oink/posts/old.html
[2021.01.15 08:37:07] OR in frieda_rudi_make_oink/posts/new.html
[2021.01.15 08:37:07] --------------------------------------------

[2021.01.15 08:37:20] Error while downloading the html files.
Exception message: IndexError: list index out of range
[2021.01.15 08:37:20] Error while downloading the html files.
Exception message: IndexError: list index out of range
[2021.01.15 08:37:20] Error while processing. URL: https://www.instagram.com/frieda_rudi_make_oink/
[2021.01.15 08:37:20] Error while processing. URL: https://www.instagram.com/frieda_rudi_make_oink/
[2021.01.15 08:37:21] 


[2021.01.15 08:37:21] 	********MONITORING PHASE********
[2021.01.15 08:37:21] Skip modifying the html files of href: https://www.instagram.com/polizei.hannover/. [Download Error]
[2021.01.15 08:37:21] Skip modifying the html files of href: https://www.instagram.com/polizei.hannover/. [Download Error]
[2021.01.15 08:37:21] Skip modifying the html files of href: https://www.instagram.com/polizei.hannover/channel/. [Download Error]
[2021.01.15 08:37:21] Skip modifying the html files of href: https://www.instagram.com/polizei.hannover/channel/. [Download Error]
[2021.01.15 08:37:21] Skip modifying the html files of href: https://www.instagram.com/polizei.hannover/tagged/. [Download Error]
[2021.01.15 08:37:21] Skip modifying the html files of href: https://www.instagram.com/polizei.hannover/tagged/. [Download Error]
[2021.01.15 08:37:21] Skip modifying the html files of href: https://www.instagram.com/frieda_rudi_make_oink/. [Download Error]
[2021.01.15 08:37:21] Skip modifying the html files of href: https://www.instagram.com/frieda_rudi_make_oink/. [Download Error]
[2021.01.15 08:37:21] 		{{{RESULT}}}
[2021.01.15 08:37:21] ID:	polizei.hannover
[2021.01.15 08:37:21] Type:	posts
[2021.01.15 08:37:21] Mode:	2
[2021.01.15 08:37:21] Change:	False
[2021.01.15 08:37:21] Notify:	False
[2021.01.15 08:37:21] Error:	True

[2021.01.15 08:37:21] ID:	polizei.hannover
[2021.01.15 08:37:21] Type:	igtv
[2021.01.15 08:37:21] Mode:	1
[2021.01.15 08:37:21] Change:	False
[2021.01.15 08:37:21] Notify:	False
[2021.01.15 08:37:21] Error:	True

[2021.01.15 08:37:21] ID:	polizei.hannover
[2021.01.15 08:37:21] Type:	tagged
[2021.01.15 08:37:21] Mode:	1
[2021.01.15 08:37:21] Change:	False
[2021.01.15 08:37:21] Notify:	False
[2021.01.15 08:37:21] Error:	True

[2021.01.15 08:37:21] ID:	frieda_rudi_make_oink
[2021.01.15 08:37:21] Type:	posts
[2021.01.15 08:37:21] Mode:	1
[2021.01.15 08:37:21] Change:	False
[2021.01.15 08:37:21] Notify:	False
[2021.01.15 08:37:21] Error:	True

waiting 3 seconds
Execution 175
[2021.01.15 08:37:28] 		{{{BASIC TEST}}}
[2021.01.15 08:37:28] 


[2021.01.15 08:37:28] 	************STORING PHASE************

[2021.01.15 08:37:53] store the html code of : (https://www.instagram.com/polizei.hannover/) in polizei.hannover/posts/old.html
[2021.01.15 08:37:53] OR in polizei.hannover/posts/new.html
[2021.01.15 08:37:53] --------------------------------------------

[2021.01.15 08:38:05] Error while downloading the html files.
Exception message: IndexError: list index out of range
[2021.01.15 08:38:05] Error while downloading the html files.
Exception message: IndexError: list index out of range
[2021.01.15 08:38:05] Error while processing. URL: https://www.instagram.com/polizei.hannover/
[2021.01.15 08:38:05] Error while processing. URL: https://www.instagram.com/polizei.hannover/
[2021.01.15 08:38:05] store the html code of : (https://www.instagram.com/polizei.hannover/channel/) in polizei.hannover/igtv/old.html
[2021.01.15 08:38:05] OR in polizei.hannover/igtv/new.html
[2021.01.15 08:38:05] --------------------------------------------

[2021.01.15 08:38:19] Error while downloading the html files.
Exception message: IndexError: list index out of range
[2021.01.15 08:38:19] Error while downloading the html files.
Exception message: IndexError: list index out of range
[2021.01.15 08:38:19] Error while processing. URL: https://www.instagram.com/polizei.hannover/channel/
[2021.01.15 08:38:19] Error while processing. URL: https://www.instagram.com/polizei.hannover/channel/
[2021.01.15 08:38:19] store the html code of : (https://www.instagram.com/polizei.hannover/tagged/) in polizei.hannover/tagged/old.html
[2021.01.15 08:38:19] OR in polizei.hannover/tagged/new.html
[2021.01.15 08:38:19] --------------------------------------------

[2021.01.15 08:38:33] Error while downloading the html files.
Exception message: IndexError: list index out of range
[2021.01.15 08:38:33] Error while downloading the html files.
Exception message: IndexError: list index out of range
[2021.01.15 08:38:33] Error while processing. URL: https://www.instagram.com/polizei.hannover/tagged/
[2021.01.15 08:38:33] Error while processing. URL: https://www.instagram.com/polizei.hannover/tagged/
[2021.01.15 08:38:33] store the html code of : (https://www.instagram.com/frieda_rudi_make_oink/) in frieda_rudi_make_oink/posts/old.html
[2021.01.15 08:38:33] OR in frieda_rudi_make_oink/posts/new.html
[2021.01.15 08:38:33] --------------------------------------------

[2021.01.15 08:38:47] Error while downloading the html files.
Exception message: IndexError: list index out of range
[2021.01.15 08:38:47] Error while downloading the html files.
Exception message: IndexError: list index out of range
[2021.01.15 08:38:47] Error while processing. URL: https://www.instagram.com/frieda_rudi_make_oink/
[2021.01.15 08:38:47] Error while processing. URL: https://www.instagram.com/frieda_rudi_make_oink/
[2021.01.15 08:38:48] 


[2021.01.15 08:38:48] 	********MONITORING PHASE********
[2021.01.15 08:38:48] Skip modifying the html files of href: https://www.instagram.com/polizei.hannover/. [Download Error]
[2021.01.15 08:38:48] Skip modifying the html files of href: https://www.instagram.com/polizei.hannover/. [Download Error]
[2021.01.15 08:38:48] Skip modifying the html files of href: https://www.instagram.com/polizei.hannover/channel/. [Download Error]
[2021.01.15 08:38:48] Skip modifying the html files of href: https://www.instagram.com/polizei.hannover/channel/. [Download Error]
[2021.01.15 08:38:48] Skip modifying the html files of href: https://www.instagram.com/polizei.hannover/tagged/. [Download Error]
[2021.01.15 08:38:48] Skip modifying the html files of href: https://www.instagram.com/polizei.hannover/tagged/. [Download Error]
[2021.01.15 08:38:48] Skip modifying the html files of href: https://www.instagram.com/frieda_rudi_make_oink/. [Download Error]
[2021.01.15 08:38:48] Skip modifying the html files of href: https://www.instagram.com/frieda_rudi_make_oink/. [Download Error]
[2021.01.15 08:38:48] 		{{{RESULT}}}
[2021.01.15 08:38:48] ID:	polizei.hannover
[2021.01.15 08:38:48] Type:	posts
[2021.01.15 08:38:48] Mode:	2
[2021.01.15 08:38:48] Change:	False
[2021.01.15 08:38:48] Notify:	False
[2021.01.15 08:38:48] Error:	True

[2021.01.15 08:38:48] ID:	polizei.hannover
[2021.01.15 08:38:48] Type:	igtv
[2021.01.15 08:38:48] Mode:	1
[2021.01.15 08:38:48] Change:	False
[2021.01.15 08:38:48] Notify:	False
[2021.01.15 08:38:48] Error:	True

[2021.01.15 08:38:48] ID:	polizei.hannover
[2021.01.15 08:38:48] Type:	tagged
[2021.01.15 08:38:48] Mode:	1
[2021.01.15 08:38:48] Change:	False
[2021.01.15 08:38:48] Notify:	False
[2021.01.15 08:38:48] Error:	True

[2021.01.15 08:38:48] ID:	frieda_rudi_make_oink
[2021.01.15 08:38:48] Type:	posts
[2021.01.15 08:38:48] Mode:	1
[2021.01.15 08:38:48] Change:	False
[2021.01.15 08:38:48] Notify:	False
[2021.01.15 08:38:48] Error:	True

waiting 3 seconds
Execution 176
[2021.01.15 08:38:55] 		{{{BASIC TEST}}}
[2021.01.15 08:38:55] 


[2021.01.15 08:38:55] 	************STORING PHASE************

[2021.01.15 08:39:22] store the html code of : (https://www.instagram.com/polizei.hannover/) in polizei.hannover/posts/old.html
[2021.01.15 08:39:22] OR in polizei.hannover/posts/new.html
[2021.01.15 08:39:22] --------------------------------------------

[2021.01.15 08:39:38] Error while downloading the html files.
Exception message: IndexError: list index out of range
[2021.01.15 08:39:38] Error while downloading the html files.
Exception message: IndexError: list index out of range
[2021.01.15 08:39:38] Error while processing. URL: https://www.instagram.com/polizei.hannover/
[2021.01.15 08:39:38] Error while processing. URL: https://www.instagram.com/polizei.hannover/
[2021.01.15 08:39:38] store the html code of : (https://www.instagram.com/polizei.hannover/channel/) in polizei.hannover/igtv/old.html
[2021.01.15 08:39:38] OR in polizei.hannover/igtv/new.html
[2021.01.15 08:39:38] --------------------------------------------

[2021.01.15 08:39:51] Error while downloading the html files.
Exception message: IndexError: list index out of range
[2021.01.15 08:39:51] Error while downloading the html files.
Exception message: IndexError: list index out of range
[2021.01.15 08:39:51] Error while processing. URL: https://www.instagram.com/polizei.hannover/channel/
[2021.01.15 08:39:51] Error while processing. URL: https://www.instagram.com/polizei.hannover/channel/
[2021.01.15 08:39:51] store the html code of : (https://www.instagram.com/polizei.hannover/tagged/) in polizei.hannover/tagged/old.html
[2021.01.15 08:39:51] OR in polizei.hannover/tagged/new.html
[2021.01.15 08:39:51] --------------------------------------------

[2021.01.15 08:40:05] Error while downloading the html files.
Exception message: IndexError: list index out of range
[2021.01.15 08:40:05] Error while downloading the html files.
Exception message: IndexError: list index out of range
[2021.01.15 08:40:05] Error while processing. URL: https://www.instagram.com/polizei.hannover/tagged/
[2021.01.15 08:40:05] Error while processing. URL: https://www.instagram.com/polizei.hannover/tagged/
[2021.01.15 08:40:05] store the html code of : (https://www.instagram.com/frieda_rudi_make_oink/) in frieda_rudi_make_oink/posts/old.html
[2021.01.15 08:40:05] OR in frieda_rudi_make_oink/posts/new.html
[2021.01.15 08:40:05] --------------------------------------------

[2021.01.15 08:40:19] Error while downloading the html files.
Exception message: IndexError: list index out of range
[2021.01.15 08:40:19] Error while downloading the html files.
Exception message: IndexError: list index out of range
[2021.01.15 08:40:19] Error while processing. URL: https://www.instagram.com/frieda_rudi_make_oink/
[2021.01.15 08:40:19] Error while processing. URL: https://www.instagram.com/frieda_rudi_make_oink/
[2021.01.15 08:40:20] 


[2021.01.15 08:40:20] 	********MONITORING PHASE********
[2021.01.15 08:40:20] Skip modifying the html files of href: https://www.instagram.com/polizei.hannover/. [Download Error]
[2021.01.15 08:40:20] Skip modifying the html files of href: https://www.instagram.com/polizei.hannover/. [Download Error]
[2021.01.15 08:40:20] Skip modifying the html files of href: https://www.instagram.com/polizei.hannover/channel/. [Download Error]
[2021.01.15 08:40:20] Skip modifying the html files of href: https://www.instagram.com/polizei.hannover/channel/. [Download Error]
[2021.01.15 08:40:20] Skip modifying the html files of href: https://www.instagram.com/polizei.hannover/tagged/. [Download Error]
[2021.01.15 08:40:20] Skip modifying the html files of href: https://www.instagram.com/polizei.hannover/tagged/. [Download Error]
[2021.01.15 08:40:20] Skip modifying the html files of href: https://www.instagram.com/frieda_rudi_make_oink/. [Download Error]
[2021.01.15 08:40:20] Skip modifying the html files of href: https://www.instagram.com/frieda_rudi_make_oink/. [Download Error]
[2021.01.15 08:40:20] 		{{{RESULT}}}
[2021.01.15 08:40:20] ID:	polizei.hannover
[2021.01.15 08:40:20] Type:	posts
[2021.01.15 08:40:20] Mode:	2
[2021.01.15 08:40:20] Change:	False
[2021.01.15 08:40:20] Notify:	False
[2021.01.15 08:40:20] Error:	True

[2021.01.15 08:40:20] ID:	polizei.hannover
[2021.01.15 08:40:20] Type:	igtv
[2021.01.15 08:40:20] Mode:	1
[2021.01.15 08:40:20] Change:	False
[2021.01.15 08:40:20] Notify:	False
[2021.01.15 08:40:20] Error:	True

[2021.01.15 08:40:20] ID:	polizei.hannover
[2021.01.15 08:40:20] Type:	tagged
[2021.01.15 08:40:20] Mode:	1
[2021.01.15 08:40:20] Change:	False
[2021.01.15 08:40:20] Notify:	False
[2021.01.15 08:40:20] Error:	True

[2021.01.15 08:40:20] ID:	frieda_rudi_make_oink
[2021.01.15 08:40:20] Type:	posts
[2021.01.15 08:40:20] Mode:	1
[2021.01.15 08:40:20] Change:	False
[2021.01.15 08:40:20] Notify:	False
[2021.01.15 08:40:20] Error:	True

waiting 3 seconds
Execution 177
[2021.01.15 08:40:27] 		{{{BASIC TEST}}}
[2021.01.15 08:40:27] 


[2021.01.15 08:40:27] 	************STORING PHASE************

[2021.01.15 08:40:46] store the html code of : (https://www.instagram.com/polizei.hannover/) in polizei.hannover/posts/old.html
[2021.01.15 08:40:46] OR in polizei.hannover/posts/new.html
[2021.01.15 08:40:46] --------------------------------------------

[2021.01.15 08:40:58] Error while downloading the html files.
Exception message: IndexError: list index out of range
[2021.01.15 08:40:58] Error while downloading the html files.
Exception message: IndexError: list index out of range
[2021.01.15 08:40:58] Error while processing. URL: https://www.instagram.com/polizei.hannover/
[2021.01.15 08:40:58] Error while processing. URL: https://www.instagram.com/polizei.hannover/
[2021.01.15 08:40:58] store the html code of : (https://www.instagram.com/polizei.hannover/channel/) in polizei.hannover/igtv/old.html
[2021.01.15 08:40:58] OR in polizei.hannover/igtv/new.html
[2021.01.15 08:40:58] --------------------------------------------

[2021.01.15 08:41:16] Error while downloading the html files.
Exception message: IndexError: list index out of range
[2021.01.15 08:41:16] Error while downloading the html files.
Exception message: IndexError: list index out of range
[2021.01.15 08:41:17] Error while processing. URL: https://www.instagram.com/polizei.hannover/channel/
[2021.01.15 08:41:17] Error while processing. URL: https://www.instagram.com/polizei.hannover/channel/
[2021.01.15 08:41:17] store the html code of : (https://www.instagram.com/polizei.hannover/tagged/) in polizei.hannover/tagged/old.html
[2021.01.15 08:41:17] OR in polizei.hannover/tagged/new.html
[2021.01.15 08:41:17] --------------------------------------------

[2021.01.15 08:41:31] Error while downloading the html files.
Exception message: IndexError: list index out of range
[2021.01.15 08:41:31] Error while downloading the html files.
Exception message: IndexError: list index out of range
[2021.01.15 08:41:31] Error while processing. URL: https://www.instagram.com/polizei.hannover/tagged/
[2021.01.15 08:41:31] Error while processing. URL: https://www.instagram.com/polizei.hannover/tagged/
[2021.01.15 08:41:31] store the html code of : (https://www.instagram.com/frieda_rudi_make_oink/) in frieda_rudi_make_oink/posts/old.html
[2021.01.15 08:41:31] OR in frieda_rudi_make_oink/posts/new.html
[2021.01.15 08:41:31] --------------------------------------------

[2021.01.15 08:41:48] Error while downloading the html files.
Exception message: IndexError: list index out of range
[2021.01.15 08:41:48] Error while downloading the html files.
Exception message: IndexError: list index out of range
[2021.01.15 08:41:48] Error while processing. URL: https://www.instagram.com/frieda_rudi_make_oink/
[2021.01.15 08:41:48] Error while processing. URL: https://www.instagram.com/frieda_rudi_make_oink/
[2021.01.15 08:41:49] 


[2021.01.15 08:41:49] 	********MONITORING PHASE********
[2021.01.15 08:41:49] Skip modifying the html files of href: https://www.instagram.com/polizei.hannover/. [Download Error]
[2021.01.15 08:41:49] Skip modifying the html files of href: https://www.instagram.com/polizei.hannover/. [Download Error]
[2021.01.15 08:41:49] Skip modifying the html files of href: https://www.instagram.com/polizei.hannover/channel/. [Download Error]
[2021.01.15 08:41:49] Skip modifying the html files of href: https://www.instagram.com/polizei.hannover/channel/. [Download Error]
[2021.01.15 08:41:49] Skip modifying the html files of href: https://www.instagram.com/polizei.hannover/tagged/. [Download Error]
[2021.01.15 08:41:49] Skip modifying the html files of href: https://www.instagram.com/polizei.hannover/tagged/. [Download Error]
[2021.01.15 08:41:49] Skip modifying the html files of href: https://www.instagram.com/frieda_rudi_make_oink/. [Download Error]
[2021.01.15 08:41:49] Skip modifying the html files of href: https://www.instagram.com/frieda_rudi_make_oink/. [Download Error]
[2021.01.15 08:41:49] 		{{{RESULT}}}
[2021.01.15 08:41:49] ID:	polizei.hannover
[2021.01.15 08:41:49] Type:	posts
[2021.01.15 08:41:49] Mode:	2
[2021.01.15 08:41:49] Change:	False
[2021.01.15 08:41:49] Notify:	False
[2021.01.15 08:41:49] Error:	True

[2021.01.15 08:41:49] ID:	polizei.hannover
[2021.01.15 08:41:49] Type:	igtv
[2021.01.15 08:41:49] Mode:	1
[2021.01.15 08:41:49] Change:	False
[2021.01.15 08:41:49] Notify:	False
[2021.01.15 08:41:49] Error:	True

[2021.01.15 08:41:49] ID:	polizei.hannover
[2021.01.15 08:41:49] Type:	tagged
[2021.01.15 08:41:49] Mode:	1
[2021.01.15 08:41:49] Change:	False
[2021.01.15 08:41:49] Notify:	False
[2021.01.15 08:41:49] Error:	True

[2021.01.15 08:41:49] ID:	frieda_rudi_make_oink
[2021.01.15 08:41:49] Type:	posts
[2021.01.15 08:41:49] Mode:	1
[2021.01.15 08:41:49] Change:	False
[2021.01.15 08:41:49] Notify:	False
[2021.01.15 08:41:49] Error:	True

waiting 3 seconds
Execution 178
[2021.01.15 08:41:56] 		{{{BASIC TEST}}}
[2021.01.15 08:41:56] 


[2021.01.15 08:41:56] 	************STORING PHASE************

[2021.01.15 08:42:18] store the html code of : (https://www.instagram.com/polizei.hannover/) in polizei.hannover/posts/old.html
[2021.01.15 08:42:18] OR in polizei.hannover/posts/new.html
[2021.01.15 08:42:18] --------------------------------------------

[2021.01.15 08:42:30] Error while downloading the html files.
Exception message: IndexError: list index out of range
[2021.01.15 08:42:30] Error while downloading the html files.
Exception message: IndexError: list index out of range
[2021.01.15 08:42:30] Error while processing. URL: https://www.instagram.com/polizei.hannover/
[2021.01.15 08:42:30] Error while processing. URL: https://www.instagram.com/polizei.hannover/
[2021.01.15 08:42:30] store the html code of : (https://www.instagram.com/polizei.hannover/channel/) in polizei.hannover/igtv/old.html
[2021.01.15 08:42:30] OR in polizei.hannover/igtv/new.html
[2021.01.15 08:42:30] --------------------------------------------

[2021.01.15 08:42:44] Error while downloading the html files.
Exception message: IndexError: list index out of range
[2021.01.15 08:42:44] Error while downloading the html files.
Exception message: IndexError: list index out of range
[2021.01.15 08:42:44] Error while processing. URL: https://www.instagram.com/polizei.hannover/channel/
[2021.01.15 08:42:44] Error while processing. URL: https://www.instagram.com/polizei.hannover/channel/
[2021.01.15 08:42:44] store the html code of : (https://www.instagram.com/polizei.hannover/tagged/) in polizei.hannover/tagged/old.html
[2021.01.15 08:42:44] OR in polizei.hannover/tagged/new.html
[2021.01.15 08:42:44] --------------------------------------------

[2021.01.15 08:42:56] Error while downloading the html files.
Exception message: IndexError: list index out of range
[2021.01.15 08:42:56] Error while downloading the html files.
Exception message: IndexError: list index out of range
[2021.01.15 08:42:56] Error while processing. URL: https://www.instagram.com/polizei.hannover/tagged/
[2021.01.15 08:42:56] Error while processing. URL: https://www.instagram.com/polizei.hannover/tagged/
[2021.01.15 08:42:56] store the html code of : (https://www.instagram.com/frieda_rudi_make_oink/) in frieda_rudi_make_oink/posts/old.html
[2021.01.15 08:42:56] OR in frieda_rudi_make_oink/posts/new.html
[2021.01.15 08:42:56] --------------------------------------------

[2021.01.15 08:43:10] Error while downloading the html files.
Exception message: IndexError: list index out of range
[2021.01.15 08:43:10] Error while downloading the html files.
Exception message: IndexError: list index out of range
[2021.01.15 08:43:10] Error while processing. URL: https://www.instagram.com/frieda_rudi_make_oink/
[2021.01.15 08:43:10] Error while processing. URL: https://www.instagram.com/frieda_rudi_make_oink/
[2021.01.15 08:43:11] 


[2021.01.15 08:43:11] 	********MONITORING PHASE********
[2021.01.15 08:43:11] Skip modifying the html files of href: https://www.instagram.com/polizei.hannover/. [Download Error]
[2021.01.15 08:43:11] Skip modifying the html files of href: https://www.instagram.com/polizei.hannover/. [Download Error]
[2021.01.15 08:43:11] Skip modifying the html files of href: https://www.instagram.com/polizei.hannover/channel/. [Download Error]
[2021.01.15 08:43:11] Skip modifying the html files of href: https://www.instagram.com/polizei.hannover/channel/. [Download Error]
[2021.01.15 08:43:11] Skip modifying the html files of href: https://www.instagram.com/polizei.hannover/tagged/. [Download Error]
[2021.01.15 08:43:11] Skip modifying the html files of href: https://www.instagram.com/polizei.hannover/tagged/. [Download Error]
[2021.01.15 08:43:11] Skip modifying the html files of href: https://www.instagram.com/frieda_rudi_make_oink/. [Download Error]
[2021.01.15 08:43:11] Skip modifying the html files of href: https://www.instagram.com/frieda_rudi_make_oink/. [Download Error]
[2021.01.15 08:43:11] 		{{{RESULT}}}
[2021.01.15 08:43:11] ID:	polizei.hannover
[2021.01.15 08:43:11] Type:	posts
[2021.01.15 08:43:11] Mode:	2
[2021.01.15 08:43:11] Change:	False
[2021.01.15 08:43:11] Notify:	False
[2021.01.15 08:43:11] Error:	True

[2021.01.15 08:43:11] ID:	polizei.hannover
[2021.01.15 08:43:11] Type:	igtv
[2021.01.15 08:43:11] Mode:	1
[2021.01.15 08:43:11] Change:	False
[2021.01.15 08:43:11] Notify:	False
[2021.01.15 08:43:11] Error:	True

[2021.01.15 08:43:11] ID:	polizei.hannover
[2021.01.15 08:43:11] Type:	tagged
[2021.01.15 08:43:11] Mode:	1
[2021.01.15 08:43:11] Change:	False
[2021.01.15 08:43:11] Notify:	False
[2021.01.15 08:43:11] Error:	True

[2021.01.15 08:43:11] ID:	frieda_rudi_make_oink
[2021.01.15 08:43:11] Type:	posts
[2021.01.15 08:43:11] Mode:	1
[2021.01.15 08:43:11] Change:	False
[2021.01.15 08:43:11] Notify:	False
[2021.01.15 08:43:11] Error:	True

waiting 3 seconds
Execution 179
[2021.01.15 08:43:18] 		{{{BASIC TEST}}}
[2021.01.15 08:43:18] 


[2021.01.15 08:43:18] 	************STORING PHASE************

[2021.01.15 08:43:38] store the html code of : (https://www.instagram.com/polizei.hannover/) in polizei.hannover/posts/old.html
[2021.01.15 08:43:38] OR in polizei.hannover/posts/new.html
[2021.01.15 08:43:38] --------------------------------------------

[2021.01.15 08:43:50] Error while downloading the html files.
Exception message: IndexError: list index out of range
[2021.01.15 08:43:50] Error while downloading the html files.
Exception message: IndexError: list index out of range
[2021.01.15 08:43:50] Error while processing. URL: https://www.instagram.com/polizei.hannover/
[2021.01.15 08:43:50] Error while processing. URL: https://www.instagram.com/polizei.hannover/
[2021.01.15 08:43:50] store the html code of : (https://www.instagram.com/polizei.hannover/channel/) in polizei.hannover/igtv/old.html
[2021.01.15 08:43:50] OR in polizei.hannover/igtv/new.html
[2021.01.15 08:43:50] --------------------------------------------

[2021.01.15 08:44:08] Error while downloading the html files.
Exception message: IndexError: list index out of range
[2021.01.15 08:44:08] Error while downloading the html files.
Exception message: IndexError: list index out of range
[2021.01.15 08:44:08] Error while processing. URL: https://www.instagram.com/polizei.hannover/channel/
[2021.01.15 08:44:08] Error while processing. URL: https://www.instagram.com/polizei.hannover/channel/
[2021.01.15 08:44:08] store the html code of : (https://www.instagram.com/polizei.hannover/tagged/) in polizei.hannover/tagged/old.html
[2021.01.15 08:44:08] OR in polizei.hannover/tagged/new.html
[2021.01.15 08:44:08] --------------------------------------------

[2021.01.15 08:44:21] Error while downloading the html files.
Exception message: IndexError: list index out of range
[2021.01.15 08:44:21] Error while downloading the html files.
Exception message: IndexError: list index out of range
[2021.01.15 08:44:21] Error while processing. URL: https://www.instagram.com/polizei.hannover/tagged/
[2021.01.15 08:44:21] Error while processing. URL: https://www.instagram.com/polizei.hannover/tagged/
[2021.01.15 08:44:21] store the html code of : (https://www.instagram.com/frieda_rudi_make_oink/) in frieda_rudi_make_oink/posts/old.html
[2021.01.15 08:44:21] OR in frieda_rudi_make_oink/posts/new.html
[2021.01.15 08:44:21] --------------------------------------------

[2021.01.15 08:44:32] Error while downloading the html files.
Exception message: IndexError: list index out of range
[2021.01.15 08:44:32] Error while downloading the html files.
Exception message: IndexError: list index out of range
[2021.01.15 08:44:32] Error while processing. URL: https://www.instagram.com/frieda_rudi_make_oink/
[2021.01.15 08:44:32] Error while processing. URL: https://www.instagram.com/frieda_rudi_make_oink/
[2021.01.15 08:44:33] 


[2021.01.15 08:44:33] 	********MONITORING PHASE********
[2021.01.15 08:44:33] Skip modifying the html files of href: https://www.instagram.com/polizei.hannover/. [Download Error]
[2021.01.15 08:44:33] Skip modifying the html files of href: https://www.instagram.com/polizei.hannover/. [Download Error]
[2021.01.15 08:44:33] Skip modifying the html files of href: https://www.instagram.com/polizei.hannover/channel/. [Download Error]
[2021.01.15 08:44:33] Skip modifying the html files of href: https://www.instagram.com/polizei.hannover/channel/. [Download Error]
[2021.01.15 08:44:33] Skip modifying the html files of href: https://www.instagram.com/polizei.hannover/tagged/. [Download Error]
[2021.01.15 08:44:33] Skip modifying the html files of href: https://www.instagram.com/polizei.hannover/tagged/. [Download Error]
[2021.01.15 08:44:33] Skip modifying the html files of href: https://www.instagram.com/frieda_rudi_make_oink/. [Download Error]
[2021.01.15 08:44:33] Skip modifying the html files of href: https://www.instagram.com/frieda_rudi_make_oink/. [Download Error]
[2021.01.15 08:44:33] 		{{{RESULT}}}
[2021.01.15 08:44:33] ID:	polizei.hannover
[2021.01.15 08:44:33] Type:	posts
[2021.01.15 08:44:33] Mode:	2
[2021.01.15 08:44:33] Change:	False
[2021.01.15 08:44:33] Notify:	False
[2021.01.15 08:44:33] Error:	True

[2021.01.15 08:44:33] ID:	polizei.hannover
[2021.01.15 08:44:33] Type:	igtv
[2021.01.15 08:44:33] Mode:	1
[2021.01.15 08:44:33] Change:	False
[2021.01.15 08:44:33] Notify:	False
[2021.01.15 08:44:33] Error:	True

[2021.01.15 08:44:33] ID:	polizei.hannover
[2021.01.15 08:44:33] Type:	tagged
[2021.01.15 08:44:33] Mode:	1
[2021.01.15 08:44:33] Change:	False
[2021.01.15 08:44:33] Notify:	False
[2021.01.15 08:44:33] Error:	True

[2021.01.15 08:44:33] ID:	frieda_rudi_make_oink
[2021.01.15 08:44:33] Type:	posts
[2021.01.15 08:44:33] Mode:	1
[2021.01.15 08:44:33] Change:	False
[2021.01.15 08:44:33] Notify:	False
[2021.01.15 08:44:33] Error:	True

waiting 3 seconds
Execution 180
[2021.01.15 08:44:40] 		{{{BASIC TEST}}}
[2021.01.15 08:44:40] 


[2021.01.15 08:44:40] 	************STORING PHASE************

[2021.01.15 08:45:02] store the html code of : (https://www.instagram.com/polizei.hannover/) in polizei.hannover/posts/old.html
[2021.01.15 08:45:02] OR in polizei.hannover/posts/new.html
[2021.01.15 08:45:02] --------------------------------------------

[2021.01.15 08:45:16] Error while downloading the html files.
Exception message: IndexError: list index out of range
[2021.01.15 08:45:16] Error while downloading the html files.
Exception message: IndexError: list index out of range
[2021.01.15 08:45:16] Error while processing. URL: https://www.instagram.com/polizei.hannover/
[2021.01.15 08:45:16] Error while processing. URL: https://www.instagram.com/polizei.hannover/
[2021.01.15 08:45:16] store the html code of : (https://www.instagram.com/polizei.hannover/channel/) in polizei.hannover/igtv/old.html
[2021.01.15 08:45:16] OR in polizei.hannover/igtv/new.html
[2021.01.15 08:45:16] --------------------------------------------

[2021.01.15 08:45:30] Error while downloading the html files.
Exception message: IndexError: list index out of range
[2021.01.15 08:45:30] Error while downloading the html files.
Exception message: IndexError: list index out of range
[2021.01.15 08:45:30] Error while processing. URL: https://www.instagram.com/polizei.hannover/channel/
[2021.01.15 08:45:30] Error while processing. URL: https://www.instagram.com/polizei.hannover/channel/
[2021.01.15 08:45:30] store the html code of : (https://www.instagram.com/polizei.hannover/tagged/) in polizei.hannover/tagged/old.html
[2021.01.15 08:45:30] OR in polizei.hannover/tagged/new.html
[2021.01.15 08:45:30] --------------------------------------------

[2021.01.15 08:45:44] Error while downloading the html files.
Exception message: IndexError: list index out of range
[2021.01.15 08:45:44] Error while downloading the html files.
Exception message: IndexError: list index out of range
[2021.01.15 08:45:44] Error while processing. URL: https://www.instagram.com/polizei.hannover/tagged/
[2021.01.15 08:45:44] Error while processing. URL: https://www.instagram.com/polizei.hannover/tagged/
[2021.01.15 08:45:44] store the html code of : (https://www.instagram.com/frieda_rudi_make_oink/) in frieda_rudi_make_oink/posts/old.html
[2021.01.15 08:45:44] OR in frieda_rudi_make_oink/posts/new.html
[2021.01.15 08:45:44] --------------------------------------------

[2021.01.15 08:45:55] Error while downloading the html files.
Exception message: IndexError: list index out of range
[2021.01.15 08:45:55] Error while downloading the html files.
Exception message: IndexError: list index out of range
[2021.01.15 08:45:55] Error while processing. URL: https://www.instagram.com/frieda_rudi_make_oink/
[2021.01.15 08:45:55] Error while processing. URL: https://www.instagram.com/frieda_rudi_make_oink/
[2021.01.15 08:45:56] 


[2021.01.15 08:45:56] 	********MONITORING PHASE********
[2021.01.15 08:45:56] Skip modifying the html files of href: https://www.instagram.com/polizei.hannover/. [Download Error]
[2021.01.15 08:45:56] Skip modifying the html files of href: https://www.instagram.com/polizei.hannover/. [Download Error]
[2021.01.15 08:45:56] Skip modifying the html files of href: https://www.instagram.com/polizei.hannover/channel/. [Download Error]
[2021.01.15 08:45:56] Skip modifying the html files of href: https://www.instagram.com/polizei.hannover/channel/. [Download Error]
[2021.01.15 08:45:56] Skip modifying the html files of href: https://www.instagram.com/polizei.hannover/tagged/. [Download Error]
[2021.01.15 08:45:56] Skip modifying the html files of href: https://www.instagram.com/polizei.hannover/tagged/. [Download Error]
[2021.01.15 08:45:56] Skip modifying the html files of href: https://www.instagram.com/frieda_rudi_make_oink/. [Download Error]
[2021.01.15 08:45:56] Skip modifying the html files of href: https://www.instagram.com/frieda_rudi_make_oink/. [Download Error]
[2021.01.15 08:45:56] 		{{{RESULT}}}
[2021.01.15 08:45:56] ID:	polizei.hannover
[2021.01.15 08:45:56] Type:	posts
[2021.01.15 08:45:56] Mode:	2
[2021.01.15 08:45:56] Change:	False
[2021.01.15 08:45:56] Notify:	False
[2021.01.15 08:45:56] Error:	True

[2021.01.15 08:45:56] ID:	polizei.hannover
[2021.01.15 08:45:56] Type:	igtv
[2021.01.15 08:45:56] Mode:	1
[2021.01.15 08:45:56] Change:	False
[2021.01.15 08:45:56] Notify:	False
[2021.01.15 08:45:56] Error:	True

[2021.01.15 08:45:56] ID:	polizei.hannover
[2021.01.15 08:45:56] Type:	tagged
[2021.01.15 08:45:56] Mode:	1
[2021.01.15 08:45:56] Change:	False
[2021.01.15 08:45:56] Notify:	False
[2021.01.15 08:45:56] Error:	True

[2021.01.15 08:45:56] ID:	frieda_rudi_make_oink
[2021.01.15 08:45:56] Type:	posts
[2021.01.15 08:45:56] Mode:	1
[2021.01.15 08:45:56] Change:	False
[2021.01.15 08:45:56] Notify:	False
[2021.01.15 08:45:56] Error:	True

waiting 3 seconds
Execution 181
[2021.01.15 08:46:02] 		{{{BASIC TEST}}}
[2021.01.15 08:46:02] 


[2021.01.15 08:46:02] 	************STORING PHASE************

[2021.01.15 08:46:23] store the html code of : (https://www.instagram.com/polizei.hannover/) in polizei.hannover/posts/old.html
[2021.01.15 08:46:23] OR in polizei.hannover/posts/new.html
[2021.01.15 08:46:23] --------------------------------------------

[2021.01.15 08:46:39] Error while downloading the html files.
Exception message: IndexError: list index out of range
[2021.01.15 08:46:39] Error while downloading the html files.
Exception message: IndexError: list index out of range
[2021.01.15 08:46:39] Error while processing. URL: https://www.instagram.com/polizei.hannover/
[2021.01.15 08:46:39] Error while processing. URL: https://www.instagram.com/polizei.hannover/
[2021.01.15 08:46:39] store the html code of : (https://www.instagram.com/polizei.hannover/channel/) in polizei.hannover/igtv/old.html
[2021.01.15 08:46:39] OR in polizei.hannover/igtv/new.html
[2021.01.15 08:46:39] --------------------------------------------

[2021.01.15 08:46:55] Error while downloading the html files.
Exception message: IndexError: list index out of range
[2021.01.15 08:46:55] Error while downloading the html files.
Exception message: IndexError: list index out of range
[2021.01.15 08:46:55] Error while processing. URL: https://www.instagram.com/polizei.hannover/channel/
[2021.01.15 08:46:55] Error while processing. URL: https://www.instagram.com/polizei.hannover/channel/
[2021.01.15 08:46:55] store the html code of : (https://www.instagram.com/polizei.hannover/tagged/) in polizei.hannover/tagged/old.html
[2021.01.15 08:46:55] OR in polizei.hannover/tagged/new.html
[2021.01.15 08:46:55] --------------------------------------------

[2021.01.15 08:47:10] Error while downloading the html files.
Exception message: IndexError: list index out of range
[2021.01.15 08:47:10] Error while downloading the html files.
Exception message: IndexError: list index out of range
[2021.01.15 08:47:10] Error while processing. URL: https://www.instagram.com/polizei.hannover/tagged/
[2021.01.15 08:47:10] Error while processing. URL: https://www.instagram.com/polizei.hannover/tagged/
[2021.01.15 08:47:10] store the html code of : (https://www.instagram.com/frieda_rudi_make_oink/) in frieda_rudi_make_oink/posts/old.html
[2021.01.15 08:47:10] OR in frieda_rudi_make_oink/posts/new.html
[2021.01.15 08:47:10] --------------------------------------------

[2021.01.15 08:47:22] Error while downloading the html files.
Exception message: IndexError: list index out of range
[2021.01.15 08:47:22] Error while downloading the html files.
Exception message: IndexError: list index out of range
[2021.01.15 08:47:22] Error while processing. URL: https://www.instagram.com/frieda_rudi_make_oink/
[2021.01.15 08:47:22] Error while processing. URL: https://www.instagram.com/frieda_rudi_make_oink/
[2021.01.15 08:47:23] 


[2021.01.15 08:47:23] 	********MONITORING PHASE********
[2021.01.15 08:47:23] Skip modifying the html files of href: https://www.instagram.com/polizei.hannover/. [Download Error]
[2021.01.15 08:47:23] Skip modifying the html files of href: https://www.instagram.com/polizei.hannover/. [Download Error]
[2021.01.15 08:47:23] Skip modifying the html files of href: https://www.instagram.com/polizei.hannover/channel/. [Download Error]
[2021.01.15 08:47:23] Skip modifying the html files of href: https://www.instagram.com/polizei.hannover/channel/. [Download Error]
[2021.01.15 08:47:23] Skip modifying the html files of href: https://www.instagram.com/polizei.hannover/tagged/. [Download Error]
[2021.01.15 08:47:23] Skip modifying the html files of href: https://www.instagram.com/polizei.hannover/tagged/. [Download Error]
[2021.01.15 08:47:23] Skip modifying the html files of href: https://www.instagram.com/frieda_rudi_make_oink/. [Download Error]
[2021.01.15 08:47:23] Skip modifying the html files of href: https://www.instagram.com/frieda_rudi_make_oink/. [Download Error]
[2021.01.15 08:47:23] 		{{{RESULT}}}
[2021.01.15 08:47:23] ID:	polizei.hannover
[2021.01.15 08:47:23] Type:	posts
[2021.01.15 08:47:23] Mode:	2
[2021.01.15 08:47:23] Change:	False
[2021.01.15 08:47:23] Notify:	False
[2021.01.15 08:47:23] Error:	True

[2021.01.15 08:47:23] ID:	polizei.hannover
[2021.01.15 08:47:23] Type:	igtv
[2021.01.15 08:47:23] Mode:	1
[2021.01.15 08:47:23] Change:	False
[2021.01.15 08:47:23] Notify:	False
[2021.01.15 08:47:23] Error:	True

[2021.01.15 08:47:23] ID:	polizei.hannover
[2021.01.15 08:47:23] Type:	tagged
[2021.01.15 08:47:23] Mode:	1
[2021.01.15 08:47:23] Change:	False
[2021.01.15 08:47:23] Notify:	False
[2021.01.15 08:47:23] Error:	True

[2021.01.15 08:47:23] ID:	frieda_rudi_make_oink
[2021.01.15 08:47:23] Type:	posts
[2021.01.15 08:47:23] Mode:	1
[2021.01.15 08:47:23] Change:	False
[2021.01.15 08:47:23] Notify:	False
[2021.01.15 08:47:23] Error:	True

waiting 3 seconds
Execution 182
[2021.01.15 08:47:30] 		{{{BASIC TEST}}}
[2021.01.15 08:47:30] 


[2021.01.15 08:47:30] 	************STORING PHASE************

[2021.01.15 08:47:51] store the html code of : (https://www.instagram.com/polizei.hannover/) in polizei.hannover/posts/old.html
[2021.01.15 08:47:51] OR in polizei.hannover/posts/new.html
[2021.01.15 08:47:51] --------------------------------------------

[2021.01.15 08:48:06] Error while downloading the html files.
Exception message: IndexError: list index out of range
[2021.01.15 08:48:06] Error while downloading the html files.
Exception message: IndexError: list index out of range
[2021.01.15 08:48:06] Error while processing. URL: https://www.instagram.com/polizei.hannover/
[2021.01.15 08:48:06] Error while processing. URL: https://www.instagram.com/polizei.hannover/
[2021.01.15 08:48:06] store the html code of : (https://www.instagram.com/polizei.hannover/channel/) in polizei.hannover/igtv/old.html
[2021.01.15 08:48:06] OR in polizei.hannover/igtv/new.html
[2021.01.15 08:48:06] --------------------------------------------

[2021.01.15 08:48:19] Error while downloading the html files.
Exception message: IndexError: list index out of range
[2021.01.15 08:48:19] Error while downloading the html files.
Exception message: IndexError: list index out of range
[2021.01.15 08:48:19] Error while processing. URL: https://www.instagram.com/polizei.hannover/channel/
[2021.01.15 08:48:19] Error while processing. URL: https://www.instagram.com/polizei.hannover/channel/
[2021.01.15 08:48:19] store the html code of : (https://www.instagram.com/polizei.hannover/tagged/) in polizei.hannover/tagged/old.html
[2021.01.15 08:48:19] OR in polizei.hannover/tagged/new.html
[2021.01.15 08:48:19] --------------------------------------------

[2021.01.15 08:48:31] Error while downloading the html files.
Exception message: IndexError: list index out of range
[2021.01.15 08:48:31] Error while downloading the html files.
Exception message: IndexError: list index out of range
[2021.01.15 08:48:31] Error while processing. URL: https://www.instagram.com/polizei.hannover/tagged/
[2021.01.15 08:48:31] Error while processing. URL: https://www.instagram.com/polizei.hannover/tagged/
[2021.01.15 08:48:31] store the html code of : (https://www.instagram.com/frieda_rudi_make_oink/) in frieda_rudi_make_oink/posts/old.html
[2021.01.15 08:48:31] OR in frieda_rudi_make_oink/posts/new.html
[2021.01.15 08:48:31] --------------------------------------------

[2021.01.15 08:48:44] Error while downloading the html files.
Exception message: IndexError: list index out of range
[2021.01.15 08:48:44] Error while downloading the html files.
Exception message: IndexError: list index out of range
[2021.01.15 08:48:44] Error while processing. URL: https://www.instagram.com/frieda_rudi_make_oink/
[2021.01.15 08:48:44] Error while processing. URL: https://www.instagram.com/frieda_rudi_make_oink/
[2021.01.15 08:48:45] 


[2021.01.15 08:48:45] 	********MONITORING PHASE********
[2021.01.15 08:48:45] Skip modifying the html files of href: https://www.instagram.com/polizei.hannover/. [Download Error]
[2021.01.15 08:48:45] Skip modifying the html files of href: https://www.instagram.com/polizei.hannover/. [Download Error]
[2021.01.15 08:48:45] Skip modifying the html files of href: https://www.instagram.com/polizei.hannover/channel/. [Download Error]
[2021.01.15 08:48:45] Skip modifying the html files of href: https://www.instagram.com/polizei.hannover/channel/. [Download Error]
[2021.01.15 08:48:45] Skip modifying the html files of href: https://www.instagram.com/polizei.hannover/tagged/. [Download Error]
[2021.01.15 08:48:45] Skip modifying the html files of href: https://www.instagram.com/polizei.hannover/tagged/. [Download Error]
[2021.01.15 08:48:45] Skip modifying the html files of href: https://www.instagram.com/frieda_rudi_make_oink/. [Download Error]
[2021.01.15 08:48:45] Skip modifying the html files of href: https://www.instagram.com/frieda_rudi_make_oink/. [Download Error]
[2021.01.15 08:48:45] 		{{{RESULT}}}
[2021.01.15 08:48:45] ID:	polizei.hannover
[2021.01.15 08:48:45] Type:	posts
[2021.01.15 08:48:45] Mode:	2
[2021.01.15 08:48:45] Change:	False
[2021.01.15 08:48:45] Notify:	False
[2021.01.15 08:48:45] Error:	True

[2021.01.15 08:48:45] ID:	polizei.hannover
[2021.01.15 08:48:45] Type:	igtv
[2021.01.15 08:48:45] Mode:	1
[2021.01.15 08:48:45] Change:	False
[2021.01.15 08:48:45] Notify:	False
[2021.01.15 08:48:45] Error:	True

[2021.01.15 08:48:45] ID:	polizei.hannover
[2021.01.15 08:48:45] Type:	tagged
[2021.01.15 08:48:45] Mode:	1
[2021.01.15 08:48:45] Change:	False
[2021.01.15 08:48:45] Notify:	False
[2021.01.15 08:48:45] Error:	True

[2021.01.15 08:48:45] ID:	frieda_rudi_make_oink
[2021.01.15 08:48:45] Type:	posts
[2021.01.15 08:48:45] Mode:	1
[2021.01.15 08:48:45] Change:	False
[2021.01.15 08:48:45] Notify:	False
[2021.01.15 08:48:45] Error:	True

waiting 3 seconds
Execution 183
[2021.01.15 08:48:52] 		{{{BASIC TEST}}}
[2021.01.15 08:48:52] 


[2021.01.15 08:48:52] 	************STORING PHASE************

[2021.01.15 08:49:16] store the html code of : (https://www.instagram.com/polizei.hannover/) in polizei.hannover/posts/old.html
[2021.01.15 08:49:16] OR in polizei.hannover/posts/new.html
[2021.01.15 08:49:16] --------------------------------------------

[2021.01.15 08:49:27] Error while downloading the html files.
Exception message: IndexError: list index out of range
[2021.01.15 08:49:27] Error while downloading the html files.
Exception message: IndexError: list index out of range
[2021.01.15 08:49:27] Error while processing. URL: https://www.instagram.com/polizei.hannover/
[2021.01.15 08:49:27] Error while processing. URL: https://www.instagram.com/polizei.hannover/
[2021.01.15 08:49:27] store the html code of : (https://www.instagram.com/polizei.hannover/channel/) in polizei.hannover/igtv/old.html
[2021.01.15 08:49:27] OR in polizei.hannover/igtv/new.html
[2021.01.15 08:49:27] --------------------------------------------

[2021.01.15 08:49:40] Error while downloading the html files.
Exception message: IndexError: list index out of range
[2021.01.15 08:49:40] Error while downloading the html files.
Exception message: IndexError: list index out of range
[2021.01.15 08:49:40] Error while processing. URL: https://www.instagram.com/polizei.hannover/channel/
[2021.01.15 08:49:40] Error while processing. URL: https://www.instagram.com/polizei.hannover/channel/
[2021.01.15 08:49:40] store the html code of : (https://www.instagram.com/polizei.hannover/tagged/) in polizei.hannover/tagged/old.html
[2021.01.15 08:49:40] OR in polizei.hannover/tagged/new.html
[2021.01.15 08:49:40] --------------------------------------------

[2021.01.15 08:49:55] Error while downloading the html files.
Exception message: IndexError: list index out of range
[2021.01.15 08:49:55] Error while downloading the html files.
Exception message: IndexError: list index out of range
[2021.01.15 08:49:55] Error while processing. URL: https://www.instagram.com/polizei.hannover/tagged/
[2021.01.15 08:49:55] Error while processing. URL: https://www.instagram.com/polizei.hannover/tagged/
[2021.01.15 08:49:55] store the html code of : (https://www.instagram.com/frieda_rudi_make_oink/) in frieda_rudi_make_oink/posts/old.html
[2021.01.15 08:49:55] OR in frieda_rudi_make_oink/posts/new.html
[2021.01.15 08:49:55] --------------------------------------------

[2021.01.15 08:50:09] Error while downloading the html files.
Exception message: IndexError: list index out of range
[2021.01.15 08:50:09] Error while downloading the html files.
Exception message: IndexError: list index out of range
[2021.01.15 08:50:09] Error while processing. URL: https://www.instagram.com/frieda_rudi_make_oink/
[2021.01.15 08:50:09] Error while processing. URL: https://www.instagram.com/frieda_rudi_make_oink/
[2021.01.15 08:50:10] 


[2021.01.15 08:50:10] 	********MONITORING PHASE********
[2021.01.15 08:50:10] Skip modifying the html files of href: https://www.instagram.com/polizei.hannover/. [Download Error]
[2021.01.15 08:50:10] Skip modifying the html files of href: https://www.instagram.com/polizei.hannover/. [Download Error]
[2021.01.15 08:50:10] Skip modifying the html files of href: https://www.instagram.com/polizei.hannover/channel/. [Download Error]
[2021.01.15 08:50:10] Skip modifying the html files of href: https://www.instagram.com/polizei.hannover/channel/. [Download Error]
[2021.01.15 08:50:10] Skip modifying the html files of href: https://www.instagram.com/polizei.hannover/tagged/. [Download Error]
[2021.01.15 08:50:10] Skip modifying the html files of href: https://www.instagram.com/polizei.hannover/tagged/. [Download Error]
[2021.01.15 08:50:10] Skip modifying the html files of href: https://www.instagram.com/frieda_rudi_make_oink/. [Download Error]
[2021.01.15 08:50:10] Skip modifying the html files of href: https://www.instagram.com/frieda_rudi_make_oink/. [Download Error]
[2021.01.15 08:50:10] 		{{{RESULT}}}
[2021.01.15 08:50:10] ID:	polizei.hannover
[2021.01.15 08:50:10] Type:	posts
[2021.01.15 08:50:10] Mode:	2
[2021.01.15 08:50:10] Change:	False
[2021.01.15 08:50:10] Notify:	False
[2021.01.15 08:50:10] Error:	True

[2021.01.15 08:50:10] ID:	polizei.hannover
[2021.01.15 08:50:10] Type:	igtv
[2021.01.15 08:50:10] Mode:	1
[2021.01.15 08:50:10] Change:	False
[2021.01.15 08:50:10] Notify:	False
[2021.01.15 08:50:10] Error:	True

[2021.01.15 08:50:10] ID:	polizei.hannover
[2021.01.15 08:50:10] Type:	tagged
[2021.01.15 08:50:10] Mode:	1
[2021.01.15 08:50:10] Change:	False
[2021.01.15 08:50:10] Notify:	False
[2021.01.15 08:50:10] Error:	True

[2021.01.15 08:50:10] ID:	frieda_rudi_make_oink
[2021.01.15 08:50:10] Type:	posts
[2021.01.15 08:50:10] Mode:	1
[2021.01.15 08:50:10] Change:	False
[2021.01.15 08:50:10] Notify:	False
[2021.01.15 08:50:10] Error:	True

waiting 3 seconds
Execution 184
[2021.01.15 08:50:17] 		{{{BASIC TEST}}}
[2021.01.15 08:50:17] 


[2021.01.15 08:50:17] 	************STORING PHASE************

[2021.01.15 08:50:41] store the html code of : (https://www.instagram.com/polizei.hannover/) in polizei.hannover/posts/old.html
[2021.01.15 08:50:41] OR in polizei.hannover/posts/new.html
[2021.01.15 08:50:41] --------------------------------------------

[2021.01.15 08:50:54] Error while downloading the html files.
Exception message: IndexError: list index out of range
[2021.01.15 08:50:54] Error while downloading the html files.
Exception message: IndexError: list index out of range
[2021.01.15 08:50:54] Error while processing. URL: https://www.instagram.com/polizei.hannover/
[2021.01.15 08:50:54] Error while processing. URL: https://www.instagram.com/polizei.hannover/
[2021.01.15 08:50:54] store the html code of : (https://www.instagram.com/polizei.hannover/channel/) in polizei.hannover/igtv/old.html
[2021.01.15 08:50:54] OR in polizei.hannover/igtv/new.html
[2021.01.15 08:50:54] --------------------------------------------

[2021.01.15 08:51:08] Error while downloading the html files.
Exception message: IndexError: list index out of range
[2021.01.15 08:51:08] Error while downloading the html files.
Exception message: IndexError: list index out of range
[2021.01.15 08:51:08] Error while processing. URL: https://www.instagram.com/polizei.hannover/channel/
[2021.01.15 08:51:08] Error while processing. URL: https://www.instagram.com/polizei.hannover/channel/
[2021.01.15 08:51:08] store the html code of : (https://www.instagram.com/polizei.hannover/tagged/) in polizei.hannover/tagged/old.html
[2021.01.15 08:51:08] OR in polizei.hannover/tagged/new.html
[2021.01.15 08:51:08] --------------------------------------------

[2021.01.15 08:51:23] Error while downloading the html files.
Exception message: IndexError: list index out of range
[2021.01.15 08:51:23] Error while downloading the html files.
Exception message: IndexError: list index out of range
[2021.01.15 08:51:23] Error while processing. URL: https://www.instagram.com/polizei.hannover/tagged/
[2021.01.15 08:51:23] Error while processing. URL: https://www.instagram.com/polizei.hannover/tagged/
[2021.01.15 08:51:23] store the html code of : (https://www.instagram.com/frieda_rudi_make_oink/) in frieda_rudi_make_oink/posts/old.html
[2021.01.15 08:51:23] OR in frieda_rudi_make_oink/posts/new.html
[2021.01.15 08:51:23] --------------------------------------------

[2021.01.15 08:51:35] Error while downloading the html files.
Exception message: IndexError: list index out of range
[2021.01.15 08:51:35] Error while downloading the html files.
Exception message: IndexError: list index out of range
[2021.01.15 08:51:35] Error while processing. URL: https://www.instagram.com/frieda_rudi_make_oink/
[2021.01.15 08:51:35] Error while processing. URL: https://www.instagram.com/frieda_rudi_make_oink/
[2021.01.15 08:51:36] 


[2021.01.15 08:51:36] 	********MONITORING PHASE********
[2021.01.15 08:51:36] Skip modifying the html files of href: https://www.instagram.com/polizei.hannover/. [Download Error]
[2021.01.15 08:51:36] Skip modifying the html files of href: https://www.instagram.com/polizei.hannover/. [Download Error]
[2021.01.15 08:51:36] Skip modifying the html files of href: https://www.instagram.com/polizei.hannover/channel/. [Download Error]
[2021.01.15 08:51:36] Skip modifying the html files of href: https://www.instagram.com/polizei.hannover/channel/. [Download Error]
[2021.01.15 08:51:36] Skip modifying the html files of href: https://www.instagram.com/polizei.hannover/tagged/. [Download Error]
[2021.01.15 08:51:36] Skip modifying the html files of href: https://www.instagram.com/polizei.hannover/tagged/. [Download Error]
[2021.01.15 08:51:36] Skip modifying the html files of href: https://www.instagram.com/frieda_rudi_make_oink/. [Download Error]
[2021.01.15 08:51:36] Skip modifying the html files of href: https://www.instagram.com/frieda_rudi_make_oink/. [Download Error]
[2021.01.15 08:51:36] 		{{{RESULT}}}
[2021.01.15 08:51:36] ID:	polizei.hannover
[2021.01.15 08:51:36] Type:	posts
[2021.01.15 08:51:36] Mode:	2
[2021.01.15 08:51:36] Change:	False
[2021.01.15 08:51:36] Notify:	False
[2021.01.15 08:51:36] Error:	True

[2021.01.15 08:51:36] ID:	polizei.hannover
[2021.01.15 08:51:36] Type:	igtv
[2021.01.15 08:51:36] Mode:	1
[2021.01.15 08:51:36] Change:	False
[2021.01.15 08:51:36] Notify:	False
[2021.01.15 08:51:36] Error:	True

[2021.01.15 08:51:36] ID:	polizei.hannover
[2021.01.15 08:51:36] Type:	tagged
[2021.01.15 08:51:36] Mode:	1
[2021.01.15 08:51:36] Change:	False
[2021.01.15 08:51:36] Notify:	False
[2021.01.15 08:51:36] Error:	True

[2021.01.15 08:51:36] ID:	frieda_rudi_make_oink
[2021.01.15 08:51:36] Type:	posts
[2021.01.15 08:51:36] Mode:	1
[2021.01.15 08:51:36] Change:	False
[2021.01.15 08:51:36] Notify:	False
[2021.01.15 08:51:36] Error:	True

waiting 3 seconds
Execution 185
[2021.01.15 08:51:42] 		{{{BASIC TEST}}}
[2021.01.15 08:51:42] 


[2021.01.15 08:51:42] 	************STORING PHASE************

[2021.01.15 08:52:02] store the html code of : (https://www.instagram.com/polizei.hannover/) in polizei.hannover/posts/old.html
[2021.01.15 08:52:02] OR in polizei.hannover/posts/new.html
[2021.01.15 08:52:02] --------------------------------------------

[2021.01.15 08:52:15] Error while downloading the html files.
Exception message: IndexError: list index out of range
[2021.01.15 08:52:15] Error while downloading the html files.
Exception message: IndexError: list index out of range
[2021.01.15 08:52:15] Error while processing. URL: https://www.instagram.com/polizei.hannover/
[2021.01.15 08:52:15] Error while processing. URL: https://www.instagram.com/polizei.hannover/
[2021.01.15 08:52:15] store the html code of : (https://www.instagram.com/polizei.hannover/channel/) in polizei.hannover/igtv/old.html
[2021.01.15 08:52:15] OR in polizei.hannover/igtv/new.html
[2021.01.15 08:52:15] --------------------------------------------

[2021.01.15 08:52:30] Error while downloading the html files.
Exception message: IndexError: list index out of range
[2021.01.15 08:52:30] Error while downloading the html files.
Exception message: IndexError: list index out of range
[2021.01.15 08:52:30] Error while processing. URL: https://www.instagram.com/polizei.hannover/channel/
[2021.01.15 08:52:30] Error while processing. URL: https://www.instagram.com/polizei.hannover/channel/
[2021.01.15 08:52:30] store the html code of : (https://www.instagram.com/polizei.hannover/tagged/) in polizei.hannover/tagged/old.html
[2021.01.15 08:52:30] OR in polizei.hannover/tagged/new.html
[2021.01.15 08:52:30] --------------------------------------------

[2021.01.15 08:52:42] Error while downloading the html files.
Exception message: IndexError: list index out of range
[2021.01.15 08:52:42] Error while downloading the html files.
Exception message: IndexError: list index out of range
[2021.01.15 08:52:42] Error while processing. URL: https://www.instagram.com/polizei.hannover/tagged/
[2021.01.15 08:52:42] Error while processing. URL: https://www.instagram.com/polizei.hannover/tagged/
[2021.01.15 08:52:42] store the html code of : (https://www.instagram.com/frieda_rudi_make_oink/) in frieda_rudi_make_oink/posts/old.html
[2021.01.15 08:52:42] OR in frieda_rudi_make_oink/posts/new.html
[2021.01.15 08:52:42] --------------------------------------------

[2021.01.15 08:52:58] Error while downloading the html files.
Exception message: IndexError: list index out of range
[2021.01.15 08:52:58] Error while downloading the html files.
Exception message: IndexError: list index out of range
[2021.01.15 08:52:58] Error while processing. URL: https://www.instagram.com/frieda_rudi_make_oink/
[2021.01.15 08:52:58] Error while processing. URL: https://www.instagram.com/frieda_rudi_make_oink/
[2021.01.15 08:52:59] 


[2021.01.15 08:52:59] 	********MONITORING PHASE********
[2021.01.15 08:52:59] Skip modifying the html files of href: https://www.instagram.com/polizei.hannover/. [Download Error]
[2021.01.15 08:52:59] Skip modifying the html files of href: https://www.instagram.com/polizei.hannover/. [Download Error]
[2021.01.15 08:52:59] Skip modifying the html files of href: https://www.instagram.com/polizei.hannover/channel/. [Download Error]
[2021.01.15 08:52:59] Skip modifying the html files of href: https://www.instagram.com/polizei.hannover/channel/. [Download Error]
[2021.01.15 08:52:59] Skip modifying the html files of href: https://www.instagram.com/polizei.hannover/tagged/. [Download Error]
[2021.01.15 08:52:59] Skip modifying the html files of href: https://www.instagram.com/polizei.hannover/tagged/. [Download Error]
[2021.01.15 08:52:59] Skip modifying the html files of href: https://www.instagram.com/frieda_rudi_make_oink/. [Download Error]
[2021.01.15 08:52:59] Skip modifying the html files of href: https://www.instagram.com/frieda_rudi_make_oink/. [Download Error]
[2021.01.15 08:52:59] 		{{{RESULT}}}
[2021.01.15 08:52:59] ID:	polizei.hannover
[2021.01.15 08:52:59] Type:	posts
[2021.01.15 08:52:59] Mode:	2
[2021.01.15 08:52:59] Change:	False
[2021.01.15 08:52:59] Notify:	False
[2021.01.15 08:52:59] Error:	True

[2021.01.15 08:52:59] ID:	polizei.hannover
[2021.01.15 08:52:59] Type:	igtv
[2021.01.15 08:52:59] Mode:	1
[2021.01.15 08:52:59] Change:	False
[2021.01.15 08:52:59] Notify:	False
[2021.01.15 08:52:59] Error:	True

[2021.01.15 08:52:59] ID:	polizei.hannover
[2021.01.15 08:52:59] Type:	tagged
[2021.01.15 08:52:59] Mode:	1
[2021.01.15 08:52:59] Change:	False
[2021.01.15 08:52:59] Notify:	False
[2021.01.15 08:52:59] Error:	True

[2021.01.15 08:52:59] ID:	frieda_rudi_make_oink
[2021.01.15 08:52:59] Type:	posts
[2021.01.15 08:52:59] Mode:	1
[2021.01.15 08:52:59] Change:	False
[2021.01.15 08:52:59] Notify:	False
[2021.01.15 08:52:59] Error:	True

waiting 3 seconds
Execution 186
[2021.01.15 08:53:06] 		{{{BASIC TEST}}}
[2021.01.15 08:53:06] 


[2021.01.15 08:53:06] 	************STORING PHASE************

[2021.01.15 08:53:33] store the html code of : (https://www.instagram.com/polizei.hannover/) in polizei.hannover/posts/old.html
[2021.01.15 08:53:33] OR in polizei.hannover/posts/new.html
[2021.01.15 08:53:33] --------------------------------------------

[2021.01.15 08:53:44] Error while downloading the html files.
Exception message: IndexError: list index out of range
[2021.01.15 08:53:44] Error while downloading the html files.
Exception message: IndexError: list index out of range
[2021.01.15 08:53:44] Error while processing. URL: https://www.instagram.com/polizei.hannover/
[2021.01.15 08:53:44] Error while processing. URL: https://www.instagram.com/polizei.hannover/
[2021.01.15 08:53:44] store the html code of : (https://www.instagram.com/polizei.hannover/channel/) in polizei.hannover/igtv/old.html
[2021.01.15 08:53:44] OR in polizei.hannover/igtv/new.html
[2021.01.15 08:53:44] --------------------------------------------

[2021.01.15 08:54:00] Error while downloading the html files.
Exception message: IndexError: list index out of range
[2021.01.15 08:54:00] Error while downloading the html files.
Exception message: IndexError: list index out of range
[2021.01.15 08:54:01] Error while processing. URL: https://www.instagram.com/polizei.hannover/channel/
[2021.01.15 08:54:01] Error while processing. URL: https://www.instagram.com/polizei.hannover/channel/
[2021.01.15 08:54:01] store the html code of : (https://www.instagram.com/polizei.hannover/tagged/) in polizei.hannover/tagged/old.html
[2021.01.15 08:54:01] OR in polizei.hannover/tagged/new.html
[2021.01.15 08:54:01] --------------------------------------------

[2021.01.15 08:54:11] Error while downloading the html files.
Exception message: IndexError: list index out of range
[2021.01.15 08:54:11] Error while downloading the html files.
Exception message: IndexError: list index out of range
[2021.01.15 08:54:11] Error while processing. URL: https://www.instagram.com/polizei.hannover/tagged/
[2021.01.15 08:54:11] Error while processing. URL: https://www.instagram.com/polizei.hannover/tagged/
[2021.01.15 08:54:11] store the html code of : (https://www.instagram.com/frieda_rudi_make_oink/) in frieda_rudi_make_oink/posts/old.html
[2021.01.15 08:54:11] OR in frieda_rudi_make_oink/posts/new.html
[2021.01.15 08:54:11] --------------------------------------------

[2021.01.15 08:54:27] Error while downloading the html files.
Exception message: IndexError: list index out of range
[2021.01.15 08:54:27] Error while downloading the html files.
Exception message: IndexError: list index out of range
[2021.01.15 08:54:27] Error while processing. URL: https://www.instagram.com/frieda_rudi_make_oink/
[2021.01.15 08:54:27] Error while processing. URL: https://www.instagram.com/frieda_rudi_make_oink/
[2021.01.15 08:54:28] 


[2021.01.15 08:54:28] 	********MONITORING PHASE********
[2021.01.15 08:54:28] Skip modifying the html files of href: https://www.instagram.com/polizei.hannover/. [Download Error]
[2021.01.15 08:54:28] Skip modifying the html files of href: https://www.instagram.com/polizei.hannover/. [Download Error]
[2021.01.15 08:54:28] Skip modifying the html files of href: https://www.instagram.com/polizei.hannover/channel/. [Download Error]
[2021.01.15 08:54:28] Skip modifying the html files of href: https://www.instagram.com/polizei.hannover/channel/. [Download Error]
[2021.01.15 08:54:28] Skip modifying the html files of href: https://www.instagram.com/polizei.hannover/tagged/. [Download Error]
[2021.01.15 08:54:28] Skip modifying the html files of href: https://www.instagram.com/polizei.hannover/tagged/. [Download Error]
[2021.01.15 08:54:28] Skip modifying the html files of href: https://www.instagram.com/frieda_rudi_make_oink/. [Download Error]
[2021.01.15 08:54:28] Skip modifying the html files of href: https://www.instagram.com/frieda_rudi_make_oink/. [Download Error]
[2021.01.15 08:54:28] 		{{{RESULT}}}
[2021.01.15 08:54:28] ID:	polizei.hannover
[2021.01.15 08:54:28] Type:	posts
[2021.01.15 08:54:28] Mode:	2
[2021.01.15 08:54:28] Change:	False
[2021.01.15 08:54:28] Notify:	False
[2021.01.15 08:54:28] Error:	True

[2021.01.15 08:54:28] ID:	polizei.hannover
[2021.01.15 08:54:28] Type:	igtv
[2021.01.15 08:54:28] Mode:	1
[2021.01.15 08:54:28] Change:	False
[2021.01.15 08:54:28] Notify:	False
[2021.01.15 08:54:28] Error:	True

[2021.01.15 08:54:28] ID:	polizei.hannover
[2021.01.15 08:54:28] Type:	tagged
[2021.01.15 08:54:28] Mode:	1
[2021.01.15 08:54:28] Change:	False
[2021.01.15 08:54:28] Notify:	False
[2021.01.15 08:54:28] Error:	True

[2021.01.15 08:54:28] ID:	frieda_rudi_make_oink
[2021.01.15 08:54:28] Type:	posts
[2021.01.15 08:54:28] Mode:	1
[2021.01.15 08:54:28] Change:	False
[2021.01.15 08:54:28] Notify:	False
[2021.01.15 08:54:28] Error:	True

waiting 3 seconds
Execution 187
[2021.01.15 08:54:35] 		{{{BASIC TEST}}}
[2021.01.15 08:54:35] 


[2021.01.15 08:54:35] 	************STORING PHASE************

[2021.01.15 08:54:55] store the html code of : (https://www.instagram.com/polizei.hannover/) in polizei.hannover/posts/old.html
[2021.01.15 08:54:55] OR in polizei.hannover/posts/new.html
[2021.01.15 08:54:55] --------------------------------------------

[2021.01.15 08:55:09] Error while downloading the html files.
Exception message: IndexError: list index out of range
[2021.01.15 08:55:09] Error while downloading the html files.
Exception message: IndexError: list index out of range
[2021.01.15 08:55:09] Error while processing. URL: https://www.instagram.com/polizei.hannover/
[2021.01.15 08:55:09] Error while processing. URL: https://www.instagram.com/polizei.hannover/
[2021.01.15 08:55:09] store the html code of : (https://www.instagram.com/polizei.hannover/channel/) in polizei.hannover/igtv/old.html
[2021.01.15 08:55:09] OR in polizei.hannover/igtv/new.html
[2021.01.15 08:55:09] --------------------------------------------

[2021.01.15 08:55:25] Error while downloading the html files.
Exception message: IndexError: list index out of range
[2021.01.15 08:55:25] Error while downloading the html files.
Exception message: IndexError: list index out of range
[2021.01.15 08:55:25] Error while processing. URL: https://www.instagram.com/polizei.hannover/channel/
[2021.01.15 08:55:25] Error while processing. URL: https://www.instagram.com/polizei.hannover/channel/
[2021.01.15 08:55:25] store the html code of : (https://www.instagram.com/polizei.hannover/tagged/) in polizei.hannover/tagged/old.html
[2021.01.15 08:55:25] OR in polizei.hannover/tagged/new.html
[2021.01.15 08:55:25] --------------------------------------------

[2021.01.15 08:55:39] Error while downloading the html files.
Exception message: IndexError: list index out of range
[2021.01.15 08:55:39] Error while downloading the html files.
Exception message: IndexError: list index out of range
[2021.01.15 08:55:39] Error while processing. URL: https://www.instagram.com/polizei.hannover/tagged/
[2021.01.15 08:55:39] Error while processing. URL: https://www.instagram.com/polizei.hannover/tagged/
[2021.01.15 08:55:39] store the html code of : (https://www.instagram.com/frieda_rudi_make_oink/) in frieda_rudi_make_oink/posts/old.html
[2021.01.15 08:55:39] OR in frieda_rudi_make_oink/posts/new.html
[2021.01.15 08:55:39] --------------------------------------------

[2021.01.15 08:55:55] Error while downloading the html files.
Exception message: IndexError: list index out of range
[2021.01.15 08:55:55] Error while downloading the html files.
Exception message: IndexError: list index out of range
[2021.01.15 08:55:55] Error while processing. URL: https://www.instagram.com/frieda_rudi_make_oink/
[2021.01.15 08:55:55] Error while processing. URL: https://www.instagram.com/frieda_rudi_make_oink/
[2021.01.15 08:55:56] 


[2021.01.15 08:55:56] 	********MONITORING PHASE********
[2021.01.15 08:55:56] Skip modifying the html files of href: https://www.instagram.com/polizei.hannover/. [Download Error]
[2021.01.15 08:55:56] Skip modifying the html files of href: https://www.instagram.com/polizei.hannover/. [Download Error]
[2021.01.15 08:55:56] Skip modifying the html files of href: https://www.instagram.com/polizei.hannover/channel/. [Download Error]
[2021.01.15 08:55:56] Skip modifying the html files of href: https://www.instagram.com/polizei.hannover/channel/. [Download Error]
[2021.01.15 08:55:56] Skip modifying the html files of href: https://www.instagram.com/polizei.hannover/tagged/. [Download Error]
[2021.01.15 08:55:56] Skip modifying the html files of href: https://www.instagram.com/polizei.hannover/tagged/. [Download Error]
[2021.01.15 08:55:56] Skip modifying the html files of href: https://www.instagram.com/frieda_rudi_make_oink/. [Download Error]
[2021.01.15 08:55:56] Skip modifying the html files of href: https://www.instagram.com/frieda_rudi_make_oink/. [Download Error]
[2021.01.15 08:55:56] 		{{{RESULT}}}
[2021.01.15 08:55:56] ID:	polizei.hannover
[2021.01.15 08:55:56] Type:	posts
[2021.01.15 08:55:56] Mode:	2
[2021.01.15 08:55:56] Change:	False
[2021.01.15 08:55:56] Notify:	False
[2021.01.15 08:55:56] Error:	True

[2021.01.15 08:55:56] ID:	polizei.hannover
[2021.01.15 08:55:56] Type:	igtv
[2021.01.15 08:55:56] Mode:	1
[2021.01.15 08:55:56] Change:	False
[2021.01.15 08:55:56] Notify:	False
[2021.01.15 08:55:56] Error:	True

[2021.01.15 08:55:56] ID:	polizei.hannover
[2021.01.15 08:55:56] Type:	tagged
[2021.01.15 08:55:56] Mode:	1
[2021.01.15 08:55:56] Change:	False
[2021.01.15 08:55:56] Notify:	False
[2021.01.15 08:55:56] Error:	True

[2021.01.15 08:55:56] ID:	frieda_rudi_make_oink
[2021.01.15 08:55:56] Type:	posts
[2021.01.15 08:55:56] Mode:	1
[2021.01.15 08:55:56] Change:	False
[2021.01.15 08:55:56] Notify:	False
[2021.01.15 08:55:56] Error:	True

waiting 3 seconds
Execution 188
[2021.01.15 08:56:03] 		{{{BASIC TEST}}}
[2021.01.15 08:56:03] 


[2021.01.15 08:56:03] 	************STORING PHASE************

[2021.01.15 08:56:26] store the html code of : (https://www.instagram.com/polizei.hannover/) in polizei.hannover/posts/old.html
[2021.01.15 08:56:26] OR in polizei.hannover/posts/new.html
[2021.01.15 08:56:26] --------------------------------------------

[2021.01.15 08:56:40] Error while downloading the html files.
Exception message: IndexError: list index out of range
[2021.01.15 08:56:40] Error while downloading the html files.
Exception message: IndexError: list index out of range
[2021.01.15 08:56:40] Error while processing. URL: https://www.instagram.com/polizei.hannover/
[2021.01.15 08:56:40] Error while processing. URL: https://www.instagram.com/polizei.hannover/
[2021.01.15 08:56:40] store the html code of : (https://www.instagram.com/polizei.hannover/channel/) in polizei.hannover/igtv/old.html
[2021.01.15 08:56:40] OR in polizei.hannover/igtv/new.html
[2021.01.15 08:56:40] --------------------------------------------

[2021.01.15 08:56:54] Error while downloading the html files.
Exception message: IndexError: list index out of range
[2021.01.15 08:56:54] Error while downloading the html files.
Exception message: IndexError: list index out of range
[2021.01.15 08:56:54] Error while processing. URL: https://www.instagram.com/polizei.hannover/channel/
[2021.01.15 08:56:54] Error while processing. URL: https://www.instagram.com/polizei.hannover/channel/
[2021.01.15 08:56:54] store the html code of : (https://www.instagram.com/polizei.hannover/tagged/) in polizei.hannover/tagged/old.html
[2021.01.15 08:56:54] OR in polizei.hannover/tagged/new.html
[2021.01.15 08:56:54] --------------------------------------------

[2021.01.15 08:57:07] Error while downloading the html files.
Exception message: IndexError: list index out of range
[2021.01.15 08:57:07] Error while downloading the html files.
Exception message: IndexError: list index out of range
[2021.01.15 08:57:07] Error while processing. URL: https://www.instagram.com/polizei.hannover/tagged/
[2021.01.15 08:57:07] Error while processing. URL: https://www.instagram.com/polizei.hannover/tagged/
[2021.01.15 08:57:07] store the html code of : (https://www.instagram.com/frieda_rudi_make_oink/) in frieda_rudi_make_oink/posts/old.html
[2021.01.15 08:57:07] OR in frieda_rudi_make_oink/posts/new.html
[2021.01.15 08:57:07] --------------------------------------------

[2021.01.15 08:57:20] Error while downloading the html files.
Exception message: IndexError: list index out of range
[2021.01.15 08:57:20] Error while downloading the html files.
Exception message: IndexError: list index out of range
[2021.01.15 08:57:20] Error while processing. URL: https://www.instagram.com/frieda_rudi_make_oink/
[2021.01.15 08:57:20] Error while processing. URL: https://www.instagram.com/frieda_rudi_make_oink/
[2021.01.15 08:57:21] 


[2021.01.15 08:57:21] 	********MONITORING PHASE********
[2021.01.15 08:57:21] Skip modifying the html files of href: https://www.instagram.com/polizei.hannover/. [Download Error]
[2021.01.15 08:57:21] Skip modifying the html files of href: https://www.instagram.com/polizei.hannover/. [Download Error]
[2021.01.15 08:57:21] Skip modifying the html files of href: https://www.instagram.com/polizei.hannover/channel/. [Download Error]
[2021.01.15 08:57:21] Skip modifying the html files of href: https://www.instagram.com/polizei.hannover/channel/. [Download Error]
[2021.01.15 08:57:21] Skip modifying the html files of href: https://www.instagram.com/polizei.hannover/tagged/. [Download Error]
[2021.01.15 08:57:21] Skip modifying the html files of href: https://www.instagram.com/polizei.hannover/tagged/. [Download Error]
[2021.01.15 08:57:21] Skip modifying the html files of href: https://www.instagram.com/frieda_rudi_make_oink/. [Download Error]
[2021.01.15 08:57:21] Skip modifying the html files of href: https://www.instagram.com/frieda_rudi_make_oink/. [Download Error]
[2021.01.15 08:57:21] 		{{{RESULT}}}
[2021.01.15 08:57:21] ID:	polizei.hannover
[2021.01.15 08:57:21] Type:	posts
[2021.01.15 08:57:21] Mode:	2
[2021.01.15 08:57:21] Change:	False
[2021.01.15 08:57:21] Notify:	False
[2021.01.15 08:57:21] Error:	True

[2021.01.15 08:57:21] ID:	polizei.hannover
[2021.01.15 08:57:21] Type:	igtv
[2021.01.15 08:57:21] Mode:	1
[2021.01.15 08:57:21] Change:	False
[2021.01.15 08:57:21] Notify:	False
[2021.01.15 08:57:21] Error:	True

[2021.01.15 08:57:21] ID:	polizei.hannover
[2021.01.15 08:57:21] Type:	tagged
[2021.01.15 08:57:21] Mode:	1
[2021.01.15 08:57:21] Change:	False
[2021.01.15 08:57:21] Notify:	False
[2021.01.15 08:57:21] Error:	True

[2021.01.15 08:57:21] ID:	frieda_rudi_make_oink
[2021.01.15 08:57:21] Type:	posts
[2021.01.15 08:57:21] Mode:	1
[2021.01.15 08:57:21] Change:	False
[2021.01.15 08:57:21] Notify:	False
[2021.01.15 08:57:21] Error:	True

waiting 3 seconds
Execution 189
[2021.01.15 08:57:28] 		{{{BASIC TEST}}}
[2021.01.15 08:57:28] 


[2021.01.15 08:57:28] 	************STORING PHASE************

[2021.01.15 08:57:51] store the html code of : (https://www.instagram.com/polizei.hannover/) in polizei.hannover/posts/old.html
[2021.01.15 08:57:51] OR in polizei.hannover/posts/new.html
[2021.01.15 08:57:51] --------------------------------------------

[2021.01.15 08:58:08] Error while downloading the html files.
Exception message: IndexError: list index out of range
[2021.01.15 08:58:08] Error while downloading the html files.
Exception message: IndexError: list index out of range
[2021.01.15 08:58:08] Error while processing. URL: https://www.instagram.com/polizei.hannover/
[2021.01.15 08:58:08] Error while processing. URL: https://www.instagram.com/polizei.hannover/
[2021.01.15 08:58:08] store the html code of : (https://www.instagram.com/polizei.hannover/channel/) in polizei.hannover/igtv/old.html
[2021.01.15 08:58:08] OR in polizei.hannover/igtv/new.html
[2021.01.15 08:58:08] --------------------------------------------

[2021.01.15 08:58:24] Error while downloading the html files.
Exception message: IndexError: list index out of range
[2021.01.15 08:58:24] Error while downloading the html files.
Exception message: IndexError: list index out of range
[2021.01.15 08:58:24] Error while processing. URL: https://www.instagram.com/polizei.hannover/channel/
[2021.01.15 08:58:24] Error while processing. URL: https://www.instagram.com/polizei.hannover/channel/
[2021.01.15 08:58:24] store the html code of : (https://www.instagram.com/polizei.hannover/tagged/) in polizei.hannover/tagged/old.html
[2021.01.15 08:58:24] OR in polizei.hannover/tagged/new.html
[2021.01.15 08:58:24] --------------------------------------------

[2021.01.15 08:58:41] Error while downloading the html files.
Exception message: IndexError: list index out of range
[2021.01.15 08:58:41] Error while downloading the html files.
Exception message: IndexError: list index out of range
[2021.01.15 08:58:41] Error while processing. URL: https://www.instagram.com/polizei.hannover/tagged/
[2021.01.15 08:58:41] Error while processing. URL: https://www.instagram.com/polizei.hannover/tagged/
[2021.01.15 08:58:41] store the html code of : (https://www.instagram.com/frieda_rudi_make_oink/) in frieda_rudi_make_oink/posts/old.html
[2021.01.15 08:58:41] OR in frieda_rudi_make_oink/posts/new.html
[2021.01.15 08:58:41] --------------------------------------------

[2021.01.15 08:58:58] Error while downloading the html files.
Exception message: IndexError: list index out of range
[2021.01.15 08:58:58] Error while downloading the html files.
Exception message: IndexError: list index out of range
[2021.01.15 08:58:58] Error while processing. URL: https://www.instagram.com/frieda_rudi_make_oink/
[2021.01.15 08:58:58] Error while processing. URL: https://www.instagram.com/frieda_rudi_make_oink/
[2021.01.15 08:58:59] 


[2021.01.15 08:58:59] 	********MONITORING PHASE********
[2021.01.15 08:58:59] Skip modifying the html files of href: https://www.instagram.com/polizei.hannover/. [Download Error]
[2021.01.15 08:58:59] Skip modifying the html files of href: https://www.instagram.com/polizei.hannover/. [Download Error]
[2021.01.15 08:58:59] Skip modifying the html files of href: https://www.instagram.com/polizei.hannover/channel/. [Download Error]
[2021.01.15 08:58:59] Skip modifying the html files of href: https://www.instagram.com/polizei.hannover/channel/. [Download Error]
[2021.01.15 08:58:59] Skip modifying the html files of href: https://www.instagram.com/polizei.hannover/tagged/. [Download Error]
[2021.01.15 08:58:59] Skip modifying the html files of href: https://www.instagram.com/polizei.hannover/tagged/. [Download Error]
[2021.01.15 08:58:59] Skip modifying the html files of href: https://www.instagram.com/frieda_rudi_make_oink/. [Download Error]
[2021.01.15 08:58:59] Skip modifying the html files of href: https://www.instagram.com/frieda_rudi_make_oink/. [Download Error]
[2021.01.15 08:58:59] 		{{{RESULT}}}
[2021.01.15 08:58:59] ID:	polizei.hannover
[2021.01.15 08:58:59] Type:	posts
[2021.01.15 08:58:59] Mode:	2
[2021.01.15 08:58:59] Change:	False
[2021.01.15 08:58:59] Notify:	False
[2021.01.15 08:58:59] Error:	True

[2021.01.15 08:58:59] ID:	polizei.hannover
[2021.01.15 08:58:59] Type:	igtv
[2021.01.15 08:58:59] Mode:	1
[2021.01.15 08:58:59] Change:	False
[2021.01.15 08:58:59] Notify:	False
[2021.01.15 08:58:59] Error:	True

[2021.01.15 08:58:59] ID:	polizei.hannover
[2021.01.15 08:58:59] Type:	tagged
[2021.01.15 08:58:59] Mode:	1
[2021.01.15 08:58:59] Change:	False
[2021.01.15 08:58:59] Notify:	False
[2021.01.15 08:58:59] Error:	True

[2021.01.15 08:58:59] ID:	frieda_rudi_make_oink
[2021.01.15 08:58:59] Type:	posts
[2021.01.15 08:58:59] Mode:	1
[2021.01.15 08:58:59] Change:	False
[2021.01.15 08:58:59] Notify:	False
[2021.01.15 08:58:59] Error:	True

waiting 3 seconds
Execution 190
[2021.01.15 08:59:06] 		{{{BASIC TEST}}}
[2021.01.15 08:59:06] 


[2021.01.15 08:59:06] 	************STORING PHASE************

[2021.01.15 08:59:30] store the html code of : (https://www.instagram.com/polizei.hannover/) in polizei.hannover/posts/old.html
[2021.01.15 08:59:30] OR in polizei.hannover/posts/new.html
[2021.01.15 08:59:30] --------------------------------------------

[2021.01.15 08:59:42] Error while downloading the html files.
Exception message: IndexError: list index out of range
[2021.01.15 08:59:42] Error while downloading the html files.
Exception message: IndexError: list index out of range
[2021.01.15 08:59:42] Error while processing. URL: https://www.instagram.com/polizei.hannover/
[2021.01.15 08:59:42] Error while processing. URL: https://www.instagram.com/polizei.hannover/
[2021.01.15 08:59:42] store the html code of : (https://www.instagram.com/polizei.hannover/channel/) in polizei.hannover/igtv/old.html
[2021.01.15 08:59:42] OR in polizei.hannover/igtv/new.html
[2021.01.15 08:59:42] --------------------------------------------

[2021.01.15 08:59:55] Error while downloading the html files.
Exception message: IndexError: list index out of range
[2021.01.15 08:59:55] Error while downloading the html files.
Exception message: IndexError: list index out of range
[2021.01.15 08:59:55] Error while processing. URL: https://www.instagram.com/polizei.hannover/channel/
[2021.01.15 08:59:55] Error while processing. URL: https://www.instagram.com/polizei.hannover/channel/
[2021.01.15 08:59:55] store the html code of : (https://www.instagram.com/polizei.hannover/tagged/) in polizei.hannover/tagged/old.html
[2021.01.15 08:59:55] OR in polizei.hannover/tagged/new.html
[2021.01.15 08:59:55] --------------------------------------------

[2021.01.15 09:00:06] Error while downloading the html files.
Exception message: IndexError: list index out of range
[2021.01.15 09:00:06] Error while downloading the html files.
Exception message: IndexError: list index out of range
[2021.01.15 09:00:06] Error while processing. URL: https://www.instagram.com/polizei.hannover/tagged/
[2021.01.15 09:00:06] Error while processing. URL: https://www.instagram.com/polizei.hannover/tagged/
[2021.01.15 09:00:06] store the html code of : (https://www.instagram.com/frieda_rudi_make_oink/) in frieda_rudi_make_oink/posts/old.html
[2021.01.15 09:00:06] OR in frieda_rudi_make_oink/posts/new.html
[2021.01.15 09:00:06] --------------------------------------------

[2021.01.15 09:00:23] Error while downloading the html files.
Exception message: IndexError: list index out of range
[2021.01.15 09:00:23] Error while downloading the html files.
Exception message: IndexError: list index out of range
[2021.01.15 09:00:23] Error while processing. URL: https://www.instagram.com/frieda_rudi_make_oink/
[2021.01.15 09:00:23] Error while processing. URL: https://www.instagram.com/frieda_rudi_make_oink/
[2021.01.15 09:00:24] 


[2021.01.15 09:00:24] 	********MONITORING PHASE********
[2021.01.15 09:00:24] Skip modifying the html files of href: https://www.instagram.com/polizei.hannover/. [Download Error]
[2021.01.15 09:00:24] Skip modifying the html files of href: https://www.instagram.com/polizei.hannover/. [Download Error]
[2021.01.15 09:00:24] Skip modifying the html files of href: https://www.instagram.com/polizei.hannover/channel/. [Download Error]
[2021.01.15 09:00:24] Skip modifying the html files of href: https://www.instagram.com/polizei.hannover/channel/. [Download Error]
[2021.01.15 09:00:24] Skip modifying the html files of href: https://www.instagram.com/polizei.hannover/tagged/. [Download Error]
[2021.01.15 09:00:24] Skip modifying the html files of href: https://www.instagram.com/polizei.hannover/tagged/. [Download Error]
[2021.01.15 09:00:24] Skip modifying the html files of href: https://www.instagram.com/frieda_rudi_make_oink/. [Download Error]
[2021.01.15 09:00:24] Skip modifying the html files of href: https://www.instagram.com/frieda_rudi_make_oink/. [Download Error]
[2021.01.15 09:00:24] 		{{{RESULT}}}
[2021.01.15 09:00:24] ID:	polizei.hannover
[2021.01.15 09:00:24] Type:	posts
[2021.01.15 09:00:24] Mode:	2
[2021.01.15 09:00:24] Change:	False
[2021.01.15 09:00:24] Notify:	False
[2021.01.15 09:00:24] Error:	True

[2021.01.15 09:00:24] ID:	polizei.hannover
[2021.01.15 09:00:24] Type:	igtv
[2021.01.15 09:00:24] Mode:	1
[2021.01.15 09:00:24] Change:	False
[2021.01.15 09:00:24] Notify:	False
[2021.01.15 09:00:24] Error:	True

[2021.01.15 09:00:24] ID:	polizei.hannover
[2021.01.15 09:00:24] Type:	tagged
[2021.01.15 09:00:24] Mode:	1
[2021.01.15 09:00:24] Change:	False
[2021.01.15 09:00:24] Notify:	False
[2021.01.15 09:00:24] Error:	True

[2021.01.15 09:00:24] ID:	frieda_rudi_make_oink
[2021.01.15 09:00:24] Type:	posts
[2021.01.15 09:00:24] Mode:	1
[2021.01.15 09:00:24] Change:	False
[2021.01.15 09:00:24] Notify:	False
[2021.01.15 09:00:24] Error:	True

waiting 3 seconds
Execution 191
[2021.01.15 09:00:31] 		{{{BASIC TEST}}}
[2021.01.15 09:00:31] 


[2021.01.15 09:00:31] 	************STORING PHASE************

[2021.01.15 09:00:52] store the html code of : (https://www.instagram.com/polizei.hannover/) in polizei.hannover/posts/old.html
[2021.01.15 09:00:52] OR in polizei.hannover/posts/new.html
[2021.01.15 09:00:52] --------------------------------------------

[2021.01.15 09:01:07] Error while downloading the html files.
Exception message: IndexError: list index out of range
[2021.01.15 09:01:07] Error while downloading the html files.
Exception message: IndexError: list index out of range
[2021.01.15 09:01:07] Error while processing. URL: https://www.instagram.com/polizei.hannover/
[2021.01.15 09:01:07] Error while processing. URL: https://www.instagram.com/polizei.hannover/
[2021.01.15 09:01:07] store the html code of : (https://www.instagram.com/polizei.hannover/channel/) in polizei.hannover/igtv/old.html
[2021.01.15 09:01:07] OR in polizei.hannover/igtv/new.html
[2021.01.15 09:01:07] --------------------------------------------

[2021.01.15 09:01:21] Error while downloading the html files.
Exception message: IndexError: list index out of range
[2021.01.15 09:01:21] Error while downloading the html files.
Exception message: IndexError: list index out of range
[2021.01.15 09:01:21] Error while processing. URL: https://www.instagram.com/polizei.hannover/channel/
[2021.01.15 09:01:21] Error while processing. URL: https://www.instagram.com/polizei.hannover/channel/
[2021.01.15 09:01:21] store the html code of : (https://www.instagram.com/polizei.hannover/tagged/) in polizei.hannover/tagged/old.html
[2021.01.15 09:01:21] OR in polizei.hannover/tagged/new.html
[2021.01.15 09:01:21] --------------------------------------------

[2021.01.15 09:01:33] Error while downloading the html files.
Exception message: IndexError: list index out of range
[2021.01.15 09:01:33] Error while downloading the html files.
Exception message: IndexError: list index out of range
[2021.01.15 09:01:33] Error while processing. URL: https://www.instagram.com/polizei.hannover/tagged/
[2021.01.15 09:01:33] Error while processing. URL: https://www.instagram.com/polizei.hannover/tagged/
[2021.01.15 09:01:33] store the html code of : (https://www.instagram.com/frieda_rudi_make_oink/) in frieda_rudi_make_oink/posts/old.html
[2021.01.15 09:01:33] OR in frieda_rudi_make_oink/posts/new.html
[2021.01.15 09:01:33] --------------------------------------------

[2021.01.15 09:01:49] Error while downloading the html files.
Exception message: IndexError: list index out of range
[2021.01.15 09:01:49] Error while downloading the html files.
Exception message: IndexError: list index out of range
[2021.01.15 09:01:49] Error while processing. URL: https://www.instagram.com/frieda_rudi_make_oink/
[2021.01.15 09:01:49] Error while processing. URL: https://www.instagram.com/frieda_rudi_make_oink/
[2021.01.15 09:01:50] 


[2021.01.15 09:01:50] 	********MONITORING PHASE********
[2021.01.15 09:01:50] Skip modifying the html files of href: https://www.instagram.com/polizei.hannover/. [Download Error]
[2021.01.15 09:01:50] Skip modifying the html files of href: https://www.instagram.com/polizei.hannover/. [Download Error]
[2021.01.15 09:01:50] Skip modifying the html files of href: https://www.instagram.com/polizei.hannover/channel/. [Download Error]
[2021.01.15 09:01:50] Skip modifying the html files of href: https://www.instagram.com/polizei.hannover/channel/. [Download Error]
[2021.01.15 09:01:50] Skip modifying the html files of href: https://www.instagram.com/polizei.hannover/tagged/. [Download Error]
[2021.01.15 09:01:50] Skip modifying the html files of href: https://www.instagram.com/polizei.hannover/tagged/. [Download Error]
[2021.01.15 09:01:50] Skip modifying the html files of href: https://www.instagram.com/frieda_rudi_make_oink/. [Download Error]
[2021.01.15 09:01:50] Skip modifying the html files of href: https://www.instagram.com/frieda_rudi_make_oink/. [Download Error]
[2021.01.15 09:01:50] 		{{{RESULT}}}
[2021.01.15 09:01:50] ID:	polizei.hannover
[2021.01.15 09:01:50] Type:	posts
[2021.01.15 09:01:50] Mode:	2
[2021.01.15 09:01:50] Change:	False
[2021.01.15 09:01:50] Notify:	False
[2021.01.15 09:01:50] Error:	True

[2021.01.15 09:01:50] ID:	polizei.hannover
[2021.01.15 09:01:50] Type:	igtv
[2021.01.15 09:01:50] Mode:	1
[2021.01.15 09:01:50] Change:	False
[2021.01.15 09:01:50] Notify:	False
[2021.01.15 09:01:50] Error:	True

[2021.01.15 09:01:50] ID:	polizei.hannover
[2021.01.15 09:01:50] Type:	tagged
[2021.01.15 09:01:50] Mode:	1
[2021.01.15 09:01:50] Change:	False
[2021.01.15 09:01:50] Notify:	False
[2021.01.15 09:01:50] Error:	True

[2021.01.15 09:01:50] ID:	frieda_rudi_make_oink
[2021.01.15 09:01:50] Type:	posts
[2021.01.15 09:01:50] Mode:	1
[2021.01.15 09:01:50] Change:	False
[2021.01.15 09:01:50] Notify:	False
[2021.01.15 09:01:50] Error:	True

waiting 3 seconds
Execution 192
[2021.01.15 09:01:57] 		{{{BASIC TEST}}}
[2021.01.15 09:01:57] 


[2021.01.15 09:01:57] 	************STORING PHASE************

[2021.01.15 09:02:19] store the html code of : (https://www.instagram.com/polizei.hannover/) in polizei.hannover/posts/old.html
[2021.01.15 09:02:19] OR in polizei.hannover/posts/new.html
[2021.01.15 09:02:19] --------------------------------------------

[2021.01.15 09:02:31] Error while downloading the html files.
Exception message: IndexError: list index out of range
[2021.01.15 09:02:31] Error while downloading the html files.
Exception message: IndexError: list index out of range
[2021.01.15 09:02:31] Error while processing. URL: https://www.instagram.com/polizei.hannover/
[2021.01.15 09:02:31] Error while processing. URL: https://www.instagram.com/polizei.hannover/
[2021.01.15 09:02:31] store the html code of : (https://www.instagram.com/polizei.hannover/channel/) in polizei.hannover/igtv/old.html
[2021.01.15 09:02:31] OR in polizei.hannover/igtv/new.html
[2021.01.15 09:02:31] --------------------------------------------

[2021.01.15 09:02:48] Error while downloading the html files.
Exception message: IndexError: list index out of range
[2021.01.15 09:02:48] Error while downloading the html files.
Exception message: IndexError: list index out of range
[2021.01.15 09:02:48] Error while processing. URL: https://www.instagram.com/polizei.hannover/channel/
[2021.01.15 09:02:48] Error while processing. URL: https://www.instagram.com/polizei.hannover/channel/
[2021.01.15 09:02:48] store the html code of : (https://www.instagram.com/polizei.hannover/tagged/) in polizei.hannover/tagged/old.html
[2021.01.15 09:02:48] OR in polizei.hannover/tagged/new.html
[2021.01.15 09:02:48] --------------------------------------------

[2021.01.15 09:03:01] Error while downloading the html files.
Exception message: IndexError: list index out of range
[2021.01.15 09:03:01] Error while downloading the html files.
Exception message: IndexError: list index out of range
[2021.01.15 09:03:01] Error while processing. URL: https://www.instagram.com/polizei.hannover/tagged/
[2021.01.15 09:03:01] Error while processing. URL: https://www.instagram.com/polizei.hannover/tagged/
[2021.01.15 09:03:01] store the html code of : (https://www.instagram.com/frieda_rudi_make_oink/) in frieda_rudi_make_oink/posts/old.html
[2021.01.15 09:03:01] OR in frieda_rudi_make_oink/posts/new.html
[2021.01.15 09:03:01] --------------------------------------------

[2021.01.15 09:03:13] Error while downloading the html files.
Exception message: IndexError: list index out of range
[2021.01.15 09:03:13] Error while downloading the html files.
Exception message: IndexError: list index out of range
[2021.01.15 09:03:13] Error while processing. URL: https://www.instagram.com/frieda_rudi_make_oink/
[2021.01.15 09:03:13] Error while processing. URL: https://www.instagram.com/frieda_rudi_make_oink/
[2021.01.15 09:03:14] 


[2021.01.15 09:03:14] 	********MONITORING PHASE********
[2021.01.15 09:03:14] Skip modifying the html files of href: https://www.instagram.com/polizei.hannover/. [Download Error]
[2021.01.15 09:03:14] Skip modifying the html files of href: https://www.instagram.com/polizei.hannover/. [Download Error]
[2021.01.15 09:03:14] Skip modifying the html files of href: https://www.instagram.com/polizei.hannover/channel/. [Download Error]
[2021.01.15 09:03:14] Skip modifying the html files of href: https://www.instagram.com/polizei.hannover/channel/. [Download Error]
[2021.01.15 09:03:14] Skip modifying the html files of href: https://www.instagram.com/polizei.hannover/tagged/. [Download Error]
[2021.01.15 09:03:14] Skip modifying the html files of href: https://www.instagram.com/polizei.hannover/tagged/. [Download Error]
[2021.01.15 09:03:14] Skip modifying the html files of href: https://www.instagram.com/frieda_rudi_make_oink/. [Download Error]
[2021.01.15 09:03:14] Skip modifying the html files of href: https://www.instagram.com/frieda_rudi_make_oink/. [Download Error]
[2021.01.15 09:03:14] 		{{{RESULT}}}
[2021.01.15 09:03:14] ID:	polizei.hannover
[2021.01.15 09:03:14] Type:	posts
[2021.01.15 09:03:14] Mode:	2
[2021.01.15 09:03:14] Change:	False
[2021.01.15 09:03:14] Notify:	False
[2021.01.15 09:03:14] Error:	True

[2021.01.15 09:03:14] ID:	polizei.hannover
[2021.01.15 09:03:14] Type:	igtv
[2021.01.15 09:03:14] Mode:	1
[2021.01.15 09:03:14] Change:	False
[2021.01.15 09:03:14] Notify:	False
[2021.01.15 09:03:14] Error:	True

[2021.01.15 09:03:14] ID:	polizei.hannover
[2021.01.15 09:03:14] Type:	tagged
[2021.01.15 09:03:14] Mode:	1
[2021.01.15 09:03:14] Change:	False
[2021.01.15 09:03:14] Notify:	False
[2021.01.15 09:03:14] Error:	True

[2021.01.15 09:03:14] ID:	frieda_rudi_make_oink
[2021.01.15 09:03:14] Type:	posts
[2021.01.15 09:03:14] Mode:	1
[2021.01.15 09:03:14] Change:	False
[2021.01.15 09:03:14] Notify:	False
[2021.01.15 09:03:14] Error:	True

waiting 3 seconds
Execution 193
[2021.01.15 09:03:21] 		{{{BASIC TEST}}}
[2021.01.15 09:03:21] 


[2021.01.15 09:03:21] 	************STORING PHASE************

[2021.01.15 09:03:46] store the html code of : (https://www.instagram.com/polizei.hannover/) in polizei.hannover/posts/old.html
[2021.01.15 09:03:46] OR in polizei.hannover/posts/new.html
[2021.01.15 09:03:46] --------------------------------------------

[2021.01.15 09:04:01] Error while downloading the html files.
Exception message: IndexError: list index out of range
[2021.01.15 09:04:01] Error while downloading the html files.
Exception message: IndexError: list index out of range
[2021.01.15 09:04:01] Error while processing. URL: https://www.instagram.com/polizei.hannover/
[2021.01.15 09:04:01] Error while processing. URL: https://www.instagram.com/polizei.hannover/
[2021.01.15 09:04:01] store the html code of : (https://www.instagram.com/polizei.hannover/channel/) in polizei.hannover/igtv/old.html
[2021.01.15 09:04:01] OR in polizei.hannover/igtv/new.html
[2021.01.15 09:04:01] --------------------------------------------

[2021.01.15 09:04:17] Error while downloading the html files.
Exception message: IndexError: list index out of range
[2021.01.15 09:04:17] Error while downloading the html files.
Exception message: IndexError: list index out of range
[2021.01.15 09:04:17] Error while processing. URL: https://www.instagram.com/polizei.hannover/channel/
[2021.01.15 09:04:17] Error while processing. URL: https://www.instagram.com/polizei.hannover/channel/
[2021.01.15 09:04:17] store the html code of : (https://www.instagram.com/polizei.hannover/tagged/) in polizei.hannover/tagged/old.html
[2021.01.15 09:04:17] OR in polizei.hannover/tagged/new.html
[2021.01.15 09:04:17] --------------------------------------------

[2021.01.15 09:04:29] Error while downloading the html files.
Exception message: IndexError: list index out of range
[2021.01.15 09:04:29] Error while downloading the html files.
Exception message: IndexError: list index out of range
[2021.01.15 09:04:29] Error while processing. URL: https://www.instagram.com/polizei.hannover/tagged/
[2021.01.15 09:04:29] Error while processing. URL: https://www.instagram.com/polizei.hannover/tagged/
[2021.01.15 09:04:29] store the html code of : (https://www.instagram.com/frieda_rudi_make_oink/) in frieda_rudi_make_oink/posts/old.html
[2021.01.15 09:04:29] OR in frieda_rudi_make_oink/posts/new.html
[2021.01.15 09:04:29] --------------------------------------------

[2021.01.15 09:04:40] Error while downloading the html files.
Exception message: IndexError: list index out of range
[2021.01.15 09:04:40] Error while downloading the html files.
Exception message: IndexError: list index out of range
[2021.01.15 09:04:40] Error while processing. URL: https://www.instagram.com/frieda_rudi_make_oink/
[2021.01.15 09:04:40] Error while processing. URL: https://www.instagram.com/frieda_rudi_make_oink/
[2021.01.15 09:04:41] 


[2021.01.15 09:04:41] 	********MONITORING PHASE********
[2021.01.15 09:04:41] Skip modifying the html files of href: https://www.instagram.com/polizei.hannover/. [Download Error]
[2021.01.15 09:04:41] Skip modifying the html files of href: https://www.instagram.com/polizei.hannover/. [Download Error]
[2021.01.15 09:04:41] Skip modifying the html files of href: https://www.instagram.com/polizei.hannover/channel/. [Download Error]
[2021.01.15 09:04:41] Skip modifying the html files of href: https://www.instagram.com/polizei.hannover/channel/. [Download Error]
[2021.01.15 09:04:41] Skip modifying the html files of href: https://www.instagram.com/polizei.hannover/tagged/. [Download Error]
[2021.01.15 09:04:41] Skip modifying the html files of href: https://www.instagram.com/polizei.hannover/tagged/. [Download Error]
[2021.01.15 09:04:41] Skip modifying the html files of href: https://www.instagram.com/frieda_rudi_make_oink/. [Download Error]
[2021.01.15 09:04:41] Skip modifying the html files of href: https://www.instagram.com/frieda_rudi_make_oink/. [Download Error]
[2021.01.15 09:04:41] 		{{{RESULT}}}
[2021.01.15 09:04:41] ID:	polizei.hannover
[2021.01.15 09:04:41] Type:	posts
[2021.01.15 09:04:41] Mode:	2
[2021.01.15 09:04:41] Change:	False
[2021.01.15 09:04:41] Notify:	False
[2021.01.15 09:04:41] Error:	True

[2021.01.15 09:04:41] ID:	polizei.hannover
[2021.01.15 09:04:41] Type:	igtv
[2021.01.15 09:04:41] Mode:	1
[2021.01.15 09:04:41] Change:	False
[2021.01.15 09:04:41] Notify:	False
[2021.01.15 09:04:41] Error:	True

[2021.01.15 09:04:41] ID:	polizei.hannover
[2021.01.15 09:04:41] Type:	tagged
[2021.01.15 09:04:41] Mode:	1
[2021.01.15 09:04:41] Change:	False
[2021.01.15 09:04:41] Notify:	False
[2021.01.15 09:04:41] Error:	True

[2021.01.15 09:04:41] ID:	frieda_rudi_make_oink
[2021.01.15 09:04:41] Type:	posts
[2021.01.15 09:04:41] Mode:	1
[2021.01.15 09:04:41] Change:	False
[2021.01.15 09:04:41] Notify:	False
[2021.01.15 09:04:41] Error:	True

waiting 3 seconds
Execution 194
[2021.01.15 09:04:48] 		{{{BASIC TEST}}}
[2021.01.15 09:04:48] 


[2021.01.15 09:04:48] 	************STORING PHASE************

[2021.01.15 09:05:08] store the html code of : (https://www.instagram.com/polizei.hannover/) in polizei.hannover/posts/old.html
[2021.01.15 09:05:08] OR in polizei.hannover/posts/new.html
[2021.01.15 09:05:08] --------------------------------------------

[2021.01.15 09:05:20] Error while downloading the html files.
Exception message: IndexError: list index out of range
[2021.01.15 09:05:20] Error while downloading the html files.
Exception message: IndexError: list index out of range
[2021.01.15 09:05:20] Error while processing. URL: https://www.instagram.com/polizei.hannover/
[2021.01.15 09:05:20] Error while processing. URL: https://www.instagram.com/polizei.hannover/
[2021.01.15 09:05:20] store the html code of : (https://www.instagram.com/polizei.hannover/channel/) in polizei.hannover/igtv/old.html
[2021.01.15 09:05:20] OR in polizei.hannover/igtv/new.html
[2021.01.15 09:05:20] --------------------------------------------

[2021.01.15 09:05:35] Error while downloading the html files.
Exception message: IndexError: list index out of range
[2021.01.15 09:05:35] Error while downloading the html files.
Exception message: IndexError: list index out of range
[2021.01.15 09:05:35] Error while processing. URL: https://www.instagram.com/polizei.hannover/channel/
[2021.01.15 09:05:35] Error while processing. URL: https://www.instagram.com/polizei.hannover/channel/
[2021.01.15 09:05:35] store the html code of : (https://www.instagram.com/polizei.hannover/tagged/) in polizei.hannover/tagged/old.html
[2021.01.15 09:05:35] OR in polizei.hannover/tagged/new.html
[2021.01.15 09:05:35] --------------------------------------------

[2021.01.15 09:05:50] Error while downloading the html files.
Exception message: IndexError: list index out of range
[2021.01.15 09:05:50] Error while downloading the html files.
Exception message: IndexError: list index out of range
[2021.01.15 09:05:50] Error while processing. URL: https://www.instagram.com/polizei.hannover/tagged/
[2021.01.15 09:05:50] Error while processing. URL: https://www.instagram.com/polizei.hannover/tagged/
[2021.01.15 09:05:50] store the html code of : (https://www.instagram.com/frieda_rudi_make_oink/) in frieda_rudi_make_oink/posts/old.html
[2021.01.15 09:05:50] OR in frieda_rudi_make_oink/posts/new.html
[2021.01.15 09:05:50] --------------------------------------------

[2021.01.15 09:06:04] Error while downloading the html files.
Exception message: IndexError: list index out of range
[2021.01.15 09:06:04] Error while downloading the html files.
Exception message: IndexError: list index out of range
[2021.01.15 09:06:04] Error while processing. URL: https://www.instagram.com/frieda_rudi_make_oink/
[2021.01.15 09:06:04] Error while processing. URL: https://www.instagram.com/frieda_rudi_make_oink/
[2021.01.15 09:06:05] 


[2021.01.15 09:06:05] 	********MONITORING PHASE********
[2021.01.15 09:06:05] Skip modifying the html files of href: https://www.instagram.com/polizei.hannover/. [Download Error]
[2021.01.15 09:06:05] Skip modifying the html files of href: https://www.instagram.com/polizei.hannover/. [Download Error]
[2021.01.15 09:06:05] Skip modifying the html files of href: https://www.instagram.com/polizei.hannover/channel/. [Download Error]
[2021.01.15 09:06:05] Skip modifying the html files of href: https://www.instagram.com/polizei.hannover/channel/. [Download Error]
[2021.01.15 09:06:05] Skip modifying the html files of href: https://www.instagram.com/polizei.hannover/tagged/. [Download Error]
[2021.01.15 09:06:05] Skip modifying the html files of href: https://www.instagram.com/polizei.hannover/tagged/. [Download Error]
[2021.01.15 09:06:05] Skip modifying the html files of href: https://www.instagram.com/frieda_rudi_make_oink/. [Download Error]
[2021.01.15 09:06:05] Skip modifying the html files of href: https://www.instagram.com/frieda_rudi_make_oink/. [Download Error]
[2021.01.15 09:06:05] 		{{{RESULT}}}
[2021.01.15 09:06:05] ID:	polizei.hannover
[2021.01.15 09:06:05] Type:	posts
[2021.01.15 09:06:05] Mode:	2
[2021.01.15 09:06:05] Change:	False
[2021.01.15 09:06:05] Notify:	False
[2021.01.15 09:06:05] Error:	True

[2021.01.15 09:06:05] ID:	polizei.hannover
[2021.01.15 09:06:05] Type:	igtv
[2021.01.15 09:06:05] Mode:	1
[2021.01.15 09:06:05] Change:	False
[2021.01.15 09:06:05] Notify:	False
[2021.01.15 09:06:05] Error:	True

[2021.01.15 09:06:05] ID:	polizei.hannover
[2021.01.15 09:06:05] Type:	tagged
[2021.01.15 09:06:05] Mode:	1
[2021.01.15 09:06:05] Change:	False
[2021.01.15 09:06:05] Notify:	False
[2021.01.15 09:06:05] Error:	True

[2021.01.15 09:06:05] ID:	frieda_rudi_make_oink
[2021.01.15 09:06:05] Type:	posts
[2021.01.15 09:06:05] Mode:	1
[2021.01.15 09:06:05] Change:	False
[2021.01.15 09:06:05] Notify:	False
[2021.01.15 09:06:05] Error:	True

waiting 3 seconds
Execution 195
[2021.01.15 09:06:11] 		{{{BASIC TEST}}}
[2021.01.15 09:06:11] 


[2021.01.15 09:06:11] 	************STORING PHASE************

[2021.01.15 09:06:37] store the html code of : (https://www.instagram.com/polizei.hannover/) in polizei.hannover/posts/old.html
[2021.01.15 09:06:37] OR in polizei.hannover/posts/new.html
[2021.01.15 09:06:37] --------------------------------------------

[2021.01.15 09:06:48] Error while downloading the html files.
Exception message: IndexError: list index out of range
[2021.01.15 09:06:48] Error while downloading the html files.
Exception message: IndexError: list index out of range
[2021.01.15 09:06:48] Error while processing. URL: https://www.instagram.com/polizei.hannover/
[2021.01.15 09:06:48] Error while processing. URL: https://www.instagram.com/polizei.hannover/
[2021.01.15 09:06:48] store the html code of : (https://www.instagram.com/polizei.hannover/channel/) in polizei.hannover/igtv/old.html
[2021.01.15 09:06:48] OR in polizei.hannover/igtv/new.html
[2021.01.15 09:06:48] --------------------------------------------

[2021.01.15 09:07:03] Error while downloading the html files.
Exception message: IndexError: list index out of range
[2021.01.15 09:07:03] Error while downloading the html files.
Exception message: IndexError: list index out of range
[2021.01.15 09:07:03] Error while processing. URL: https://www.instagram.com/polizei.hannover/channel/
[2021.01.15 09:07:03] Error while processing. URL: https://www.instagram.com/polizei.hannover/channel/
[2021.01.15 09:07:03] store the html code of : (https://www.instagram.com/polizei.hannover/tagged/) in polizei.hannover/tagged/old.html
[2021.01.15 09:07:03] OR in polizei.hannover/tagged/new.html
[2021.01.15 09:07:03] --------------------------------------------

[2021.01.15 09:07:18] Error while downloading the html files.
Exception message: IndexError: list index out of range
[2021.01.15 09:07:18] Error while downloading the html files.
Exception message: IndexError: list index out of range
[2021.01.15 09:07:18] Error while processing. URL: https://www.instagram.com/polizei.hannover/tagged/
[2021.01.15 09:07:18] Error while processing. URL: https://www.instagram.com/polizei.hannover/tagged/
[2021.01.15 09:07:18] store the html code of : (https://www.instagram.com/frieda_rudi_make_oink/) in frieda_rudi_make_oink/posts/old.html
[2021.01.15 09:07:18] OR in frieda_rudi_make_oink/posts/new.html
[2021.01.15 09:07:18] --------------------------------------------

[2021.01.15 09:07:32] Error while downloading the html files.
Exception message: IndexError: list index out of range
[2021.01.15 09:07:32] Error while downloading the html files.
Exception message: IndexError: list index out of range
[2021.01.15 09:07:32] Error while processing. URL: https://www.instagram.com/frieda_rudi_make_oink/
[2021.01.15 09:07:32] Error while processing. URL: https://www.instagram.com/frieda_rudi_make_oink/
[2021.01.15 09:07:32] 


[2021.01.15 09:07:32] 	********MONITORING PHASE********
[2021.01.15 09:07:32] Skip modifying the html files of href: https://www.instagram.com/polizei.hannover/. [Download Error]
[2021.01.15 09:07:32] Skip modifying the html files of href: https://www.instagram.com/polizei.hannover/. [Download Error]
[2021.01.15 09:07:32] Skip modifying the html files of href: https://www.instagram.com/polizei.hannover/channel/. [Download Error]
[2021.01.15 09:07:32] Skip modifying the html files of href: https://www.instagram.com/polizei.hannover/channel/. [Download Error]
[2021.01.15 09:07:32] Skip modifying the html files of href: https://www.instagram.com/polizei.hannover/tagged/. [Download Error]
[2021.01.15 09:07:32] Skip modifying the html files of href: https://www.instagram.com/polizei.hannover/tagged/. [Download Error]
[2021.01.15 09:07:32] Skip modifying the html files of href: https://www.instagram.com/frieda_rudi_make_oink/. [Download Error]
[2021.01.15 09:07:32] Skip modifying the html files of href: https://www.instagram.com/frieda_rudi_make_oink/. [Download Error]
[2021.01.15 09:07:32] 		{{{RESULT}}}
[2021.01.15 09:07:32] ID:	polizei.hannover
[2021.01.15 09:07:32] Type:	posts
[2021.01.15 09:07:32] Mode:	2
[2021.01.15 09:07:32] Change:	False
[2021.01.15 09:07:32] Notify:	False
[2021.01.15 09:07:32] Error:	True

[2021.01.15 09:07:32] ID:	polizei.hannover
[2021.01.15 09:07:32] Type:	igtv
[2021.01.15 09:07:32] Mode:	1
[2021.01.15 09:07:32] Change:	False
[2021.01.15 09:07:32] Notify:	False
[2021.01.15 09:07:32] Error:	True

[2021.01.15 09:07:32] ID:	polizei.hannover
[2021.01.15 09:07:32] Type:	tagged
[2021.01.15 09:07:32] Mode:	1
[2021.01.15 09:07:32] Change:	False
[2021.01.15 09:07:32] Notify:	False
[2021.01.15 09:07:32] Error:	True

[2021.01.15 09:07:32] ID:	frieda_rudi_make_oink
[2021.01.15 09:07:32] Type:	posts
[2021.01.15 09:07:32] Mode:	1
[2021.01.15 09:07:32] Change:	False
[2021.01.15 09:07:32] Notify:	False
[2021.01.15 09:07:32] Error:	True

waiting 3 seconds
Execution 196
[2021.01.15 09:07:39] 		{{{BASIC TEST}}}
[2021.01.15 09:07:39] 


[2021.01.15 09:07:39] 	************STORING PHASE************

[2021.01.15 09:08:00] store the html code of : (https://www.instagram.com/polizei.hannover/) in polizei.hannover/posts/old.html
[2021.01.15 09:08:00] OR in polizei.hannover/posts/new.html
[2021.01.15 09:08:00] --------------------------------------------

[2021.01.15 09:08:12] Error while downloading the html files.
Exception message: IndexError: list index out of range
[2021.01.15 09:08:12] Error while downloading the html files.
Exception message: IndexError: list index out of range
[2021.01.15 09:08:12] Error while processing. URL: https://www.instagram.com/polizei.hannover/
[2021.01.15 09:08:12] Error while processing. URL: https://www.instagram.com/polizei.hannover/
[2021.01.15 09:08:12] store the html code of : (https://www.instagram.com/polizei.hannover/channel/) in polizei.hannover/igtv/old.html
[2021.01.15 09:08:12] OR in polizei.hannover/igtv/new.html
[2021.01.15 09:08:12] --------------------------------------------

[2021.01.15 09:08:28] Error while downloading the html files.
Exception message: IndexError: list index out of range
[2021.01.15 09:08:28] Error while downloading the html files.
Exception message: IndexError: list index out of range
[2021.01.15 09:08:28] Error while processing. URL: https://www.instagram.com/polizei.hannover/channel/
[2021.01.15 09:08:28] Error while processing. URL: https://www.instagram.com/polizei.hannover/channel/
[2021.01.15 09:08:28] store the html code of : (https://www.instagram.com/polizei.hannover/tagged/) in polizei.hannover/tagged/old.html
[2021.01.15 09:08:28] OR in polizei.hannover/tagged/new.html
[2021.01.15 09:08:28] --------------------------------------------

[2021.01.15 09:08:44] Error while downloading the html files.
Exception message: IndexError: list index out of range
[2021.01.15 09:08:44] Error while downloading the html files.
Exception message: IndexError: list index out of range
[2021.01.15 09:08:44] Error while processing. URL: https://www.instagram.com/polizei.hannover/tagged/
[2021.01.15 09:08:44] Error while processing. URL: https://www.instagram.com/polizei.hannover/tagged/
[2021.01.15 09:08:44] store the html code of : (https://www.instagram.com/frieda_rudi_make_oink/) in frieda_rudi_make_oink/posts/old.html
[2021.01.15 09:08:44] OR in frieda_rudi_make_oink/posts/new.html
[2021.01.15 09:08:44] --------------------------------------------

[2021.01.15 09:08:58] Error while downloading the html files.
Exception message: IndexError: list index out of range
[2021.01.15 09:08:58] Error while downloading the html files.
Exception message: IndexError: list index out of range
[2021.01.15 09:08:58] Error while processing. URL: https://www.instagram.com/frieda_rudi_make_oink/
[2021.01.15 09:08:58] Error while processing. URL: https://www.instagram.com/frieda_rudi_make_oink/
[2021.01.15 09:08:59] 


[2021.01.15 09:08:59] 	********MONITORING PHASE********
[2021.01.15 09:08:59] Skip modifying the html files of href: https://www.instagram.com/polizei.hannover/. [Download Error]
[2021.01.15 09:08:59] Skip modifying the html files of href: https://www.instagram.com/polizei.hannover/. [Download Error]
[2021.01.15 09:08:59] Skip modifying the html files of href: https://www.instagram.com/polizei.hannover/channel/. [Download Error]
[2021.01.15 09:08:59] Skip modifying the html files of href: https://www.instagram.com/polizei.hannover/channel/. [Download Error]
[2021.01.15 09:08:59] Skip modifying the html files of href: https://www.instagram.com/polizei.hannover/tagged/. [Download Error]
[2021.01.15 09:08:59] Skip modifying the html files of href: https://www.instagram.com/polizei.hannover/tagged/. [Download Error]
[2021.01.15 09:08:59] Skip modifying the html files of href: https://www.instagram.com/frieda_rudi_make_oink/. [Download Error]
[2021.01.15 09:08:59] Skip modifying the html files of href: https://www.instagram.com/frieda_rudi_make_oink/. [Download Error]
[2021.01.15 09:08:59] 		{{{RESULT}}}
[2021.01.15 09:08:59] ID:	polizei.hannover
[2021.01.15 09:08:59] Type:	posts
[2021.01.15 09:08:59] Mode:	2
[2021.01.15 09:08:59] Change:	False
[2021.01.15 09:08:59] Notify:	False
[2021.01.15 09:08:59] Error:	True

[2021.01.15 09:08:59] ID:	polizei.hannover
[2021.01.15 09:08:59] Type:	igtv
[2021.01.15 09:08:59] Mode:	1
[2021.01.15 09:08:59] Change:	False
[2021.01.15 09:08:59] Notify:	False
[2021.01.15 09:08:59] Error:	True

[2021.01.15 09:08:59] ID:	polizei.hannover
[2021.01.15 09:08:59] Type:	tagged
[2021.01.15 09:08:59] Mode:	1
[2021.01.15 09:08:59] Change:	False
[2021.01.15 09:08:59] Notify:	False
[2021.01.15 09:08:59] Error:	True

[2021.01.15 09:08:59] ID:	frieda_rudi_make_oink
[2021.01.15 09:08:59] Type:	posts
[2021.01.15 09:08:59] Mode:	1
[2021.01.15 09:08:59] Change:	False
[2021.01.15 09:08:59] Notify:	False
[2021.01.15 09:08:59] Error:	True

waiting 3 seconds
Execution 197
[2021.01.15 09:09:06] 		{{{BASIC TEST}}}
[2021.01.15 09:09:06] 


[2021.01.15 09:09:06] 	************STORING PHASE************

[2021.01.15 09:09:24] store the html code of : (https://www.instagram.com/polizei.hannover/) in polizei.hannover/posts/old.html
[2021.01.15 09:09:24] OR in polizei.hannover/posts/new.html
[2021.01.15 09:09:24] --------------------------------------------

[2021.01.15 09:09:39] Error while downloading the html files.
Exception message: IndexError: list index out of range
[2021.01.15 09:09:39] Error while downloading the html files.
Exception message: IndexError: list index out of range
[2021.01.15 09:09:39] Error while processing. URL: https://www.instagram.com/polizei.hannover/
[2021.01.15 09:09:39] Error while processing. URL: https://www.instagram.com/polizei.hannover/
[2021.01.15 09:09:39] store the html code of : (https://www.instagram.com/polizei.hannover/channel/) in polizei.hannover/igtv/old.html
[2021.01.15 09:09:39] OR in polizei.hannover/igtv/new.html
[2021.01.15 09:09:39] --------------------------------------------

[2021.01.15 09:09:55] Error while downloading the html files.
Exception message: IndexError: list index out of range
[2021.01.15 09:09:55] Error while downloading the html files.
Exception message: IndexError: list index out of range
[2021.01.15 09:09:55] Error while processing. URL: https://www.instagram.com/polizei.hannover/channel/
[2021.01.15 09:09:55] Error while processing. URL: https://www.instagram.com/polizei.hannover/channel/
[2021.01.15 09:09:55] store the html code of : (https://www.instagram.com/polizei.hannover/tagged/) in polizei.hannover/tagged/old.html
[2021.01.15 09:09:55] OR in polizei.hannover/tagged/new.html
[2021.01.15 09:09:55] --------------------------------------------

[2021.01.15 09:10:10] Error while downloading the html files.
Exception message: IndexError: list index out of range
[2021.01.15 09:10:10] Error while downloading the html files.
Exception message: IndexError: list index out of range
[2021.01.15 09:10:10] Error while processing. URL: https://www.instagram.com/polizei.hannover/tagged/
[2021.01.15 09:10:10] Error while processing. URL: https://www.instagram.com/polizei.hannover/tagged/
[2021.01.15 09:10:10] store the html code of : (https://www.instagram.com/frieda_rudi_make_oink/) in frieda_rudi_make_oink/posts/old.html
[2021.01.15 09:10:10] OR in frieda_rudi_make_oink/posts/new.html
[2021.01.15 09:10:10] --------------------------------------------

[2021.01.15 09:10:25] Error while downloading the html files.
Exception message: IndexError: list index out of range
[2021.01.15 09:10:25] Error while downloading the html files.
Exception message: IndexError: list index out of range
[2021.01.15 09:10:25] Error while processing. URL: https://www.instagram.com/frieda_rudi_make_oink/
[2021.01.15 09:10:25] Error while processing. URL: https://www.instagram.com/frieda_rudi_make_oink/
[2021.01.15 09:10:26] 


[2021.01.15 09:10:26] 	********MONITORING PHASE********
[2021.01.15 09:10:26] Skip modifying the html files of href: https://www.instagram.com/polizei.hannover/. [Download Error]
[2021.01.15 09:10:26] Skip modifying the html files of href: https://www.instagram.com/polizei.hannover/. [Download Error]
[2021.01.15 09:10:26] Skip modifying the html files of href: https://www.instagram.com/polizei.hannover/channel/. [Download Error]
[2021.01.15 09:10:26] Skip modifying the html files of href: https://www.instagram.com/polizei.hannover/channel/. [Download Error]
[2021.01.15 09:10:26] Skip modifying the html files of href: https://www.instagram.com/polizei.hannover/tagged/. [Download Error]
[2021.01.15 09:10:26] Skip modifying the html files of href: https://www.instagram.com/polizei.hannover/tagged/. [Download Error]
[2021.01.15 09:10:26] Skip modifying the html files of href: https://www.instagram.com/frieda_rudi_make_oink/. [Download Error]
[2021.01.15 09:10:26] Skip modifying the html files of href: https://www.instagram.com/frieda_rudi_make_oink/. [Download Error]
[2021.01.15 09:10:26] 		{{{RESULT}}}
[2021.01.15 09:10:26] ID:	polizei.hannover
[2021.01.15 09:10:26] Type:	posts
[2021.01.15 09:10:26] Mode:	2
[2021.01.15 09:10:26] Change:	False
[2021.01.15 09:10:26] Notify:	False
[2021.01.15 09:10:26] Error:	True

[2021.01.15 09:10:26] ID:	polizei.hannover
[2021.01.15 09:10:26] Type:	igtv
[2021.01.15 09:10:26] Mode:	1
[2021.01.15 09:10:26] Change:	False
[2021.01.15 09:10:26] Notify:	False
[2021.01.15 09:10:26] Error:	True

[2021.01.15 09:10:26] ID:	polizei.hannover
[2021.01.15 09:10:26] Type:	tagged
[2021.01.15 09:10:26] Mode:	1
[2021.01.15 09:10:26] Change:	False
[2021.01.15 09:10:26] Notify:	False
[2021.01.15 09:10:26] Error:	True

[2021.01.15 09:10:26] ID:	frieda_rudi_make_oink
[2021.01.15 09:10:26] Type:	posts
[2021.01.15 09:10:26] Mode:	1
[2021.01.15 09:10:26] Change:	False
[2021.01.15 09:10:26] Notify:	False
[2021.01.15 09:10:26] Error:	True

waiting 3 seconds
Execution 198
[2021.01.15 09:10:33] 		{{{BASIC TEST}}}
[2021.01.15 09:10:33] 


[2021.01.15 09:10:33] 	************STORING PHASE************

[2021.01.15 09:10:56] store the html code of : (https://www.instagram.com/polizei.hannover/) in polizei.hannover/posts/old.html
[2021.01.15 09:10:56] OR in polizei.hannover/posts/new.html
[2021.01.15 09:10:56] --------------------------------------------

[2021.01.15 09:11:12] Error while downloading the html files.
Exception message: IndexError: list index out of range
[2021.01.15 09:11:12] Error while downloading the html files.
Exception message: IndexError: list index out of range
[2021.01.15 09:11:12] Error while processing. URL: https://www.instagram.com/polizei.hannover/
[2021.01.15 09:11:12] Error while processing. URL: https://www.instagram.com/polizei.hannover/
[2021.01.15 09:11:12] store the html code of : (https://www.instagram.com/polizei.hannover/channel/) in polizei.hannover/igtv/old.html
[2021.01.15 09:11:12] OR in polizei.hannover/igtv/new.html
[2021.01.15 09:11:12] --------------------------------------------

[2021.01.15 09:11:30] Error while downloading the html files.
Exception message: IndexError: list index out of range
[2021.01.15 09:11:30] Error while downloading the html files.
Exception message: IndexError: list index out of range
[2021.01.15 09:11:30] Error while processing. URL: https://www.instagram.com/polizei.hannover/channel/
[2021.01.15 09:11:30] Error while processing. URL: https://www.instagram.com/polizei.hannover/channel/
[2021.01.15 09:11:30] store the html code of : (https://www.instagram.com/polizei.hannover/tagged/) in polizei.hannover/tagged/old.html
[2021.01.15 09:11:30] OR in polizei.hannover/tagged/new.html
[2021.01.15 09:11:30] --------------------------------------------

[2021.01.15 09:11:45] Error while downloading the html files.
Exception message: IndexError: list index out of range
[2021.01.15 09:11:45] Error while downloading the html files.
Exception message: IndexError: list index out of range
[2021.01.15 09:11:45] Error while processing. URL: https://www.instagram.com/polizei.hannover/tagged/
[2021.01.15 09:11:45] Error while processing. URL: https://www.instagram.com/polizei.hannover/tagged/
[2021.01.15 09:11:45] store the html code of : (https://www.instagram.com/frieda_rudi_make_oink/) in frieda_rudi_make_oink/posts/old.html
[2021.01.15 09:11:45] OR in frieda_rudi_make_oink/posts/new.html
[2021.01.15 09:11:45] --------------------------------------------

[2021.01.15 09:11:57] Error while downloading the html files.
Exception message: IndexError: list index out of range
[2021.01.15 09:11:57] Error while downloading the html files.
Exception message: IndexError: list index out of range
[2021.01.15 09:11:57] Error while processing. URL: https://www.instagram.com/frieda_rudi_make_oink/
[2021.01.15 09:11:57] Error while processing. URL: https://www.instagram.com/frieda_rudi_make_oink/
[2021.01.15 09:11:58] 


[2021.01.15 09:11:58] 	********MONITORING PHASE********
[2021.01.15 09:11:58] Skip modifying the html files of href: https://www.instagram.com/polizei.hannover/. [Download Error]
[2021.01.15 09:11:58] Skip modifying the html files of href: https://www.instagram.com/polizei.hannover/. [Download Error]
[2021.01.15 09:11:58] Skip modifying the html files of href: https://www.instagram.com/polizei.hannover/channel/. [Download Error]
[2021.01.15 09:11:58] Skip modifying the html files of href: https://www.instagram.com/polizei.hannover/channel/. [Download Error]
[2021.01.15 09:11:58] Skip modifying the html files of href: https://www.instagram.com/polizei.hannover/tagged/. [Download Error]
[2021.01.15 09:11:58] Skip modifying the html files of href: https://www.instagram.com/polizei.hannover/tagged/. [Download Error]
[2021.01.15 09:11:58] Skip modifying the html files of href: https://www.instagram.com/frieda_rudi_make_oink/. [Download Error]
[2021.01.15 09:11:58] Skip modifying the html files of href: https://www.instagram.com/frieda_rudi_make_oink/. [Download Error]
[2021.01.15 09:11:58] 		{{{RESULT}}}
[2021.01.15 09:11:58] ID:	polizei.hannover
[2021.01.15 09:11:58] Type:	posts
[2021.01.15 09:11:58] Mode:	2
[2021.01.15 09:11:58] Change:	False
[2021.01.15 09:11:58] Notify:	False
[2021.01.15 09:11:58] Error:	True

[2021.01.15 09:11:58] ID:	polizei.hannover
[2021.01.15 09:11:58] Type:	igtv
[2021.01.15 09:11:58] Mode:	1
[2021.01.15 09:11:58] Change:	False
[2021.01.15 09:11:58] Notify:	False
[2021.01.15 09:11:58] Error:	True

[2021.01.15 09:11:58] ID:	polizei.hannover
[2021.01.15 09:11:58] Type:	tagged
[2021.01.15 09:11:58] Mode:	1
[2021.01.15 09:11:58] Change:	False
[2021.01.15 09:11:58] Notify:	False
[2021.01.15 09:11:58] Error:	True

[2021.01.15 09:11:58] ID:	frieda_rudi_make_oink
[2021.01.15 09:11:58] Type:	posts
[2021.01.15 09:11:58] Mode:	1
[2021.01.15 09:11:58] Change:	False
[2021.01.15 09:11:58] Notify:	False
[2021.01.15 09:11:58] Error:	True

waiting 3 seconds
Execution 199
[2021.01.15 09:12:05] 		{{{BASIC TEST}}}
[2021.01.15 09:12:05] 


[2021.01.15 09:12:05] 	************STORING PHASE************

[2021.01.15 09:12:25] store the html code of : (https://www.instagram.com/polizei.hannover/) in polizei.hannover/posts/old.html
[2021.01.15 09:12:25] OR in polizei.hannover/posts/new.html
[2021.01.15 09:12:25] --------------------------------------------

[2021.01.15 09:12:42] Error while downloading the html files.
Exception message: IndexError: list index out of range
[2021.01.15 09:12:42] Error while downloading the html files.
Exception message: IndexError: list index out of range
[2021.01.15 09:12:42] Error while processing. URL: https://www.instagram.com/polizei.hannover/
[2021.01.15 09:12:42] Error while processing. URL: https://www.instagram.com/polizei.hannover/
[2021.01.15 09:12:42] store the html code of : (https://www.instagram.com/polizei.hannover/channel/) in polizei.hannover/igtv/old.html
[2021.01.15 09:12:42] OR in polizei.hannover/igtv/new.html
[2021.01.15 09:12:42] --------------------------------------------

[2021.01.15 09:12:57] Error while downloading the html files.
Exception message: IndexError: list index out of range
[2021.01.15 09:12:57] Error while downloading the html files.
Exception message: IndexError: list index out of range
[2021.01.15 09:12:57] Error while processing. URL: https://www.instagram.com/polizei.hannover/channel/
[2021.01.15 09:12:57] Error while processing. URL: https://www.instagram.com/polizei.hannover/channel/
[2021.01.15 09:12:57] store the html code of : (https://www.instagram.com/polizei.hannover/tagged/) in polizei.hannover/tagged/old.html
[2021.01.15 09:12:57] OR in polizei.hannover/tagged/new.html
[2021.01.15 09:12:57] --------------------------------------------

[2021.01.15 09:13:11] Error while downloading the html files.
Exception message: IndexError: list index out of range
[2021.01.15 09:13:11] Error while downloading the html files.
Exception message: IndexError: list index out of range
[2021.01.15 09:13:11] Error while processing. URL: https://www.instagram.com/polizei.hannover/tagged/
[2021.01.15 09:13:11] Error while processing. URL: https://www.instagram.com/polizei.hannover/tagged/
[2021.01.15 09:13:11] store the html code of : (https://www.instagram.com/frieda_rudi_make_oink/) in frieda_rudi_make_oink/posts/old.html
[2021.01.15 09:13:11] OR in frieda_rudi_make_oink/posts/new.html
[2021.01.15 09:13:11] --------------------------------------------

[2021.01.15 09:13:25] Error while downloading the html files.
Exception message: IndexError: list index out of range
[2021.01.15 09:13:25] Error while downloading the html files.
Exception message: IndexError: list index out of range
[2021.01.15 09:13:25] Error while processing. URL: https://www.instagram.com/frieda_rudi_make_oink/
[2021.01.15 09:13:25] Error while processing. URL: https://www.instagram.com/frieda_rudi_make_oink/
[2021.01.15 09:13:26] 


[2021.01.15 09:13:26] 	********MONITORING PHASE********
[2021.01.15 09:13:26] Skip modifying the html files of href: https://www.instagram.com/polizei.hannover/. [Download Error]
[2021.01.15 09:13:26] Skip modifying the html files of href: https://www.instagram.com/polizei.hannover/. [Download Error]
[2021.01.15 09:13:26] Skip modifying the html files of href: https://www.instagram.com/polizei.hannover/channel/. [Download Error]
[2021.01.15 09:13:26] Skip modifying the html files of href: https://www.instagram.com/polizei.hannover/channel/. [Download Error]
[2021.01.15 09:13:26] Skip modifying the html files of href: https://www.instagram.com/polizei.hannover/tagged/. [Download Error]
[2021.01.15 09:13:26] Skip modifying the html files of href: https://www.instagram.com/polizei.hannover/tagged/. [Download Error]
[2021.01.15 09:13:26] Skip modifying the html files of href: https://www.instagram.com/frieda_rudi_make_oink/. [Download Error]
[2021.01.15 09:13:26] Skip modifying the html files of href: https://www.instagram.com/frieda_rudi_make_oink/. [Download Error]
[2021.01.15 09:13:26] 		{{{RESULT}}}
[2021.01.15 09:13:26] ID:	polizei.hannover
[2021.01.15 09:13:26] Type:	posts
[2021.01.15 09:13:26] Mode:	2
[2021.01.15 09:13:26] Change:	False
[2021.01.15 09:13:26] Notify:	False
[2021.01.15 09:13:26] Error:	True

[2021.01.15 09:13:26] ID:	polizei.hannover
[2021.01.15 09:13:26] Type:	igtv
[2021.01.15 09:13:26] Mode:	1
[2021.01.15 09:13:26] Change:	False
[2021.01.15 09:13:26] Notify:	False
[2021.01.15 09:13:26] Error:	True

[2021.01.15 09:13:26] ID:	polizei.hannover
[2021.01.15 09:13:26] Type:	tagged
[2021.01.15 09:13:26] Mode:	1
[2021.01.15 09:13:26] Change:	False
[2021.01.15 09:13:26] Notify:	False
[2021.01.15 09:13:26] Error:	True

[2021.01.15 09:13:26] ID:	frieda_rudi_make_oink
[2021.01.15 09:13:26] Type:	posts
[2021.01.15 09:13:26] Mode:	1
[2021.01.15 09:13:26] Change:	False
[2021.01.15 09:13:26] Notify:	False
[2021.01.15 09:13:26] Error:	True

waiting 3 seconds
Execution 200
[2021.01.15 09:13:33] 		{{{BASIC TEST}}}
[2021.01.15 09:13:33] 


[2021.01.15 09:13:33] 	************STORING PHASE************

[2021.01.15 09:13:56] store the html code of : (https://www.instagram.com/polizei.hannover/) in polizei.hannover/posts/old.html
[2021.01.15 09:13:56] OR in polizei.hannover/posts/new.html
[2021.01.15 09:13:56] --------------------------------------------

[2021.01.15 09:14:11] Error while downloading the html files.
Exception message: IndexError: list index out of range
[2021.01.15 09:14:11] Error while downloading the html files.
Exception message: IndexError: list index out of range
[2021.01.15 09:14:11] Error while processing. URL: https://www.instagram.com/polizei.hannover/
[2021.01.15 09:14:11] Error while processing. URL: https://www.instagram.com/polizei.hannover/
[2021.01.15 09:14:11] store the html code of : (https://www.instagram.com/polizei.hannover/channel/) in polizei.hannover/igtv/old.html
[2021.01.15 09:14:11] OR in polizei.hannover/igtv/new.html
[2021.01.15 09:14:11] --------------------------------------------

[2021.01.15 09:14:29] Error while downloading the html files.
Exception message: IndexError: list index out of range
[2021.01.15 09:14:29] Error while downloading the html files.
Exception message: IndexError: list index out of range
[2021.01.15 09:14:29] Error while processing. URL: https://www.instagram.com/polizei.hannover/channel/
[2021.01.15 09:14:29] Error while processing. URL: https://www.instagram.com/polizei.hannover/channel/
[2021.01.15 09:14:29] store the html code of : (https://www.instagram.com/polizei.hannover/tagged/) in polizei.hannover/tagged/old.html
[2021.01.15 09:14:29] OR in polizei.hannover/tagged/new.html
[2021.01.15 09:14:29] --------------------------------------------

[2021.01.15 09:14:45] Error while downloading the html files.
Exception message: IndexError: list index out of range
[2021.01.15 09:14:45] Error while downloading the html files.
Exception message: IndexError: list index out of range
[2021.01.15 09:14:45] Error while processing. URL: https://www.instagram.com/polizei.hannover/tagged/
[2021.01.15 09:14:45] Error while processing. URL: https://www.instagram.com/polizei.hannover/tagged/
[2021.01.15 09:14:45] store the html code of : (https://www.instagram.com/frieda_rudi_make_oink/) in frieda_rudi_make_oink/posts/old.html
[2021.01.15 09:14:45] OR in frieda_rudi_make_oink/posts/new.html
[2021.01.15 09:14:45] --------------------------------------------

[2021.01.15 09:14:58] Error while downloading the html files.
Exception message: IndexError: list index out of range
[2021.01.15 09:14:58] Error while downloading the html files.
Exception message: IndexError: list index out of range
[2021.01.15 09:14:58] Error while processing. URL: https://www.instagram.com/frieda_rudi_make_oink/
[2021.01.15 09:14:58] Error while processing. URL: https://www.instagram.com/frieda_rudi_make_oink/
[2021.01.15 09:14:59] 


[2021.01.15 09:14:59] 	********MONITORING PHASE********
[2021.01.15 09:14:59] Skip modifying the html files of href: https://www.instagram.com/polizei.hannover/. [Download Error]
[2021.01.15 09:14:59] Skip modifying the html files of href: https://www.instagram.com/polizei.hannover/. [Download Error]
[2021.01.15 09:14:59] Skip modifying the html files of href: https://www.instagram.com/polizei.hannover/channel/. [Download Error]
[2021.01.15 09:14:59] Skip modifying the html files of href: https://www.instagram.com/polizei.hannover/channel/. [Download Error]
[2021.01.15 09:14:59] Skip modifying the html files of href: https://www.instagram.com/polizei.hannover/tagged/. [Download Error]
[2021.01.15 09:14:59] Skip modifying the html files of href: https://www.instagram.com/polizei.hannover/tagged/. [Download Error]
[2021.01.15 09:14:59] Skip modifying the html files of href: https://www.instagram.com/frieda_rudi_make_oink/. [Download Error]
[2021.01.15 09:14:59] Skip modifying the html files of href: https://www.instagram.com/frieda_rudi_make_oink/. [Download Error]
[2021.01.15 09:14:59] 		{{{RESULT}}}
[2021.01.15 09:14:59] ID:	polizei.hannover
[2021.01.15 09:14:59] Type:	posts
[2021.01.15 09:14:59] Mode:	2
[2021.01.15 09:14:59] Change:	False
[2021.01.15 09:14:59] Notify:	False
[2021.01.15 09:14:59] Error:	True

[2021.01.15 09:14:59] ID:	polizei.hannover
[2021.01.15 09:14:59] Type:	igtv
[2021.01.15 09:14:59] Mode:	1
[2021.01.15 09:14:59] Change:	False
[2021.01.15 09:14:59] Notify:	False
[2021.01.15 09:14:59] Error:	True

[2021.01.15 09:14:59] ID:	polizei.hannover
[2021.01.15 09:14:59] Type:	tagged
[2021.01.15 09:14:59] Mode:	1
[2021.01.15 09:14:59] Change:	False
[2021.01.15 09:14:59] Notify:	False
[2021.01.15 09:14:59] Error:	True

[2021.01.15 09:14:59] ID:	frieda_rudi_make_oink
[2021.01.15 09:14:59] Type:	posts
[2021.01.15 09:14:59] Mode:	1
[2021.01.15 09:14:59] Change:	False
[2021.01.15 09:14:59] Notify:	False
[2021.01.15 09:14:59] Error:	True

waiting 3 seconds
